════ 大脑-20261001-050247.log ════
[05:01] Cyberdyne-Bridge M3 启动，大脑在外面。
           看住「XiaoJiaHuo」。
           反射层：跑、吃、保命、还手；指令层：听得懂话；采样：平静 1Hz / 战斗 5Hz。
[05:01] 接线口连上了 [unix] /home/<用户>/cyberdyne-bridge/./cyberdyne.sock
           指令层已上线；大模型层关着。
[05:01] 小家伙出生了，站在 (-3, 78, 0)
           血量 19.3/20，朝向 yaw=4.7 pitch=0.0
           四下无人
[05:01] 视野里出现了「PreyBot」，4.9 格远
[05:01] 采样速率切到 5Hz（战斗档）。
[05:01] PreyBot在 4.9 格外晃 —— 我血够（19.3/20）、手上有家伙，这回不跑了，站住等它进来。
[05:01] 他动了，挪到 (0, 78, 0)（走了 3.9 格）
[05:01] 血回满了（20/20）。
[05:01] PreyBot都贴到我脸上了（1.0 格）—— 我还有 20/20 血、手上有家伙，跳起来劈它！
[05:01] 哎哟，挨了 6 点伤害，血 20 → 14/20
[05:01] PreyBot在 2.0 格外晃 —— 我血够（14/20）、手上有家伙，这回不跑了，站住等它进来。
[05:01] 「jumpattack」成了（target=PreyBot）。
[05:01] 他动了，挪到 (-1, 79, 0)（走了 0.6 格）
[05:01] 他扭头看了一眼
[05:01] 疾跑拉开距离，别站在它脸上。
[05:02] 采样速率切到 1Hz（平静档）。
[05:02] 他和世界的连接断了：disconnect.quitting
════ 大脑-20261001-062813.log ════
[05:02] Cyberdyne-Bridge M3 启动，大脑在外面。
           看住「XiaoJiaHuo」。
           反射层：跑、吃、保命、还手；指令层：听得懂话；采样：平静 1Hz / 战斗 5Hz。
[05:02] 接线口连上了 [unix] /home/<用户>/cyberdyne-bridge/./cyberdyne.sock
           指令层已上线；大模型层关着。
[05:02] 小家伙出生了，站在 (-8, 78, 0)
           血量 14/20，朝向 yaw=1.6 pitch=0.0
           四下无人
[05:03] 他还在 (-8, 78, 0)，身边没人｜血 14/20｜已经待了 1分0秒
[05:03] 采样速率 1Hz（平静档，身边没有敌人）。
[05:04] 他还在 (-8, 78, 0)，身边没人｜血 14/20｜已经待了 2分0秒
[05:04] 采样速率 1Hz（平静档，身边没有敌人）。
[05:05] 他还在 (-8, 78, 0)，身边没人｜血 14/20｜已经待了 3分0秒
[05:05] 采样速率 1Hz（平静档，身边没有敌人）。
[05:06] 他还在 (-8, 78, 0)，身边没人｜血 14/20｜已经待了 4分0秒
[05:06] 采样速率 1Hz（平静档，身边没有敌人）。
[05:07] 他还在 (-8, 78, 0)，身边没人｜血 14/20｜已经待了 5分0秒
[05:07] 采样速率 1Hz（平静档，身边没有敌人）。
[05:08] 他还在 (-8, 78, 0)，身边没人｜血 14/20｜已经待了 6分0秒
[05:08] 采样速率 1Hz（平静档，身边没有敌人）。
[05:09] 他还在 (-8, 78, 0)，身边没人｜血 14/20｜已经待了 7分0秒
[05:09] 采样速率 1Hz（平静档，身边没有敌人）。
[05:10] 他还在 (-8, 78, 0)，身边没人｜血 14/20｜已经待了 8分0秒
[05:10] 采样速率 1Hz（平静档，身边没有敌人）。
[05:11] 他还在 (-8, 78, 0)，身边没人｜血 14/20｜已经待了 9分0秒
[05:11] 采样速率 1Hz（平静档，身边没有敌人）。
[05:12] 他还在 (-8, 78, 0)，身边没人｜血 14/20｜已经待了 10分0秒
[05:12] 采样速率 1Hz（平静档，身边没有敌人）。
[05:13] 他还在 (-8, 78, 0)，身边没人｜血 14/20｜已经待了 11分0秒
[05:13] 采样速率 1Hz（平静档，身边没有敌人）。
[05:14] 他还在 (-8, 78, 0)，身边没人｜血 14/20｜已经待了 12分0秒
[05:14] 采样速率 1Hz（平静档，身边没有敌人）。
[05:15] 他还在 (-8, 78, 0)，身边没人｜血 14/20｜已经待了 13分0秒
[05:15] 采样速率 1Hz（平静档，身边没有敌人）。
[05:16] 他还在 (-8, 78, 0)，身边没人｜血 14/20｜已经待了 14分0秒
[05:16] 采样速率 1Hz（平静档，身边没有敌人）。
[05:17] 他还在 (-8, 78, 0)，身边没人｜血 14/20｜已经待了 15分0秒
[05:17] 采样速率 1Hz（平静档，身边没有敌人）。
[05:18] 他还在 (-8, 78, 0)，身边没人｜血 14/20｜已经待了 16分0秒
[05:18] 采样速率 1Hz（平静档，身边没有敌人）。
[05:19] 他还在 (-8, 78, 0)，身边没人｜血 14/20｜已经待了 17分0秒
[05:19] 采样速率 1Hz（平静档，身边没有敌人）。
[05:20] 他还在 (-8, 78, 0)，身边没人｜血 14/20｜已经待了 18分0秒
[05:20] 采样速率 1Hz（平静档，身边没有敌人）。
[05:21] 他还在 (-8, 78, 0)，身边没人｜血 14/20｜已经待了 19分0秒
[05:21] 采样速率 1Hz（平静档，身边没有敌人）。
[05:22] 他还在 (-8, 78, 0)，身边没人｜血 14/20｜已经待了 20分0秒
[05:22] 采样速率 1Hz（平静档，身边没有敌人）。
[05:23] 他还在 (-8, 78, 0)，身边没人｜血 14/20｜已经待了 21分0秒
[05:23] 采样速率 1Hz（平静档，身边没有敌人）。
[05:24] 他还在 (-8, 78, 0)，身边没人｜血 14/20｜已经待了 22分0秒
[05:24] 采样速率 1Hz（平静档，身边没有敌人）。
[05:25] 他还在 (-8, 78, 0)，身边没人｜血 14/20｜已经待了 23分0秒
[05:25] 采样速率 1Hz（平静档，身边没有敌人）。
[05:26] 他还在 (-8, 78, 0)，身边没人｜血 14/20｜已经待了 24分0秒
[05:26] 采样速率 1Hz（平静档，身边没有敌人）。
[05:27] 他还在 (-8, 78, 0)，身边没人｜血 14/20｜已经待了 25分0秒
[05:27] 采样速率 1Hz（平静档，身边没有敌人）。
[05:28] 他还在 (-8, 78, 0)，身边没人｜血 14/20｜已经待了 26分0秒
[05:28] 采样速率 1Hz（平静档，身边没有敌人）。
[05:29] 他还在 (-8, 78, 0)，身边没人｜血 14/20｜已经待了 27分0秒
[05:29] 采样速率 1Hz（平静档，身边没有敌人）。
[05:30] 他还在 (-8, 78, 0)，身边没人｜血 14/20｜已经待了 28分0秒
[05:30] 采样速率 1Hz（平静档，身边没有敌人）。
[05:31] 他还在 (-8, 78, 0)，身边没人｜血 14/20｜已经待了 29分0秒
[05:31] 采样速率 1Hz（平静档，身边没有敌人）。
[05:32] 他还在 (-8, 78, 0)，身边没人｜血 14/20｜已经待了 30分0秒
[05:32] 采样速率 1Hz（平静档，身边没有敌人）。
[05:33] 他还在 (-8, 78, 0)，身边没人｜血 14/20｜已经待了 31分0秒
[05:33] 采样速率 1Hz（平静档，身边没有敌人）。
[05:34] 他还在 (-8, 78, 0)，身边没人｜血 14/20｜已经待了 32分0秒
[05:34] 采样速率 1Hz（平静档，身边没有敌人）。
[05:35] 他还在 (-8, 78, 0)，身边没人｜血 14/20｜已经待了 33分0秒
[05:35] 采样速率 1Hz（平静档，身边没有敌人）。
[05:36] 他还在 (-8, 78, 0)，身边没人｜血 14/20｜已经待了 34分0秒
[05:36] 采样速率 1Hz（平静档，身边没有敌人）。
[05:37] 他还在 (-8, 78, 0)，身边没人｜血 14/20｜已经待了 35分0秒
[05:37] 采样速率 1Hz（平静档，身边没有敌人）。
[05:38] 他还在 (-8, 78, 0)，身边没人｜血 14/20｜已经待了 36分0秒
[05:38] 采样速率 1Hz（平静档，身边没有敌人）。
[05:39] 他还在 (-8, 78, 0)，身边没人｜血 14/20｜已经待了 37分0秒
[05:39] 采样速率 1Hz（平静档，身边没有敌人）。
[05:40] 他还在 (-8, 78, 0)，身边没人｜血 14/20｜已经待了 38分0秒
[05:40] 采样速率 1Hz（平静档，身边没有敌人）。
[05:41] 他还在 (-8, 78, 0)，身边没人｜血 14/20｜已经待了 39分0秒
[05:41] 采样速率 1Hz（平静档，身边没有敌人）。
[05:42] 他还在 (-8, 78, 0)，身边没人｜血 14/20｜已经待了 40分0秒
[05:42] 采样速率 1Hz（平静档，身边没有敌人）。
[05:43] 视野里出现了「mintstar」，13.5 格远
[05:43] 采样速率切到 5Hz（战斗档）。
[05:43] mintstar在 4.8 格外晃 —— 我血够（14/20）、手上有家伙，这回不跑了，站住等它进来。
[05:43] 他动了，挪到 (-9, 79, 1)（走了 1.3 格）
[05:43] 哎哟，挨了 1 点伤害，血 14 → 13/20
[05:43] 他动了，挪到 (-10, 79, 2)（走了 1.3 格）
[05:43] 他动了，挪到 (-10, 78, 2)（走了 1.2 格）
[05:43] 他动了，挪到 (-11, 78, 2)（走了 0.5 格）
[05:43] mintstar都贴到我脸上了（1.2 格）—— 我还有 13/20 血、手上有家伙，他还有 20 血，跳起来劈它！
[05:43] 呜呜，有个mintstar靠近我（2.1 格），我赶紧往后跑！
[05:43] 「jumpattack」没做成：这半秒里目标跑到 3.1 格外了，这一下不挥
[05:43] 疾跑拉开距离，别站在它脸上。
[05:43] 他动了，挪到 (-17, 78, 8)（走了 0.8 格）
[05:43] 哎哟，挨了 1 点伤害，血 13 → 12/20
[05:43] 他动了，挪到 (-28, 78, 21)（走了 1.1 格）
[05:43] 他动了，挪到 (-21, 78, 39)（走了 1.1 格）
[05:43] 呜呜，有个mintstar靠近我（5.0 格），我赶紧往后跑！
[05:43] 他动了，挪到 (-15, 78, 40)（走了 1.1 格）
[05:43] 采样速率切到 1Hz（平静档）。
[05:44] 他还在 (-32, 78, 40)，身边有 mintstar(14格)｜血 12/20｜已经待了 41分46秒（期间压掉了 1 条啰嗦的）
[05:44] 采样速率 1Hz（平静档，身边没有敌人）。
[05:45] 他还在 (-32, 78, 40)，身边有 mintstar(14格)｜血 12/20｜已经待了 42分46秒
[05:45] 采样速率 1Hz（平静档，身边没有敌人）。
[05:46] 他还在 (-32, 78, 40)，身边有 mintstar(14格)｜血 12/20｜已经待了 43分46秒
[05:46] 采样速率 1Hz（平静档，身边没有敌人）。
[05:47] 他还在 (-32, 78, 40)，身边有 mintstar(14格)｜血 12/20｜已经待了 44分46秒
[05:47] 采样速率 1Hz（平静档，身边没有敌人）。
[05:48] 他还在 (-32, 78, 40)，身边有 mintstar(14格)｜血 12/20｜已经待了 45分46秒
[05:48] 采样速率 1Hz（平静档，身边没有敌人）。
[05:49] 他还在 (-32, 78, 40)，身边有 mintstar(14格)｜血 12/20｜已经待了 46分46秒
[05:49] 采样速率 1Hz（平静档，身边没有敌人）。
[05:50] 他还在 (-32, 78, 40)，身边有 mintstar(14格)｜血 12/20｜已经待了 47分46秒
[05:50] 采样速率 1Hz（平静档，身边没有敌人）。
[05:51] 他还在 (-32, 78, 40)，身边有 mintstar(14格)｜血 12/20｜已经待了 48分46秒
[05:51] 采样速率 1Hz（平静档，身边没有敌人）。
[05:52] 他还在 (-32, 78, 40)，身边有 mintstar(14格)｜血 12/20｜已经待了 49分46秒
[05:52] 采样速率 1Hz（平静档，身边没有敌人）。
[05:53] 他还在 (-32, 78, 40)，身边有 mintstar(14格)｜血 12/20｜已经待了 50分46秒
[05:53] 采样速率 1Hz（平静档，身边没有敌人）。
[05:54] 他还在 (-32, 78, 40)，身边有 mintstar(14格)｜血 12/20｜已经待了 51分46秒
[05:54] 采样速率 1Hz（平静档，身边没有敌人）。
[05:55] 他还在 (-32, 78, 40)，身边有 mintstar(14格)｜血 12/20｜已经待了 52分46秒
[05:55] 采样速率 1Hz（平静档，身边没有敌人）。
[05:56] 他还在 (-32, 78, 40)，身边有 mintstar(14格)｜血 12/20｜已经待了 53分46秒
[05:56] 采样速率 1Hz（平静档，身边没有敌人）。
[05:57] 他还在 (-32, 78, 40)，身边有 mintstar(14格)｜血 12/20｜已经待了 54分46秒
[05:57] 采样速率 1Hz（平静档，身边没有敌人）。
[05:58] 他还在 (-32, 78, 40)，身边有 mintstar(14格)｜血 12/20｜已经待了 55分46秒
[05:58] 采样速率 1Hz（平静档，身边没有敌人）。
[05:59] 他还在 (-32, 78, 40)，身边有 mintstar(14格)｜血 12/20｜已经待了 56分46秒
[05:59] 采样速率 1Hz（平静档，身边没有敌人）。
[06:00] 他还在 (-32, 78, 40)，身边有 mintstar(14格)｜血 12/20｜已经待了 57分46秒
[06:00] 采样速率 1Hz（平静档，身边没有敌人）。
[06:01] 他还在 (-32, 78, 40)，身边有 mintstar(14格)｜血 12/20｜已经待了 58分46秒
[06:01] 采样速率 1Hz（平静档，身边没有敌人）。
[06:02] 他还在 (-32, 78, 40)，身边有 mintstar(14格)｜血 12/20｜已经待了 59分46秒
[06:02] 采样速率 1Hz（平静档，身边没有敌人）。
[06:03] 他还在 (-32, 78, 40)，身边有 mintstar(14格)｜血 12/20｜已经待了 60时46分
[06:03] 采样速率 1Hz（平静档，身边没有敌人）。
[06:04] 他还在 (-32, 78, 40)，身边有 mintstar(14格)｜血 12/20｜已经待了 61时46分
[06:04] 采样速率 1Hz（平静档，身边没有敌人）。
[06:05] 他还在 (-32, 78, 40)，身边有 mintstar(14格)｜血 12/20｜已经待了 62时46分
[06:05] 采样速率 1Hz（平静档，身边没有敌人）。
[06:06] 他还在 (-32, 78, 40)，身边有 mintstar(14格)｜血 12/20｜已经待了 63时46分
[06:06] 采样速率 1Hz（平静档，身边没有敌人）。
[06:06] 采样速率切到 5Hz（战斗档）。
[06:06] 呜呜，有个mintstar靠近我（5.0 格），我赶紧往后跑！
[06:07] 「mintstar」走开了
[06:07] 采样速率切到 1Hz（平静档）。
[06:07] 视野里出现了「mintstar」，14.9 格远
[06:07] 采样速率切到 5Hz（战斗档）。
[06:07] 呜呜，有个mintstar靠近我（5.0 格），我赶紧往后跑！
[06:07] 呜呜，有个mintstar靠近我（4.8 格），我赶紧往后跑！
[06:07] 哎哟，挨了 1 点伤害，血 12 → 11/20
[06:07] 哎哟，挨了 2 点伤害，血 11 → 9/20
[06:07] 肚子饿了（血 9/20，饥饿 14/20），我翻出熟牛排吃一口。
[06:07] 吃完啦，长舒一口气。
[06:07] 血只有 9/20，不过肚子是饱的 —— 饱着就自己回血，用不着吃，我先等着。
[06:08] mintstar在 4.9 格外晃 —— 我血够（13/20）、手上有家伙，这回不跑了，站住等它进来。
[06:08] mintstar在 4.3 格外晃 —— 我血够（16.5/20）、手上有家伙，这回不跑了，站住等它进来。
[06:08] mintstar都贴到我脸上了（2.0 格）—— 我还有 16.8/20 血、手上有家伙，他还有 20 血，不白挨：挥它一下就往后退！
[06:08] 打中了「mintstar」！
[06:08] mintstar在 1.6 格外晃 —— 我血够（16.8/20）、手上有家伙，这回不跑了，站住等它进来。
[06:08] 疾跑拉开距离，别站在它脸上。
[06:08] 他动了，挪到 (-30, 78, 40)（走了 0.8 格）
[06:08] mintstar在 4.0 格外晃 —— 我血够（17.4/20）、手上有家伙，这回不跑了，站住等它进来。
[06:08] 他动了，挪到 (-32, 79, 40)（走了 1.7 格）
[06:08] 他动了，挪到 (-33, 79, 40)（走了 1.1 格）
[06:08] mintstar都贴到我脸上了（2.2 格）—— 我还有 16.4/20 血、手上有家伙，他还有 18.7 血，跳起来劈它！
[06:08] 哎哟，挨了 2 点伤害，血 17.4 → 15.4/20
[06:08] 「jumpattack」没做成：这半秒里目标跑到 3.9 格外了，这一下不挥
[06:08] 疾跑拉开距离，别站在它脸上。
[06:08] mintstar都贴到我脸上了（2.0 格）—— 我还有 16.4/20 血、手上有家伙，他还有 18.7 血，跳起来劈它！
[06:08] 疾跑拉开距离，别站在它脸上。
[06:08] mintstar都贴到我脸上了（0.7 格）—— 我还有 14.4/20 血、手上有家伙，他还有 9.7 血，不白挨：挥它一下就往后退！
[06:08] 打中了「mintstar」！
[06:08] 哎哟，挨了 2 点伤害，血 15.4 → 13.4/20
[06:08] 疾跑拉开距离，别站在它脸上。
[06:08] 哎哟，挨了 2 点伤害，血 13.4 → 11.4/20
[06:08] mintstar都贴到我脸上了（0.0 格）—— 我还有 12.4/20 血、手上有家伙，他还有 3.7 血—— 他就剩这一口气了，补掉他！
[06:08] 补刀，不撤 —— 他就剩一口气了。
[06:08] 打中了「mintstar」！
[06:08] 呜呜，有个mintstar靠近我（0.4 格），我赶紧往后跑！
[06:08] 视野里出现了「mintstar」，14.8 格远
[06:08] 呜呜，有个mintstar靠近我（3.7 格），我赶紧往后跑！
[06:08] 哎哟，挨了 1 点伤害，血 11.4 → 10.4/20
[06:08] 哎哟，挨了 2 点伤害，血 10.4 → 8.4/20
[06:08] 哎哟，挨了 2 点伤害，血 8.4 → 6.4/20
[06:08] 哎哟，挨了 2 点伤害，血 6.4 → 4.4/20
[06:08] 哎哟，挨了 2 点伤害，血 4.4 → 2.4/20
[06:08] 他倒下了。
[06:08] 我又站起来了。家当多半散在倒下的地方，先看看背包里还剩什么…
[06:08] 我把吃的弄丢了，得重新找 —— 背包是空的，附近也没我够得着的掉落物。血 20/20，我原地等一会儿，谁路过给我扔口吃的吧…
[06:08] 采样速率 5Hz（战斗档，身边没有敌人）。
[06:08] 采样速率切到 1Hz（平静档）。
[06:08] 采样速率切到 5Hz（战斗档）。
[06:08] 呜呜，有个mintstar靠近我（4.2 格），我赶紧往后跑！
[06:08] 采样速率切到 1Hz（平静档）。
[06:09] 他还在 (-3, 78, -24)，身边有 mintstar(11格)｜血 20/20｜已经待了 67时2分（期间压掉了 17 条啰嗦的）
[06:09] 采样速率 1Hz（平静档，身边没有敌人）。
[06:10] 他还在 (-3, 78, -24)，身边有 mintstar(11格)｜血 20/20｜已经待了 68时2分
[06:10] 采样速率 1Hz（平静档，身边没有敌人）。
[06:11] 他还在 (-3, 78, -24)，身边有 mintstar(11格)｜血 20/20｜已经待了 69时2分
[06:11] 采样速率 1Hz（平静档，身边没有敌人）。
[06:12] 他还在 (-3, 78, -24)，身边有 mintstar(11格)｜血 20/20｜已经待了 70时2分
[06:12] 采样速率 1Hz（平静档，身边没有敌人）。
[06:13] 他还在 (-3, 78, -24)，身边有 mintstar(11格)｜血 20/20｜已经待了 71时2分
[06:13] 采样速率 1Hz（平静档，身边没有敌人）。
[06:14] 他还在 (-3, 78, -24)，身边有 mintstar(11格)｜血 20/20｜已经待了 72时2分
[06:14] 采样速率 1Hz（平静档，身边没有敌人）。
[06:15] 他还在 (-3, 78, -24)，身边有 mintstar(11格)｜血 20/20｜已经待了 73时2分
[06:15] 采样速率 1Hz（平静档，身边没有敌人）。
[06:16] 他还在 (-3, 78, -24)，身边有 mintstar(11格)｜血 20/20｜已经待了 74时2分
[06:16] 采样速率 1Hz（平静档，身边没有敌人）。
[06:17] 他还在 (-3, 78, -24)，身边有 mintstar(11格)｜血 20/20｜已经待了 75时2分
[06:17] 采样速率 1Hz（平静档，身边没有敌人）。
[06:18] 他还在 (-3, 78, -24)，身边有 mintstar(11格)｜血 20/20｜已经待了 76时2分
[06:18] 采样速率 1Hz（平静档，身边没有敌人）。
[06:19] 他还在 (-3, 78, -24)，身边有 mintstar(11格)｜血 20/20｜已经待了 77时2分
[06:19] 采样速率 1Hz（平静档，身边没有敌人）。
[06:20] 他还在 (-3, 78, -24)，身边有 mintstar(11格)｜血 20/20｜已经待了 78时2分
[06:20] 采样速率 1Hz（平静档，身边没有敌人）。
[06:21] 他还在 (-3, 78, -24)，身边有 mintstar(11格)｜血 20/20｜已经待了 79时2分
[06:21] 采样速率 1Hz（平静档，身边没有敌人）。
[06:22] 他还在 (-3, 78, -24)，身边有 mintstar(11格)｜血 20/20｜已经待了 80时2分
[06:22] 采样速率 1Hz（平静档，身边没有敌人）。
[06:23] 他还在 (-3, 78, -24)，身边有 mintstar(11格)｜血 20/20｜已经待了 81时2分
[06:23] 采样速率 1Hz（平静档，身边没有敌人）。
[06:24] 他还在 (-3, 78, -24)，身边有 mintstar(11格)｜血 20/20｜已经待了 82时2分
[06:24] 采样速率 1Hz（平静档，身边没有敌人）。
[06:25] 他还在 (-3, 78, -24)，身边有 mintstar(11格)｜血 20/20｜已经待了 83时2分
[06:25] 采样速率 1Hz（平静档，身边没有敌人）。
[06:26] 他还在 (-3, 78, -24)，身边有 mintstar(11格)｜血 20/20｜已经待了 84时2分
[06:26] 采样速率 1Hz（平静档，身边没有敌人）。
[06:27] 采样速率切到 5Hz（战斗档）。
[06:27] 呜呜，有个mintstar靠近我（4.0 格），我赶紧往后跑！
[06:27] 他动了，挪到 (-7, 78, -36)（走了 1.1 格）
[06:28] 呜呜，有个mintstar靠近我（4.6 格），我赶紧往后跑！
[06:28] 哎哟，挨了 6 点伤害，血 20 → 14/20
[06:28] 哎哟，挨了 8 点伤害，血 14 → 6.2/20
[06:28] 他倒下了。
[06:28] 我又站起来了。家当多半散在倒下的地方，先看看背包里还剩什么…
[06:28] 血回满了（20/20）。
[06:28] 「mintstar」走开了
[06:28] 我把吃的弄丢了，得重新找 —— 背包是空的，附近也没我够得着的掉落物。血 20/20，我原地等一会儿，谁路过给我扔口吃的吧…
════ 大脑-20261001-062823.log ════
启动器：外挂·动作面（主链 bridge.py 一个字节都没动）
工作目录：/home/<用户>/cyberdyne-bridge
[2026-10-01 06:28:13] 锚点自检通过：72 条全 ✅
[2026-10-01 06:28:13] 动作面开关 = 开（出处：config.json 的 m7.expand_actions）
[2026-10-01 06:28:13] 外置数据：物品映射 66 条 / 危险物品 15 条 / 动作词表 基础 9 + 扩展 3 个 / MC 1.21.1
[2026-10-01 06:28:13] 补丁已打上：10 处（**只改内存，磁盘上的 bridge.py 一个字节没动**）
[2026-10-01 06:28:13] 交棒给主链 bridge.主()
[06:28] Cyberdyne-Bridge M3 启动，大脑在外面。
           看住「XiaoJiaHuo」。
           反射层：跑、吃、保命、还手；指令层：听得懂话；采样：平静 1Hz / 战斗 5Hz。
[06:28] 接线口连上了 [unix] /home/<用户>/cyberdyne-bridge/./cyberdyne.sock
           指令层已上线；大模型层关着。
[06:28] 小家伙出生了，站在 (2, 78, -4)
           血量 20/20，朝向 yaw=3.1 pitch=0.0
           四下无人
[06:28] 我把吃的弄丢了，得重新找 —— 背包是空的，附近也没我够得着的掉落物。血 20/20，我原地等一会儿，谁路过给我扔口吃的吧…
[06:28] 视野里出现了「mintstar」，14.4 格远
[06:28] 采样速率切到 5Hz（战斗档）。
[06:28] 呜呜，有个mintstar靠近我（4.7 格），我赶紧往后跑！
[06:28] 他动了，挪到 (22, 78, -9)（走了 1.1 格）
[06:28] 他动了，挪到 (14, 78, -20)（走了 1.1 格）
[06:28] 呜呜，有个mintstar靠近我（4.8 格），我赶紧往后跑！
[06:28] 他动了，挪到 (13, 78, -37)（走了 1.1 格）
[06:28] 呜呜，有个mintstar靠近我（4.3 格），我赶紧往后跑！
[06:28] 视野里出现了「item」，1.7 格远
[06:28] 「item」走开了
[06:28] mintstar在 3.4 格外晃 —— 我血够（20/20）、手上有家伙，这回不跑了，站住等它进来。
[06:28] mintstar都贴到我脸上了（2.1 格）—— 我还有 20/20 血、手上有家伙，他还有 20 血，跳起来劈它！
[06:28] mintstar在 1.7 格外晃 —— 我血够（20/20）、手上有家伙，这回不跑了，站住等它进来。
[06:28] 疾跑拉开距离，别站在它脸上。
[06:28] mintstar都贴到我脸上了（2.2 格）—— 我还有 20/20 血、手上有家伙，他还有 11 血，不白挨：挥它一下就往后退！
[06:28] 打中了「mintstar」！
[06:28] 疾跑拉开距离，别站在它脸上。
[06:28] mintstar都贴到我脸上了（1.9 格）—— 我还有 20/20 血、手上有家伙，他还有 6 血—— 他就剩这一口气了，补掉他！
[06:28] 补刀，不撤 —— 他就剩一口气了。
[06:28] 打中了「mintstar」！
[06:29] 采样速率切到 1Hz（平静档）。
[06:29] 视野里出现了「mintstar」，13.1 格远
[06:29] 采样速率切到 5Hz（战斗档）。
[06:29] mintstar在 4.2 格外晃 —— 我血够（20/20）、手上有家伙，这回不跑了，站住等它进来。
[06:29] 「item」走开了
[06:29] mintstar都贴到我脸上了（2.1 格）—— 我还有 20/20 血、手上有家伙，他还有 20 血，跳起来劈它！
[06:29] mintstar在 2.2 格外晃 —— 我血够（20/20）、手上有家伙，这回不跑了，站住等它进来。
[06:29] 「jumpattack」成了（target=mintstar）。
[06:29] 疾跑拉开距离，别站在它脸上。
[06:29] mintstar在 4.5 格外晃 —— 我血够（20/20）、手上有家伙，这回不跑了，站住等它进来。
[06:30] 采样速率 5Hz（战斗档，最近敌人 4 格）。
[06:30] 他还在 (-39, 78, -39)，⚠ 身边有敌人 mintstar(4格)｜血 20/20｜已经待了 2分7秒（期间压掉了 10 条啰嗦的）
[06:30] mintstar都贴到我脸上了（2.2 格）—— 我还有 20/20 血、手上有家伙，他还有 15.8 血，跳起来劈它！
[06:30] mintstar在 2.3 格外晃 —— 我血够（20/20）、手上有家伙，这回不跑了，站住等它进来。
[06:30] 「jumpattack」没做成：这半秒里目标跑到 3.4 格外了，这一下不挥
[06:30] 他动了，挪到 (-39, 78, -39)（走了 0.8 格）
[06:30] 他扭头看了一眼
[06:30] 他动了，挪到 (-39, 78, -39)（走了 0.5 格）
[06:30] 疾跑拉开距离，别站在它脸上。
[06:30] mintstar都贴到我脸上了（1.3 格）—— 我还有 20/20 血、手上有家伙，他还有 15.8 血，不白挨：挥它一下就往后退！
[06:30] 打中了「mintstar」！
[06:30] mintstar在 2.4 格外晃 —— 我血够（20/20）、手上有家伙，这回不跑了，站住等它进来。
[06:30] 疾跑拉开距离，别站在它脸上。
[06:30] mintstar都贴到我脸上了（2.1 格）—— 我还有 20/20 血、手上有家伙，他还有 9.8 血，不白挨：挥它一下就往后退！
[06:30] 打中了「mintstar」！
[06:30] mintstar在 2.6 格外晃 —— 我血够（20/20）、手上有家伙，这回不跑了，站住等它进来。
[06:30] 疾跑拉开距离，别站在它脸上。
[06:30] 哎哟，挨了 1 点伤害，血 20 → 19/20
[06:30] mintstar都贴到我脸上了（1.9 格）—— 我还有 19/20 血、手上有家伙，他还有 3.8 血—— 他就剩这一口气了，补掉他！
[06:30] 补刀，不撤 —— 他就剩一口气了。
[06:30] 打中了「mintstar」！
[06:30] 视野里出现了「item」，1.7 格远
[06:30] mintstar在 2.6 格外晃 —— 我血够（19/20）、手上有家伙，这回不跑了，站住等它进来。
[06:30] 「mintstar」走开了
[06:30] 血回满了（20/20）。
[06:30] mintstar都贴到我脸上了（2.0 格）—— 我还有 20/20 血、手上有家伙，他还有 20 血，不白挨：挥它一下就往后退！
[06:30] 打中了「mintstar」！
[06:30] 疾跑拉开距离，别站在它脸上。
════ 大脑-20261001-062956.log ════
启动器：外挂·动作面（主链 bridge.py 一个字节都没动）
工作目录：/home/<用户>/cyberdyne-bridge
[2026-10-01 06:28:23] 锚点自检通过：72 条全 ✅
[2026-10-01 06:28:23] 动作面开关 = 开（出处：config.json 的 m7.expand_actions）
[2026-10-01 06:28:23] 外置数据：物品映射 66 条 / 危险物品 15 条 / 动作词表 基础 9 + 扩展 3 个 / MC 1.21.1
[2026-10-01 06:28:23] 补丁已打上：10 处（**只改内存，磁盘上的 bridge.py 一个字节没动**）
[2026-10-01 06:28:23] 交棒给主链 bridge.主()
[06:28] Cyberdyne-Bridge M3 启动，大脑在外面。
           看住「XiaoJiaHuo」。
           反射层：跑、吃、保命、还手；指令层：听得懂话；采样：平静 1Hz / 战斗 5Hz。
[06:28] 接线口连上了 [unix] /home/<用户>/cyberdyne-bridge/./cyberdyne.sock
           指令层已上线；大模型层关着。
[06:28] 小家伙出生了，站在 (17, 78, -15)
           血量 20/20，朝向 yaw=0.6 pitch=0.0
           他一睁眼就看到了：mintstar
[06:28] 采样速率切到 5Hz（战斗档）。
[06:28] 他动了，挪到 (14, 78, -20)（走了 1.1 格）
[06:28] 呜呜，有个mintstar靠近我（4.8 格），我赶紧往后跑！
[06:28] 他动了，挪到 (13, 78, -37)（走了 1.1 格）
[06:28] 呜呜，有个mintstar靠近我（4.3 格），我赶紧往后跑！
[06:28] 视野里出现了「item」，1.7 格远
[06:28] 「item」走开了
[06:28] mintstar在 3.4 格外晃 —— 我血够（20/20）、手上有家伙，这回不跑了，站住等它进来。
[06:28] mintstar都贴到我脸上了（2.1 格）—— 我还有 20/20 血、手上有家伙，他还有 20 血，跳起来劈它！
[06:28] mintstar在 1.7 格外晃 —— 我血够（20/20）、手上有家伙，这回不跑了，站住等它进来。
[06:28] 「jumpattack」成了（target=mintstar）。
[06:28] 他动了，挪到 (-39, 78, -39)（走了 0.8 格）
[06:28] 疾跑拉开距离，别站在它脸上。
[06:28] mintstar都贴到我脸上了（2.2 格）—— 我还有 20/20 血、手上有家伙，他还有 11 血，不白挨：挥它一下就往后退！
[06:28] 打中了「mintstar」！
[06:28] 疾跑拉开距离，别站在它脸上。
[06:28] mintstar都贴到我脸上了（1.9 格）—— 我还有 20/20 血、手上有家伙，他还有 6 血—— 他就剩这一口气了，补掉他！
[06:28] 补刀，不撤 —— 他就剩一口气了。
[06:28] 打中了「mintstar」！
[06:29] 采样速率切到 1Hz（平静档）。
[06:29] 采样速率切到 5Hz（战斗档）。
[06:29] mintstar都贴到我脸上了（2.1 格）—— 我还有 20/20 血、手上有家伙，他还有 20 血，跳起来劈它！
[06:29] 疾跑拉开距离，别站在它脸上。
[06:29] mintstar在 4.5 格外晃 —— 我血够（20/20）、手上有家伙，这回不跑了，站住等它进来。
[06:30] 采样速率 5Hz（战斗档，最近敌人 4 格）。
[06:30] 他还在 (-39, 78, -39)，⚠ 身边有敌人 mintstar(4格)｜血 20/20｜已经待了 1分57秒（期间压掉了 13 条啰嗦的）
[06:30] mintstar都贴到我脸上了（2.2 格）—— 我还有 20/20 血、手上有家伙，他还有 15.8 血，跳起来劈它！
[06:30] mintstar在 2.3 格外晃 —— 我血够（20/20）、手上有家伙，这回不跑了，站住等它进来。
[06:30] 「jumpattack」没做成：这半秒里目标跑到 3.4 格外了，这一下不挥
[06:30] 他动了，挪到 (-39, 78, -39)（走了 0.8 格）
[06:30] 他扭头看了一眼
[06:30] 他动了，挪到 (-39, 78, -39)（走了 0.5 格）
[06:30] 疾跑拉开距离，别站在它脸上。
[06:30] mintstar都贴到我脸上了（1.3 格）—— 我还有 20/20 血、手上有家伙，他还有 15.8 血，不白挨：挥它一下就往后退！
[06:30] 打中了「mintstar」！
[06:30] mintstar在 2.4 格外晃 —— 我血够（20/20）、手上有家伙，这回不跑了，站住等它进来。
[06:30] 疾跑拉开距离，别站在它脸上。
[06:30] mintstar都贴到我脸上了（2.1 格）—— 我还有 20/20 血、手上有家伙，他还有 9.8 血，不白挨：挥它一下就往后退！
[06:30] 打中了「mintstar」！
[06:30] mintstar在 2.6 格外晃 —— 我血够（20/20）、手上有家伙，这回不跑了，站住等它进来。
[06:30] 疾跑拉开距离，别站在它脸上。
[06:30] 哎哟，挨了 1 点伤害，血 20 → 19/20
[06:30] mintstar都贴到我脸上了（1.9 格）—— 我还有 19/20 血、手上有家伙，他还有 3.8 血—— 他就剩这一口气了，补掉他！
[06:30] 补刀，不撤 —— 他就剩一口气了。
[06:30] 打中了「mintstar」！
[06:30] 视野里出现了「item」，1.7 格远
[06:30] mintstar在 2.6 格外晃 —— 我血够（19/20）、手上有家伙，这回不跑了，站住等它进来。
[06:30] 「mintstar」走开了
[06:30] 血回满了（20/20）。
[06:30] mintstar都贴到我脸上了（2.0 格）—— 我还有 20/20 血、手上有家伙，他还有 20 血，不白挨：挥它一下就往后退！
[06:30] 打中了「mintstar」！
[06:30] 疾跑拉开距离，别站在它脸上。
════ 大脑-20261001-063125.log ════
启动器：外挂·动作面（主链 bridge.py 一个字节都没动）
工作目录：/home/<用户>/cyberdyne-bridge
[2026-10-01 06:29:56] 锚点自检通过：72 条全 ✅
[2026-10-01 06:29:56] 动作面开关 = 开（出处：config.json 的 m7.expand_actions）
[2026-10-01 06:29:56] 外置数据：物品映射 66 条 / 危险物品 15 条 / 动作词表 基础 9 + 扩展 3 个 / MC 1.21.1
[2026-10-01 06:29:56] 补丁已打上：10 处（**只改内存，磁盘上的 bridge.py 一个字节没动**）
[2026-10-01 06:29:56] 交棒给主链 bridge.主()
[06:29] Cyberdyne-Bridge M3 启动，大脑在外面。
           看住「XiaoJiaHuo」。
           反射层：跑、吃、保命、还手；指令层：听得懂话；采样：平静 1Hz / 战斗 5Hz。
[06:29] 接线口连上了 [unix] /home/<用户>/cyberdyne-bridge/./cyberdyne.sock
           指令层已上线；大模型层关着。
[06:29] 小家伙出生了，站在 (-39, 78, -39)
           血量 20/20，朝向 yaw=0.4 pitch=0.0
           他一睁眼就看到了：mintstar
[06:29] 采样速率切到 5Hz（战斗档）。
[06:29] mintstar在 4.0 格外晃 —— 我血够（20/20）、手上有家伙，这回不跑了，站住等它进来。
[06:30] mintstar都贴到我脸上了（2.2 格）—— 我还有 20/20 血、手上有家伙，他还有 15.8 血，跳起来劈它！
[06:30] mintstar在 2.3 格外晃 —— 我血够（20/20）、手上有家伙，这回不跑了，站住等它进来。
[06:30] 「jumpattack」没做成：这半秒里目标跑到 3.4 格外了，这一下不挥
[06:30] 他动了，挪到 (-39, 78, -39)（走了 0.8 格）
[06:30] 他扭头看了一眼
[06:30] 他动了，挪到 (-39, 78, -39)（走了 0.5 格）
[06:30] 疾跑拉开距离，别站在它脸上。
[06:30] mintstar都贴到我脸上了（1.3 格）—— 我还有 20/20 血、手上有家伙，他还有 15.8 血，不白挨：挥它一下就往后退！
[06:30] 打中了「mintstar」！
[06:30] mintstar在 2.4 格外晃 —— 我血够（20/20）、手上有家伙，这回不跑了，站住等它进来。
[06:30] 疾跑拉开距离，别站在它脸上。
[06:30] mintstar都贴到我脸上了（2.1 格）—— 我还有 20/20 血、手上有家伙，他还有 9.8 血，跳起来劈它！
[06:30] 打中了「mintstar」！
[06:30] 「jumpattack」成了（target=mintstar）。
[06:30] mintstar在 2.6 格外晃 —— 我血够（20/20）、手上有家伙，这回不跑了，站住等它进来。
[06:30] 疾跑拉开距离，别站在它脸上。
[06:30] 哎哟，挨了 1 点伤害，血 20 → 19/20
[06:30] mintstar都贴到我脸上了（1.9 格）—— 我还有 19/20 血、手上有家伙，他还有 3.8 血—— 他就剩这一口气了，补掉他！
[06:30] 补刀，不撤 —— 他就剩一口气了。
[06:30] 打中了「mintstar」！
[06:30] mintstar都贴到我脸上了（2.0 格）—— 我还有 20/20 血、手上有家伙，他还有 20 血，跳起来劈它！
[06:30] 打中了「mintstar」！
[06:30] 疾跑拉开距离，别站在它脸上。
════ 大脑-20261001-070023.log ════
启动器：外挂·动作面（主链 bridge.py 一个字节都没动）
工作目录：/home/<用户>/cyberdyne-bridge
[2026-10-01 06:31:25] 锚点自检通过：72 条全 ✅
[2026-10-01 06:31:25] 动作面开关 = 开（出处：config.json 的 m7.expand_actions）
[2026-10-01 06:31:25] 外置数据：物品映射 66 条 / 危险物品 15 条 / 动作词表 基础 9 + 扩展 3 个 / MC 1.21.1
[2026-10-01 06:31:25] 补丁已打上：10 处（**只改内存，磁盘上的 bridge.py 一个字节没动**）
[2026-10-01 06:31:25] 交棒给主链 bridge.主()
[06:31] Cyberdyne-Bridge M3 启动，大脑在外面。
           看住「XiaoJiaHuo」。
           反射层：跑、吃、保命、还手；指令层：听得懂话；采样：平静 1Hz / 战斗 5Hz。
[06:31] 接线口连上了 [unix] /home/<用户>/cyberdyne-bridge/./cyberdyne.sock
           指令层已上线；大模型层关着。
[06:31] 小家伙出生了，站在 (-39, 77, -39)
           血量 20/20，朝向 yaw=1.6 pitch=0.0
           四下无人
[06:31] 视野里出现了「mintstar」，13.2 格远
[06:31] 采样速率切到 5Hz（战斗档）。
[06:31] mintstar在 4.8 格外晃 —— 我血够（20/20）、手上有家伙，这回不跑了，站住等它进来。
[06:31] 他动了，挪到 (-39, 78, -39)（走了 0.8 格）
[06:31] 他动了，挪到 (-39, 77, -39)（走了 0.8 格）
[06:31] 哎哟，挨了 1 点伤害，血 20 → 19.2/20
[06:31] 他动了，挪到 (-39, 78, -39)（走了 0.9 格）
[06:31] 他动了，挪到 (-39, 77, -39)（走了 0.6 格）
[06:31] 他动了，挪到 (-39, 78, -39)（走了 0.6 格）
[06:31] 哎哟，挨了 2 点伤害，血 19.2 → 17.2/20
[06:31] 他动了，挪到 (-39, 77, -39)（走了 0.9 格）
[06:31] 哎哟，挨了 2 点伤害，血 17.2 → 15.2/20
[06:31] 哎哟，挨了 2 点伤害，血 15.2 → 13.2/20
[06:31] 哎哟，挨了 2 点伤害，血 13.2 → 11.2/20
[06:31] 呜呜，有个mintstar靠近我（2.9 格），我赶紧往后跑！
[06:31] 哎哟，挨了 2 点伤害，血 11.2 → 9.2/20
[06:31] 哎哟，挨了 2 点伤害，血 9.2 → 7.2/20
[06:31] 哎哟，挨了 2 点伤害，血 7.2 → 5.2/20
[06:31] 哎哟，挨了 2 点伤害，血 5.2 → 3.2/20
[06:31] 呜…我快不行了（血 3/20），背包里一点吃的都没有，「mintstar」离我只有 2.9 格——我不能打，只能慢慢往后挪。
[06:31] 哎哟，挨了 2 点伤害，血 3.2 → 1.2/20
[06:31] 他倒下了。
[06:31] 我又站起来了。家当多半散在倒下的地方，先看看背包里还剩什么…
[06:31] 我把吃的弄丢了，得重新找 —— 背包是空的，附近也没我够得着的掉落物。血 20/20，我原地等一会儿，谁路过给我扔口吃的吧…
[06:31] 采样速率切到 1Hz（平静档）。
[06:32] 好，我去了：去箱子拿 5 个 cobblestone（2 步）。
[06:32] 采样速率切到 5Hz（战斗档）。
[06:32] 呜呜，有个mintstar靠近我（4.7 格），我赶紧往后跑！
[06:32] 先停一下手上的活 —— 逃跑。
[06:32] 先停一下手上的活 —— 逃跑。
[06:33] 采样速率 5Hz（战斗档，身边没有敌人）。
[06:33] 第 2 步没成（等了 60 秒还没成（超时））—— 1 秒后我再试一次（第 1 次）。
[06:33] 视野里出现了「mintstar」，15.5 格远
[06:33] 呜呜，有个mintstar靠近我（4.3 格），我赶紧往后跑！
[06:33] 先停一下手上的活 —— 逃跑。
[06:33] 没事了，接着干（第 2 步）。
[06:33] 他动了，挪到 (40, 78, -8)（走了 0.8 格）
[06:33] 先停一下手上的活 —— 逃跑。
[06:33] 视野里出现了「item」，0.6 格远
[06:33] 「item」走开了
[06:33] 视野里出现了「item」，1.4 格远
[06:33] 「item」走开了
[06:33] 视野里出现了「item」，2.3 格远
[06:33] 「item」走开了
[06:34] 采样速率 5Hz（战斗档，最近敌人 4 格）。
[06:35] 采样速率 5Hz（战斗档，最近敌人 2 格）。
[06:35] 视野里出现了「item」，1.9 格远
[06:35] 「item」走开了
[06:35] 视野里出现了「item」，1.9 格远
[06:35] 「item」走开了
[06:35] 视野里出现了「item」，2.7 格远
[06:35] 「item」走开了
[06:35] 视野里出现了「item」，3.8 格远
[06:35] 「item」走开了
[06:35] 视野里出现了「item」，4.7 格远
[06:35] 「item」走开了
[06:35] 视野里出现了「item」，4.6 格远
[06:35] 第 2 步没成（被打断 128 秒（超过 120 秒上限））—— 3 秒后我再试一次（第 2 次）。
[06:35] 好，我去了：去箱子拿 5 个 cobblestone（2 步）。
[06:35] 呜呜，有个mintstar靠近我（4.6 格），我赶紧往后跑！
[06:35] 先停一下手上的活 —— 逃跑。
[06:35] 「mintstar」说「?」—— 这句我没学过，先老实说不会，绝不乱动。（听不懂第 1 条）
[06:36] 采样速率 5Hz（战斗档，最近敌人 8 格）。
[06:36] 呜呜，有个mintstar靠近我（4.2 格），我赶紧往后跑！
[06:36] 先停一下手上的活 —— 逃跑。
[06:36] 先停一下手上的活 —— 逃跑。
[06:36] 「mintstar」说「duo wo?」—— 这句我没学过，先老实说不会，绝不乱动。（听不懂第 2 条）
[06:36] mintstar 说话了：「duo wo?」
[06:36] 视野里出现了「mintstar」，15.9 格远
[06:36] 「item」走开了
[06:36] 呜呜，有个mintstar靠近我（4.9 格），我赶紧往后跑！
[06:36] 先停一下手上的活 —— 逃跑。
[06:36] 哎哟，挨了 6 点伤害，血 20 → 14/20
[06:36] 视野里出现了「item」，2.8 格远
[06:36] 「item」走开了
[06:36] 没事了，接着干（第 2 步）。
[06:36] 「mintstar」走开了
[06:37] 采样速率 5Hz（战斗档，身边没有敌人）。
[06:37] 听懂了：「从箱子 21 78 -21 拿 5 个圆石」→ task
[06:37] 来了新活儿，手上那件我先放下。
[06:37] 好，我去了：去箱子拿 5 个 cobblestone（2 步）。
[06:37] mintstar 说话了：「从箱子 21 78 -21 拿 5 个圆石」
[06:37] 他动了，挪到 (39, 78, -38)（走了 0.8 格）
[06:37] 先停一下手上的活 —— 迎战。
[06:37] mintstar都贴到我脸上了（2.1 格）—— 我还有 17/20 血、手上有家伙，他还有 20 血，跳起来劈它！
[06:37] 疾跑拉开距离，别站在它脸上。
[06:38] 采样速率 5Hz（战斗档，身边没有敌人）。
[06:38] 第 2 步没成（等了 60 秒还没成（超时））—— 1 秒后我再试一次（第 1 次）。
[06:39] 采样速率 5Hz（战斗档，身边没有敌人）。
[06:39] 第 2 步没成（等了 60 秒还没成（超时））—— 3 秒后我再试一次（第 2 次）。
[06:39] 他和世界的连接断了：disconnect.quitting
[06:39] 手那边主动断开了。
[06:39] 接线口连上了 [unix] /home/<用户>/cyberdyne-bridge/./cyberdyne.sock
           指令层已上线；大模型层关着。
[06:39] 他扭头看了一眼
[06:39] 采样速率切到 5Hz（战斗档）。
[06:39] 「chest_take」没做成：离箱子 7.5 格，够不着（最多 4.5）
[06:39] 「chest_take」没做成：离箱子 7.5 格，够不着（最多 4.5）
[06:39] 「chest_take」没做成：离箱子 7.5 格，够不着（最多 4.5）
[06:39] 「chest_take」没做成：离箱子 7.5 格，够不着（最多 4.5）
[06:39] 「chest_take」没做成：离箱子 7.5 格，够不着（最多 4.5）
[06:39] 「chest_take」没做成：离箱子 7.5 格，够不着（最多 4.5）
[06:39] 听懂了：「从箱子 21 78 -21 拿 5 个圆石」→ task
[06:39] 来了新活儿，手上那件我先放下。
[06:39] 好，我去了：去箱子拿 5 个 cobblestone（2 步）。
[06:39] mintstar 说话了：「从箱子 21 78 -21 拿 5 个圆石」
[06:39] 他扭头看了一眼
[06:39] 他动了，挪到 (23, 78, -27)（走了 0.9 格）
[06:39] 他扭头看了一眼
[06:39] 他动了，挪到 (22, 78, -26)（走了 1.1 格）
[06:39] 他扭头看了一眼
[06:39] 他动了，挪到 (22, 78, -25)（走了 1.0 格）
[06:39] 干完了：去箱子拿 5 个 cobblestone。
[06:39] 采样速率切到 1Hz（平静档）。
[06:40] 听懂了：「把 3 个圆石放进箱子 21 78 -21」→ task
[06:40] 好，我去了：把 3 个 cobblestone 放进箱子（2 步）。
[06:40] mintstar 说话了：「把 3 个圆石放进箱子 21 78 -21」
[06:40] 采样速率切到 5Hz（战斗档）。
[06:40] 第 1 步「走到」做完了（用了 1 秒）。
[06:40] 干完了：把 3 个 cobblestone 放进箱子。
[06:40] 采样速率切到 1Hz（平静档）。
[06:41] 听懂了：「合成 8 个木棍」→ task
[06:41] 好，我去了：合成 8 个 stick（1 步）。
[06:41] mintstar 说话了：「合成 8 个木棍」
[06:41] 采样速率切到 5Hz（战斗档）。
[06:41] 「craft」没做成：craft 炸了：Error: missing ingredient
[06:41] 「craft」没做成：合成「stick」要工作台，可我附近 4 格内没找到
[06:41] 「craft」没做成：合成「stick」要工作台，可我附近 4 格内没找到
[06:41] 「craft」没做成：合成「stick」要工作台，可我附近 4 格内没找到
[06:41] 「craft」没做成：合成「stick」要工作台，可我附近 4 格内没找到
[06:41] 「craft」没做成：合成「stick」要工作台，可我附近 4 格内没找到
[06:42] 「craft」没做成：合成「stick」要工作台，可我附近 4 格内没找到
[06:42] 「craft」没做成：合成「stick」要工作台，可我附近 4 格内没找到
[06:42] 「craft」没做成：合成「stick」要工作台，可我附近 4 格内没找到
[06:42] 「craft」没做成：合成「stick」要工作台，可我附近 4 格内没找到
[06:42] 听懂了：「合成 8 个木棍」→ task
[06:42] 来了新活儿，手上那件我先放下。
[06:42] 好，我去了：合成 8 个 stick（1 步）。
[06:42] mintstar 说话了：「合成 8 个木棍」
[06:42] 「craft」没做成：craft 炸了：Error: missing ingredient
[06:42] 第 1 步「合成」做完了（用了 0 秒）。
[06:42] 干完了：合成 8 个 stick。
[06:42] 采样速率 5Hz（战斗档，最近敌人 6 格）。
[06:42] 视野里出现了「item」，13.3 格远
[06:42] 「item」走开了
[06:42] 视野里出现了「item」，13.2 格远
[06:42] 「item」走开了
[06:42] 视野里出现了「item」，13.5 格远
[06:42] 「item」走开了
[06:42] 视野里出现了「item」，14.0 格远
[06:42] 采样速率切到 1Hz（平静档）。
[06:43] 好，我去了：合成 4 个 torch（1 步）。
[06:43] 采样速率切到 5Hz（战斗档）。
[06:43] 「craft」没做成：craft 炸了：Error: missing ingredient
[06:43] 干完了：合成 4 个 torch。
[06:43] 采样速率切到 1Hz（平静档）。
[06:43] 听懂了：「从箱子 21 78 -21 拿 1 个 tnt」→ task
[06:43] 这活里有危险东西（tnt）—— 我不碰。
[06:43] mintstar 说话了：「从箱子 21 78 -21 拿 1 个 tnt」
[06:43] 听懂了：「你怎么样」→ status
[06:43] mintstar 说话了：「你怎么样」
[06:44] 采样速率 1Hz（平静档，身边没有敌人）。
[06:44] 他还在 (21, 78, -22)，身边没人｜血 17/20｜已经待了 13分24秒（期间压掉了 167 条啰嗦的）
[06:45] 采样速率 1Hz（平静档，身边没有敌人）。
[06:45] 他还在 (21, 78, -22)，身边没人｜血 17/20｜已经待了 14分24秒
[06:46] 采样速率 1Hz（平静档，身边没有敌人）。
[06:46] 他还在 (21, 78, -22)，身边没人｜血 17/20｜已经待了 15分24秒
[06:47] 采样速率 1Hz（平静档，身边没有敌人）。
[06:47] 他还在 (21, 78, -22)，身边没人｜血 17/20｜已经待了 16分24秒
[06:48] 采样速率 1Hz（平静档，身边没有敌人）。
[06:48] 他还在 (21, 78, -22)，身边没人｜血 17/20｜已经待了 17分24秒
[06:49] 采样速率 1Hz（平静档，身边没有敌人）。
[06:49] 他还在 (21, 78, -22)，身边没人｜血 17/20｜已经待了 18分24秒
[06:50] 采样速率 1Hz（平静档，身边没有敌人）。
[06:50] 他还在 (21, 78, -22)，身边没人｜血 17/20｜已经待了 19分24秒
[06:51] 采样速率 1Hz（平静档，身边没有敌人）。
[06:51] 他还在 (21, 78, -22)，身边没人｜血 17/20｜已经待了 20分24秒
[06:52] 采样速率 1Hz（平静档，身边没有敌人）。
[06:52] 他还在 (21, 78, -22)，身边没人｜血 17/20｜已经待了 21分24秒
[06:53] 采样速率 1Hz（平静档，身边没有敌人）。
[06:53] 他还在 (21, 78, -22)，身边没人｜血 17/20｜已经待了 22分24秒
[06:54] 采样速率 1Hz（平静档，身边没有敌人）。
[06:54] 他还在 (21, 78, -22)，身边没人｜血 17/20｜已经待了 23分24秒
[06:55] 采样速率 1Hz（平静档，身边没有敌人）。
[06:55] 他还在 (21, 78, -22)，身边没人｜血 17/20｜已经待了 24分24秒
[06:56] 采样速率 1Hz（平静档，身边没有敌人）。
[06:56] 他还在 (21, 78, -22)，身边没人｜血 17/20｜已经待了 25分24秒
[06:57] 采样速率 1Hz（平静档，身边没有敌人）。
[06:57] 他还在 (21, 78, -22)，身边没人｜血 17/20｜已经待了 26分24秒
[06:58] 采样速率 1Hz（平静档，身边没有敌人）。
[06:58] 他还在 (21, 78, -22)，身边没人｜血 17/20｜已经待了 27分24秒
[06:59] 采样速率 1Hz（平静档，身边没有敌人）。
[06:59] 他还在 (21, 78, -22)，身边没人｜血 17/20｜已经待了 28分24秒
[07:00] 采样速率 1Hz（平静档，身边没有敌人）。
