[2026-10-01 05:42:56] 锚点自检通过：49 条全 ✅
[2026-10-01 05:42:56]   · 主链指纹 sha256 = 2499f81f807431b0…（194878 字节）
[2026-10-01 05:42:56]   · 基线允许动作：wait_until、打、拾、挖、放、熔炉取成品、熔炉放料、等、说、走到
[2026-10-01 05:42:56]   · 基线物品名字典 21 条（第 2 步要外置成 data/items_map.json）
[2026-10-01 05:42:56]   · 这句子在主链里出现 2 次 —— 是 M5/M6 留下的重复行，既有小毛病，外挂替换时会一起处理
[2026-10-01 05:42:56]   · 这四条在说明：手侧已经按 M2 规矩把箱子本事放在插件里了，脑侧外挂补上之后才有意义
[2026-10-01 05:42:56] 动作面开关 = 关（出处：config.json 的 m7.expand_actions）
[2026-10-01 05:42:56] 开关关着 → 一个补丁都不打，按基线跑（行为与基线逐字节相同）
[2026-10-01 05:42:56] 【演练】到这里为止：锚点 49 条全过、开关处理完毕、补丁 0 处。**没有起主循环，没有连 socket。**
[2026-10-01 05:43:06] ★ 找不到主链：/home/<用户>/cyberdyne-bridge/bridge.py
[2026-10-01 05:43:06] ★ 外挂拒绝启动 —— 我不猜它在哪，也不去别处import一个同名模块。
[2026-10-01 05:43:16] 锚点自检通过：49 条全 ✅
[2026-10-01 05:43:16]   · 主链指纹 sha256 = 2499f81f807431b0…（194878 字节）
[2026-10-01 05:43:16]   · 基线允许动作：wait_until、打、拾、挖、放、熔炉取成品、熔炉放料、等、说、走到
[2026-10-01 05:43:16]   · 基线物品名字典 21 条（第 2 步要外置成 data/items_map.json）
[2026-10-01 05:43:16]   · 这句子在主链里出现 2 次 —— 是 M5/M6 留下的重复行，既有小毛病，外挂替换时会一起处理
[2026-10-01 05:43:16]   · 这四条在说明：手侧已经按 M2 规矩把箱子本事放在插件里了，脑侧外挂补上之后才有意义
[2026-10-01 05:43:16] 动作面开关 = 开（出处：命令行 --假装开关开（演练用，config.json 没动））
[2026-10-01 05:43:16] ★ 开关开着，可补丁还没实现 —— 外挂拒绝启动。
[2026-10-01 05:43:16]     还没写：合成 / 箱子里取 / 往箱子里放（第 3 步）
[2026-10-01 05:43:16]     还没写：三条口令 + prompt 片段（第 4 步）
[2026-10-01 05:58:24] 锚点自检通过：66 条全 ✅
[2026-10-01 05:58:24]   · 主链指纹 sha256 = 2499f81f807431b0…（194878 字节）
[2026-10-01 05:58:24]   · 基线允许动作：wait_until、打、拾、挖、放、熔炉取成品、熔炉放料、等、说、走到
[2026-10-01 05:58:24]   · 基线物品名字典 21 条（第 2 步要外置成 data/items_map.json）
[2026-10-01 05:58:24]   · 这句子在主链里出现 2 次 —— 是 M5/M6 留下的重复行，既有小毛病，外挂替换时会一起处理
[2026-10-01 05:58:24]   · 这四条在说明：手侧已经按 M2 规矩把箱子本事放在插件里了，脑侧外挂补上之后才有意义
[2026-10-01 05:58:24]   · 物品映射：基线 21 条 + 新增 45 条 = 共 66 条
[2026-10-01 05:58:24]   · 主链允许动作 wait_until、打、拾、挖、放、熔炉取成品、熔炉放料、等、说、走到；其中 打 不许进 prompt（宪法）
[2026-10-01 05:58:24]   · 开关打开时用的那一行 = 【基础】+「 / 」+【扩展】，拼出来 163 字
[2026-10-01 05:58:24] 动作面开关 = 关（出处：config.json 的 m7.expand_actions）
[2026-10-01 05:58:24] 外置数据：物品映射 66 条 / 危险物品 15 条 / 动作词表 基础 9 + 扩展 3 个 / MC 1.21.1
[2026-10-01 05:58:24] （出处：外挂/动作面/data/items_map.json 和 外挂/动作面/prompts/）
[2026-10-01 05:58:24] 开关关着 → 一个补丁都不打，按基线跑（行为与基线逐字节相同）
[2026-10-01 05:58:24] 【演练】到这里为止：锚点 66 条全过、开关处理完毕、补丁 0 处。**没有起主循环，没有连 socket。**
[2026-10-01 05:58:30] ★ 找不到主链：/home/<用户>/cyberdyne-bridge/bridge.py
[2026-10-01 05:58:30] ★ 外挂拒绝启动 —— 我不猜它在哪，也不去别处import一个同名模块。
[2026-10-01 06:10:37] 锚点自检通过：66 条全 ✅
[2026-10-01 06:10:37]   · 主链指纹 sha256 = 2499f81f807431b0…（194878 字节）
[2026-10-01 06:10:37]   · 基线允许动作：wait_until、打、拾、挖、放、熔炉取成品、熔炉放料、等、说、走到
[2026-10-01 06:10:37]   · 基线物品名字典 21 条（第 2 步要外置成 data/items_map.json）
[2026-10-01 06:10:37]   · 这句子在主链里出现 2 次 —— 是 M5/M6 留下的重复行，既有小毛病，外挂替换时会一起处理
[2026-10-01 06:10:37]   · 这四条在说明：手侧已经按 M2 规矩把箱子本事放在插件里了，脑侧外挂补上之后才有意义
[2026-10-01 06:10:37]   · 物品映射：基线 21 条 + 新增 45 条 = 共 66 条
[2026-10-01 06:10:37]   · 主链允许动作 wait_until、打、拾、挖、放、熔炉取成品、熔炉放料、等、说、走到；其中 打 不许进 prompt（宪法）
[2026-10-01 06:10:37]   · 开关打开时用的那一行 = 【基础】+「 / 」+【扩展】，拼出来 163 字
[2026-10-01 06:10:37] 动作面开关 = 关（出处：config.json 的 m7.expand_actions）
[2026-10-01 06:10:37] 外置数据：物品映射 66 条 / 危险物品 15 条 / 动作词表 基础 9 + 扩展 3 个 / MC 1.21.1
[2026-10-01 06:10:37] （出处：外挂/动作面/data/items_map.json 和 外挂/动作面/prompts/）
[2026-10-01 06:10:37] 开关关着 → 一个补丁都不打，按基线跑（行为与基线逐字节相同；补丁.py 不会被 import）
[2026-10-01 06:10:37] 【演练】到这里为止：锚点 66 条全过、开关处理完毕、补丁 0 处。**没有起主循环，没有连 socket。**
[2026-10-01 06:10:37] 锚点自检通过：66 条全 ✅
[2026-10-01 06:10:37]   · 主链指纹 sha256 = 2499f81f807431b0…（194878 字节）
[2026-10-01 06:10:37]   · 基线允许动作：wait_until、打、拾、挖、放、熔炉取成品、熔炉放料、等、说、走到
[2026-10-01 06:10:37]   · 基线物品名字典 21 条（第 2 步要外置成 data/items_map.json）
[2026-10-01 06:10:37]   · 这句子在主链里出现 2 次 —— 是 M5/M6 留下的重复行，既有小毛病，外挂替换时会一起处理
[2026-10-01 06:10:37]   · 这四条在说明：手侧已经按 M2 规矩把箱子本事放在插件里了，脑侧外挂补上之后才有意义
[2026-10-01 06:10:37]   · 物品映射：基线 21 条 + 新增 45 条 = 共 66 条
[2026-10-01 06:10:37]   · 主链允许动作 wait_until、打、拾、挖、放、熔炉取成品、熔炉放料、等、说、走到；其中 打 不许进 prompt（宪法）
[2026-10-01 06:10:37]   · 开关打开时用的那一行 = 【基础】+「 / 」+【扩展】，拼出来 163 字
[2026-10-01 06:10:37] 动作面开关 = 开（出处：命令行 --假装开关开（演练用，config.json 没动））
[2026-10-01 06:10:37] 外置数据：物品映射 66 条 / 危险物品 15 条 / 动作词表 基础 9 + 扩展 3 个 / MC 1.21.1
[2026-10-01 06:10:37] （出处：外挂/动作面/data/items_map.json 和 外挂/动作面/prompts/）
[2026-10-01 06:10:37] 补丁已打上：8 处（**只改内存，磁盘上的 bridge.py 一个字节没动**）
[2026-10-01 06:10:37]   + 任务栈.扩展动作 = 合成、往箱子里放、箱子里取
[2026-10-01 06:10:37]   + 任务栈.危险物品 = 15 条（来自 prompts/危险物品.txt）
[2026-10-01 06:10:37]   + 任务栈.允许动作 10 → 13 个（翻译器的合法步骤跟着自动扩）
[2026-10-01 06:10:37]   + 任务栈.接()  ← 危险物品闸 + 参数完整性 + 开关门控
[2026-10-01 06:10:37]   + 任务栈._看完成了没()  ← 三种判据（一律相对「开工基准」算，不看绝对值）
[2026-10-01 06:10:37]   + 任务栈._下发()  ← craft / chest_take / chest_put（含节流与退避）
[2026-10-01 06:10:37]   + 任务栈._挂探针()  ← 扣包合并 watch_items（不覆盖主链那份）
[2026-10-01 06:10:37]   + bridge._动作面外挂 记号（自检靠它判「是不是已经打过了」）
[2026-10-01 06:10:37] 【演练】到这里为止：锚点 66 条全过、开关处理完毕、补丁 8 处。**没有起主循环，没有连 socket。**
[2026-10-01 06:12:35] 锚点自检通过：66 条全 ✅
[2026-10-01 06:12:35]   · 主链指纹 sha256 = 2499f81f807431b0…（194878 字节）
[2026-10-01 06:12:35]   · 基线允许动作：wait_until、打、拾、挖、放、熔炉取成品、熔炉放料、等、说、走到
[2026-10-01 06:12:35]   · 基线物品名字典 21 条（第 2 步要外置成 data/items_map.json）
[2026-10-01 06:12:35]   · 这句子在主链里出现 2 次 —— 是 M5/M6 留下的重复行，既有小毛病，外挂替换时会一起处理
[2026-10-01 06:12:35]   · 这四条在说明：手侧已经按 M2 规矩把箱子本事放在插件里了，脑侧外挂补上之后才有意义
[2026-10-01 06:12:35]   · 物品映射：基线 21 条 + 新增 45 条 = 共 66 条
[2026-10-01 06:12:35]   · 主链允许动作 wait_until、打、拾、挖、放、熔炉取成品、熔炉放料、等、说、走到；其中 打 不许进 prompt（宪法）
[2026-10-01 06:12:35]   · 开关打开时用的那一行 = 【基础】+「 / 」+【扩展】，拼出来 163 字
[2026-10-01 06:12:35] 动作面开关 = 关（出处：config.json 的 m7.expand_actions）
[2026-10-01 06:12:35] 外置数据：物品映射 66 条 / 危险物品 15 条 / 动作词表 基础 9 + 扩展 3 个 / MC 1.21.1
[2026-10-01 06:12:35] （出处：外挂/动作面/data/items_map.json 和 外挂/动作面/prompts/）
[2026-10-01 06:12:35] 开关关着 → 一个补丁都不打，按基线跑（行为与基线逐字节相同；补丁.py 不会被 import）
[2026-10-01 06:12:35] 【演练】到这里为止：锚点 66 条全过、开关处理完毕、补丁 0 处。**没有起主循环，没有连 socket。**
[2026-10-01 06:13:16] 锚点自检通过：66 条全 ✅
[2026-10-01 06:13:16]   · 主链指纹 sha256 = 2499f81f807431b0…（194878 字节）
[2026-10-01 06:13:16]   · 基线允许动作：wait_until、打、拾、挖、放、熔炉取成品、熔炉放料、等、说、走到
[2026-10-01 06:13:16]   · 基线物品名字典 21 条（第 2 步要外置成 data/items_map.json）
[2026-10-01 06:13:16]   · 这句子在主链里出现 2 次 —— 是 M5/M6 留下的重复行，既有小毛病，外挂替换时会一起处理
[2026-10-01 06:13:16]   · 这四条在说明：手侧已经按 M2 规矩把箱子本事放在插件里了，脑侧外挂补上之后才有意义
[2026-10-01 06:13:16]   · 物品映射：基线 21 条 + 新增 45 条 = 共 66 条
[2026-10-01 06:13:16]   · 主链允许动作 wait_until、打、拾、挖、放、熔炉取成品、熔炉放料、等、说、走到；其中 打 不许进 prompt（宪法）
[2026-10-01 06:13:16]   · 开关打开时用的那一行 = 【基础】+「 / 」+【扩展】，拼出来 163 字
[2026-10-01 06:13:16] 动作面开关 = 关（出处：config.json 的 m7.expand_actions）
[2026-10-01 06:13:16] 外置数据：物品映射 66 条 / 危险物品 15 条 / 动作词表 基础 9 + 扩展 3 个 / MC 1.21.1
[2026-10-01 06:13:16] （出处：外挂/动作面/data/items_map.json 和 外挂/动作面/prompts/）
[2026-10-01 06:13:16] 开关关着 → 一个补丁都不打，按基线跑（行为与基线逐字节相同；补丁.py 不会被 import）
[2026-10-01 06:13:16] 【演练】到这里为止：锚点 66 条全过、开关处理完毕、补丁 0 处。**没有起主循环，没有连 socket。**
[2026-10-01 06:13:45] 锚点自检通过：66 条全 ✅
[2026-10-01 06:13:45]   · 主链指纹 sha256 = 2499f81f807431b0…（194878 字节）
[2026-10-01 06:13:45]   · 基线允许动作：wait_until、打、拾、挖、放、熔炉取成品、熔炉放料、等、说、走到
[2026-10-01 06:13:45]   · 基线物品名字典 21 条（第 2 步要外置成 data/items_map.json）
[2026-10-01 06:13:45]   · 这句子在主链里出现 2 次 —— 是 M5/M6 留下的重复行，既有小毛病，外挂替换时会一起处理
[2026-10-01 06:13:45]   · 这四条在说明：手侧已经按 M2 规矩把箱子本事放在插件里了，脑侧外挂补上之后才有意义
[2026-10-01 06:13:45]   · 物品映射：基线 21 条 + 新增 45 条 = 共 66 条
[2026-10-01 06:13:45]   · 主链允许动作 wait_until、打、拾、挖、放、熔炉取成品、熔炉放料、等、说、走到；其中 打 不许进 prompt（宪法）
[2026-10-01 06:13:45]   · 开关打开时用的那一行 = 【基础】+「 / 」+【扩展】，拼出来 163 字
[2026-10-01 06:13:45] 动作面开关 = 关（出处：config.json 的 m7.expand_actions）
[2026-10-01 06:13:45] 外置数据：物品映射 66 条 / 危险物品 15 条 / 动作词表 基础 9 + 扩展 3 个 / MC 1.21.1
[2026-10-01 06:13:45] （出处：外挂/动作面/data/items_map.json 和 外挂/动作面/prompts/）
[2026-10-01 06:13:45] 开关关着 → 一个补丁都不打，按基线跑（行为与基线逐字节相同；补丁.py 不会被 import）
[2026-10-01 06:13:45] 【演练】到这里为止：锚点 66 条全过、开关处理完毕、补丁 0 处。**没有起主循环，没有连 socket。**
[2026-10-01 06:14:10] 锚点自检通过：66 条全 ✅
[2026-10-01 06:14:10]   · 主链指纹 sha256 = 2499f81f807431b0…（194878 字节）
[2026-10-01 06:14:10]   · 基线允许动作：wait_until、打、拾、挖、放、熔炉取成品、熔炉放料、等、说、走到
[2026-10-01 06:14:10]   · 基线物品名字典 21 条（第 2 步要外置成 data/items_map.json）
[2026-10-01 06:14:10]   · 这句子在主链里出现 2 次 —— 是 M5/M6 留下的重复行，既有小毛病，外挂替换时会一起处理
[2026-10-01 06:14:10]   · 这四条在说明：手侧已经按 M2 规矩把箱子本事放在插件里了，脑侧外挂补上之后才有意义
[2026-10-01 06:14:10]   · 物品映射：基线 21 条 + 新增 45 条 = 共 66 条
[2026-10-01 06:14:10]   · 主链允许动作 wait_until、打、拾、挖、放、熔炉取成品、熔炉放料、等、说、走到；其中 打 不许进 prompt（宪法）
[2026-10-01 06:14:10]   · 开关打开时用的那一行 = 【基础】+「 / 」+【扩展】，拼出来 163 字
[2026-10-01 06:14:10] 动作面开关 = 关（出处：config.json 的 m7.expand_actions）
[2026-10-01 06:14:10] 外置数据：物品映射 66 条 / 危险物品 15 条 / 动作词表 基础 9 + 扩展 3 个 / MC 1.21.1
[2026-10-01 06:14:10] （出处：外挂/动作面/data/items_map.json 和 外挂/动作面/prompts/）
[2026-10-01 06:14:10] 开关关着 → 一个补丁都不打，按基线跑（行为与基线逐字节相同；补丁.py 不会被 import）
[2026-10-01 06:14:10] 【演练】到这里为止：锚点 66 条全过、开关处理完毕、补丁 0 处。**没有起主循环，没有连 socket。**
[2026-10-01 06:14:17] 锚点自检通过：66 条全 ✅
[2026-10-01 06:14:17]   · 主链指纹 sha256 = 2499f81f807431b0…（194878 字节）
[2026-10-01 06:14:17]   · 基线允许动作：wait_until、打、拾、挖、放、熔炉取成品、熔炉放料、等、说、走到
[2026-10-01 06:14:17]   · 基线物品名字典 21 条（第 2 步要外置成 data/items_map.json）
[2026-10-01 06:14:17]   · 这句子在主链里出现 2 次 —— 是 M5/M6 留下的重复行，既有小毛病，外挂替换时会一起处理
[2026-10-01 06:14:17]   · 这四条在说明：手侧已经按 M2 规矩把箱子本事放在插件里了，脑侧外挂补上之后才有意义
[2026-10-01 06:14:17]   · 物品映射：基线 21 条 + 新增 45 条 = 共 66 条
[2026-10-01 06:14:17]   · 主链允许动作 wait_until、打、拾、挖、放、熔炉取成品、熔炉放料、等、说、走到；其中 打 不许进 prompt（宪法）
[2026-10-01 06:14:17]   · 开关打开时用的那一行 = 【基础】+「 / 」+【扩展】，拼出来 163 字
[2026-10-01 06:14:17] 动作面开关 = 关（出处：config.json 的 m7.expand_actions）
[2026-10-01 06:14:17] 外置数据：物品映射 66 条 / 危险物品 15 条 / 动作词表 基础 9 + 扩展 3 个 / MC 1.21.1
[2026-10-01 06:14:17] （出处：外挂/动作面/data/items_map.json 和 外挂/动作面/prompts/）
[2026-10-01 06:14:17] 开关关着 → 一个补丁都不打，按基线跑（行为与基线逐字节相同；补丁.py 不会被 import）
[2026-10-01 06:14:17] 【演练】到这里为止：锚点 66 条全过、开关处理完毕、补丁 0 处。**没有起主循环，没有连 socket。**
[2026-10-01 06:15:00] 锚点自检通过：70 条全 ✅
[2026-10-01 06:15:00]   · 主链指纹 sha256 = 2499f81f807431b0…（194878 字节）
[2026-10-01 06:15:00]   · 基线允许动作：wait_until、打、拾、挖、放、熔炉取成品、熔炉放料、等、说、走到
[2026-10-01 06:15:00]   · 基线物品名字典 21 条（第 2 步要外置成 data/items_map.json）
[2026-10-01 06:15:00]   · 这句子在主链里出现 2 次 —— 是 M5/M6 留下的重复行，既有小毛病，外挂替换时会一起处理
[2026-10-01 06:15:00]   · 这四条在说明：手侧已经按 M2 规矩把箱子本事放在插件里了，脑侧外挂补上之后才有意义
[2026-10-01 06:15:00]   · 物品映射：基线 21 条 + 新增 45 条 = 共 66 条
[2026-10-01 06:15:00]   · 主链允许动作 wait_until、打、拾、挖、放、熔炉取成品、熔炉放料、等、说、走到；其中 打 不许进 prompt（宪法）
[2026-10-01 06:15:00]   · 开关打开时用的那一行 = 【基础】+「 / 」+【扩展】，拼出来 163 字
[2026-10-01 06:15:00] 动作面开关 = 关（出处：config.json 的 m7.expand_actions）
[2026-10-01 06:15:00] 外置数据：物品映射 66 条 / 危险物品 15 条 / 动作词表 基础 9 + 扩展 3 个 / MC 1.21.1
[2026-10-01 06:15:00] （出处：外挂/动作面/data/items_map.json 和 外挂/动作面/prompts/）
[2026-10-01 06:15:00] 开关关着 → 一个补丁都不打，按基线跑（行为与基线逐字节相同；补丁.py 不会被 import）
[2026-10-01 06:15:00] 【演练】到这里为止：锚点 70 条全过、开关处理完毕、补丁 0 处。**没有起主循环，没有连 socket。**
[2026-10-01 06:15:04] 锚点自检通过：70 条全 ✅
[2026-10-01 06:15:04]   · 主链指纹 sha256 = 2499f81f807431b0…（194878 字节）
[2026-10-01 06:15:04]   · 基线允许动作：wait_until、打、拾、挖、放、熔炉取成品、熔炉放料、等、说、走到
[2026-10-01 06:15:04]   · 基线物品名字典 21 条（第 2 步要外置成 data/items_map.json）
[2026-10-01 06:15:04]   · 这句子在主链里出现 2 次 —— 是 M5/M6 留下的重复行，既有小毛病，外挂替换时会一起处理
[2026-10-01 06:15:04]   · 这四条在说明：手侧已经按 M2 规矩把箱子本事放在插件里了，脑侧外挂补上之后才有意义
[2026-10-01 06:15:04]   · 物品映射：基线 21 条 + 新增 45 条 = 共 66 条
[2026-10-01 06:15:04]   · 主链允许动作 wait_until、打、拾、挖、放、熔炉取成品、熔炉放料、等、说、走到；其中 打 不许进 prompt（宪法）
[2026-10-01 06:15:04]   · 开关打开时用的那一行 = 【基础】+「 / 」+【扩展】，拼出来 163 字
[2026-10-01 06:15:04] 动作面开关 = 关（出处：config.json 的 m7.expand_actions）
[2026-10-01 06:15:04] 外置数据：物品映射 66 条 / 危险物品 15 条 / 动作词表 基础 9 + 扩展 3 个 / MC 1.21.1
[2026-10-01 06:15:04] （出处：外挂/动作面/data/items_map.json 和 外挂/动作面/prompts/）
[2026-10-01 06:15:04] 开关关着 → 一个补丁都不打，按基线跑（行为与基线逐字节相同；补丁.py 不会被 import）
[2026-10-01 06:15:04] 【演练】到这里为止：锚点 70 条全过、开关处理完毕、补丁 0 处。**没有起主循环，没有连 socket。**
[2026-10-01 06:25:09] 锚点自检通过：72 条全 ✅
[2026-10-01 06:25:09]   · 主链指纹 sha256 = 2499f81f807431b0…（194878 字节）
[2026-10-01 06:25:09]   · 基线允许动作：wait_until、打、拾、挖、放、熔炉取成品、熔炉放料、等、说、走到
[2026-10-01 06:25:09]   · 基线物品名字典 21 条（第 2 步要外置成 data/items_map.json）
[2026-10-01 06:25:09]   · 这句子在主链里出现 2 次 —— 是 M5/M6 留下的重复行，既有小毛病，外挂替换时会一起处理
[2026-10-01 06:25:09]   · 这四条在说明：手侧已经按 M2 规矩把箱子本事放在插件里了，脑侧外挂补上之后才有意义
[2026-10-01 06:25:09]   · 物品映射：基线 21 条 + 新增 45 条 = 共 66 条
[2026-10-01 06:25:09]   · 主链允许动作 wait_until、打、拾、挖、放、熔炉取成品、熔炉放料、等、说、走到；其中 打 不许进 prompt（宪法）
[2026-10-01 06:25:09]   · 开关打开时用的那一行 = 【基础】+「 / 」+【扩展】，拼出来 163 字
[2026-10-01 06:25:09] 动作面开关 = 关（出处：config.json 的 m7.expand_actions）
[2026-10-01 06:25:09] 外置数据：物品映射 66 条 / 危险物品 15 条 / 动作词表 基础 9 + 扩展 3 个 / MC 1.21.1
[2026-10-01 06:25:09] （出处：外挂/动作面/data/items_map.json 和 外挂/动作面/prompts/）
[2026-10-01 06:25:09] 开关关着 → 一个补丁都不打，按基线跑（行为与基线逐字节相同；补丁.py 不会被 import）
[2026-10-01 06:25:09] 【演练】到这里为止：锚点 72 条全过、开关处理完毕、补丁 0 处。**没有起主循环，没有连 socket。**
[2026-10-01 06:25:21] 锚点自检通过：72 条全 ✅
[2026-10-01 06:25:21]   · 主链指纹 sha256 = 2499f81f807431b0…（194878 字节）
[2026-10-01 06:25:21]   · 基线允许动作：wait_until、打、拾、挖、放、熔炉取成品、熔炉放料、等、说、走到
[2026-10-01 06:25:21]   · 基线物品名字典 21 条（第 2 步要外置成 data/items_map.json）
[2026-10-01 06:25:21]   · 这句子在主链里出现 2 次 —— 是 M5/M6 留下的重复行，既有小毛病，外挂替换时会一起处理
[2026-10-01 06:25:21]   · 这四条在说明：手侧已经按 M2 规矩把箱子本事放在插件里了，脑侧外挂补上之后才有意义
[2026-10-01 06:25:21]   · 物品映射：基线 21 条 + 新增 45 条 = 共 66 条
[2026-10-01 06:25:21]   · 主链允许动作 wait_until、打、拾、挖、放、熔炉取成品、熔炉放料、等、说、走到；其中 打 不许进 prompt（宪法）
[2026-10-01 06:25:21]   · 开关打开时用的那一行 = 【基础】+「 / 」+【扩展】，拼出来 163 字
[2026-10-01 06:25:21] 动作面开关 = 关（出处：config.json 的 m7.expand_actions）
[2026-10-01 06:25:21] 外置数据：物品映射 66 条 / 危险物品 15 条 / 动作词表 基础 9 + 扩展 3 个 / MC 1.21.1
[2026-10-01 06:25:21] （出处：外挂/动作面/data/items_map.json 和 外挂/动作面/prompts/）
[2026-10-01 06:25:21] 开关关着 → 一个补丁都不打，按基线跑（行为与基线逐字节相同；补丁.py 不会被 import）
[2026-10-01 06:25:21] 【演练】到这里为止：锚点 72 条全过、开关处理完毕、补丁 0 处。**没有起主循环，没有连 socket。**
[2026-10-01 06:26:55] 锚点自检通过：72 条全 ✅
[2026-10-01 06:26:55]   · 主链指纹 sha256 = 2499f81f807431b0…（194878 字节）
[2026-10-01 06:26:55]   · 基线允许动作：wait_until、打、拾、挖、放、熔炉取成品、熔炉放料、等、说、走到
[2026-10-01 06:26:55]   · 基线物品名字典 21 条（第 2 步要外置成 data/items_map.json）
[2026-10-01 06:26:55]   · 这句子在主链里出现 2 次 —— 是 M5/M6 留下的重复行，既有小毛病，外挂替换时会一起处理
[2026-10-01 06:26:55]   · 这四条在说明：手侧已经按 M2 规矩把箱子本事放在插件里了，脑侧外挂补上之后才有意义
[2026-10-01 06:26:55]   · 物品映射：基线 21 条 + 新增 45 条 = 共 66 条
[2026-10-01 06:26:55]   · 主链允许动作 wait_until、打、拾、挖、放、熔炉取成品、熔炉放料、等、说、走到；其中 打 不许进 prompt（宪法）
[2026-10-01 06:26:55]   · 开关打开时用的那一行 = 【基础】+「 / 」+【扩展】，拼出来 163 字
[2026-10-01 06:26:55] 动作面开关 = 关（出处：config.json 的 m7.expand_actions）
[2026-10-01 06:26:55] 外置数据：物品映射 66 条 / 危险物品 15 条 / 动作词表 基础 9 + 扩展 3 个 / MC 1.21.1
[2026-10-01 06:26:55] （出处：外挂/动作面/data/items_map.json 和 外挂/动作面/prompts/）
[2026-10-01 06:26:55] 开关关着 → 一个补丁都不打，按基线跑（行为与基线逐字节相同；补丁.py 不会被 import）
[2026-10-01 06:26:55] 【演练】到这里为止：锚点 72 条全过、开关处理完毕、补丁 0 处。**没有起主循环，没有连 socket。**
[2026-10-01 06:28:05] 锚点自检通过：72 条全 ✅
[2026-10-01 06:28:05]   · 主链指纹 sha256 = 2499f81f807431b0…（194878 字节）
[2026-10-01 06:28:05]   · 基线允许动作：wait_until、打、拾、挖、放、熔炉取成品、熔炉放料、等、说、走到
[2026-10-01 06:28:05]   · 基线物品名字典 21 条（第 2 步要外置成 data/items_map.json）
[2026-10-01 06:28:05]   · 这句子在主链里出现 2 次 —— 是 M5/M6 留下的重复行，既有小毛病，外挂替换时会一起处理
[2026-10-01 06:28:05]   · 这四条在说明：手侧已经按 M2 规矩把箱子本事放在插件里了，脑侧外挂补上之后才有意义
[2026-10-01 06:28:05]   · 物品映射：基线 21 条 + 新增 45 条 = 共 66 条
[2026-10-01 06:28:05]   · 主链允许动作 wait_until、打、拾、挖、放、熔炉取成品、熔炉放料、等、说、走到；其中 打 不许进 prompt（宪法）
[2026-10-01 06:28:05]   · 开关打开时用的那一行 = 【基础】+「 / 」+【扩展】，拼出来 163 字
[2026-10-01 06:28:05] 动作面开关 = 开（出处：config.json 的 m7.expand_actions）
[2026-10-01 06:28:05] 外置数据：物品映射 66 条 / 危险物品 15 条 / 动作词表 基础 9 + 扩展 3 个 / MC 1.21.1
[2026-10-01 06:28:05] （出处：外挂/动作面/data/items_map.json 和 外挂/动作面/prompts/）
[2026-10-01 06:28:05] 补丁已打上：10 处（**只改内存，磁盘上的 bridge.py 一个字节没动**）
[2026-10-01 06:28:05]   + 任务栈.扩展动作 = 合成、往箱子里放、箱子里取
[2026-10-01 06:28:05]   + 任务栈.危险物品 = 15 条（来自 prompts/危险物品.txt）
[2026-10-01 06:28:05]   + 任务栈.允许动作 10 → 13 个（翻译器的合法步骤跟着自动扩）
[2026-10-01 06:28:05]   + 任务栈.接()  ← 危险物品闸 + 参数完整性 + 开关门控
[2026-10-01 06:28:05]   + 任务栈._看完成了没()  ← 三种判据（一律相对「开工基准」算，不看绝对值）
[2026-10-01 06:28:05]   + 任务栈._下发()  ← craft / chest_take / chest_put（含节流与退避）
[2026-10-01 06:28:05]   + 任务栈._挂探针()  ← 扣包合并 watch_items（不覆盖主链那份）
[2026-10-01 06:28:05]   + 指令层.解析()  ← 三条口令（合成 N 个 X / 从箱子 X Y Z 拿 N 个 X / 把 N 个 X 放进箱子 X Y Z）
[2026-10-01 06:28:05]   + 翻译器.组Prompt()  ← 包壳替换两处硬编码句子（步骤类型行 + 词表行；词表换成 9+3 个词）
[2026-10-01 06:28:05]   + bridge._动作面外挂 记号（自检靠它判「是不是已经打过了」）
[2026-10-01 06:28:05] 【演练】到这里为止：锚点 72 条全过、开关处理完毕、补丁 10 处。**没有起主循环，没有连 socket。**
[2026-10-01 06:28:13] 锚点自检通过：72 条全 ✅
[2026-10-01 06:28:13]   · 主链指纹 sha256 = 2499f81f807431b0…（194878 字节）
[2026-10-01 06:28:13]   · 基线允许动作：wait_until、打、拾、挖、放、熔炉取成品、熔炉放料、等、说、走到
[2026-10-01 06:28:13]   · 基线物品名字典 21 条（第 2 步要外置成 data/items_map.json）
[2026-10-01 06:28:13]   · 这句子在主链里出现 2 次 —— 是 M5/M6 留下的重复行，既有小毛病，外挂替换时会一起处理
[2026-10-01 06:28:13]   · 这四条在说明：手侧已经按 M2 规矩把箱子本事放在插件里了，脑侧外挂补上之后才有意义
[2026-10-01 06:28:13]   · 物品映射：基线 21 条 + 新增 45 条 = 共 66 条
[2026-10-01 06:28:13]   · 主链允许动作 wait_until、打、拾、挖、放、熔炉取成品、熔炉放料、等、说、走到；其中 打 不许进 prompt（宪法）
[2026-10-01 06:28:13]   · 开关打开时用的那一行 = 【基础】+「 / 」+【扩展】，拼出来 163 字
[2026-10-01 06:28:13] 动作面开关 = 开（出处：config.json 的 m7.expand_actions）
[2026-10-01 06:28:13] 外置数据：物品映射 66 条 / 危险物品 15 条 / 动作词表 基础 9 + 扩展 3 个 / MC 1.21.1
[2026-10-01 06:28:13] （出处：外挂/动作面/data/items_map.json 和 外挂/动作面/prompts/）
[2026-10-01 06:28:13] 补丁已打上：10 处（**只改内存，磁盘上的 bridge.py 一个字节没动**）
[2026-10-01 06:28:13]   + 任务栈.扩展动作 = 合成、往箱子里放、箱子里取
[2026-10-01 06:28:13]   + 任务栈.危险物品 = 15 条（来自 prompts/危险物品.txt）
[2026-10-01 06:28:13]   + 任务栈.允许动作 10 → 13 个（翻译器的合法步骤跟着自动扩）
[2026-10-01 06:28:13]   + 任务栈.接()  ← 危险物品闸 + 参数完整性 + 开关门控
[2026-10-01 06:28:13]   + 任务栈._看完成了没()  ← 三种判据（一律相对「开工基准」算，不看绝对值）
[2026-10-01 06:28:13]   + 任务栈._下发()  ← craft / chest_take / chest_put（含节流与退避）
[2026-10-01 06:28:13]   + 任务栈._挂探针()  ← 扣包合并 watch_items（不覆盖主链那份）
[2026-10-01 06:28:13]   + 指令层.解析()  ← 三条口令（合成 N 个 X / 从箱子 X Y Z 拿 N 个 X / 把 N 个 X 放进箱子 X Y Z）
[2026-10-01 06:28:13]   + 翻译器.组Prompt()  ← 包壳替换两处硬编码句子（步骤类型行 + 词表行；词表换成 9+3 个词）
[2026-10-01 06:28:13]   + bridge._动作面外挂 记号（自检靠它判「是不是已经打过了」）
[2026-10-01 06:28:13] 交棒给主链 bridge.主()
[2026-10-01 06:28:23] 锚点自检通过：72 条全 ✅
[2026-10-01 06:28:23]   · 主链指纹 sha256 = 2499f81f807431b0…（194878 字节）
[2026-10-01 06:28:23]   · 基线允许动作：wait_until、打、拾、挖、放、熔炉取成品、熔炉放料、等、说、走到
[2026-10-01 06:28:23]   · 基线物品名字典 21 条（第 2 步要外置成 data/items_map.json）
[2026-10-01 06:28:23]   · 这句子在主链里出现 2 次 —— 是 M5/M6 留下的重复行，既有小毛病，外挂替换时会一起处理
[2026-10-01 06:28:23]   · 这四条在说明：手侧已经按 M2 规矩把箱子本事放在插件里了，脑侧外挂补上之后才有意义
[2026-10-01 06:28:23]   · 物品映射：基线 21 条 + 新增 45 条 = 共 66 条
[2026-10-01 06:28:23]   · 主链允许动作 wait_until、打、拾、挖、放、熔炉取成品、熔炉放料、等、说、走到；其中 打 不许进 prompt（宪法）
[2026-10-01 06:28:23]   · 开关打开时用的那一行 = 【基础】+「 / 」+【扩展】，拼出来 163 字
[2026-10-01 06:28:23] 动作面开关 = 开（出处：config.json 的 m7.expand_actions）
[2026-10-01 06:28:23] 外置数据：物品映射 66 条 / 危险物品 15 条 / 动作词表 基础 9 + 扩展 3 个 / MC 1.21.1
[2026-10-01 06:28:23] （出处：外挂/动作面/data/items_map.json 和 外挂/动作面/prompts/）
[2026-10-01 06:28:23] 补丁已打上：10 处（**只改内存，磁盘上的 bridge.py 一个字节没动**）
[2026-10-01 06:28:23]   + 任务栈.扩展动作 = 合成、往箱子里放、箱子里取
[2026-10-01 06:28:23]   + 任务栈.危险物品 = 15 条（来自 prompts/危险物品.txt）
[2026-10-01 06:28:23]   + 任务栈.允许动作 10 → 13 个（翻译器的合法步骤跟着自动扩）
[2026-10-01 06:28:23]   + 任务栈.接()  ← 危险物品闸 + 参数完整性 + 开关门控
[2026-10-01 06:28:23]   + 任务栈._看完成了没()  ← 三种判据（一律相对「开工基准」算，不看绝对值）
[2026-10-01 06:28:23]   + 任务栈._下发()  ← craft / chest_take / chest_put（含节流与退避）
[2026-10-01 06:28:23]   + 任务栈._挂探针()  ← 扣包合并 watch_items（不覆盖主链那份）
[2026-10-01 06:28:23]   + 指令层.解析()  ← 三条口令（合成 N 个 X / 从箱子 X Y Z 拿 N 个 X / 把 N 个 X 放进箱子 X Y Z）
[2026-10-01 06:28:23]   + 翻译器.组Prompt()  ← 包壳替换两处硬编码句子（步骤类型行 + 词表行；词表换成 9+3 个词）
[2026-10-01 06:28:23]   + bridge._动作面外挂 记号（自检靠它判「是不是已经打过了」）
[2026-10-01 06:28:23] 交棒给主链 bridge.主()
[2026-10-01 06:29:56] 锚点自检通过：72 条全 ✅
[2026-10-01 06:29:56]   · 主链指纹 sha256 = 2499f81f807431b0…（194878 字节）
[2026-10-01 06:29:56]   · 基线允许动作：wait_until、打、拾、挖、放、熔炉取成品、熔炉放料、等、说、走到
[2026-10-01 06:29:56]   · 基线物品名字典 21 条（第 2 步要外置成 data/items_map.json）
[2026-10-01 06:29:56]   · 这句子在主链里出现 2 次 —— 是 M5/M6 留下的重复行，既有小毛病，外挂替换时会一起处理
[2026-10-01 06:29:56]   · 这四条在说明：手侧已经按 M2 规矩把箱子本事放在插件里了，脑侧外挂补上之后才有意义
[2026-10-01 06:29:56]   · 物品映射：基线 21 条 + 新增 45 条 = 共 66 条
[2026-10-01 06:29:56]   · 主链允许动作 wait_until、打、拾、挖、放、熔炉取成品、熔炉放料、等、说、走到；其中 打 不许进 prompt（宪法）
[2026-10-01 06:29:56]   · 开关打开时用的那一行 = 【基础】+「 / 」+【扩展】，拼出来 163 字
[2026-10-01 06:29:56] 动作面开关 = 开（出处：config.json 的 m7.expand_actions）
[2026-10-01 06:29:56] 外置数据：物品映射 66 条 / 危险物品 15 条 / 动作词表 基础 9 + 扩展 3 个 / MC 1.21.1
[2026-10-01 06:29:56] （出处：外挂/动作面/data/items_map.json 和 外挂/动作面/prompts/）
[2026-10-01 06:29:56] 补丁已打上：10 处（**只改内存，磁盘上的 bridge.py 一个字节没动**）
[2026-10-01 06:29:56]   + 任务栈.扩展动作 = 合成、往箱子里放、箱子里取
[2026-10-01 06:29:56]   + 任务栈.危险物品 = 15 条（来自 prompts/危险物品.txt）
[2026-10-01 06:29:56]   + 任务栈.允许动作 10 → 13 个（翻译器的合法步骤跟着自动扩）
[2026-10-01 06:29:56]   + 任务栈.接()  ← 危险物品闸 + 参数完整性 + 开关门控
[2026-10-01 06:29:56]   + 任务栈._看完成了没()  ← 三种判据（一律相对「开工基准」算，不看绝对值）
[2026-10-01 06:29:56]   + 任务栈._下发()  ← craft / chest_take / chest_put（含节流与退避）
[2026-10-01 06:29:56]   + 任务栈._挂探针()  ← 扣包合并 watch_items（不覆盖主链那份）
[2026-10-01 06:29:56]   + 指令层.解析()  ← 三条口令（合成 N 个 X / 从箱子 X Y Z 拿 N 个 X / 把 N 个 X 放进箱子 X Y Z）
[2026-10-01 06:29:56]   + 翻译器.组Prompt()  ← 包壳替换两处硬编码句子（步骤类型行 + 词表行；词表换成 9+3 个词）
[2026-10-01 06:29:56]   + bridge._动作面外挂 记号（自检靠它判「是不是已经打过了」）
[2026-10-01 06:29:56] 交棒给主链 bridge.主()
[2026-10-01 06:31:25] 锚点自检通过：72 条全 ✅
[2026-10-01 06:31:25]   · 主链指纹 sha256 = 2499f81f807431b0…（194878 字节）
[2026-10-01 06:31:25]   · 基线允许动作：wait_until、打、拾、挖、放、熔炉取成品、熔炉放料、等、说、走到
[2026-10-01 06:31:25]   · 基线物品名字典 21 条（第 2 步要外置成 data/items_map.json）
[2026-10-01 06:31:25]   · 这句子在主链里出现 2 次 —— 是 M5/M6 留下的重复行，既有小毛病，外挂替换时会一起处理
[2026-10-01 06:31:25]   · 这四条在说明：手侧已经按 M2 规矩把箱子本事放在插件里了，脑侧外挂补上之后才有意义
[2026-10-01 06:31:25]   · 物品映射：基线 21 条 + 新增 45 条 = 共 66 条
[2026-10-01 06:31:25]   · 主链允许动作 wait_until、打、拾、挖、放、熔炉取成品、熔炉放料、等、说、走到；其中 打 不许进 prompt（宪法）
[2026-10-01 06:31:25]   · 开关打开时用的那一行 = 【基础】+「 / 」+【扩展】，拼出来 163 字
[2026-10-01 06:31:25] 动作面开关 = 开（出处：config.json 的 m7.expand_actions）
[2026-10-01 06:31:25] 外置数据：物品映射 66 条 / 危险物品 15 条 / 动作词表 基础 9 + 扩展 3 个 / MC 1.21.1
[2026-10-01 06:31:25] （出处：外挂/动作面/data/items_map.json 和 外挂/动作面/prompts/）
[2026-10-01 06:31:25] 补丁已打上：10 处（**只改内存，磁盘上的 bridge.py 一个字节没动**）
[2026-10-01 06:31:25]   + 任务栈.扩展动作 = 合成、往箱子里放、箱子里取
[2026-10-01 06:31:25]   + 任务栈.危险物品 = 15 条（来自 prompts/危险物品.txt）
[2026-10-01 06:31:25]   + 任务栈.允许动作 10 → 13 个（翻译器的合法步骤跟着自动扩）
[2026-10-01 06:31:25]   + 任务栈.接()  ← 危险物品闸 + 参数完整性 + 开关门控
[2026-10-01 06:31:25]   + 任务栈._看完成了没()  ← 三种判据（一律相对「开工基准」算，不看绝对值）
[2026-10-01 06:31:25]   + 任务栈._下发()  ← craft / chest_take / chest_put（含节流与退避）
[2026-10-01 06:31:25]   + 任务栈._挂探针()  ← 扣包合并 watch_items（不覆盖主链那份）
[2026-10-01 06:31:25]   + 指令层.解析()  ← 三条口令（合成 N 个 X / 从箱子 X Y Z 拿 N 个 X / 把 N 个 X 放进箱子 X Y Z）
[2026-10-01 06:31:25]   + 翻译器.组Prompt()  ← 包壳替换两处硬编码句子（步骤类型行 + 词表行；词表换成 9+3 个词）
[2026-10-01 06:31:25]   + bridge._动作面外挂 记号（自检靠它判「是不是已经打过了」）
[2026-10-01 06:31:25] 交棒给主链 bridge.主()
[2026-10-01 06:43:56] 锚点自检通过：72 条全 ✅
[2026-10-01 06:43:56]   · 主链指纹 sha256 = 2499f81f807431b0…（194878 字节）
[2026-10-01 06:43:56]   · 基线允许动作：wait_until、打、拾、挖、放、熔炉取成品、熔炉放料、等、说、走到
[2026-10-01 06:43:56]   · 基线物品名字典 21 条（第 2 步要外置成 data/items_map.json）
[2026-10-01 06:43:56]   · 这句子在主链里出现 2 次 —— 是 M5/M6 留下的重复行，既有小毛病，外挂替换时会一起处理
[2026-10-01 06:43:56]   · 这四条在说明：手侧已经按 M2 规矩把箱子本事放在插件里了，脑侧外挂补上之后才有意义
[2026-10-01 06:43:56]   · 物品映射：基线 21 条 + 新增 45 条 = 共 66 条
[2026-10-01 06:43:56]   · 主链允许动作 wait_until、打、拾、挖、放、熔炉取成品、熔炉放料、等、说、走到；其中 打 不许进 prompt（宪法）
[2026-10-01 06:43:56]   · 开关打开时用的那一行 = 【基础】+「 / 」+【扩展】，拼出来 163 字
[2026-10-01 06:43:56] 动作面开关 = 开（出处：config.json 的 m7.expand_actions）
[2026-10-01 06:43:56] 外置数据：物品映射 66 条 / 危险物品 15 条 / 动作词表 基础 9 + 扩展 3 个 / MC 1.21.1
[2026-10-01 06:43:56] （出处：外挂/动作面/data/items_map.json 和 外挂/动作面/prompts/）
[2026-10-01 06:43:56] 补丁已打上：10 处（**只改内存，磁盘上的 bridge.py 一个字节没动**）
[2026-10-01 06:43:56]   + 任务栈.扩展动作 = 合成、往箱子里放、箱子里取
[2026-10-01 06:43:56]   + 任务栈.危险物品 = 15 条（来自 prompts/危险物品.txt）
[2026-10-01 06:43:56]   + 任务栈.允许动作 10 → 13 个（翻译器的合法步骤跟着自动扩）
[2026-10-01 06:43:56]   + 任务栈.接()  ← 危险物品闸 + 参数完整性 + 开关门控
[2026-10-01 06:43:56]   + 任务栈._看完成了没()  ← 三种判据（一律相对「开工基准」算，不看绝对值）
[2026-10-01 06:43:56]   + 任务栈._下发()  ← craft / chest_take / chest_put（含节流与退避）
[2026-10-01 06:43:56]   + 任务栈._挂探针()  ← 扣包合并 watch_items（不覆盖主链那份）
[2026-10-01 06:43:56]   + 指令层.解析()  ← 三条口令（合成 N 个 X / 从箱子 X Y Z 拿 N 个 X / 把 N 个 X 放进箱子 X Y Z）
[2026-10-01 06:43:56]   + 翻译器.组Prompt()  ← 包壳替换两处硬编码句子（步骤类型行 + 词表行；词表换成 9+3 个词）
[2026-10-01 06:43:56]   + bridge._动作面外挂 记号（自检靠它判「是不是已经打过了」）
[2026-10-01 07:00:48] 锚点自检通过：72 条全 ✅
[2026-10-01 07:00:48]   · 主链指纹 sha256 = 2499f81f807431b0…（194878 字节）
[2026-10-01 07:00:48]   · 基线允许动作：wait_until、打、拾、挖、放、熔炉取成品、熔炉放料、等、说、走到
[2026-10-01 07:00:48]   · 基线物品名字典 21 条（第 2 步要外置成 data/items_map.json）
[2026-10-01 07:00:48]   · 这句子在主链里出现 2 次 —— 是 M5/M6 留下的重复行，既有小毛病，外挂替换时会一起处理
[2026-10-01 07:00:48]   · 这四条在说明：手侧已经按 M2 规矩把箱子本事放在插件里了，脑侧外挂补上之后才有意义
[2026-10-01 07:00:48]   · 物品映射：基线 21 条 + 新增 45 条 = 共 66 条
[2026-10-01 07:00:48]   · 主链允许动作 wait_until、打、拾、挖、放、熔炉取成品、熔炉放料、等、说、走到；其中 打 不许进 prompt（宪法）
[2026-10-01 07:00:48]   · 开关打开时用的那一行 = 【基础】+「 / 」+【扩展】，拼出来 163 字
[2026-10-01 07:00:48] 动作面开关 = 开（出处：config.json 的 m7.expand_actions）
[2026-10-01 07:00:48] 外置数据：物品映射 66 条 / 危险物品 15 条 / 动作词表 基础 9 + 扩展 3 个 / MC 1.21.1
[2026-10-01 07:00:48] （出处：外挂/动作面/data/items_map.json 和 外挂/动作面/prompts/）
[2026-10-01 07:00:48] 补丁已打上：10 处（**只改内存，磁盘上的 bridge.py 一个字节没动**）
[2026-10-01 07:00:48]   + 任务栈.扩展动作 = 合成、往箱子里放、箱子里取
[2026-10-01 07:00:48]   + 任务栈.危险物品 = 15 条（来自 prompts/危险物品.txt）
[2026-10-01 07:00:48]   + 任务栈.允许动作 10 → 13 个（翻译器的合法步骤跟着自动扩）
[2026-10-01 07:00:48]   + 任务栈.接()  ← 危险物品闸 + 参数完整性 + 开关门控
[2026-10-01 07:00:48]   + 任务栈._看完成了没()  ← 三种判据（一律相对「开工基准」算，不看绝对值）
[2026-10-01 07:00:48]   + 任务栈._下发()  ← craft / chest_take / chest_put（含节流与退避）
[2026-10-01 07:00:48]   + 任务栈._挂探针()  ← 扣包合并 watch_items（不覆盖主链那份）
[2026-10-01 07:00:48]   + 指令层.解析()  ← 三条口令（合成 N 个 X / 从箱子 X Y Z 拿 N 个 X / 把 N 个 X 放进箱子 X Y Z）
[2026-10-01 07:00:48]   + 翻译器.组Prompt()  ← 包壳替换两处硬编码句子（步骤类型行 + 词表行；词表换成 9+3 个词）
[2026-10-01 07:00:48]   + bridge._动作面外挂 记号（自检靠它判「是不是已经打过了」）
[2026-10-01 07:00:48] 交棒给主链 bridge.主()
