[22:21] Cyberdyne-Bridge M2 启动，大脑在外面。
           看住「XiaoJiaHuo」。
           反射层：跑、吃、保命、还手；采样：平静 1Hz / 战斗 5Hz。
[22:21] 接线口连上了 [unix] /home/<用户>/cyberdyne-bridge/./cyberdyne.sock
[22:21] 小家伙出生了，站在 (-0, 78, -4)
           血量 20/20，朝向 yaw=0.3 pitch=0.0
           他一睁眼就看到了：mintstar
[22:22] 他还在 (-0, 78, -4)，身边有 mintstar(8格)｜血 20/20｜已经待了 20秒
[22:22] 采样速率切到 5Hz（战斗档）。
[22:22] 呜呜，有个mintstar靠近我（4.5 格），我赶紧往后跑！
[22:22] mintstar都贴到我脸上了（3.0 格）—— 我还有 20/20 血、手上有家伙，他还有 20 血，不白挨：挥它一下就往后退！
[22:22] 退两步，别站在它脸上。
[22:22] mintstar都贴到我脸上了（2.5 格）—— 我还有 20/20 血、手上有家伙，他还有 20 血，不白挨：挥它一下就往后退！
[22:22] mintstar都贴到我脸上了（1.9 格）—— 我还有 20/20 血、手上有家伙，他还有 20 血，不白挨：挥它一下就往后退！
[22:22] 呜呜，有个mintstar靠近我（1.3 格），我赶紧往后跑！
[22:22] 哎哟，挨了 0 点伤害，血 20 → 19.6/20
[22:22] mintstar都贴到我脸上了（2.9 格）—— 我还有 19.6/20 血、手上有家伙，他还有 20 血，不白挨：挥它一下就往后退！
[22:22] mintstar都贴到我脸上了（1.6 格）—— 我还有 19.2/20 血、手上有家伙，他还有 20 血，不白挨：挥它一下就往后退！
[22:22] 哎哟，挨了 0 点伤害，血 19.6 → 19.2/20
[22:22] mintstar都贴到我脸上了（0.2 格）—— 我还有 19.2/20 血、手上有家伙，他还有 20 血，不白挨：挥它一下就往后退！
[22:22] 哎哟，挨了 0 点伤害，血 19.2 → 18.7/20
[22:22] mintstar都贴到我脸上了（2.3 格）—— 我还有 18.7/20 血、手上有家伙，他还有 20 血，不白挨：挥它一下就往后退！
[22:22] 呜呜，有个mintstar靠近我（2.1 格），我赶紧往后跑！
[22:22] mintstar都贴到我脸上了（0.9 格）—— 我还有 18.7/20 血、手上有家伙，他还有 20 血，不白挨：挥它一下就往后退！
[22:22] mintstar都贴到我脸上了（2.4 格）—— 我还有 18.7/20 血、手上有家伙，他还有 20 血，不白挨：挥它一下就往后退！
[22:22] mintstar都贴到我脸上了（2.4 格）—— 我还有 18.7/20 血、手上有家伙，他还有 20 血，不白挨：挥它一下就往后退！
[22:22] mintstar都贴到我脸上了（2.4 格）—— 我还有 18.7/20 血、手上有家伙，他还有 20 血，不白挨：挥它一下就往后退！
[22:22] 呜呜，有个mintstar靠近我（1.8 格），我赶紧往后跑！
[22:23] mintstar都贴到我脸上了（2.4 格）—— 我还有 18.7/20 血、手上有家伙，他还有 20 血，不白挨：挥它一下就往后退！
[22:23] mintstar都贴到我脸上了（2.4 格）—— 我还有 18.7/20 血、手上有家伙，他还有 20 血，不白挨：挥它一下就往后退！
[22:23] mintstar都贴到我脸上了（2.4 格）—— 我还有 18.7/20 血、手上有家伙，他还有 20 血，不白挨：挥它一下就往后退！
[22:23] mintstar都贴到我脸上了（2.4 格）—— 我还有 18.7/20 血、手上有家伙，他还有 20 血，不白挨：挥它一下就往后退！
[22:23] 呜呜，有个mintstar靠近我（1.8 格），我赶紧往后跑！
[22:23] mintstar都贴到我脸上了（2.4 格）—— 我还有 18.7/20 血、手上有家伙，他还有 20 血，不白挨：挥它一下就往后退！
[22:23] mintstar都贴到我脸上了（2.4 格）—— 我还有 18.7/20 血、手上有家伙，他还有 20 血，不白挨：挥它一下就往后退！
[22:23] mintstar都贴到我脸上了（2.4 格）—— 我还有 18.7/20 血、手上有家伙，他还有 20 血，不白挨：挥它一下就往后退！
[22:23] mintstar都贴到我脸上了（2.4 格）—— 我还有 18.7/20 血、手上有家伙，他还有 20 血，不白挨：挥它一下就往后退！
[22:23] 呜呜，有个mintstar靠近我（2.0 格），我赶紧往后跑！
[22:23] mintstar都贴到我脸上了（2.4 格）—— 我还有 18.7/20 血、手上有家伙，他还有 20 血，不白挨：挥它一下就往后退！
[22:23] mintstar都贴到我脸上了（2.4 格）—— 我还有 18.7/20 血、手上有家伙，他还有 20 血，不白挨：挥它一下就往后退！
[22:23] mintstar都贴到我脸上了（2.4 格）—— 我还有 18.7/20 血、手上有家伙，他还有 20 血，不白挨：挥它一下就往后退！
[22:23] mintstar都贴到我脸上了（2.4 格）—— 我还有 18.7/20 血、手上有家伙，他还有 20 血，不白挨：挥它一下就往后退！
[22:23] 呜呜，有个mintstar靠近我（1.8 格），我赶紧往后跑！
[22:23] mintstar都贴到我脸上了（2.4 格）—— 我还有 18.7/20 血、手上有家伙，他还有 20 血，不白挨：挥它一下就往后退！
[22:23] mintstar都贴到我脸上了（2.4 格）—— 我还有 18.7/20 血、手上有家伙，他还有 20 血，不白挨：挥它一下就往后退！
[22:23] mintstar都贴到我脸上了（2.4 格）—— 我还有 18.7/20 血、手上有家伙，他还有 20 血，不白挨：挥它一下就往后退！
[22:23] mintstar都贴到我脸上了（2.4 格）—— 我还有 18.7/20 血、手上有家伙，他还有 20 血，不白挨：挥它一下就往后退！
[22:23] 呜呜，有个mintstar靠近我（1.8 格），我赶紧往后跑！
[22:23] mintstar都贴到我脸上了（2.4 格）—— 我还有 18.7/20 血、手上有家伙，他还有 20 血，不白挨：挥它一下就往后退！
[22:23] mintstar都贴到我脸上了（2.4 格）—— 我还有 18.7/20 血、手上有家伙，他还有 20 血，不白挨：挥它一下就往后退！
[22:23] mintstar都贴到我脸上了（2.4 格）—— 我还有 18.7/20 血、手上有家伙，他还有 20 血，不白挨：挥它一下就往后退！
[22:23] mintstar都贴到我脸上了（2.4 格）—— 我还有 18.7/20 血、手上有家伙，他还有 20 血，不白挨：挥它一下就往后退！
[22:23] 呜呜，有个mintstar靠近我（1.8 格），我赶紧往后跑！
[22:23] mintstar都贴到我脸上了（2.4 格）—— 我还有 18.7/20 血、手上有家伙，他还有 20 血，不白挨：挥它一下就往后退！
[22:23] mintstar都贴到我脸上了（2.4 格）—— 我还有 18.7/20 血、手上有家伙，他还有 20 血，不白挨：挥它一下就往后退！
[22:23] mintstar都贴到我脸上了（2.4 格）—— 我还有 18.7/20 血、手上有家伙，他还有 20 血，不白挨：挥它一下就往后退！
[22:24] mintstar都贴到我脸上了（2.4 格）—— 我还有 18.7/20 血、手上有家伙，他还有 20 血，不白挨：挥它一下就往后退！
[22:24] 呜呜，有个mintstar靠近我（1.8 格），我赶紧往后跑！
[22:24] mintstar都贴到我脸上了（2.4 格）—— 我还有 18.7/20 血、手上有家伙，他还有 20 血，不白挨：挥它一下就往后退！
[22:24] mintstar都贴到我脸上了（2.4 格）—— 我还有 18.7/20 血、手上有家伙，他还有 20 血，不白挨：挥它一下就往后退！
[22:24] mintstar都贴到我脸上了（2.4 格）—— 我还有 18.7/20 血、手上有家伙，他还有 20 血，不白挨：挥它一下就往后退！
[22:24] mintstar都贴到我脸上了（2.4 格）—— 我还有 18.7/20 血、手上有家伙，他还有 20 血，不白挨：挥它一下就往后退！
[22:24] 呜呜，有个mintstar靠近我（1.8 格），我赶紧往后跑！
[22:24] mintstar都贴到我脸上了（2.4 格）—— 我还有 18.7/20 血、手上有家伙，他还有 20 血，不白挨：挥它一下就往后退！
[22:24] mintstar都贴到我脸上了（2.4 格）—— 我还有 18.7/20 血、手上有家伙，他还有 20 血，不白挨：挥它一下就往后退！
[22:24] mintstar都贴到我脸上了（2.4 格）—— 我还有 18.7/20 血、手上有家伙，他还有 20 血，不白挨：挥它一下就往后退！
[22:24] mintstar都贴到我脸上了（2.4 格）—— 我还有 18.7/20 血、手上有家伙，他还有 20 血，不白挨：挥它一下就往后退！
[22:24] 呜呜，有个mintstar靠近我（1.8 格），我赶紧往后跑！
[22:24] mintstar都贴到我脸上了（2.4 格）—— 我还有 18.7/20 血、手上有家伙，他还有 20 血，不白挨：挥它一下就往后退！
[22:24] mintstar都贴到我脸上了（2.4 格）—— 我还有 18.7/20 血、手上有家伙，他还有 20 血，不白挨：挥它一下就往后退！
[22:24] mintstar都贴到我脸上了（2.4 格）—— 我还有 18.7/20 血、手上有家伙，他还有 20 血，不白挨：挥它一下就往后退！
[22:24] mintstar都贴到我脸上了（2.4 格）—— 我还有 18.7/20 血、手上有家伙，他还有 20 血，不白挨：挥它一下就往后退！
[22:24] 呜呜，有个mintstar靠近我（1.8 格），我赶紧往后跑！
[22:24] mintstar都贴到我脸上了（2.4 格）—— 我还有 18.7/20 血、手上有家伙，他还有 20 血，不白挨：挥它一下就往后退！
[22:24] mintstar都贴到我脸上了（2.4 格）—— 我还有 18.7/20 血、手上有家伙，他还有 20 血，不白挨：挥它一下就往后退！
[22:24] 采样速率切到 1Hz（平静档）。
[22:25] 他还在 (4, 78, -8)，身边有 item(9格)、item(11格)｜血 18.7/20｜已经待了 3分25秒（期间压掉了 55 条啰嗦的）
[22:25] 视野里出现了「mintstar」，15.2 格远
[22:25] 采样速率切到 5Hz（战斗档）。
[22:25] 呜呜，有个mintstar靠近我（3.9 格），我赶紧往后跑！
[22:25] mintstar都贴到我脸上了（2.5 格）—— 我还有 18.7/20 血、手上有家伙，他还有 20 血，不白挨：挥它一下就往后退！
[22:25] 哎哟，挨了 0 点伤害，血 18.7 → 18.3/20
[22:25] 哎哟，挨了 1 点伤害，血 18.3 → 17.5/20
[22:25] mintstar都贴到我脸上了（2.5 格）—— 我还有 17.5/20 血、手上有家伙，他还有 20 血，不白挨：挥它一下就往后退！
[22:25] 哎哟，挨了 0 点伤害，血 17.5 → 17.1/20
[22:25] 呜呜，有个mintstar靠近我（4.2 格），我赶紧往后跑！
[22:25] mintstar都贴到我脸上了（2.8 格）—— 我还有 17.1/20 血、手上有家伙，他还有 20 血，不白挨：挥它一下就往后退！
[22:25] 哎哟，挨了 2 点伤害，血 17.1 → 15.1/20
[22:25] mintstar都贴到我脸上了（2.3 格）—— 我还有 15.1/20 血、手上有家伙，他还有 15 血，不白挨：挥它一下就往后退！
[22:25] 哎哟，挨了 0 点伤害，血 15.1 → 14.6/20
[22:25] mintstar都贴到我脸上了（2.0 格）—— 我还有 14.6/20 血、手上有家伙，他还有 9 血，不白挨：挥它一下就往后退！
[22:25] mintstar都贴到我脸上了（1.4 格）—— 我还有 13.2/20 血、手上有家伙，他还有 4 血，不白挨：挥它一下就往后退！
[22:25] 呜呜，有个mintstar靠近我（1.8 格），我赶紧往后跑！
[22:25] 哎哟，挨了 1 点伤害，血 14.6 → 13.2/20
[22:25] 采样速率切到 1Hz（平静档）。
[22:26] 采样速率切到 5Hz（战斗档）。
[22:26] 呜呜，有个mintstar靠近我（3.4 格），我赶紧往后跑！
[22:26] mintstar都贴到我脸上了（2.7 格）—— 我还有 13.2/20 血、手上有家伙，他还有 20 血，不白挨：挥它一下就往后退！
[22:26] 哎哟，挨了 0 点伤害，血 13.2 → 12.7/20
[22:26] 哎哟，挨了 2 点伤害，血 12.7 → 11.1/20
[22:26] 哎哟，挨了 1 点伤害，血 11.1 → 10.2/20
[22:26] 呜呜，有个mintstar靠近我（4.0 格），我赶紧往后跑！
[22:26] 哎哟，挨了 0 点伤害，血 10.2 → 9.8/20
[22:26] 哎哟，挨了 2 点伤害，血 9.8 → 8.1/20
[22:26] 哎哟，挨了 2 点伤害，血 8.1 → 5.9/20
[22:26] 呜呜，有个mintstar靠近我（3.3 格），我赶紧往后跑！
[22:26] 哎哟，挨了 1 点伤害，血 5.9 → 5/20
[22:27] 采样速率切到 1Hz（平静档）。
[22:27] Rcon 说话了：「77层是石头」
[22:27] Rcon 说话了：「78层是空气」
[22:27] Rcon 说话了：「75层是石头」
[22:27] Rcon 说话了：「74层是空气」
[22:27] 视野里出现了「mintstar」，13.9 格远
[22:27] 采样速率切到 5Hz（战斗档）。
[22:27] 呜呜，有个mintstar靠近我（3.9 格），我赶紧往后跑！
[22:27] mintstar都贴到我脸上了（3.0 格）—— 我还有 12.7/20 血、手上有家伙，他还有 18.2 血，不白挨：挥它一下就往后退！
[22:27] 哎哟，挨了 1 点伤害，血 12.7 → 11.5/20
[22:27] 哎哟，挨了 3 点伤害，血 11.5 → 8.7/20
[22:27] 哎哟，挨了 4 点伤害，血 8.7 → 4.9/20
[22:27] 他倒下了。
[22:27] 我又站起来了。家当多半散在倒下的地方，先看看背包里还剩什么…
[22:27] 我把吃的弄丢了，得重新找 —— 背包是空的，附近也没我够得着的掉落物。血 20/20，我原地等一会儿，谁路过给我扔口吃的吧…
[22:27] 采样速率切到 1Hz（平静档）。
[22:28] 采样速率切到 5Hz（战斗档）。
[22:28] 呜呜，有个mintstar靠近我（4.1 格），我赶紧往后跑！
[22:28] 哎哟，挨了 6 点伤害，血 20 → 14/20
[22:28] 哎哟，挨了 9 点伤害，血 16 → 7.3/20
[22:28] 他倒下了。
[22:28] 哎哟，挨了 7 点伤害，血 7.3 → 0/20
[22:28] 血只剩 0/20 了，又没吃的。我原地不动，盼着别被谁看见…
[22:28] 我又站起来了。家当多半散在倒下的地方，先看看背包里还剩什么…
[22:28] 呜呜，有个mintstar靠近我（4.8 格），我赶紧往后跑！
[22:28] 呜呜，有个mintstar靠近我（5.0 格），我赶紧往后跑！
[22:29] 采样速率 5Hz（战斗档，最近敌人 6 格）。
[22:29] 呜呜，有个mintstar靠近我（5.0 格），我赶紧往后跑！
[22:29] 哎哟，挨了 6 点伤害，血 20 → 14/20
[22:29] 哎哟，挨了 5 点伤害，血 16 → 10.7/20
[22:29] 哎哟，挨了 3 点伤害，血 10.7 → 8/20
[22:29] 哎哟，挨了 2 点伤害，血 8 → 5.5/20
[22:29] 哎哟，挨了 2 点伤害，血 5.5 → 3.5/20
[22:29] 呜…我快不行了（血 3/20），背包里一点吃的都没有，「mintstar」离我只有 1.4 格——我不能打，只能慢慢往后挪。
[22:29] 「mintstar」走开了
[22:29] 哎哟，挨了 1 点伤害，血 3.5 → 2.6/20
[22:29] 视野里出现了「mintstar」，3.4 格远
[22:29] 他倒下了。
[22:29] 我又站起来了。家当多半散在倒下的地方，先看看背包里还剩什么…
[22:29] 我把吃的弄丢了，得重新找 —— 背包是空的，附近也没我够得着的掉落物。血 20/20，我原地等一会儿，谁路过给我扔口吃的吧…
[22:29] 采样速率切到 1Hz（平静档）。
[22:29] 采样速率切到 5Hz（战斗档）。
[22:30] 采样速率切到 1Hz（平静档）。
[22:30] 采样速率切到 5Hz（战斗档）。
[22:30] 呜呜，有个mintstar靠近我（4.1 格），我赶紧往后跑！
[22:30] 呜呜，有个mintstar靠近我（4.5 格），我赶紧往后跑！
[22:30] 呜呜，有个mintstar靠近我（4.3 格），我赶紧往后跑！
[22:30] mintstar都贴到我脸上了（2.2 格）—— 我还有 20/20 血、手上有家伙，他还有 17.2 血，不白挨：挥它一下就往后退！
[22:30] 呜呜，有个mintstar靠近我（4.0 格），我赶紧往后跑！
[22:30] mintstar都贴到我脸上了（2.9 格）—— 我还有 20/20 血、手上有家伙，他还有 18.5 血，不白挨：挥它一下就往后退！
[22:30] 退两步，别站在它脸上。
[22:30] 呜呜，有个mintstar靠近我（4.0 格），我赶紧往后跑！
[22:30] 哎哟，挨了 2 点伤害，血 20 → 18.5/20
[22:30] mintstar都贴到我脸上了（2.7 格）—— 我还有 18.5/20 血、手上有家伙，他还有 13.2 血，不白挨：挥它一下就往后退！
[22:30] mintstar都贴到我脸上了（2.6 格）—— 我还有 20/20 血、手上有家伙，他还有 8.2 血，不白挨：挥它一下就往后退！
[22:30] mintstar都贴到我脸上了（2.9 格）—— 我还有 20/20 血、手上有家伙，他还有 3.2 血，不白挨：挥它一下就往后退！
[22:31] 呜呜，有个mintstar靠近我（4.0 格），我赶紧往后跑！
[22:31] mintstar都贴到我脸上了（2.2 格）—— 我还有 20/20 血、手上有家伙，他还有 20 血，不白挨：挥它一下就往后退！
[22:31] 哎哟，挨了 6 点伤害，血 20 → 14/20
[22:31] mintstar都贴到我脸上了（3.0 格）—— 我还有 14.8/20 血、手上有家伙，他还有 16.3 血，不白挨：挥它一下就往后退！
[22:31] 哎哟，挨了 2 点伤害，血 14 → 12.2/20
[22:31] mintstar都贴到我脸上了（2.8 格）—— 我还有 12.2/20 血、手上有家伙，他还有 11 血，不白挨：挥它一下就往后退！
[22:31] 哎哟，挨了 6 点伤害，血 12.2 → 6.2/20
[22:31] 呜呜，有个mintstar靠近我（4.4 格），我赶紧往后跑！
[22:31] 他倒下了。
[22:31] 我又站起来了。家当多半散在倒下的地方，先看看背包里还剩什么…
[22:31] 我把吃的弄丢了，得重新找 —— 背包是空的，附近也没我够得着的掉落物。血 20/20，我原地等一会儿，谁路过给我扔口吃的吧…
[22:31] 呜呜，有个mintstar靠近我（5.0 格），我赶紧往后跑！
[22:31] 呜呜，有个mintstar靠近我（3.8 格），我赶紧往后跑！
[22:31] mintstar都贴到我脸上了（2.5 格）—— 我还有 20/20 血、手上有家伙，他还有 6 血，不白挨：挥它一下就往后退！
[22:31] 哎哟，挨了 1 点伤害，血 20 → 19/20
[22:31] mintstar都贴到我脸上了（2.5 格）—— 我还有 19.3/20 血、手上有家伙，他还有 5 血，不白挨：挥它一下就往后退！
[22:32] 他还在 (-2, 72, -0)，⚠ 身边有敌人 mintstar(7格)｜血 20/20｜已经待了 10分30秒（期间压掉了 2 条啰嗦的）
