[01:19:07] [手] 把「XiaoJiaHuo」送进 127.0.0.1:25565（1.21.1，离线模式）…
[01:19:07] [手] 采样率切成 1Hz（每 1000ms 推一次）
[01:19:07] [手] 寻路插件挂上了：mineflayer-pathfinder
[01:19:07] [手] 身体插件挂上了：body（会 sneak、jump、jumpattack、swimdown、dig、place、craft、use）
[01:19:07] [手] 服务器探针开了：每 500ms 问一次 [mintstar] 的血量。
[01:19:07] [手] 接线口已就绪：[unix] /home/<用户>/cyberdyne-bridge/cyberdyne.sock
PartialReadError: Read error for undefined : Missing characters in string, found size is 108271 expected size was 114153
    at new ExtendableError (/home/<用户>/cyberdyne-bridge/node/node_modules/protodef/src/utils.js:63:13)
    at new PartialReadError (/home/<用户>/cyberdyne-bridge/node/node_modules/protodef/src/utils.js:70:5)
    at Object.string (eval at compile (/home/<用户>/cyberdyne-bridge/node/node_modules/protodef/src/compiler.js:262:12), <anonymous>:107:15)
    at eval (eval at compile (/home/<用户>/cyberdyne-bridge/node/node_modules/protodef/src/compiler.js:262:12), <anonymous>:891:65)
    at eval (eval at compile (/home/<用户>/cyberdyne-bridge/node/node_modules/protodef/src/compiler.js:262:12), <anonymous>:893:11)
    at Object.ArmorTrimMaterial (eval at compile (/home/<用户>/cyberdyne-bridge/node/node_modules/protodef/src/compiler.js:262:12), <anonymous>:898:9)
    at eval (eval at compile (/home/<用户>/cyberdyne-bridge/node/node_modules/protodef/src/compiler.js:262:12), <anonymous>:503:55)
    at eval (eval at compile (/home/<用户>/cyberdyne-bridge/node/node_modules/protodef/src/compiler.js:262:12), <anonymous>:506:15)
    at eval (eval at compile (/home/<用户>/cyberdyne-bridge/node/node_modules/protodef/src/compiler.js:262:12), <anonymous>:518:13)
    at Object.SlotComponent (eval at compile (/home/<用户>/cyberdyne-bridge/node/node_modules/protodef/src/compiler.js:262:12), <anonymous>:720:9)
[01:19:08] [手] 他已经站在世界里了。
[01:19:15] [手] 大脑接上了：unix（当前 1 个连接）
[01:32:33] [手] 采样率切成 5Hz（每 200ms 推一次）
[01:32:36] [手] 撤退结束，站住。
[01:32:38] [手] 挥了一下「mintstar」（出手时 1.5 格）
[01:32:40] [手] 撤退结束，站住。
[01:32:43] [手] 撤退结束，站住。
[01:32:53] [手] 采样率切成 1Hz（每 1000ms 推一次）
[01:32:55] [手] 采样率切成 5Hz（每 200ms 推一次）
[01:33:09] [手] 他倒下了。
[01:33:09] [手] 他重生了，看看背包里还剩什么。
[01:33:11] [手] 已经申请重生。
[01:33:11] [手] 撤退结束，站住。
[01:33:19] [手] 采样率切成 1Hz（每 1000ms 推一次）
[01:33:29] [手] 采样率切成 5Hz（每 200ms 推一次）
[01:33:31] [手] 撤退结束，站住。
[01:33:34] [手] 撤退结束，站住。
[01:33:36] [手] 撤退结束，站住。
[01:33:47] [手] 撤退结束，站住。
[01:33:52] [手] 撤退结束，站住。
[01:33:55] [手] 挥了一下「mintstar」（出手时 2.1 格）
[01:33:57] [手] 撤退结束，站住。
[01:34:00] [手] 挥了一下「mintstar」（出手时 2.2 格）
[01:35:06] [手] 收到 SIGTERM，收工。
[01:35:06] [手] 连接结束：disconnect.quitting
