[03:32:44] [手] 把「XiaoJiaHuo」送进 127.0.0.1:25565（1.21.1，离线模式）…
[03:32:44] [手] 证据链开写：/home/<用户>/cyberdyne-bridge/logs/全程-20261001.jsonl（追加）
[03:32:44] [手] 证据链开写：/home/<用户>/cyberdyne-bridge/logs/账本-20261001.jsonl（追加）
[03:32:44] [手] 采样率切成 1Hz（每 1000ms 推一次）
[03:32:44] [手] 寻路插件挂上了：mineflayer-pathfinder
[03:32:44] [手] 身体插件挂上了：body（会 sneak、jump、jumpattack、swimdown、dig、place、craft、use、furnace_put、furnace_take）
[03:32:44] [手] 服务器探针开了：每 500ms 问一次 [mintstar] 的血量。
[03:32:44] [手] 接线口已就绪：[unix] /home/<用户>/cyberdyne-bridge/cyberdyne.sock
PartialReadError: Read error for undefined : Missing characters in string, found size is 108271 expected size was 114153
    at new ExtendableError (/home/<用户>/cyberdyne-bridge/node/node_modules/protodef/src/utils.js:63:13)
    at new PartialReadError (/home/<用户>/cyberdyne-bridge/node/node_modules/protodef/src/utils.js:70:5)
    at Object.string (eval at compile (/home/<用户>/cyberdyne-bridge/node/node_modules/protodef/src/compiler.js:262:12), <anonymous>:107:15)
    at eval (eval at compile (/home/<用户>/cyberdyne-bridge/node/node_modules/protodef/src/compiler.js:262:12), <anonymous>:891:65)
    at eval (eval at compile (/home/<用户>/cyberdyne-bridge/node/node_modules/protodef/src/compiler.js:262:12), <anonymous>:893:11)
    at Object.ArmorTrimMaterial (eval at compile (/home/<用户>/cyberdyne-bridge/node/node_modules/protodef/src/compiler.js:262:12), <anonymous>:898:9)
    at eval (eval at compile (/home/<用户>/cyberdyne-bridge/node/node_modules/protodef/src/compiler.js:262:12), <anonymous>:503:55)
    at eval (eval at compile (/home/<用户>/cyberdyne-bridge/node/node_modules/protodef/src/compiler.js:262:12), <anonymous>:506:15)
    at eval (eval at compile (/home/<用户>/cyberdyne-bridge/node/node_modules/protodef/src/compiler.js:262:12), <anonymous>:518:13)
    at Object.SlotComponent (eval at compile (/home/<用户>/cyberdyne-bridge/node/node_modules/protodef/src/compiler.js:262:12), <anonymous>:720:9)
[03:32:44] [手] 他已经站在世界里了。
[03:32:51] [手] 大脑接上了：unix（当前 1 个连接）
[03:32:51] [手] 采样率切成 5Hz（每 200ms 推一次）
[03:33:00] [手] 挥了一下「PreyBot」（出手时 1.6 格）
[03:33:01] [手] 挥了一下「PreyBot」（出手时 2.1 格）
[03:33:02] [手] 他倒下了。
[03:33:02] [手] 他重生了，看看背包里还剩什么。
[03:33:03] [手] 前面走不动了（这一拍只挪了 0 格），记一次卡住 #1。
[03:33:04] [手] 已经申请重生。
[03:33:08] [手] 他倒下了。
[03:33:08] [手] 他重生了，看看背包里还剩什么。
[03:33:09] [手] 前面走不动了（这一拍只挪了 0 格），记一次卡住 #2。
[03:33:09] [手] 撤退结束，站住。
[03:33:10] [手] 已经申请重生。
[03:33:13] [手] 挥了一下「PreyBot」（出手时 2.1 格）
[03:33:15] [手] 听见 mintstar 说：挖 10 77 10 12 77 10 8 77 12 然后回来
[03:33:15] [手] 挥了一下「PreyBot」（出手时 1.9 格）
[03:33:21] [手] 挥了一下「PreyBot」（出手时 2.1 格）
[03:33:22] [手] 他倒下了。
[03:33:22] [手] 他重生了，看看背包里还剩什么。
[03:33:23] [手] 前面走不动了（这一拍只挪了 0 格），记一次卡住 #3。
[03:33:24] [手] 已经申请重生。
[03:33:30] [手] 挥了一下「PreyBot」（出手时 1.9 格）
[03:33:31] [手] 挥了一下「PreyBot」（出手时 1.3 格）
[03:33:33] [手] 他倒下了。
[03:33:34] [手] 他重生了，看看背包里还剩什么。
[03:33:34] [手] 前面走不动了（这一拍只挪了 0 格），记一次卡住 #4。
[03:33:35] [手] 已经申请重生。
[03:33:41] [手] 他倒下了。
[03:33:41] [手] 他重生了，看看背包里还剩什么。
[03:33:41] [手] 撤退结束，站住。
[03:33:41] [手] 前面走不动了（这一拍只挪了 0 格），记一次卡住 #5。
[03:33:42] [手] 已经申请重生。
[03:33:48] [手] 挥了一下「PreyBot」（出手时 1.5 格）
[03:33:51] [手] 挥了一下「PreyBot」（出手时 1.8 格）
[03:33:52] [手] 他倒下了。
[03:33:52] [手] 他重生了，看看背包里还剩什么。
[03:33:52] [手] 撤退结束，站住。
[03:33:52] [手] 前面走不动了（这一拍只挪了 0 格），记一次卡住 #6。
[03:33:54] [手] 已经申请重生。
[03:34:02] [手] 他倒下了。
[03:34:02] [手] 他重生了，看看背包里还剩什么。
[03:34:02] [手] 撤退结束，站住。
[03:34:03] [手] 前面走不动了（这一拍只挪了 0 格），记一次卡住 #7。
[03:34:03] [手] 已经申请重生。
[03:34:08] [手] 挥了一下「PreyBot」（出手时 1.4 格）
[03:34:09] [手] 挥了一下「PreyBot」（出手时 1.8 格）
[03:34:11] [手] 挥了一下「PreyBot」（出手时 1.6 格）
[03:34:11] [手] 他倒下了。
[03:34:11] [手] 他重生了，看看背包里还剩什么。
[03:34:11] [手] 前面走不动了（这一拍只挪了 0 格），记一次卡住 #8。
[03:34:12] [手] 已经申请重生。
[03:34:18] [手] 撤退结束，站住。
[03:34:19] [手] 挥了一下「PreyBot」（出手时 2.1 格）
[03:34:21] [手] 他倒下了。
[03:34:22] [手] 他重生了，看看背包里还剩什么。
[03:34:22] [手] 撤退结束，站住。
[03:34:22] [手] 前面走不动了（这一拍只挪了 0 格），记一次卡住 #9。
[03:34:23] [手] 已经申请重生。
[03:34:27] [手] 他倒下了。
[03:34:28] [手] 他重生了，看看背包里还剩什么。
[03:34:28] [手] 撤退结束，站住。
[03:34:28] [手] 前面走不动了（这一拍只挪了 0 格），记一次卡住 #10。
[03:34:29] [手] 已经申请重生。
[03:34:30] [手] 大脑接上了：unix（当前 2 个连接）
[03:34:33] [手] 大脑断开了（剩 1 个连接）
[03:34:36] [手] 他倒下了。
[03:34:36] [手] 他重生了，看看背包里还剩什么。
[03:34:36] [手] 撤退结束，站住。
[03:34:37] [手] 前面走不动了（这一拍只挪了 0 格），记一次卡住 #11。
[03:34:37] [手] 已经申请重生。
[03:34:44] [手] 他倒下了。
[03:34:44] [手] 他重生了，看看背包里还剩什么。
[03:34:45] [手] 撤退结束，站住。
[03:34:45] [手] 前面走不动了（这一拍只挪了 0 格），记一次卡住 #12。
[03:34:46] [手] 已经申请重生。
[03:34:53] [手] 撤退结束，站住。
[03:34:53] [手] 挥了一下「PreyBot」（出手时 1.1 格）
[03:34:54] [手] 收到 SIGTERM，收工。
[03:34:54] [手] 连接结束：disconnect.quitting
