[02:13:49] [手] 把「XiaoJiaHuo」送进 127.0.0.1:25565（1.21.1，离线模式）…
[02:13:49] [手] 证据链开写：/home/<用户>/cyberdyne-bridge/logs/全程-20261001.jsonl（追加）
[02:13:49] [手] 证据链开写：/home/<用户>/cyberdyne-bridge/logs/账本-20261001.jsonl（追加）
[02:13:49] [手] 采样率切成 1Hz（每 1000ms 推一次）
[02:13:49] [手] 寻路插件挂上了：mineflayer-pathfinder
[02:13:49] [手] 身体插件挂上了：body（会 sneak、jump、jumpattack、swimdown、dig、place、craft、use）
[02:13:49] [手] 服务器探针开了：每 500ms 问一次 [mintstar] 的血量。
[02:13:49] [手] 接线口已就绪：[unix] /home/<用户>/cyberdyne-bridge/cyberdyne.sock
PartialReadError: Read error for undefined : Missing characters in string, found size is 108271 expected size was 114153
    at new ExtendableError (/home/<用户>/cyberdyne-bridge/node/node_modules/protodef/src/utils.js:63:13)
    at new PartialReadError (/home/<用户>/cyberdyne-bridge/node/node_modules/protodef/src/utils.js:70:5)
    at Object.string (eval at compile (/home/<用户>/cyberdyne-bridge/node/node_modules/protodef/src/compiler.js:262:12), <anonymous>:107:15)
    at eval (eval at compile (/home/<用户>/cyberdyne-bridge/node/node_modules/protodef/src/compiler.js:262:12), <anonymous>:891:65)
    at eval (eval at compile (/home/<用户>/cyberdyne-bridge/node/node_modules/protodef/src/compiler.js:262:12), <anonymous>:893:11)
    at Object.ArmorTrimMaterial (eval at compile (/home/<用户>/cyberdyne-bridge/node/node_modules/protodef/src/compiler.js:262:12), <anonymous>:898:9)
    at eval (eval at compile (/home/<用户>/cyberdyne-bridge/node/node_modules/protodef/src/compiler.js:262:12), <anonymous>:503:55)
    at eval (eval at compile (/home/<用户>/cyberdyne-bridge/node/node_modules/protodef/src/compiler.js:262:12), <anonymous>:506:15)
    at eval (eval at compile (/home/<用户>/cyberdyne-bridge/node/node_modules/protodef/src/compiler.js:262:12), <anonymous>:518:13)
    at Object.SlotComponent (eval at compile (/home/<用户>/cyberdyne-bridge/node/node_modules/protodef/src/compiler.js:262:12), <anonymous>:720:9)
[02:13:49] [手] 他已经站在世界里了。
[02:13:56] [手] 大脑接上了：unix（当前 1 个连接）
[02:14:03] [手] 撤退结束，站住。
[02:14:04] [手] 采样率切成 5Hz（每 200ms 推一次）
[02:14:08] [手] 前面走不动了（这一拍只挪了 0.11 格），记一次卡住 #1。
[02:14:14] [手] 前面走不动了（这一拍只挪了 0.04 格），记一次卡住 #2。
[02:14:18] [手] 前面走不动了（这一拍只挪了 0.11 格），记一次卡住 #3。
[02:14:23] [手] 前面走不动了（这一拍只挪了 0 格），记一次卡住 #4。
[02:14:29] [手] 挥了一下「PreyBot」（出手时 1.8 格）
[02:14:29] [手] 撤退结束，站住。
[02:14:30] [手] 挥了一下「PreyBot」（出手时 0.5 格）
[02:14:30] [手] 挥了一下「PreyBot」（出手时 1.7 格）
[02:14:31] [手] 挥了一下「PreyBot」（出手时 2.1 格）
[02:14:33] [手] 挥了一下「PreyBot」（出手时 1.7 格）
[02:14:34] [手] 挥了一下「PreyBot」（出手时 1.7 格）
[02:14:34] [手] 撤退结束，站住。
[02:14:35] [手] 挥了一下「PreyBot」（出手时 2.0 格）
[02:14:36] [手] 撤退结束，站住。
[02:14:36] [手] 挥了一下「PreyBot」（出手时 0.3 格）
[02:14:39] [手] 挥了一下「PreyBot」（出手时 0.8 格）
[02:14:41] [手] 挥了一下「PreyBot」（出手时 0.8 格）
[02:14:45] [手] 挥了一下「PreyBot」（出手时 1.4 格）
[02:14:45] [手] 挥了一下「PreyBot」（出手时 1.1 格）
[02:14:46] [手] 挥了一下「PreyBot」（出手时 1.1 格）
[02:14:47] [手] 挥了一下「PreyBot」（出手时 1.1 格）
[02:14:48] [手] 撤退结束，站住。
[02:14:51] [手] 挥了一下「PreyBot」（出手时 1.8 格）
[02:14:52] [手] 挥了一下「PreyBot」（出手时 1.4 格）
[02:14:53] [手] 挥了一下「PreyBot」（出手时 1.4 格）
[02:14:55] [手] 挥了一下「PreyBot」（出手时 1.5 格）
[02:14:56] [手] 挥了一下「PreyBot」（出手时 1.2 格）
[02:14:56] [手] 撤退结束，站住。
[02:15:00] [手] 挥了一下「PreyBot」（出手时 1.0 格）
[02:15:00] [手] 挥了一下「PreyBot」（出手时 1.0 格）
[02:15:01] [手] 撤退结束，站住。
[02:15:07] [手] 挥了一下「PreyBot」（出手时 1.3 格）
[02:15:08] [手] 挥了一下「PreyBot」（出手时 1.3 格）
[02:15:08] [手] 撤退结束，站住。
[02:15:11] [手] 挥了一下「PreyBot」（出手时 1.2 格）
[02:15:14] [手] 撤退结束，站住。
[02:15:14] [手] 挥了一下「PreyBot」（出手时 1.3 格）
[02:15:14] [手] 撤退结束，站住。
[02:15:16] [手] 挥了一下「PreyBot」（出手时 1.4 格）
[02:15:18] [手] 挥了一下「PreyBot」（出手时 1.4 格）
[02:15:19] [手] 挥了一下「PreyBot」（出手时 1.5 格）
[02:15:33] [手] 撤退结束，站住。
[02:15:35] [手] 撤退结束，站住。
[02:15:36] [手] 撤退结束，站住。
[02:15:36] [手] 撤退结束，站住。
[02:15:43] [手] 撤退结束，站住。
[02:15:44] [手] 前面走不动了（这一拍只挪了 0 格），记一次卡住 #5。
[02:15:47] [手] 收到 SIGTERM，收工。
[02:15:47] [手] 连接结束：disconnect.quitting
