[03:41:41] [手] 把「XiaoJiaHuo」送进 127.0.0.1:25565（1.21.1，离线模式）…
[03:41:41] [手] 证据链开写：/home/<用户>/cyberdyne-bridge/logs/全程-20261001.jsonl（追加）
[03:41:41] [手] 证据链开写：/home/<用户>/cyberdyne-bridge/logs/账本-20261001.jsonl（追加）
[03:41:41] [手] 采样率切成 1Hz（每 1000ms 推一次）
[03:41:41] [手] 寻路插件挂上了：mineflayer-pathfinder
[03:41:41] [手] 身体插件挂上了：body（会 sneak、jump、jumpattack、swimdown、dig、place、craft、use、furnace_put、furnace_take）
[03:41:41] [手] 服务器探针开了：每 500ms 问一次 [mintstar] 的血量。
[03:41:41] [手] 接线口已就绪：[unix] /home/<用户>/cyberdyne-bridge/cyberdyne.sock
PartialReadError: Read error for undefined : Missing characters in string, found size is 108271 expected size was 114153
    at new ExtendableError (/home/<用户>/cyberdyne-bridge/node/node_modules/protodef/src/utils.js:63:13)
    at new PartialReadError (/home/<用户>/cyberdyne-bridge/node/node_modules/protodef/src/utils.js:70:5)
    at Object.string (eval at compile (/home/<用户>/cyberdyne-bridge/node/node_modules/protodef/src/compiler.js:262:12), <anonymous>:107:15)
    at eval (eval at compile (/home/<用户>/cyberdyne-bridge/node/node_modules/protodef/src/compiler.js:262:12), <anonymous>:891:65)
    at eval (eval at compile (/home/<用户>/cyberdyne-bridge/node/node_modules/protodef/src/compiler.js:262:12), <anonymous>:893:11)
    at Object.ArmorTrimMaterial (eval at compile (/home/<用户>/cyberdyne-bridge/node/node_modules/protodef/src/compiler.js:262:12), <anonymous>:898:9)
    at eval (eval at compile (/home/<用户>/cyberdyne-bridge/node/node_modules/protodef/src/compiler.js:262:12), <anonymous>:503:55)
    at eval (eval at compile (/home/<用户>/cyberdyne-bridge/node/node_modules/protodef/src/compiler.js:262:12), <anonymous>:506:15)
    at eval (eval at compile (/home/<用户>/cyberdyne-bridge/node/node_modules/protodef/src/compiler.js:262:12), <anonymous>:518:13)
    at Object.SlotComponent (eval at compile (/home/<用户>/cyberdyne-bridge/node/node_modules/protodef/src/compiler.js:262:12), <anonymous>:720:9)
[03:41:41] [手] 他已经站在世界里了。
[03:41:48] [手] 大脑接上了：unix（当前 1 个连接）
[03:42:03] [手] 听见 mintstar 说：去 35 78 35，然后回来
[03:42:03] [手] 采样率切成 5Hz（每 200ms 推一次）
[03:42:13] [手] 他倒下了。
[03:42:13] [手] 他重生了，看看背包里还剩什么。
[03:42:14] [手] 前面走不动了（这一拍只挪了 0 格），记一次卡住 #1。
[03:42:14] [手] 撤退结束，站住。
[03:42:15] [手] 已经申请重生。
[03:42:25] [手] 挥了一下「PreyBot」（出手时 1.8 格）
[03:42:28] [手] 挥了一下「PreyBot」（出手时 2.1 格）
[03:42:28] [手] 他倒下了。
[03:42:28] [手] 他重生了，看看背包里还剩什么。
[03:42:29] [手] 撤退结束，站住。
[03:42:30] [手] 已经申请重生。
[03:42:40] [手] 他倒下了。
[03:42:40] [手] 他重生了，看看背包里还剩什么。
[03:42:40] [手] 撤退结束，站住。
[03:42:41] [手] 前面走不动了（这一拍只挪了 0 格），记一次卡住 #2。
[03:42:41] [手] 已经申请重生。
[03:42:53] [手] 挥了一下「PreyBot」（出手时 1.9 格）
[03:42:53] [手] 挥了一下「PreyBot」（出手时 1.9 格）
[03:42:55] [手] 挥了一下「PreyBot」（出手时 1.5 格）
[03:43:10] [手] 挥了一下「PreyBot」（出手时 1.7 格）
[03:43:11] [手] 挥了一下「PreyBot」（出手时 1.4 格）
[03:43:11] [手] 他倒下了。
[03:43:11] [手] 他重生了，看看背包里还剩什么。
[03:43:11] [手] 前面走不动了（这一拍只挪了 0 格），记一次卡住 #3。
[03:43:13] [手] 已经申请重生。
[03:43:14] [手] 前面走不动了（这一拍只挪了 0.08 格），记一次卡住 #4。
[03:43:14] [手] 撤退结束，站住。
[03:43:18] [手] 前面走不动了（这一拍只挪了 0.11 格），记一次卡住 #5。
[03:43:18] [手] 撤退结束，站住。
[03:43:24] [手] 他倒下了。
[03:43:24] [手] 他重生了，看看背包里还剩什么。
[03:43:24] [手] 撤退结束，站住。
[03:43:24] [手] 前面走不动了（这一拍只挪了 0 格），记一次卡住 #6。
[03:43:25] [手] 已经申请重生。
[03:43:31] [手] 他倒下了。
[03:43:31] [手] 他重生了，看看背包里还剩什么。
[03:43:31] [手] 前面走不动了（这一拍只挪了 0 格），记一次卡住 #7。
[03:43:31] [手] 撤退结束，站住。
[03:43:32] [手] 已经申请重生。
[03:43:39] [手] 挥了一下「PreyBot」（出手时 2.1 格）
[03:43:40] [手] 挥了一下「PreyBot」（出手时 1.7 格）
[03:43:43] [手] 他倒下了。
[03:43:43] [手] 他重生了，看看背包里还剩什么。
[03:43:43] [手] 前面走不动了（这一拍只挪了 0 格），记一次卡住 #8。
[03:43:44] [手] 已经申请重生。
[03:43:52] [手] 挥了一下「PreyBot」（出手时 1.8 格）
[03:43:55] [手] 挥了一下「PreyBot」（出手时 1.1 格）
[03:43:56] [手] 他倒下了。
[03:43:56] [手] 他重生了，看看背包里还剩什么。
[03:43:56] [手] 撤退结束，站住。
[03:43:57] [手] 前面走不动了（这一拍只挪了 0 格），记一次卡住 #9。
[03:43:58] [手] 已经申请重生。
[03:44:05] [手] 他倒下了。
[03:44:05] [手] 他重生了，看看背包里还剩什么。
[03:44:05] [手] 前面走不动了（这一拍只挪了 0 格），记一次卡住 #10。
[03:44:06] [手] 收到 SIGTERM，收工。
[03:44:06] [手] 连接结束：disconnect.quitting
