[03:34:56] [手] 把「XiaoJiaHuo」送进 127.0.0.1:25565（1.21.1，离线模式）…
[03:34:56] [手] 证据链开写：/home/<用户>/cyberdyne-bridge/logs/全程-20261001.jsonl（追加）
[03:34:56] [手] 证据链开写：/home/<用户>/cyberdyne-bridge/logs/账本-20261001.jsonl（追加）
[03:34:56] [手] 采样率切成 1Hz（每 1000ms 推一次）
[03:34:56] [手] 寻路插件挂上了：mineflayer-pathfinder
[03:34:56] [手] 身体插件挂上了：body（会 sneak、jump、jumpattack、swimdown、dig、place、craft、use、furnace_put、furnace_take）
[03:34:56] [手] 服务器探针开了：每 500ms 问一次 [mintstar] 的血量。
[03:34:56] [手] 接线口已就绪：[unix] /home/<用户>/cyberdyne-bridge/cyberdyne.sock
PartialReadError: Read error for undefined : Missing characters in string, found size is 108271 expected size was 114153
    at new ExtendableError (/home/<用户>/cyberdyne-bridge/node/node_modules/protodef/src/utils.js:63:13)
    at new PartialReadError (/home/<用户>/cyberdyne-bridge/node/node_modules/protodef/src/utils.js:70:5)
    at Object.string (eval at compile (/home/<用户>/cyberdyne-bridge/node/node_modules/protodef/src/compiler.js:262:12), <anonymous>:107:15)
    at eval (eval at compile (/home/<用户>/cyberdyne-bridge/node/node_modules/protodef/src/compiler.js:262:12), <anonymous>:891:65)
    at eval (eval at compile (/home/<用户>/cyberdyne-bridge/node/node_modules/protodef/src/compiler.js:262:12), <anonymous>:893:11)
    at Object.ArmorTrimMaterial (eval at compile (/home/<用户>/cyberdyne-bridge/node/node_modules/protodef/src/compiler.js:262:12), <anonymous>:898:9)
    at eval (eval at compile (/home/<用户>/cyberdyne-bridge/node/node_modules/protodef/src/compiler.js:262:12), <anonymous>:503:55)
    at eval (eval at compile (/home/<用户>/cyberdyne-bridge/node/node_modules/protodef/src/compiler.js:262:12), <anonymous>:506:15)
    at eval (eval at compile (/home/<用户>/cyberdyne-bridge/node/node_modules/protodef/src/compiler.js:262:12), <anonymous>:518:13)
    at Object.SlotComponent (eval at compile (/home/<用户>/cyberdyne-bridge/node/node_modules/protodef/src/compiler.js:262:12), <anonymous>:720:9)
[03:34:57] [手] 他已经站在世界里了。
[03:35:04] [手] 大脑接上了：unix（当前 1 个连接）
[03:35:13] [手] 听见 mintstar 说：挖 10 77 10 12 77 10 8 77 12 然后回来
[03:35:13] [手] 采样率切成 5Hz（每 200ms 推一次）
[03:35:16] [手] 撤退结束，站住。
[03:35:21] [手] 撤退结束，站住。
[03:35:26] [手] 撤退结束，站住。
[03:35:31] [手] 撤退结束，站住。
[03:35:36] [手] 撤退结束，站住。
[03:35:41] [手] 撤退结束，站住。
[03:35:46] [手] 撤退结束，站住。
[03:35:51] [手] 撤退结束，站住。
[03:35:56] [手] 撤退结束，站住。
[03:36:01] [手] 撤退结束，站住。
[03:36:06] [手] 撤退结束，站住。
[03:36:11] [手] 撤退结束，站住。
[03:36:17] [手] 撤退结束，站住。
[03:36:22] [手] 撤退结束，站住。
[03:36:27] [手] 撤退结束，站住。
[03:36:32] [手] 撤退结束，站住。
[03:36:37] [手] 撤退结束，站住。
[03:36:42] [手] 撤退结束，站住。
[03:36:47] [手] 撤退结束，站住。
[03:36:52] [手] 撤退结束，站住。
[03:36:54] [手] 大脑接上了：unix（当前 2 个连接）
[03:36:57] [手] 撤退结束，站住。
[03:36:58] [手] 大脑断开了（剩 1 个连接）
[03:37:02] [手] 撤退结束，站住。
[03:37:07] [手] 撤退结束，站住。
[03:37:12] [手] 撤退结束，站住。
[03:37:19] [手] 撤退结束，站住。
[03:37:24] [手] 撤退结束，站住。
[03:37:29] [手] 撤退结束，站住。
[03:37:29] [手] 收到 SIGTERM，收工。
[03:37:29] [手] 连接结束：disconnect.quitting
