[01:38:37] [手] 把「XiaoJiaHuo」送进 127.0.0.1:25565（1.21.1，离线模式）…
[01:38:38] [手] 证据链开写：/home/<用户>/cyberdyne-bridge/logs/全程-20261001.jsonl（追加）
[01:38:38] [手] 证据链开写：/home/<用户>/cyberdyne-bridge/logs/账本-20261001.jsonl（追加）
[01:38:38] [手] 采样率切成 1Hz（每 1000ms 推一次）
[01:38:38] [手] 寻路插件挂上了：mineflayer-pathfinder
[01:38:38] [手] 身体插件挂上了：body（会 sneak、jump、jumpattack、swimdown、dig、place、craft、use）
[01:38:38] [手] 服务器探针开了：每 500ms 问一次 [mintstar] 的血量。
[01:38:38] [手] 接线口已就绪：[unix] /home/<用户>/cyberdyne-bridge/cyberdyne.sock
PartialReadError: Read error for undefined : Missing characters in string, found size is 108271 expected size was 114153
    at new ExtendableError (/home/<用户>/cyberdyne-bridge/node/node_modules/protodef/src/utils.js:63:13)
    at new PartialReadError (/home/<用户>/cyberdyne-bridge/node/node_modules/protodef/src/utils.js:70:5)
    at Object.string (eval at compile (/home/<用户>/cyberdyne-bridge/node/node_modules/protodef/src/compiler.js:262:12), <anonymous>:107:15)
    at eval (eval at compile (/home/<用户>/cyberdyne-bridge/node/node_modules/protodef/src/compiler.js:262:12), <anonymous>:891:65)
    at eval (eval at compile (/home/<用户>/cyberdyne-bridge/node/node_modules/protodef/src/compiler.js:262:12), <anonymous>:893:11)
    at Object.ArmorTrimMaterial (eval at compile (/home/<用户>/cyberdyne-bridge/node/node_modules/protodef/src/compiler.js:262:12), <anonymous>:898:9)
    at eval (eval at compile (/home/<用户>/cyberdyne-bridge/node/node_modules/protodef/src/compiler.js:262:12), <anonymous>:503:55)
    at eval (eval at compile (/home/<用户>/cyberdyne-bridge/node/node_modules/protodef/src/compiler.js:262:12), <anonymous>:506:15)
    at eval (eval at compile (/home/<用户>/cyberdyne-bridge/node/node_modules/protodef/src/compiler.js:262:12), <anonymous>:518:13)
    at Object.SlotComponent (eval at compile (/home/<用户>/cyberdyne-bridge/node/node_modules/protodef/src/compiler.js:262:12), <anonymous>:720:9)
[01:38:38] [手] 他已经站在世界里了。
[01:38:45] [手] 大脑接上了：unix（当前 1 个连接）
[01:38:45] [手] 采样率切成 5Hz（每 200ms 推一次）
[01:38:47] [手] 撤退结束，站住。
[01:38:47] [手] 吃了一个 cooked_beef。
[01:38:51] [手] 挥了一下「mintstar」（出手时 1.8 格）
[01:38:52] [手] 撤退结束，站住。
[01:38:53] [手] 大脑接上了：unix（当前 2 个连接）
[01:38:53] [手] 挥了一下「zombie」（出手时 2.7 格）
[01:38:56] [手] 大脑断开了（剩 1 个连接）
[01:39:02] [手] 挥了一下「mintstar」（出手时 1.9 格）
[01:39:03] [手] 挥了一下「mintstar」（出手时 2.1 格）
[01:39:04] [手] 撤退结束，站住。
[01:39:04] [手] 挥了一下「mintstar」（出手时 0.7 格）
[01:39:05] [手] 挥了一下「mintstar」（出手时 2.1 格）
[01:39:06] [手] 挥了一下「mintstar」（出手时 1.6 格）
[01:39:10] [手] 挥了一下「mintstar」（出手时 2.1 格）
[01:39:10] [手] 撤退结束，站住。
[01:39:11] [手] 挥了一下「mintstar」（出手时 1.9 格）
[01:39:11] [手] 他倒下了。
[01:39:11] [手] 他重生了，看看背包里还剩什么。
[01:39:11] [手] 撤退结束，站住。
[01:39:13] [手] 已经申请重生。
[01:39:14] [手] 没吃成：Promise timed out.
[01:39:18] [手] 前面是悬崖或者岩浆，绕不开，先站着不动。
[01:39:18] [手] 前面是悬崖或者岩浆，绕不开，先站着不动。
[01:39:18] [手] 前面是悬崖或者岩浆，绕不开，先站着不动。
[01:39:19] [手] 前面是悬崖或者岩浆，绕不开，先站着不动。
[01:39:22] [手] 挥了一下「mintstar」（出手时 1.9 格）
[01:39:23] [手] 他倒下了。
[01:39:23] [手] 他重生了，看看背包里还剩什么。
[01:39:23] [手] 撤退结束，站住。
[01:39:25] [手] 已经申请重生。
[01:40:12] [手] 前面是悬崖或者岩浆，绕不开，先站着不动。
[01:40:13] [手] 前面是悬崖或者岩浆，绕不开，先站着不动。
[01:40:14] [手] 前面是悬崖或者岩浆，绕不开，先站着不动。
[01:40:14] [手] 前面是悬崖或者岩浆，绕不开，先站着不动。
[01:40:15] [手] 挥了一下「mintstar」（出手时 1.9 格）
[01:40:17] [手] 挥了一下「mintstar」（出手时 2.0 格）
[01:40:17] [手] 撤退结束，站住。
[01:40:18] [手] 挥了一下「mintstar」（出手时 0.8 格）
[01:40:18] [手] 挥了一下「mintstar」（出手时 1.7 格）
[01:40:19] [手] 挥了一下「mintstar」（出手时 1.4 格）
[01:40:20] [手] 撤退结束，站住。
[01:40:20] [手] 挥了一下「mintstar」（出手时 1.2 格）
[01:40:22] [手] 吃了一个 cooked_beef。
[01:40:31] [手] 挥了一下「mintstar」（出手时 2.1 格）
[01:40:33] [手] 挥了一下「mintstar」（出手时 2.1 格）
[01:40:40] [手] 挥了一下「mintstar」（出手时 2.0 格）
[01:40:41] [手] 挥了一下「mintstar」（出手时 1.7 格）
[01:40:42] [手] 挥了一下「mintstar」（出手时 1.5 格）
[01:40:43] [手] 挥了一下「mintstar」（出手时 2.0 格）
[01:40:44] [手] 吃了一个 cooked_beef。
[01:40:46] [手] 挥了一下「mintstar」（出手时 2.0 格）
[01:40:47] [手] 挥了一下「mintstar」（出手时 1.3 格）
[01:40:48] [手] 挥了一下「mintstar」（出手时 1.7 格）
[01:40:49] [手] 他倒下了。
[01:40:49] [手] 他重生了，看看背包里还剩什么。
[01:40:49] [手] 撤退结束，站住。
[01:40:50] [手] 已经申请重生。
[01:40:52] [手] 挥了一下「mintstar」（出手时 1.3 格）
[01:40:57] [手] 他倒下了。
[01:40:57] [手] 他重生了，看看背包里还剩什么。
[01:40:57] [手] 撤退结束，站住。
[01:40:59] [手] 已经申请重生。
[01:41:02] [手] 挥了一下「mintstar」（出手时 1.9 格）
[01:41:03] [手] 挥了一下「mintstar」（出手时 1.7 格）
[01:41:04] [手] 挥了一下「mintstar」（出手时 2.1 格）
[01:41:04] [手] 撤退结束，站住。
[01:41:05] [手] 挥了一下「mintstar」（出手时 1.3 格）
[01:41:05] [手] 挥了一下「mintstar」（出手时 2.2 格）
[01:41:07] [手] 挥了一下「mintstar」（出手时 2.1 格）
[01:41:10] [手] 挥了一下「mintstar」（出手时 1.3 格）
[01:41:11] [手] 挥了一下「mintstar」（出手时 1.7 格）
[01:41:15] [手] 他倒下了。
[01:41:15] [手] 他重生了，看看背包里还剩什么。
[01:41:15] [手] 撤退结束，站住。
[01:41:16] [手] 已经申请重生。
[01:41:17] [手] 挥了一下「mintstar」（出手时 1.9 格）
[01:41:17] [手] 挥了一下「mintstar」（出手时 1.5 格）
[01:41:21] [手] 挥了一下「mintstar」（出手时 2.1 格）
[01:41:22] [手] 挥了一下「mintstar」（出手时 2.2 格）
[01:41:25] [手] 他倒下了。
[01:41:25] [手] 他重生了，看看背包里还剩什么。
[01:41:26] [手] 已经申请重生。
[01:41:33] [手] 挥了一下「mintstar」（出手时 2.1 格）
[01:41:34] [手] 挥了一下「mintstar」（出手时 2.1 格）
[01:41:35] [手] 挥了一下「mintstar」（出手时 1.5 格）
[01:41:37] [手] 挥了一下「mintstar」（出手时 1.6 格）
[01:41:38] [手] 挥了一下「mintstar」（出手时 1.8 格）
[01:41:43] [手] 他倒下了。
[01:41:43] [手] 他重生了，看看背包里还剩什么。
[01:41:44] [手] 撤退结束，站住。
[01:41:45] [手] 已经申请重生。
[01:41:47] [手] 挥了一下「mintstar」（出手时 2.2 格）
[01:41:49] [手] 挥了一下「mintstar」（出手时 1.2 格）
[01:41:50] [手] 挥了一下「mintstar」（出手时 1.8 格）
[01:41:51] [手] 撤退结束，站住。
[01:41:51] [手] 挥了一下「mintstar」（出手时 1.0 格）
[01:41:55] [手] 挥了一下「mintstar」（出手时 2.1 格）
[01:41:58] [手] 他倒下了。
[01:41:58] [手] 他重生了，看看背包里还剩什么。
[01:41:59] [手] 已经申请重生。
[01:42:03] [手] 挥了一下「mintstar」（出手时 1.2 格）
[01:42:04] [手] 挥了一下「mintstar」（出手时 2.0 格）
[01:42:04] [手] 挥了一下「mintstar」（出手时 1.8 格）
[01:42:06] [手] 挥了一下「mintstar」（出手时 1.9 格）
[01:42:06] [手] 撤退结束，站住。
[01:42:06] [手] 挥了一下「mintstar」（出手时 1.1 格）
[01:42:08] [手] 挥了一下「mintstar」（出手时 1.8 格）
[01:42:08] [手] 他倒下了。
[01:42:08] [手] 他重生了，看看背包里还剩什么。
[01:42:10] [手] 已经申请重生。
[01:42:11] [手] 挥了一下「mintstar」（出手时 1.5 格）
[01:42:13] [手] 挥了一下「mintstar」（出手时 1.2 格）
[01:42:14] [手] 挥了一下「mintstar」（出手时 2.0 格）
[01:42:15] [手] 挥了一下「mintstar」（出手时 1.7 格）
[01:42:16] [手] 挥了一下「mintstar」（出手时 1.9 格）
[01:42:17] [手] 挥了一下「mintstar」（出手时 2.2 格）
[01:42:17] [手] 撤退结束，站住。
[01:42:17] [手] 挥了一下「mintstar」（出手时 1.1 格）
[01:42:18] [手] 挥了一下「mintstar」（出手时 1.0 格）
[01:42:19] [手] 挥了一下「mintstar」（出手时 1.9 格）
[01:42:19] [手] 他倒下了。
[01:42:19] [手] 他重生了，看看背包里还剩什么。
[01:42:20] [手] 撤退结束，站住。
[01:42:21] [手] 挥了一下「mintstar」（出手时 0.6 格）
[01:42:21] [手] 已经申请重生。
[01:42:22] [手] 挥了一下「mintstar」（出手时 0.9 格）
[01:42:27] [手] 挥了一下「mintstar」（出手时 2.1 格）
[01:42:27] [手] 挥了一下「mintstar」（出手时 1.4 格）
[01:42:28] [手] 挥了一下「mintstar」（出手时 1.5 格）
[01:42:29] [手] 挥了一下「mintstar」（出手时 1.3 格）
[01:42:31] [手] 他倒下了。
[01:42:31] [手] 他重生了，看看背包里还剩什么。
[01:42:31] [手] 撤退结束，站住。
[01:42:32] [手] 已经申请重生。
[01:42:35] [手] 挥了一下「mintstar」（出手时 1.9 格）
[01:42:37] [手] 挥了一下「mintstar」（出手时 1.7 格）
[01:42:38] [手] 挥了一下「mintstar」（出手时 1.4 格）
[01:42:39] [手] 挥了一下「mintstar」（出手时 1.8 格）
[01:42:40] [手] 挥了一下「mintstar」（出手时 1.8 格）
[01:42:41] [手] 挥了一下「mintstar」（出手时 1.2 格）
[01:42:42] [手] 他倒下了。
[01:42:42] [手] 他重生了，看看背包里还剩什么。
[01:42:43] [手] 已经申请重生。
[01:42:50] [手] 挥了一下「mintstar」（出手时 1.1 格）
[01:42:51] [手] 挥了一下「mintstar」（出手时 1.9 格）
[01:42:52] [手] 他倒下了。
[01:42:52] [手] 他重生了，看看背包里还剩什么。
[01:42:52] [手] 撤退结束，站住。
[01:42:53] [手] 已经申请重生。
[01:42:55] [手] 挥了一下「mintstar」（出手时 0.6 格）
[01:42:56] [手] 撤退结束，站住。
[01:42:57] [手] 挥了一下「mintstar」（出手时 1.2 格）
[01:42:58] [手] 挥了一下「mintstar」（出手时 1.4 格）
[01:42:59] [手] 撤退结束，站住。
[01:43:02] [手] 他倒下了。
[01:43:03] [手] 他重生了，看看背包里还剩什么。
[01:43:03] [手] 撤退结束，站住。
[01:43:04] [手] 已经申请重生。
[01:43:05] [手] 挥了一下「mintstar」（出手时 2.2 格）
[01:43:06] [手] 挥了一下「mintstar」（出手时 1.6 格）
[01:43:07] [手] 挥了一下「mintstar」（出手时 1.8 格）
[01:43:08] [手] 撤退结束，站住。
[01:43:10] [手] 挥了一下「mintstar」（出手时 1.0 格）
[01:43:11] [手] 撤退结束，站住。
[01:43:11] [手] 挥了一下「mintstar」（出手时 2.1 格）
[01:43:11] [手] 挥了一下「mintstar」（出手时 2.2 格）
[01:43:12] [手] 他倒下了。
[01:43:12] [手] 他重生了，看看背包里还剩什么。
[01:43:14] [手] 已经申请重生。
[01:43:14] [手] 挥了一下「mintstar」（出手时 1.7 格）
[01:43:15] [手] 撤退结束，站住。
[01:43:16] [手] 挥了一下「mintstar」（出手时 2.3 格）
[01:43:16] [手] 撤退结束，站住。
[01:43:19] [手] 挥了一下「mintstar」（出手时 1.6 格）
[01:43:20] [手] 挥了一下「mintstar」（出手时 1.1 格）
[01:43:21] [手] 挥了一下「mintstar」（出手时 2.1 格）
[01:43:23] [手] 他倒下了。
[01:43:23] [手] 他重生了，看看背包里还剩什么。
[01:43:25] [手] 挥了一下「mintstar」（出手时 0.7 格）
[01:43:25] [手] 已经申请重生。
[01:43:25] [手] 挥了一下「mintstar」（出手时 1.4 格）
[01:43:28] [手] 挥了一下「mintstar」（出手时 1.9 格）
[01:43:29] [手] 挥了一下「mintstar」（出手时 2.0 格）
[01:43:30] [手] 撤退结束，站住。
[01:43:30] [手] 挥了一下「mintstar」（出手时 0.4 格）
[01:43:31] [手] 挥了一下「mintstar」（出手时 1.2 格）
[01:43:32] [手] 挥了一下「mintstar」（出手时 0.7 格）
[01:43:34] [手] 挥了一下「mintstar」（出手时 1.4 格）
[01:43:35] [手] 他倒下了。
[01:43:35] [手] 他重生了，看看背包里还剩什么。
[01:43:37] [手] 已经申请重生。
[01:43:39] [手] 挥了一下「mintstar」（出手时 2.0 格）
[01:43:40] [手] 挥了一下「mintstar」（出手时 1.2 格）
[01:43:41] [手] 挥了一下「mintstar」（出手时 1.4 格）
[01:43:42] [手] 挥了一下「mintstar」（出手时 1.7 格）
[01:43:43] [手] 挥了一下「mintstar」（出手时 1.8 格）
[01:43:44] [手] 他倒下了。
[01:43:44] [手] 他重生了，看看背包里还剩什么。
[01:43:44] [手] 挥了一下「mintstar」（出手时 1.1 格）
[01:43:46] [手] 已经申请重生。
[01:43:47] [手] 挥了一下「mintstar」（出手时 2.0 格）
[01:43:48] [手] 挥了一下「mintstar」（出手时 1.6 格）
[01:43:50] [手] 挥了一下「mintstar」（出手时 1.8 格）
[01:43:50] [手] 撤退结束，站住。
[01:43:51] [手] 挥了一下「mintstar」（出手时 1.9 格）
[01:43:52] [手] 挥了一下「mintstar」（出手时 1.0 格）
[01:43:53] [手] 他倒下了。
[01:43:53] [手] 他重生了，看看背包里还剩什么。
[01:43:54] [手] 已经申请重生。
[01:43:58] [手] 挥了一下「mintstar」（出手时 2.1 格）
[01:43:59] [手] 挥了一下「mintstar」（出手时 1.8 格）
[01:44:00] [手] 他倒下了。
[01:44:00] [手] 他重生了，看看背包里还剩什么。
[01:44:01] [手] 已经申请重生。
[01:44:02] [手] 挥了一下「mintstar」（出手时 1.4 格）
[01:44:03] [手] 挥了一下「mintstar」（出手时 2.1 格）
[01:44:08] [手] 挥了一下「mintstar」（出手时 1.7 格）
[01:44:09] [手] 他倒下了。
[01:44:09] [手] 他重生了，看看背包里还剩什么。
[01:44:11] [手] 已经申请重生。
[01:44:11] [手] 挥了一下「mintstar」（出手时 0.6 格）
[01:44:13] [手] 挥了一下「mintstar」（出手时 1.6 格）
[01:44:14] [手] 挥了一下「mintstar」（出手时 2.2 格）
[01:44:15] [手] 挥了一下「mintstar」（出手时 1.2 格）
[01:44:17] [手] 他倒下了。
[01:44:17] [手] 挥了一下「mintstar」（出手时 1.0 格）
[01:44:17] [手] 他重生了，看看背包里还剩什么。
[01:44:18] [手] 已经申请重生。
[01:44:19] [手] 挥了一下「mintstar」（出手时 0.5 格）
[01:44:23] [手] 挥了一下「mintstar」（出手时 1.6 格）
[01:44:23] [手] 撤退结束，站住。
[01:44:24] [手] 挥了一下「mintstar」（出手时 1.0 格）
[01:44:25] [手] 挥了一下「mintstar」（出手时 2.0 格）
[01:44:26] [手] 他倒下了。
[01:44:26] [手] 他重生了，看看背包里还剩什么。
[01:44:26] [手] 撤退结束，站住。
[01:44:27] [手] 已经申请重生。
[01:44:28] [手] 挥了一下「mintstar」（出手时 2.2 格）
[01:44:29] [手] 挥了一下「mintstar」（出手时 1.7 格）
[01:44:30] [手] 挥了一下「mintstar」（出手时 1.7 格）
[01:44:31] [手] 他倒下了。
[01:44:31] [手] 他重生了，看看背包里还剩什么。
[01:44:33] [手] 已经申请重生。
[01:44:34] [手] 挥了一下「mintstar」（出手时 1.2 格）
[01:44:34] [手] 挥了一下「mintstar」（出手时 1.4 格）
[01:44:35] [手] 撤退结束，站住。
[01:44:35] [手] 挥了一下「mintstar」（出手时 0.9 格）
[01:44:36] [手] 挥了一下「mintstar」（出手时 1.9 格）
[01:44:38] [手] 挥了一下「mintstar」（出手时 1.5 格）
[01:44:39] [手] 挥了一下「mintstar」（出手时 2.2 格）
[01:44:39] [手] 撤退结束，站住。
[01:44:41] [手] 挥了一下「mintstar」（出手时 1.3 格）
[01:44:42] [手] 挥了一下「mintstar」（出手时 1.7 格）
[01:44:43] [手] 挥了一下「mintstar」（出手时 0.8 格）
[01:44:44] [手] 挥了一下「mintstar」（出手时 1.4 格）
[01:44:45] [手] 挥了一下「mintstar」（出手时 2.1 格）
[01:44:46] [手] 挥了一下「mintstar」（出手时 0.8 格）
[01:44:47] [手] 吃了一个 cooked_beef。
[01:44:47] [手] 挥了一下「mintstar」（出手时 1.6 格）
[01:44:48] [手] 挥了一下「mintstar」（出手时 1.6 格）
[01:44:51] [手] 他倒下了。
[01:44:51] [手] 他重生了，看看背包里还剩什么。
[01:44:52] [手] 已经申请重生。
[01:44:54] [手] 挥了一下「mintstar」（出手时 1.3 格）
[01:44:55] [手] 挥了一下「mintstar」（出手时 1.4 格）
[01:44:56] [手] 挥了一下「mintstar」（出手时 2.0 格）
[01:44:57] [手] 挥了一下「mintstar」（出手时 1.5 格）
[01:44:58] [手] 挥了一下「mintstar」（出手时 2.1 格）
[01:45:00] [手] 挥了一下「mintstar」（出手时 1.7 格）
[01:45:02] [手] 挥了一下「mintstar」（出手时 1.8 格）
[01:45:03] [手] 挥了一下「mintstar」（出手时 2.1 格）
[01:45:04] [手] 撤退结束，站住。
[01:45:04] [手] 挥了一下「mintstar」（出手时 1.6 格）
[01:45:05] [手] 挥了一下「mintstar」（出手时 1.8 格）
[01:45:06] [手] 挥了一下「mintstar」（出手时 1.1 格）
[01:45:08] [手] 挥了一下「mintstar」（出手时 2.1 格）
[01:45:09] [手] 撤退结束，站住。
[01:45:11] [手] 挥了一下「mintstar」（出手时 1.4 格）
[01:45:12] [手] 挥了一下「mintstar」（出手时 2.1 格）
[01:45:13] [手] 吃了一个 cooked_beef。
[01:45:14] [手] 撤退结束，站住。
[01:45:15] [手] 挥了一下「mintstar」（出手时 2.0 格）
[01:45:16] [手] 挥了一下「mintstar」（出手时 1.9 格）
[01:45:20] [手] 挥了一下「mintstar」（出手时 2.1 格）
[01:45:21] [手] 挥了一下「mintstar」（出手时 1.3 格）
[01:45:22] [手] 挥了一下「mintstar」（出手时 0.9 格）
[01:45:24] [手] 挥了一下「mintstar」（出手时 0.9 格）
[01:45:26] [手] 他倒下了。
[01:45:26] [手] 他重生了，看看背包里还剩什么。
[01:45:26] [手] 挥了一下「mintstar」（出手时 1.5 格）
[01:45:27] [手] 已经申请重生。
[01:45:28] [手] 撤退结束，站住。
[01:45:28] [手] 挥了一下「mintstar」（出手时 1.1 格）
[01:45:29] [手] 挥了一下「mintstar」（出手时 1.9 格）
[01:45:30] [手] 挥了一下「mintstar」（出手时 1.7 格）
[01:45:31] [手] 撤退结束，站住。
[01:45:31] [手] 挥了一下「mintstar」（出手时 1.3 格）
[01:45:32] [手] 挥了一下「mintstar」（出手时 1.9 格）
[01:45:35] [手] 挥了一下「mintstar」（出手时 1.7 格）
[01:45:36] [手] 撤退结束，站住。
[01:45:36] [手] 挥了一下「mintstar」（出手时 1.9 格）
[01:45:36] [手] 撤退结束，站住。
[01:45:36] [手] 挥了一下「mintstar」（出手时 1.0 格）
[01:45:37] [手] 挥了一下「mintstar」（出手时 1.4 格）
[01:45:38] [手] 挥了一下「mintstar」（出手时 1.8 格）
[01:45:40] [手] 挥了一下「mintstar」（出手时 2.0 格）
[01:45:41] [手] 挥了一下「mintstar」（出手时 2.0 格）
[01:45:42] [手] 挥了一下「mintstar」（出手时 2.1 格）
[01:45:43] [手] 撤退结束，站住。
[01:45:43] [手] 挥了一下「mintstar」（出手时 1.7 格）
[01:45:44] [手] 挥了一下「mintstar」（出手时 1.8 格）
[01:45:45] [手] 挥了一下「mintstar」（出手时 1.5 格）
[01:45:47] [手] 挥了一下「mintstar」（出手时 1.5 格）
[01:45:52] [手] 他倒下了。
[01:45:52] [手] 他重生了，看看背包里还剩什么。
[01:45:52] [手] 撤退结束，站住。
[01:45:53] [手] 已经申请重生。
[01:45:54] [手] 没吃成：Promise timed out.
[01:46:37] [手] 前面是悬崖或者岩浆，绕不开，先站着不动。
[01:46:37] [手] 前面是悬崖或者岩浆，绕不开，先站着不动。
[01:46:54] [手] 前面是悬崖或者岩浆，绕不开，先站着不动。
[01:46:54] [手] 前面是悬崖或者岩浆，绕不开，先站着不动。
[01:47:14] [手] 前面是悬崖或者岩浆，绕不开，先站着不动。
[01:47:48] [手] 前面是悬崖或者岩浆，绕不开，先站着不动。
[01:47:48] [手] 前面是悬崖或者岩浆，绕不开，先站着不动。
[01:47:48] [手] 前面是悬崖或者岩浆，绕不开，先站着不动。
[01:47:48] [手] 前面是悬崖或者岩浆，绕不开，先站着不动。
[01:47:48] [手] 前面是悬崖或者岩浆，绕不开，先站着不动。
[01:47:49] [手] 前面是悬崖或者岩浆，绕不开，先站着不动。
[01:47:49] [手] 前面是悬崖或者岩浆，绕不开，先站着不动。
[01:47:49] [手] 前面是悬崖或者岩浆，绕不开，先站着不动。
[01:47:49] [手] 前面是悬崖或者岩浆，绕不开，先站着不动。
[01:47:49] [手] 前面是悬崖或者岩浆，绕不开，先站着不动。
[01:47:50] [手] 前面是悬崖或者岩浆，绕不开，先站着不动。
[01:47:50] [手] 前面是悬崖或者岩浆，绕不开，先站着不动。
[01:47:50] [手] 前面是悬崖或者岩浆，绕不开，先站着不动。
[01:47:50] [手] 前面是悬崖或者岩浆，绕不开，先站着不动。
[01:47:50] [手] 前面是悬崖或者岩浆，绕不开，先站着不动。
[01:47:51] [手] 前面是悬崖或者岩浆，绕不开，先站着不动。
[01:47:51] [手] 前面是悬崖或者岩浆，绕不开，先站着不动。
[01:47:51] [手] 前面是悬崖或者岩浆，绕不开，先站着不动。
[01:47:51] [手] 前面是悬崖或者岩浆，绕不开，先站着不动。
[01:47:51] [手] 前面是悬崖或者岩浆，绕不开，先站着不动。
[01:47:52] [手] 前面是悬崖或者岩浆，绕不开，先站着不动。
[01:47:52] [手] 前面是悬崖或者岩浆，绕不开，先站着不动。
[01:47:52] [手] 前面是悬崖或者岩浆，绕不开，先站着不动。
[01:47:52] [手] 前面是悬崖或者岩浆，绕不开，先站着不动。
[01:47:52] [手] 前面是悬崖或者岩浆，绕不开，先站着不动。
[01:47:53] [手] 前面是悬崖或者岩浆，绕不开，先站着不动。
[01:47:53] [手] 前面是悬崖或者岩浆，绕不开，先站着不动。
[01:47:53] [手] 前面是悬崖或者岩浆，绕不开，先站着不动。
[01:47:53] [手] 前面是悬崖或者岩浆，绕不开，先站着不动。
[01:47:53] [手] 前面是悬崖或者岩浆，绕不开，先站着不动。
[01:47:54] [手] 前面是悬崖或者岩浆，绕不开，先站着不动。
[01:47:54] [手] 前面是悬崖或者岩浆，绕不开，先站着不动。
[01:47:54] [手] 前面是悬崖或者岩浆，绕不开，先站着不动。
[01:47:54] [手] 前面是悬崖或者岩浆，绕不开，先站着不动。
[01:47:54] [手] 前面是悬崖或者岩浆，绕不开，先站着不动。
[01:47:55] [手] 前面是悬崖或者岩浆，绕不开，先站着不动。
[01:47:55] [手] 前面是悬崖或者岩浆，绕不开，先站着不动。
[01:47:55] [手] 前面是悬崖或者岩浆，绕不开，先站着不动。
[01:47:55] [手] 前面是悬崖或者岩浆，绕不开，先站着不动。
[01:47:55] [手] 前面是悬崖或者岩浆，绕不开，先站着不动。
[01:47:56] [手] 前面是悬崖或者岩浆，绕不开，先站着不动。
[01:47:56] [手] 前面是悬崖或者岩浆，绕不开，先站着不动。
[01:47:56] [手] 前面是悬崖或者岩浆，绕不开，先站着不动。
[01:47:56] [手] 前面是悬崖或者岩浆，绕不开，先站着不动。
[01:47:56] [手] 前面是悬崖或者岩浆，绕不开，先站着不动。
[01:47:57] [手] 前面是悬崖或者岩浆，绕不开，先站着不动。
[01:47:57] [手] 前面是悬崖或者岩浆，绕不开，先站着不动。
[01:47:57] [手] 前面是悬崖或者岩浆，绕不开，先站着不动。
[01:47:57] [手] 前面是悬崖或者岩浆，绕不开，先站着不动。
[01:47:57] [手] 前面是悬崖或者岩浆，绕不开，先站着不动。
[01:47:58] [手] 前面是悬崖或者岩浆，绕不开，先站着不动。
[01:47:58] [手] 前面是悬崖或者岩浆，绕不开，先站着不动。
[01:47:58] [手] 前面是悬崖或者岩浆，绕不开，先站着不动。
[01:47:58] [手] 前面是悬崖或者岩浆，绕不开，先站着不动。
[01:47:58] [手] 前面是悬崖或者岩浆，绕不开，先站着不动。
[01:47:59] [手] 前面是悬崖或者岩浆，绕不开，先站着不动。
[01:47:59] [手] 前面是悬崖或者岩浆，绕不开，先站着不动。
[01:47:59] [手] 前面是悬崖或者岩浆，绕不开，先站着不动。
[01:47:59] [手] 前面是悬崖或者岩浆，绕不开，先站着不动。
[01:47:59] [手] 前面是悬崖或者岩浆，绕不开，先站着不动。
[01:48:00] [手] 前面是悬崖或者岩浆，绕不开，先站着不动。
[01:48:00] [手] 前面是悬崖或者岩浆，绕不开，先站着不动。
[01:48:00] [手] 前面是悬崖或者岩浆，绕不开，先站着不动。
[01:48:00] [手] 前面是悬崖或者岩浆，绕不开，先站着不动。
[01:48:00] [手] 前面是悬崖或者岩浆，绕不开，先站着不动。
[01:48:01] [手] 前面是悬崖或者岩浆，绕不开，先站着不动。
[01:48:01] [手] 前面是悬崖或者岩浆，绕不开，先站着不动。
[01:48:01] [手] 前面是悬崖或者岩浆，绕不开，先站着不动。
[01:48:01] [手] 前面是悬崖或者岩浆，绕不开，先站着不动。
[01:48:01] [手] 前面是悬崖或者岩浆，绕不开，先站着不动。
[01:48:02] [手] 前面是悬崖或者岩浆，绕不开，先站着不动。
[01:48:02] [手] 前面是悬崖或者岩浆，绕不开，先站着不动。
[01:48:02] [手] 前面是悬崖或者岩浆，绕不开，先站着不动。
[01:48:02] [手] 前面是悬崖或者岩浆，绕不开，先站着不动。
[01:48:02] [手] 前面是悬崖或者岩浆，绕不开，先站着不动。
[01:48:03] [手] 前面是悬崖或者岩浆，绕不开，先站着不动。
[01:48:03] [手] 前面是悬崖或者岩浆，绕不开，先站着不动。
[01:48:03] [手] 前面是悬崖或者岩浆，绕不开，先站着不动。
[01:48:03] [手] 前面是悬崖或者岩浆，绕不开，先站着不动。
[01:48:03] [手] 前面是悬崖或者岩浆，绕不开，先站着不动。
[01:48:04] [手] 前面是悬崖或者岩浆，绕不开，先站着不动。
[01:48:04] [手] 前面是悬崖或者岩浆，绕不开，先站着不动。
[01:48:04] [手] 前面是悬崖或者岩浆，绕不开，先站着不动。
[01:48:04] [手] 前面是悬崖或者岩浆，绕不开，先站着不动。
[01:48:04] [手] 前面是悬崖或者岩浆，绕不开，先站着不动。
[01:48:05] [手] 前面是悬崖或者岩浆，绕不开，先站着不动。
[01:48:05] [手] 前面是悬崖或者岩浆，绕不开，先站着不动。
[01:48:05] [手] 前面是悬崖或者岩浆，绕不开，先站着不动。
[01:48:05] [手] 前面是悬崖或者岩浆，绕不开，先站着不动。
[01:48:05] [手] 前面是悬崖或者岩浆，绕不开，先站着不动。
[01:48:06] [手] 前面是悬崖或者岩浆，绕不开，先站着不动。
[01:48:06] [手] 前面是悬崖或者岩浆，绕不开，先站着不动。
[01:48:06] [手] 前面是悬崖或者岩浆，绕不开，先站着不动。
[01:48:06] [手] 前面是悬崖或者岩浆，绕不开，先站着不动。
[01:48:06] [手] 前面是悬崖或者岩浆，绕不开，先站着不动。
[01:48:07] [手] 前面是悬崖或者岩浆，绕不开，先站着不动。
[01:48:07] [手] 前面是悬崖或者岩浆，绕不开，先站着不动。
[01:48:07] [手] 前面是悬崖或者岩浆，绕不开，先站着不动。
[01:48:07] [手] 前面是悬崖或者岩浆，绕不开，先站着不动。
[01:48:07] [手] 前面是悬崖或者岩浆，绕不开，先站着不动。
[01:48:08] [手] 前面是悬崖或者岩浆，绕不开，先站着不动。
[01:48:08] [手] 前面是悬崖或者岩浆，绕不开，先站着不动。
[01:48:08] [手] 前面是悬崖或者岩浆，绕不开，先站着不动。
[01:48:08] [手] 前面是悬崖或者岩浆，绕不开，先站着不动。
[01:48:08] [手] 前面是悬崖或者岩浆，绕不开，先站着不动。
[01:48:09] [手] 前面是悬崖或者岩浆，绕不开，先站着不动。
[01:48:09] [手] 前面是悬崖或者岩浆，绕不开，先站着不动。
[01:48:09] [手] 前面是悬崖或者岩浆，绕不开，先站着不动。
[01:48:09] [手] 前面是悬崖或者岩浆，绕不开，先站着不动。
[01:48:09] [手] 前面是悬崖或者岩浆，绕不开，先站着不动。
[01:48:10] [手] 前面是悬崖或者岩浆，绕不开，先站着不动。
[01:48:10] [手] 前面是悬崖或者岩浆，绕不开，先站着不动。
[01:48:10] [手] 前面是悬崖或者岩浆，绕不开，先站着不动。
[01:48:10] [手] 前面是悬崖或者岩浆，绕不开，先站着不动。
[01:48:10] [手] 前面是悬崖或者岩浆，绕不开，先站着不动。
[01:48:11] [手] 前面是悬崖或者岩浆，绕不开，先站着不动。
[01:48:11] [手] 前面是悬崖或者岩浆，绕不开，先站着不动。
[01:48:11] [手] 前面是悬崖或者岩浆，绕不开，先站着不动。
[01:48:11] [手] 前面是悬崖或者岩浆，绕不开，先站着不动。
[01:48:11] [手] 前面是悬崖或者岩浆，绕不开，先站着不动。
[01:48:12] [手] 前面是悬崖或者岩浆，绕不开，先站着不动。
[01:48:12] [手] 前面是悬崖或者岩浆，绕不开，先站着不动。
[01:48:12] [手] 前面是悬崖或者岩浆，绕不开，先站着不动。
[01:48:12] [手] 前面是悬崖或者岩浆，绕不开，先站着不动。
[01:48:12] [手] 前面是悬崖或者岩浆，绕不开，先站着不动。
[01:48:13] [手] 前面是悬崖或者岩浆，绕不开，先站着不动。
[01:48:13] [手] 前面是悬崖或者岩浆，绕不开，先站着不动。
[01:48:13] [手] 前面是悬崖或者岩浆，绕不开，先站着不动。
[01:48:13] [手] 前面是悬崖或者岩浆，绕不开，先站着不动。
[01:48:13] [手] 前面是悬崖或者岩浆，绕不开，先站着不动。
[01:48:14] [手] 前面是悬崖或者岩浆，绕不开，先站着不动。
[01:48:14] [手] 前面是悬崖或者岩浆，绕不开，先站着不动。
[01:48:14] [手] 前面是悬崖或者岩浆，绕不开，先站着不动。
[01:48:14] [手] 前面是悬崖或者岩浆，绕不开，先站着不动。
[01:48:14] [手] 前面是悬崖或者岩浆，绕不开，先站着不动。
[01:48:15] [手] 前面是悬崖或者岩浆，绕不开，先站着不动。
[01:48:15] [手] 前面是悬崖或者岩浆，绕不开，先站着不动。
[01:48:15] [手] 前面是悬崖或者岩浆，绕不开，先站着不动。
[01:48:15] [手] 前面是悬崖或者岩浆，绕不开，先站着不动。
[01:48:15] [手] 前面是悬崖或者岩浆，绕不开，先站着不动。
[01:48:16] [手] 前面是悬崖或者岩浆，绕不开，先站着不动。
[01:48:16] [手] 前面是悬崖或者岩浆，绕不开，先站着不动。
[01:48:16] [手] 前面是悬崖或者岩浆，绕不开，先站着不动。
[01:48:16] [手] 前面是悬崖或者岩浆，绕不开，先站着不动。
[01:48:16] [手] 前面是悬崖或者岩浆，绕不开，先站着不动。
[01:48:17] [手] 前面是悬崖或者岩浆，绕不开，先站着不动。
[01:48:17] [手] 前面是悬崖或者岩浆，绕不开，先站着不动。
[01:48:17] [手] 前面是悬崖或者岩浆，绕不开，先站着不动。
[01:48:17] [手] 前面是悬崖或者岩浆，绕不开，先站着不动。
[01:48:17] [手] 前面是悬崖或者岩浆，绕不开，先站着不动。
[01:48:18] [手] 前面是悬崖或者岩浆，绕不开，先站着不动。
[01:48:18] [手] 前面是悬崖或者岩浆，绕不开，先站着不动。
[01:48:18] [手] 前面是悬崖或者岩浆，绕不开，先站着不动。
[01:48:18] [手] 前面是悬崖或者岩浆，绕不开，先站着不动。
[01:48:18] [手] 前面是悬崖或者岩浆，绕不开，先站着不动。
[01:48:19] [手] 前面是悬崖或者岩浆，绕不开，先站着不动。
[01:48:19] [手] 前面是悬崖或者岩浆，绕不开，先站着不动。
[01:48:19] [手] 前面是悬崖或者岩浆，绕不开，先站着不动。
[01:48:19] [手] 前面是悬崖或者岩浆，绕不开，先站着不动。
[01:48:19] [手] 前面是悬崖或者岩浆，绕不开，先站着不动。
[01:48:20] [手] 前面是悬崖或者岩浆，绕不开，先站着不动。
[01:48:20] [手] 前面是悬崖或者岩浆，绕不开，先站着不动。
[01:48:20] [手] 前面是悬崖或者岩浆，绕不开，先站着不动。
[01:48:20] [手] 前面是悬崖或者岩浆，绕不开，先站着不动。
[01:48:20] [手] 前面是悬崖或者岩浆，绕不开，先站着不动。
[01:48:21] [手] 前面是悬崖或者岩浆，绕不开，先站着不动。
[01:48:21] [手] 前面是悬崖或者岩浆，绕不开，先站着不动。
[01:48:21] [手] 前面是悬崖或者岩浆，绕不开，先站着不动。
[01:48:21] [手] 前面是悬崖或者岩浆，绕不开，先站着不动。
[01:48:21] [手] 前面是悬崖或者岩浆，绕不开，先站着不动。
[01:48:22] [手] 前面是悬崖或者岩浆，绕不开，先站着不动。
[01:48:22] [手] 前面是悬崖或者岩浆，绕不开，先站着不动。
[01:48:22] [手] 前面是悬崖或者岩浆，绕不开，先站着不动。
[01:48:22] [手] 前面是悬崖或者岩浆，绕不开，先站着不动。
[01:48:22] [手] 前面是悬崖或者岩浆，绕不开，先站着不动。
[01:48:23] [手] 前面是悬崖或者岩浆，绕不开，先站着不动。
[01:48:23] [手] 前面是悬崖或者岩浆，绕不开，先站着不动。
[01:48:23] [手] 前面是悬崖或者岩浆，绕不开，先站着不动。
[01:48:23] [手] 前面是悬崖或者岩浆，绕不开，先站着不动。
[01:48:23] [手] 前面是悬崖或者岩浆，绕不开，先站着不动。
[01:48:24] [手] 前面是悬崖或者岩浆，绕不开，先站着不动。
[01:48:24] [手] 前面是悬崖或者岩浆，绕不开，先站着不动。
[01:48:24] [手] 前面是悬崖或者岩浆，绕不开，先站着不动。
[01:48:24] [手] 前面是悬崖或者岩浆，绕不开，先站着不动。
[01:48:24] [手] 前面是悬崖或者岩浆，绕不开，先站着不动。
[01:48:25] [手] 前面是悬崖或者岩浆，绕不开，先站着不动。
[01:48:25] [手] 前面是悬崖或者岩浆，绕不开，先站着不动。
[01:48:25] [手] 前面是悬崖或者岩浆，绕不开，先站着不动。
[01:48:25] [手] 前面是悬崖或者岩浆，绕不开，先站着不动。
[01:48:25] [手] 前面是悬崖或者岩浆，绕不开，先站着不动。
[01:48:26] [手] 前面是悬崖或者岩浆，绕不开，先站着不动。
[01:48:26] [手] 前面是悬崖或者岩浆，绕不开，先站着不动。
[01:48:26] [手] 前面是悬崖或者岩浆，绕不开，先站着不动。
[01:48:26] [手] 前面是悬崖或者岩浆，绕不开，先站着不动。
[01:48:26] [手] 前面是悬崖或者岩浆，绕不开，先站着不动。
[01:48:27] [手] 前面是悬崖或者岩浆，绕不开，先站着不动。
[01:48:27] [手] 前面是悬崖或者岩浆，绕不开，先站着不动。
[01:48:27] [手] 前面是悬崖或者岩浆，绕不开，先站着不动。
[01:48:27] [手] 前面是悬崖或者岩浆，绕不开，先站着不动。
[01:48:27] [手] 前面是悬崖或者岩浆，绕不开，先站着不动。
[01:48:28] [手] 前面是悬崖或者岩浆，绕不开，先站着不动。
[01:48:28] [手] 前面是悬崖或者岩浆，绕不开，先站着不动。
[01:48:28] [手] 前面是悬崖或者岩浆，绕不开，先站着不动。
[01:48:28] [手] 前面是悬崖或者岩浆，绕不开，先站着不动。
[01:48:28] [手] 前面是悬崖或者岩浆，绕不开，先站着不动。
[01:48:29] [手] 前面是悬崖或者岩浆，绕不开，先站着不动。
[01:48:29] [手] 前面是悬崖或者岩浆，绕不开，先站着不动。
[01:48:29] [手] 前面是悬崖或者岩浆，绕不开，先站着不动。
[01:48:29] [手] 前面是悬崖或者岩浆，绕不开，先站着不动。
[01:48:29] [手] 前面是悬崖或者岩浆，绕不开，先站着不动。
[01:48:30] [手] 前面是悬崖或者岩浆，绕不开，先站着不动。
[01:48:30] [手] 前面是悬崖或者岩浆，绕不开，先站着不动。
[01:48:30] [手] 前面是悬崖或者岩浆，绕不开，先站着不动。
[01:48:30] [手] 前面是悬崖或者岩浆，绕不开，先站着不动。
[01:48:30] [手] 前面是悬崖或者岩浆，绕不开，先站着不动。
[01:48:31] [手] 前面是悬崖或者岩浆，绕不开，先站着不动。
[01:48:31] [手] 前面是悬崖或者岩浆，绕不开，先站着不动。
[01:48:31] [手] 前面是悬崖或者岩浆，绕不开，先站着不动。
[01:48:31] [手] 前面是悬崖或者岩浆，绕不开，先站着不动。
[01:48:31] [手] 前面是悬崖或者岩浆，绕不开，先站着不动。
[01:48:32] [手] 前面是悬崖或者岩浆，绕不开，先站着不动。
[01:48:32] [手] 前面是悬崖或者岩浆，绕不开，先站着不动。
[01:48:32] [手] 前面是悬崖或者岩浆，绕不开，先站着不动。
[01:48:32] [手] 前面是悬崖或者岩浆，绕不开，先站着不动。
[01:48:32] [手] 前面是悬崖或者岩浆，绕不开，先站着不动。
[01:48:33] [手] 前面是悬崖或者岩浆，绕不开，先站着不动。
[01:48:33] [手] 前面是悬崖或者岩浆，绕不开，先站着不动。
[01:48:33] [手] 前面是悬崖或者岩浆，绕不开，先站着不动。
[01:48:33] [手] 前面是悬崖或者岩浆，绕不开，先站着不动。
[01:48:33] [手] 前面是悬崖或者岩浆，绕不开，先站着不动。
[01:48:34] [手] 前面是悬崖或者岩浆，绕不开，先站着不动。
[01:48:34] [手] 前面是悬崖或者岩浆，绕不开，先站着不动。
[01:48:34] [手] 前面是悬崖或者岩浆，绕不开，先站着不动。
[01:48:34] [手] 前面是悬崖或者岩浆，绕不开，先站着不动。
[01:48:34] [手] 前面是悬崖或者岩浆，绕不开，先站着不动。
[01:48:35] [手] 前面是悬崖或者岩浆，绕不开，先站着不动。
[01:48:35] [手] 前面是悬崖或者岩浆，绕不开，先站着不动。
[01:48:35] [手] 前面是悬崖或者岩浆，绕不开，先站着不动。
[01:48:35] [手] 前面是悬崖或者岩浆，绕不开，先站着不动。
[01:48:35] [手] 前面是悬崖或者岩浆，绕不开，先站着不动。
[01:48:36] [手] 前面是悬崖或者岩浆，绕不开，先站着不动。
[01:48:36] [手] 前面是悬崖或者岩浆，绕不开，先站着不动。
[01:48:36] [手] 前面是悬崖或者岩浆，绕不开，先站着不动。
[01:48:36] [手] 前面是悬崖或者岩浆，绕不开，先站着不动。
[01:48:36] [手] 前面是悬崖或者岩浆，绕不开，先站着不动。
[01:48:37] [手] 前面是悬崖或者岩浆，绕不开，先站着不动。
[01:48:37] [手] 前面是悬崖或者岩浆，绕不开，先站着不动。
[01:48:37] [手] 前面是悬崖或者岩浆，绕不开，先站着不动。
[01:48:37] [手] 前面是悬崖或者岩浆，绕不开，先站着不动。
[01:48:37] [手] 前面是悬崖或者岩浆，绕不开，先站着不动。
[01:48:38] [手] 前面是悬崖或者岩浆，绕不开，先站着不动。
[01:48:38] [手] 前面是悬崖或者岩浆，绕不开，先站着不动。
[01:48:38] [手] 前面是悬崖或者岩浆，绕不开，先站着不动。
[01:48:38] [手] 前面是悬崖或者岩浆，绕不开，先站着不动。
[01:48:38] [手] 前面是悬崖或者岩浆，绕不开，先站着不动。
[01:48:39] [手] 前面是悬崖或者岩浆，绕不开，先站着不动。
[01:48:39] [手] 前面是悬崖或者岩浆，绕不开，先站着不动。
[01:48:39] [手] 前面是悬崖或者岩浆，绕不开，先站着不动。
[01:48:39] [手] 前面是悬崖或者岩浆，绕不开，先站着不动。
[01:48:39] [手] 前面是悬崖或者岩浆，绕不开，先站着不动。
[01:48:40] [手] 前面是悬崖或者岩浆，绕不开，先站着不动。
[01:48:40] [手] 前面是悬崖或者岩浆，绕不开，先站着不动。
[01:48:40] [手] 前面是悬崖或者岩浆，绕不开，先站着不动。
[01:48:40] [手] 前面是悬崖或者岩浆，绕不开，先站着不动。
[01:48:40] [手] 前面是悬崖或者岩浆，绕不开，先站着不动。
[01:48:41] [手] 前面是悬崖或者岩浆，绕不开，先站着不动。
[01:48:41] [手] 前面是悬崖或者岩浆，绕不开，先站着不动。
[01:48:41] [手] 前面是悬崖或者岩浆，绕不开，先站着不动。
[01:48:41] [手] 前面是悬崖或者岩浆，绕不开，先站着不动。
[01:48:41] [手] 前面是悬崖或者岩浆，绕不开，先站着不动。
[01:48:42] [手] 前面是悬崖或者岩浆，绕不开，先站着不动。
[01:48:42] [手] 前面是悬崖或者岩浆，绕不开，先站着不动。
[01:48:42] [手] 前面是悬崖或者岩浆，绕不开，先站着不动。
[01:48:42] [手] 前面是悬崖或者岩浆，绕不开，先站着不动。
[01:48:42] [手] 前面是悬崖或者岩浆，绕不开，先站着不动。
[01:48:43] [手] 前面是悬崖或者岩浆，绕不开，先站着不动。
[01:48:43] [手] 前面是悬崖或者岩浆，绕不开，先站着不动。
[01:48:43] [手] 前面是悬崖或者岩浆，绕不开，先站着不动。
[01:48:43] [手] 前面是悬崖或者岩浆，绕不开，先站着不动。
[01:48:43] [手] 前面是悬崖或者岩浆，绕不开，先站着不动。
[01:48:44] [手] 前面是悬崖或者岩浆，绕不开，先站着不动。
[01:48:44] [手] 前面是悬崖或者岩浆，绕不开，先站着不动。
[01:48:44] [手] 前面是悬崖或者岩浆，绕不开，先站着不动。
[01:48:44] [手] 前面是悬崖或者岩浆，绕不开，先站着不动。
[01:48:44] [手] 前面是悬崖或者岩浆，绕不开，先站着不动。
[01:48:45] [手] 前面是悬崖或者岩浆，绕不开，先站着不动。
[01:48:45] [手] 前面是悬崖或者岩浆，绕不开，先站着不动。
[01:48:45] [手] 前面是悬崖或者岩浆，绕不开，先站着不动。
[01:48:45] [手] 前面是悬崖或者岩浆，绕不开，先站着不动。
[01:48:45] [手] 前面是悬崖或者岩浆，绕不开，先站着不动。
[01:48:46] [手] 前面是悬崖或者岩浆，绕不开，先站着不动。
[01:48:46] [手] 前面是悬崖或者岩浆，绕不开，先站着不动。
[01:48:46] [手] 前面是悬崖或者岩浆，绕不开，先站着不动。
[01:48:46] [手] 前面是悬崖或者岩浆，绕不开，先站着不动。
[01:48:46] [手] 前面是悬崖或者岩浆，绕不开，先站着不动。
[01:48:47] [手] 前面是悬崖或者岩浆，绕不开，先站着不动。
[01:48:47] [手] 前面是悬崖或者岩浆，绕不开，先站着不动。
[01:48:47] [手] 前面是悬崖或者岩浆，绕不开，先站着不动。
[01:48:47] [手] 前面是悬崖或者岩浆，绕不开，先站着不动。
[01:48:47] [手] 前面是悬崖或者岩浆，绕不开，先站着不动。
[01:48:48] [手] 前面是悬崖或者岩浆，绕不开，先站着不动。
[01:48:48] [手] 前面是悬崖或者岩浆，绕不开，先站着不动。
[01:48:48] [手] 前面是悬崖或者岩浆，绕不开，先站着不动。
[01:48:48] [手] 前面是悬崖或者岩浆，绕不开，先站着不动。
[01:48:48] [手] 前面是悬崖或者岩浆，绕不开，先站着不动。
[01:48:49] [手] 前面是悬崖或者岩浆，绕不开，先站着不动。
[01:48:49] [手] 前面是悬崖或者岩浆，绕不开，先站着不动。
[01:48:49] [手] 前面是悬崖或者岩浆，绕不开，先站着不动。
[01:48:49] [手] 前面是悬崖或者岩浆，绕不开，先站着不动。
[01:48:49] [手] 前面是悬崖或者岩浆，绕不开，先站着不动。
[01:48:50] [手] 前面是悬崖或者岩浆，绕不开，先站着不动。
[01:48:50] [手] 前面是悬崖或者岩浆，绕不开，先站着不动。
[01:48:50] [手] 前面是悬崖或者岩浆，绕不开，先站着不动。
[01:48:50] [手] 前面是悬崖或者岩浆，绕不开，先站着不动。
[01:48:50] [手] 前面是悬崖或者岩浆，绕不开，先站着不动。
[01:48:51] [手] 前面是悬崖或者岩浆，绕不开，先站着不动。
[01:48:51] [手] 前面是悬崖或者岩浆，绕不开，先站着不动。
[01:48:51] [手] 前面是悬崖或者岩浆，绕不开，先站着不动。
[01:48:51] [手] 前面是悬崖或者岩浆，绕不开，先站着不动。
[01:48:51] [手] 前面是悬崖或者岩浆，绕不开，先站着不动。
[01:48:52] [手] 前面是悬崖或者岩浆，绕不开，先站着不动。
[01:48:52] [手] 前面是悬崖或者岩浆，绕不开，先站着不动。
[01:48:52] [手] 前面是悬崖或者岩浆，绕不开，先站着不动。
[01:48:52] [手] 前面是悬崖或者岩浆，绕不开，先站着不动。
[01:48:52] [手] 前面是悬崖或者岩浆，绕不开，先站着不动。
[01:48:53] [手] 前面是悬崖或者岩浆，绕不开，先站着不动。
[01:48:53] [手] 前面是悬崖或者岩浆，绕不开，先站着不动。
[01:48:53] [手] 前面是悬崖或者岩浆，绕不开，先站着不动。
[01:48:53] [手] 前面是悬崖或者岩浆，绕不开，先站着不动。
[01:48:53] [手] 前面是悬崖或者岩浆，绕不开，先站着不动。
[01:48:54] [手] 前面是悬崖或者岩浆，绕不开，先站着不动。
[01:48:54] [手] 前面是悬崖或者岩浆，绕不开，先站着不动。
[01:48:54] [手] 前面是悬崖或者岩浆，绕不开，先站着不动。
[01:48:54] [手] 前面是悬崖或者岩浆，绕不开，先站着不动。
[01:48:54] [手] 前面是悬崖或者岩浆，绕不开，先站着不动。
[01:48:55] [手] 前面是悬崖或者岩浆，绕不开，先站着不动。
[01:48:55] [手] 前面是悬崖或者岩浆，绕不开，先站着不动。
[01:48:55] [手] 前面是悬崖或者岩浆，绕不开，先站着不动。
[01:48:55] [手] 前面是悬崖或者岩浆，绕不开，先站着不动。
[01:48:55] [手] 前面是悬崖或者岩浆，绕不开，先站着不动。
[01:48:56] [手] 前面是悬崖或者岩浆，绕不开，先站着不动。
[01:48:56] [手] 前面是悬崖或者岩浆，绕不开，先站着不动。
[01:48:56] [手] 前面是悬崖或者岩浆，绕不开，先站着不动。
[01:48:56] [手] 前面是悬崖或者岩浆，绕不开，先站着不动。
[01:48:56] [手] 前面是悬崖或者岩浆，绕不开，先站着不动。
[01:48:57] [手] 前面是悬崖或者岩浆，绕不开，先站着不动。
[01:48:57] [手] 前面是悬崖或者岩浆，绕不开，先站着不动。
[01:48:57] [手] 前面是悬崖或者岩浆，绕不开，先站着不动。
[01:48:57] [手] 前面是悬崖或者岩浆，绕不开，先站着不动。
[01:48:57] [手] 前面是悬崖或者岩浆，绕不开，先站着不动。
[01:48:58] [手] 前面是悬崖或者岩浆，绕不开，先站着不动。
[01:48:58] [手] 前面是悬崖或者岩浆，绕不开，先站着不动。
[01:48:58] [手] 前面是悬崖或者岩浆，绕不开，先站着不动。
[01:48:58] [手] 前面是悬崖或者岩浆，绕不开，先站着不动。
[01:48:58] [手] 前面是悬崖或者岩浆，绕不开，先站着不动。
[01:48:59] [手] 前面是悬崖或者岩浆，绕不开，先站着不动。
[01:48:59] [手] 前面是悬崖或者岩浆，绕不开，先站着不动。
[01:48:59] [手] 前面是悬崖或者岩浆，绕不开，先站着不动。
[01:48:59] [手] 前面是悬崖或者岩浆，绕不开，先站着不动。
[01:48:59] [手] 前面是悬崖或者岩浆，绕不开，先站着不动。
[01:49:00] [手] 前面是悬崖或者岩浆，绕不开，先站着不动。
[01:49:00] [手] 前面是悬崖或者岩浆，绕不开，先站着不动。
[01:49:00] [手] 前面是悬崖或者岩浆，绕不开，先站着不动。
[01:49:00] [手] 前面是悬崖或者岩浆，绕不开，先站着不动。
[01:49:00] [手] 前面是悬崖或者岩浆，绕不开，先站着不动。
[01:49:01] [手] 前面是悬崖或者岩浆，绕不开，先站着不动。
[01:49:01] [手] 前面是悬崖或者岩浆，绕不开，先站着不动。
[01:49:01] [手] 前面是悬崖或者岩浆，绕不开，先站着不动。
[01:49:01] [手] 前面是悬崖或者岩浆，绕不开，先站着不动。
[01:49:01] [手] 前面是悬崖或者岩浆，绕不开，先站着不动。
[01:49:02] [手] 前面是悬崖或者岩浆，绕不开，先站着不动。
[01:49:02] [手] 前面是悬崖或者岩浆，绕不开，先站着不动。
[01:49:02] [手] 前面是悬崖或者岩浆，绕不开，先站着不动。
[01:49:02] [手] 前面是悬崖或者岩浆，绕不开，先站着不动。
[01:49:02] [手] 前面是悬崖或者岩浆，绕不开，先站着不动。
[01:49:03] [手] 前面是悬崖或者岩浆，绕不开，先站着不动。
[01:49:03] [手] 前面是悬崖或者岩浆，绕不开，先站着不动。
[01:49:03] [手] 前面是悬崖或者岩浆，绕不开，先站着不动。
[01:49:03] [手] 前面是悬崖或者岩浆，绕不开，先站着不动。
[01:49:04] [手] 前面是悬崖或者岩浆，绕不开，先站着不动。
[01:49:04] [手] 前面是悬崖或者岩浆，绕不开，先站着不动。
[01:49:04] [手] 前面是悬崖或者岩浆，绕不开，先站着不动。
[01:49:04] [手] 前面是悬崖或者岩浆，绕不开，先站着不动。
[01:49:04] [手] 前面是悬崖或者岩浆，绕不开，先站着不动。
[01:49:05] [手] 前面是悬崖或者岩浆，绕不开，先站着不动。
[01:49:05] [手] 前面是悬崖或者岩浆，绕不开，先站着不动。
[01:49:05] [手] 前面是悬崖或者岩浆，绕不开，先站着不动。
[01:49:05] [手] 前面是悬崖或者岩浆，绕不开，先站着不动。
[01:49:05] [手] 前面是悬崖或者岩浆，绕不开，先站着不动。
[01:49:06] [手] 前面是悬崖或者岩浆，绕不开，先站着不动。
[01:49:06] [手] 前面是悬崖或者岩浆，绕不开，先站着不动。
[01:49:06] [手] 前面是悬崖或者岩浆，绕不开，先站着不动。
[01:49:06] [手] 前面是悬崖或者岩浆，绕不开，先站着不动。
[01:49:06] [手] 前面是悬崖或者岩浆，绕不开，先站着不动。
[01:49:07] [手] 前面是悬崖或者岩浆，绕不开，先站着不动。
[01:49:07] [手] 前面是悬崖或者岩浆，绕不开，先站着不动。
[01:49:07] [手] 前面是悬崖或者岩浆，绕不开，先站着不动。
[01:49:07] [手] 前面是悬崖或者岩浆，绕不开，先站着不动。
[01:49:07] [手] 前面是悬崖或者岩浆，绕不开，先站着不动。
[01:49:08] [手] 前面是悬崖或者岩浆，绕不开，先站着不动。
[01:49:08] [手] 前面是悬崖或者岩浆，绕不开，先站着不动。
[01:49:08] [手] 前面是悬崖或者岩浆，绕不开，先站着不动。
[01:49:08] [手] 前面是悬崖或者岩浆，绕不开，先站着不动。
[01:49:08] [手] 前面是悬崖或者岩浆，绕不开，先站着不动。
[01:49:09] [手] 前面是悬崖或者岩浆，绕不开，先站着不动。
[01:49:09] [手] 前面是悬崖或者岩浆，绕不开，先站着不动。
[01:49:09] [手] 前面是悬崖或者岩浆，绕不开，先站着不动。
[01:49:09] [手] 前面是悬崖或者岩浆，绕不开，先站着不动。
[01:49:09] [手] 前面是悬崖或者岩浆，绕不开，先站着不动。
[01:49:10] [手] 前面是悬崖或者岩浆，绕不开，先站着不动。
[01:49:10] [手] 前面是悬崖或者岩浆，绕不开，先站着不动。
[01:49:10] [手] 前面是悬崖或者岩浆，绕不开，先站着不动。
[01:49:10] [手] 前面是悬崖或者岩浆，绕不开，先站着不动。
[01:49:10] [手] 前面是悬崖或者岩浆，绕不开，先站着不动。
[01:49:11] [手] 前面是悬崖或者岩浆，绕不开，先站着不动。
[01:49:11] [手] 前面是悬崖或者岩浆，绕不开，先站着不动。
[01:49:11] [手] 前面是悬崖或者岩浆，绕不开，先站着不动。
[01:49:11] [手] 前面是悬崖或者岩浆，绕不开，先站着不动。
[01:49:11] [手] 前面是悬崖或者岩浆，绕不开，先站着不动。
[01:49:12] [手] 前面是悬崖或者岩浆，绕不开，先站着不动。
[01:49:12] [手] 前面是悬崖或者岩浆，绕不开，先站着不动。
[01:49:12] [手] 前面是悬崖或者岩浆，绕不开，先站着不动。
[01:49:12] [手] 前面是悬崖或者岩浆，绕不开，先站着不动。
[01:49:12] [手] 前面是悬崖或者岩浆，绕不开，先站着不动。
[01:49:13] [手] 前面是悬崖或者岩浆，绕不开，先站着不动。
[01:49:13] [手] 前面是悬崖或者岩浆，绕不开，先站着不动。
[01:49:13] [手] 前面是悬崖或者岩浆，绕不开，先站着不动。
[01:49:13] [手] 前面是悬崖或者岩浆，绕不开，先站着不动。
[01:49:13] [手] 前面是悬崖或者岩浆，绕不开，先站着不动。
[01:49:14] [手] 前面是悬崖或者岩浆，绕不开，先站着不动。
[01:49:14] [手] 前面是悬崖或者岩浆，绕不开，先站着不动。
[01:49:14] [手] 前面是悬崖或者岩浆，绕不开，先站着不动。
[01:49:14] [手] 前面是悬崖或者岩浆，绕不开，先站着不动。
[01:49:14] [手] 前面是悬崖或者岩浆，绕不开，先站着不动。
[01:49:15] [手] 前面是悬崖或者岩浆，绕不开，先站着不动。
[01:49:15] [手] 前面是悬崖或者岩浆，绕不开，先站着不动。
[01:49:15] [手] 前面是悬崖或者岩浆，绕不开，先站着不动。
[01:49:15] [手] 前面是悬崖或者岩浆，绕不开，先站着不动。
[01:49:15] [手] 前面是悬崖或者岩浆，绕不开，先站着不动。
[01:49:16] [手] 前面是悬崖或者岩浆，绕不开，先站着不动。
[01:49:16] [手] 前面是悬崖或者岩浆，绕不开，先站着不动。
[01:49:16] [手] 前面是悬崖或者岩浆，绕不开，先站着不动。
[01:49:16] [手] 前面是悬崖或者岩浆，绕不开，先站着不动。
[01:49:16] [手] 前面是悬崖或者岩浆，绕不开，先站着不动。
[01:49:17] [手] 前面是悬崖或者岩浆，绕不开，先站着不动。
[01:49:17] [手] 前面是悬崖或者岩浆，绕不开，先站着不动。
[01:49:17] [手] 前面是悬崖或者岩浆，绕不开，先站着不动。
[01:49:17] [手] 前面是悬崖或者岩浆，绕不开，先站着不动。
[01:49:17] [手] 前面是悬崖或者岩浆，绕不开，先站着不动。
[01:49:18] [手] 前面是悬崖或者岩浆，绕不开，先站着不动。
[01:49:18] [手] 前面是悬崖或者岩浆，绕不开，先站着不动。
[01:49:18] [手] 前面是悬崖或者岩浆，绕不开，先站着不动。
[01:49:18] [手] 前面是悬崖或者岩浆，绕不开，先站着不动。
[01:49:18] [手] 前面是悬崖或者岩浆，绕不开，先站着不动。
[01:49:19] [手] 前面是悬崖或者岩浆，绕不开，先站着不动。
[01:49:19] [手] 前面是悬崖或者岩浆，绕不开，先站着不动。
[01:49:19] [手] 前面是悬崖或者岩浆，绕不开，先站着不动。
[01:49:19] [手] 前面是悬崖或者岩浆，绕不开，先站着不动。
[01:49:19] [手] 前面是悬崖或者岩浆，绕不开，先站着不动。
[01:49:20] [手] 前面是悬崖或者岩浆，绕不开，先站着不动。
[01:49:20] [手] 前面是悬崖或者岩浆，绕不开，先站着不动。
[01:49:20] [手] 前面是悬崖或者岩浆，绕不开，先站着不动。
[01:49:20] [手] 前面是悬崖或者岩浆，绕不开，先站着不动。
[01:49:20] [手] 前面是悬崖或者岩浆，绕不开，先站着不动。
[01:49:21] [手] 前面是悬崖或者岩浆，绕不开，先站着不动。
[01:49:21] [手] 前面是悬崖或者岩浆，绕不开，先站着不动。
[01:49:21] [手] 前面是悬崖或者岩浆，绕不开，先站着不动。
[01:49:21] [手] 前面是悬崖或者岩浆，绕不开，先站着不动。
[01:49:21] [手] 前面是悬崖或者岩浆，绕不开，先站着不动。
[01:49:22] [手] 前面是悬崖或者岩浆，绕不开，先站着不动。
[01:49:22] [手] 前面是悬崖或者岩浆，绕不开，先站着不动。
[01:49:22] [手] 前面是悬崖或者岩浆，绕不开，先站着不动。
[01:49:22] [手] 前面是悬崖或者岩浆，绕不开，先站着不动。
[01:49:22] [手] 前面是悬崖或者岩浆，绕不开，先站着不动。
[01:49:23] [手] 前面是悬崖或者岩浆，绕不开，先站着不动。
[01:49:23] [手] 前面是悬崖或者岩浆，绕不开，先站着不动。
[01:49:23] [手] 前面是悬崖或者岩浆，绕不开，先站着不动。
[01:49:23] [手] 前面是悬崖或者岩浆，绕不开，先站着不动。
[01:49:23] [手] 前面是悬崖或者岩浆，绕不开，先站着不动。
[01:49:24] [手] 前面是悬崖或者岩浆，绕不开，先站着不动。
[01:49:24] [手] 前面是悬崖或者岩浆，绕不开，先站着不动。
[01:49:24] [手] 前面是悬崖或者岩浆，绕不开，先站着不动。
[01:49:24] [手] 前面是悬崖或者岩浆，绕不开，先站着不动。
[01:49:24] [手] 前面是悬崖或者岩浆，绕不开，先站着不动。
[01:49:25] [手] 前面是悬崖或者岩浆，绕不开，先站着不动。
[01:49:25] [手] 前面是悬崖或者岩浆，绕不开，先站着不动。
[01:49:25] [手] 前面是悬崖或者岩浆，绕不开，先站着不动。
[01:49:25] [手] 前面是悬崖或者岩浆，绕不开，先站着不动。
[01:49:25] [手] 前面是悬崖或者岩浆，绕不开，先站着不动。
[01:49:26] [手] 前面是悬崖或者岩浆，绕不开，先站着不动。
[01:49:26] [手] 前面是悬崖或者岩浆，绕不开，先站着不动。
[01:49:26] [手] 前面是悬崖或者岩浆，绕不开，先站着不动。
[01:49:26] [手] 前面是悬崖或者岩浆，绕不开，先站着不动。
[01:49:26] [手] 前面是悬崖或者岩浆，绕不开，先站着不动。
[01:49:27] [手] 前面是悬崖或者岩浆，绕不开，先站着不动。
[01:49:27] [手] 前面是悬崖或者岩浆，绕不开，先站着不动。
[01:49:27] [手] 前面是悬崖或者岩浆，绕不开，先站着不动。
[01:49:27] [手] 前面是悬崖或者岩浆，绕不开，先站着不动。
[01:49:27] [手] 前面是悬崖或者岩浆，绕不开，先站着不动。
[01:49:28] [手] 前面是悬崖或者岩浆，绕不开，先站着不动。
[01:49:28] [手] 前面是悬崖或者岩浆，绕不开，先站着不动。
[01:49:28] [手] 前面是悬崖或者岩浆，绕不开，先站着不动。
[01:49:28] [手] 前面是悬崖或者岩浆，绕不开，先站着不动。
[01:49:28] [手] 前面是悬崖或者岩浆，绕不开，先站着不动。
[01:49:29] [手] 前面是悬崖或者岩浆，绕不开，先站着不动。
[01:49:29] [手] 前面是悬崖或者岩浆，绕不开，先站着不动。
[01:49:29] [手] 前面是悬崖或者岩浆，绕不开，先站着不动。
[01:49:29] [手] 前面是悬崖或者岩浆，绕不开，先站着不动。
[01:49:29] [手] 前面是悬崖或者岩浆，绕不开，先站着不动。
[01:49:30] [手] 前面是悬崖或者岩浆，绕不开，先站着不动。
[01:49:30] [手] 前面是悬崖或者岩浆，绕不开，先站着不动。
[01:49:30] [手] 前面是悬崖或者岩浆，绕不开，先站着不动。
[01:49:30] [手] 前面是悬崖或者岩浆，绕不开，先站着不动。
[01:49:30] [手] 前面是悬崖或者岩浆，绕不开，先站着不动。
[01:49:31] [手] 前面是悬崖或者岩浆，绕不开，先站着不动。
[01:49:31] [手] 前面是悬崖或者岩浆，绕不开，先站着不动。
[01:49:31] [手] 前面是悬崖或者岩浆，绕不开，先站着不动。
[01:49:31] [手] 前面是悬崖或者岩浆，绕不开，先站着不动。
[01:49:31] [手] 前面是悬崖或者岩浆，绕不开，先站着不动。
[01:49:32] [手] 前面是悬崖或者岩浆，绕不开，先站着不动。
[01:49:32] [手] 前面是悬崖或者岩浆，绕不开，先站着不动。
[01:49:32] [手] 前面是悬崖或者岩浆，绕不开，先站着不动。
[01:49:32] [手] 前面是悬崖或者岩浆，绕不开，先站着不动。
[01:49:32] [手] 前面是悬崖或者岩浆，绕不开，先站着不动。
[01:49:33] [手] 前面是悬崖或者岩浆，绕不开，先站着不动。
[01:49:33] [手] 前面是悬崖或者岩浆，绕不开，先站着不动。
[01:49:33] [手] 前面是悬崖或者岩浆，绕不开，先站着不动。
[01:49:33] [手] 前面是悬崖或者岩浆，绕不开，先站着不动。
[01:49:33] [手] 前面是悬崖或者岩浆，绕不开，先站着不动。
[01:49:34] [手] 前面是悬崖或者岩浆，绕不开，先站着不动。
[01:49:34] [手] 前面是悬崖或者岩浆，绕不开，先站着不动。
[01:49:34] [手] 前面是悬崖或者岩浆，绕不开，先站着不动。
[01:49:34] [手] 前面是悬崖或者岩浆，绕不开，先站着不动。
[01:49:34] [手] 前面是悬崖或者岩浆，绕不开，先站着不动。
[01:49:35] [手] 前面是悬崖或者岩浆，绕不开，先站着不动。
[01:49:35] [手] 前面是悬崖或者岩浆，绕不开，先站着不动。
[01:49:35] [手] 前面是悬崖或者岩浆，绕不开，先站着不动。
[01:49:35] [手] 前面是悬崖或者岩浆，绕不开，先站着不动。
[01:49:35] [手] 前面是悬崖或者岩浆，绕不开，先站着不动。
[01:49:36] [手] 前面是悬崖或者岩浆，绕不开，先站着不动。
[01:49:36] [手] 前面是悬崖或者岩浆，绕不开，先站着不动。
[01:49:36] [手] 前面是悬崖或者岩浆，绕不开，先站着不动。
[01:49:36] [手] 前面是悬崖或者岩浆，绕不开，先站着不动。
[01:49:36] [手] 前面是悬崖或者岩浆，绕不开，先站着不动。
[01:49:37] [手] 前面是悬崖或者岩浆，绕不开，先站着不动。
[01:49:37] [手] 前面是悬崖或者岩浆，绕不开，先站着不动。
[01:49:37] [手] 前面是悬崖或者岩浆，绕不开，先站着不动。
[01:49:37] [手] 前面是悬崖或者岩浆，绕不开，先站着不动。
[01:49:37] [手] 前面是悬崖或者岩浆，绕不开，先站着不动。
[01:49:38] [手] 前面是悬崖或者岩浆，绕不开，先站着不动。
[01:49:38] [手] 前面是悬崖或者岩浆，绕不开，先站着不动。
[01:49:38] [手] 前面是悬崖或者岩浆，绕不开，先站着不动。
[01:49:38] [手] 前面是悬崖或者岩浆，绕不开，先站着不动。
[01:49:38] [手] 前面是悬崖或者岩浆，绕不开，先站着不动。
[01:49:39] [手] 前面是悬崖或者岩浆，绕不开，先站着不动。
[01:49:39] [手] 前面是悬崖或者岩浆，绕不开，先站着不动。
[01:49:39] [手] 前面是悬崖或者岩浆，绕不开，先站着不动。
[01:49:39] [手] 前面是悬崖或者岩浆，绕不开，先站着不动。
[01:49:39] [手] 前面是悬崖或者岩浆，绕不开，先站着不动。
[01:49:40] [手] 前面是悬崖或者岩浆，绕不开，先站着不动。
[01:49:40] [手] 前面是悬崖或者岩浆，绕不开，先站着不动。
[01:49:40] [手] 前面是悬崖或者岩浆，绕不开，先站着不动。
[01:49:40] [手] 前面是悬崖或者岩浆，绕不开，先站着不动。
[01:49:40] [手] 前面是悬崖或者岩浆，绕不开，先站着不动。
[01:49:41] [手] 前面是悬崖或者岩浆，绕不开，先站着不动。
[01:49:41] [手] 前面是悬崖或者岩浆，绕不开，先站着不动。
[01:49:41] [手] 前面是悬崖或者岩浆，绕不开，先站着不动。
[01:49:41] [手] 前面是悬崖或者岩浆，绕不开，先站着不动。
[01:49:41] [手] 前面是悬崖或者岩浆，绕不开，先站着不动。
[01:49:42] [手] 前面是悬崖或者岩浆，绕不开，先站着不动。
[01:49:42] [手] 前面是悬崖或者岩浆，绕不开，先站着不动。
[01:49:42] [手] 前面是悬崖或者岩浆，绕不开，先站着不动。
[01:49:42] [手] 前面是悬崖或者岩浆，绕不开，先站着不动。
[01:49:42] [手] 前面是悬崖或者岩浆，绕不开，先站着不动。
[01:49:43] [手] 前面是悬崖或者岩浆，绕不开，先站着不动。
[01:49:43] [手] 前面是悬崖或者岩浆，绕不开，先站着不动。
[01:49:43] [手] 前面是悬崖或者岩浆，绕不开，先站着不动。
[01:49:43] [手] 前面是悬崖或者岩浆，绕不开，先站着不动。
[01:49:43] [手] 前面是悬崖或者岩浆，绕不开，先站着不动。
[01:49:44] [手] 前面是悬崖或者岩浆，绕不开，先站着不动。
[01:49:44] [手] 前面是悬崖或者岩浆，绕不开，先站着不动。
[01:49:44] [手] 前面是悬崖或者岩浆，绕不开，先站着不动。
[01:49:44] [手] 前面是悬崖或者岩浆，绕不开，先站着不动。
[01:49:44] [手] 前面是悬崖或者岩浆，绕不开，先站着不动。
[01:49:45] [手] 前面是悬崖或者岩浆，绕不开，先站着不动。
[01:49:45] [手] 前面是悬崖或者岩浆，绕不开，先站着不动。
[01:49:45] [手] 前面是悬崖或者岩浆，绕不开，先站着不动。
[01:49:45] [手] 前面是悬崖或者岩浆，绕不开，先站着不动。
[01:49:45] [手] 前面是悬崖或者岩浆，绕不开，先站着不动。
[01:49:46] [手] 前面是悬崖或者岩浆，绕不开，先站着不动。
[01:49:46] [手] 前面是悬崖或者岩浆，绕不开，先站着不动。
[01:49:46] [手] 前面是悬崖或者岩浆，绕不开，先站着不动。
[01:49:46] [手] 前面是悬崖或者岩浆，绕不开，先站着不动。
[01:49:46] [手] 前面是悬崖或者岩浆，绕不开，先站着不动。
[01:49:47] [手] 前面是悬崖或者岩浆，绕不开，先站着不动。
[01:49:47] [手] 前面是悬崖或者岩浆，绕不开，先站着不动。
[01:49:47] [手] 前面是悬崖或者岩浆，绕不开，先站着不动。
[01:49:47] [手] 前面是悬崖或者岩浆，绕不开，先站着不动。
[01:49:47] [手] 前面是悬崖或者岩浆，绕不开，先站着不动。
[01:49:48] [手] 前面是悬崖或者岩浆，绕不开，先站着不动。
[01:49:48] [手] 前面是悬崖或者岩浆，绕不开，先站着不动。
[01:49:48] [手] 前面是悬崖或者岩浆，绕不开，先站着不动。
[01:49:48] [手] 前面是悬崖或者岩浆，绕不开，先站着不动。
[01:49:48] [手] 前面是悬崖或者岩浆，绕不开，先站着不动。
[01:49:49] [手] 前面是悬崖或者岩浆，绕不开，先站着不动。
[01:49:49] [手] 前面是悬崖或者岩浆，绕不开，先站着不动。
[01:49:49] [手] 前面是悬崖或者岩浆，绕不开，先站着不动。
[01:49:49] [手] 前面是悬崖或者岩浆，绕不开，先站着不动。
[01:49:49] [手] 前面是悬崖或者岩浆，绕不开，先站着不动。
[01:49:50] [手] 前面是悬崖或者岩浆，绕不开，先站着不动。
[01:49:50] [手] 前面是悬崖或者岩浆，绕不开，先站着不动。
[01:49:50] [手] 前面是悬崖或者岩浆，绕不开，先站着不动。
[01:49:50] [手] 前面是悬崖或者岩浆，绕不开，先站着不动。
[01:49:50] [手] 前面是悬崖或者岩浆，绕不开，先站着不动。
[01:49:51] [手] 前面是悬崖或者岩浆，绕不开，先站着不动。
[01:49:51] [手] 前面是悬崖或者岩浆，绕不开，先站着不动。
[01:49:51] [手] 前面是悬崖或者岩浆，绕不开，先站着不动。
[01:49:51] [手] 前面是悬崖或者岩浆，绕不开，先站着不动。
[01:49:51] [手] 前面是悬崖或者岩浆，绕不开，先站着不动。
[01:49:52] [手] 前面是悬崖或者岩浆，绕不开，先站着不动。
[01:49:52] [手] 前面是悬崖或者岩浆，绕不开，先站着不动。
[01:49:52] [手] 前面是悬崖或者岩浆，绕不开，先站着不动。
[01:49:52] [手] 前面是悬崖或者岩浆，绕不开，先站着不动。
[01:49:52] [手] 前面是悬崖或者岩浆，绕不开，先站着不动。
[01:49:53] [手] 前面是悬崖或者岩浆，绕不开，先站着不动。
[01:49:53] [手] 前面是悬崖或者岩浆，绕不开，先站着不动。
[01:49:53] [手] 前面是悬崖或者岩浆，绕不开，先站着不动。
[01:49:53] [手] 前面是悬崖或者岩浆，绕不开，先站着不动。
[01:49:53] [手] 前面是悬崖或者岩浆，绕不开，先站着不动。
[01:49:54] [手] 前面是悬崖或者岩浆，绕不开，先站着不动。
[01:49:54] [手] 前面是悬崖或者岩浆，绕不开，先站着不动。
[01:49:54] [手] 前面是悬崖或者岩浆，绕不开，先站着不动。
[01:49:54] [手] 前面是悬崖或者岩浆，绕不开，先站着不动。
[01:49:54] [手] 前面是悬崖或者岩浆，绕不开，先站着不动。
[01:49:55] [手] 前面是悬崖或者岩浆，绕不开，先站着不动。
[01:49:55] [手] 前面是悬崖或者岩浆，绕不开，先站着不动。
[01:49:55] [手] 前面是悬崖或者岩浆，绕不开，先站着不动。
[01:49:55] [手] 前面是悬崖或者岩浆，绕不开，先站着不动。
[01:49:55] [手] 前面是悬崖或者岩浆，绕不开，先站着不动。
[01:49:56] [手] 前面是悬崖或者岩浆，绕不开，先站着不动。
[01:49:56] [手] 前面是悬崖或者岩浆，绕不开，先站着不动。
[01:49:56] [手] 前面是悬崖或者岩浆，绕不开，先站着不动。
[01:49:56] [手] 前面是悬崖或者岩浆，绕不开，先站着不动。
[01:49:56] [手] 前面是悬崖或者岩浆，绕不开，先站着不动。
[01:49:57] [手] 前面是悬崖或者岩浆，绕不开，先站着不动。
[01:49:57] [手] 前面是悬崖或者岩浆，绕不开，先站着不动。
[01:49:57] [手] 前面是悬崖或者岩浆，绕不开，先站着不动。
[01:49:57] [手] 前面是悬崖或者岩浆，绕不开，先站着不动。
[01:49:57] [手] 前面是悬崖或者岩浆，绕不开，先站着不动。
[01:49:58] [手] 前面是悬崖或者岩浆，绕不开，先站着不动。
[01:49:58] [手] 前面是悬崖或者岩浆，绕不开，先站着不动。
[01:49:58] [手] 前面是悬崖或者岩浆，绕不开，先站着不动。
[01:49:58] [手] 前面是悬崖或者岩浆，绕不开，先站着不动。
[01:49:58] [手] 前面是悬崖或者岩浆，绕不开，先站着不动。
[01:49:59] [手] 前面是悬崖或者岩浆，绕不开，先站着不动。
[01:49:59] [手] 前面是悬崖或者岩浆，绕不开，先站着不动。
[01:49:59] [手] 前面是悬崖或者岩浆，绕不开，先站着不动。
[01:49:59] [手] 前面是悬崖或者岩浆，绕不开，先站着不动。
[01:49:59] [手] 前面是悬崖或者岩浆，绕不开，先站着不动。
[01:50:00] [手] 前面是悬崖或者岩浆，绕不开，先站着不动。
[01:50:00] [手] 前面是悬崖或者岩浆，绕不开，先站着不动。
[01:50:00] [手] 前面是悬崖或者岩浆，绕不开，先站着不动。
[01:50:00] [手] 前面是悬崖或者岩浆，绕不开，先站着不动。
[01:50:00] [手] 前面是悬崖或者岩浆，绕不开，先站着不动。
[01:50:01] [手] 前面是悬崖或者岩浆，绕不开，先站着不动。
[01:50:01] [手] 前面是悬崖或者岩浆，绕不开，先站着不动。
[01:50:01] [手] 前面是悬崖或者岩浆，绕不开，先站着不动。
[01:50:01] [手] 前面是悬崖或者岩浆，绕不开，先站着不动。
[01:50:01] [手] 前面是悬崖或者岩浆，绕不开，先站着不动。
[01:50:02] [手] 前面是悬崖或者岩浆，绕不开，先站着不动。
[01:50:02] [手] 前面是悬崖或者岩浆，绕不开，先站着不动。
[01:50:02] [手] 前面是悬崖或者岩浆，绕不开，先站着不动。
[01:50:02] [手] 前面是悬崖或者岩浆，绕不开，先站着不动。
[01:50:02] [手] 前面是悬崖或者岩浆，绕不开，先站着不动。
[01:50:03] [手] 前面是悬崖或者岩浆，绕不开，先站着不动。
[01:50:03] [手] 前面是悬崖或者岩浆，绕不开，先站着不动。
[01:50:03] [手] 前面是悬崖或者岩浆，绕不开，先站着不动。
[01:50:03] [手] 前面是悬崖或者岩浆，绕不开，先站着不动。
[01:50:03] [手] 前面是悬崖或者岩浆，绕不开，先站着不动。
[01:50:04] [手] 前面是悬崖或者岩浆，绕不开，先站着不动。
[01:50:04] [手] 前面是悬崖或者岩浆，绕不开，先站着不动。
[01:50:04] [手] 前面是悬崖或者岩浆，绕不开，先站着不动。
[01:50:04] [手] 前面是悬崖或者岩浆，绕不开，先站着不动。
[01:50:04] [手] 前面是悬崖或者岩浆，绕不开，先站着不动。
[01:50:05] [手] 前面是悬崖或者岩浆，绕不开，先站着不动。
[01:50:05] [手] 前面是悬崖或者岩浆，绕不开，先站着不动。
[01:50:05] [手] 前面是悬崖或者岩浆，绕不开，先站着不动。
[01:50:05] [手] 前面是悬崖或者岩浆，绕不开，先站着不动。
[01:50:05] [手] 前面是悬崖或者岩浆，绕不开，先站着不动。
[01:50:06] [手] 前面是悬崖或者岩浆，绕不开，先站着不动。
[01:50:06] [手] 前面是悬崖或者岩浆，绕不开，先站着不动。
[01:50:06] [手] 前面是悬崖或者岩浆，绕不开，先站着不动。
[01:50:06] [手] 前面是悬崖或者岩浆，绕不开，先站着不动。
[01:50:06] [手] 前面是悬崖或者岩浆，绕不开，先站着不动。
[01:50:07] [手] 前面是悬崖或者岩浆，绕不开，先站着不动。
[01:50:07] [手] 前面是悬崖或者岩浆，绕不开，先站着不动。
[01:50:07] [手] 前面是悬崖或者岩浆，绕不开，先站着不动。
[01:50:07] [手] 前面是悬崖或者岩浆，绕不开，先站着不动。
[01:50:07] [手] 前面是悬崖或者岩浆，绕不开，先站着不动。
[01:50:08] [手] 前面是悬崖或者岩浆，绕不开，先站着不动。
[01:50:08] [手] 前面是悬崖或者岩浆，绕不开，先站着不动。
[01:50:08] [手] 前面是悬崖或者岩浆，绕不开，先站着不动。
[01:50:08] [手] 前面是悬崖或者岩浆，绕不开，先站着不动。
[01:50:08] [手] 前面是悬崖或者岩浆，绕不开，先站着不动。
[01:50:09] [手] 前面是悬崖或者岩浆，绕不开，先站着不动。
[01:50:09] [手] 前面是悬崖或者岩浆，绕不开，先站着不动。
[01:50:09] [手] 前面是悬崖或者岩浆，绕不开，先站着不动。
[01:50:09] [手] 前面是悬崖或者岩浆，绕不开，先站着不动。
[01:50:09] [手] 前面是悬崖或者岩浆，绕不开，先站着不动。
[01:50:10] [手] 前面是悬崖或者岩浆，绕不开，先站着不动。
[01:50:10] [手] 前面是悬崖或者岩浆，绕不开，先站着不动。
[01:50:10] [手] 前面是悬崖或者岩浆，绕不开，先站着不动。
[01:50:10] [手] 前面是悬崖或者岩浆，绕不开，先站着不动。
[01:50:10] [手] 前面是悬崖或者岩浆，绕不开，先站着不动。
[01:50:11] [手] 前面是悬崖或者岩浆，绕不开，先站着不动。
[01:50:11] [手] 前面是悬崖或者岩浆，绕不开，先站着不动。
[01:50:11] [手] 前面是悬崖或者岩浆，绕不开，先站着不动。
[01:50:11] [手] 前面是悬崖或者岩浆，绕不开，先站着不动。
[01:50:11] [手] 前面是悬崖或者岩浆，绕不开，先站着不动。
[01:50:12] [手] 前面是悬崖或者岩浆，绕不开，先站着不动。
[01:50:12] [手] 前面是悬崖或者岩浆，绕不开，先站着不动。
[01:50:12] [手] 前面是悬崖或者岩浆，绕不开，先站着不动。
[01:50:12] [手] 前面是悬崖或者岩浆，绕不开，先站着不动。
[01:50:12] [手] 前面是悬崖或者岩浆，绕不开，先站着不动。
[01:50:13] [手] 前面是悬崖或者岩浆，绕不开，先站着不动。
[01:50:13] [手] 前面是悬崖或者岩浆，绕不开，先站着不动。
[01:50:13] [手] 前面是悬崖或者岩浆，绕不开，先站着不动。
[01:50:13] [手] 前面是悬崖或者岩浆，绕不开，先站着不动。
[01:50:13] [手] 前面是悬崖或者岩浆，绕不开，先站着不动。
[01:50:14] [手] 前面是悬崖或者岩浆，绕不开，先站着不动。
[01:50:14] [手] 前面是悬崖或者岩浆，绕不开，先站着不动。
[01:50:14] [手] 前面是悬崖或者岩浆，绕不开，先站着不动。
[01:50:14] [手] 前面是悬崖或者岩浆，绕不开，先站着不动。
[01:50:14] [手] 前面是悬崖或者岩浆，绕不开，先站着不动。
[01:50:15] [手] 前面是悬崖或者岩浆，绕不开，先站着不动。
[01:50:15] [手] 前面是悬崖或者岩浆，绕不开，先站着不动。
[01:50:15] [手] 前面是悬崖或者岩浆，绕不开，先站着不动。
[01:50:15] [手] 前面是悬崖或者岩浆，绕不开，先站着不动。
[01:50:15] [手] 前面是悬崖或者岩浆，绕不开，先站着不动。
[01:50:16] [手] 前面是悬崖或者岩浆，绕不开，先站着不动。
[01:50:16] [手] 前面是悬崖或者岩浆，绕不开，先站着不动。
[01:50:16] [手] 前面是悬崖或者岩浆，绕不开，先站着不动。
[01:50:16] [手] 前面是悬崖或者岩浆，绕不开，先站着不动。
[01:50:16] [手] 前面是悬崖或者岩浆，绕不开，先站着不动。
[01:50:17] [手] 前面是悬崖或者岩浆，绕不开，先站着不动。
[01:50:17] [手] 前面是悬崖或者岩浆，绕不开，先站着不动。
[01:50:17] [手] 前面是悬崖或者岩浆，绕不开，先站着不动。
[01:50:17] [手] 前面是悬崖或者岩浆，绕不开，先站着不动。
[01:50:17] [手] 前面是悬崖或者岩浆，绕不开，先站着不动。
[01:50:18] [手] 前面是悬崖或者岩浆，绕不开，先站着不动。
[01:50:18] [手] 前面是悬崖或者岩浆，绕不开，先站着不动。
[01:50:18] [手] 前面是悬崖或者岩浆，绕不开，先站着不动。
[01:50:18] [手] 前面是悬崖或者岩浆，绕不开，先站着不动。
[01:50:18] [手] 前面是悬崖或者岩浆，绕不开，先站着不动。
[01:50:19] [手] 前面是悬崖或者岩浆，绕不开，先站着不动。
[01:50:19] [手] 前面是悬崖或者岩浆，绕不开，先站着不动。
[01:50:19] [手] 前面是悬崖或者岩浆，绕不开，先站着不动。
[01:50:19] [手] 前面是悬崖或者岩浆，绕不开，先站着不动。
[01:50:19] [手] 前面是悬崖或者岩浆，绕不开，先站着不动。
[01:50:20] [手] 前面是悬崖或者岩浆，绕不开，先站着不动。
[01:50:20] [手] 前面是悬崖或者岩浆，绕不开，先站着不动。
[01:50:20] [手] 前面是悬崖或者岩浆，绕不开，先站着不动。
[01:50:20] [手] 前面是悬崖或者岩浆，绕不开，先站着不动。
[01:50:20] [手] 前面是悬崖或者岩浆，绕不开，先站着不动。
[01:50:21] [手] 前面是悬崖或者岩浆，绕不开，先站着不动。
[01:50:21] [手] 前面是悬崖或者岩浆，绕不开，先站着不动。
[01:50:21] [手] 前面是悬崖或者岩浆，绕不开，先站着不动。
[01:50:21] [手] 前面是悬崖或者岩浆，绕不开，先站着不动。
[01:50:21] [手] 前面是悬崖或者岩浆，绕不开，先站着不动。
[01:50:22] [手] 前面是悬崖或者岩浆，绕不开，先站着不动。
[01:50:22] [手] 前面是悬崖或者岩浆，绕不开，先站着不动。
[01:50:22] [手] 前面是悬崖或者岩浆，绕不开，先站着不动。
[01:50:22] [手] 前面是悬崖或者岩浆，绕不开，先站着不动。
[01:50:22] [手] 前面是悬崖或者岩浆，绕不开，先站着不动。
[01:50:23] [手] 前面是悬崖或者岩浆，绕不开，先站着不动。
[01:50:23] [手] 前面是悬崖或者岩浆，绕不开，先站着不动。
[01:50:23] [手] 前面是悬崖或者岩浆，绕不开，先站着不动。
[01:50:23] [手] 前面是悬崖或者岩浆，绕不开，先站着不动。
[01:50:23] [手] 前面是悬崖或者岩浆，绕不开，先站着不动。
[01:50:24] [手] 前面是悬崖或者岩浆，绕不开，先站着不动。
[01:50:24] [手] 前面是悬崖或者岩浆，绕不开，先站着不动。
[01:50:24] [手] 前面是悬崖或者岩浆，绕不开，先站着不动。
[01:50:24] [手] 前面是悬崖或者岩浆，绕不开，先站着不动。
[01:50:24] [手] 前面是悬崖或者岩浆，绕不开，先站着不动。
[01:50:25] [手] 前面是悬崖或者岩浆，绕不开，先站着不动。
[01:50:25] [手] 前面是悬崖或者岩浆，绕不开，先站着不动。
[01:50:25] [手] 前面是悬崖或者岩浆，绕不开，先站着不动。
[01:50:25] [手] 前面是悬崖或者岩浆，绕不开，先站着不动。
[01:50:25] [手] 前面是悬崖或者岩浆，绕不开，先站着不动。
[01:50:26] [手] 前面是悬崖或者岩浆，绕不开，先站着不动。
[01:50:26] [手] 前面是悬崖或者岩浆，绕不开，先站着不动。
[01:50:26] [手] 前面是悬崖或者岩浆，绕不开，先站着不动。
[01:50:26] [手] 前面是悬崖或者岩浆，绕不开，先站着不动。
[01:50:26] [手] 前面是悬崖或者岩浆，绕不开，先站着不动。
[01:50:27] [手] 前面是悬崖或者岩浆，绕不开，先站着不动。
[01:50:27] [手] 前面是悬崖或者岩浆，绕不开，先站着不动。
[01:50:27] [手] 前面是悬崖或者岩浆，绕不开，先站着不动。
[01:50:27] [手] 前面是悬崖或者岩浆，绕不开，先站着不动。
[01:50:27] [手] 前面是悬崖或者岩浆，绕不开，先站着不动。
[01:50:28] [手] 前面是悬崖或者岩浆，绕不开，先站着不动。
[01:50:28] [手] 前面是悬崖或者岩浆，绕不开，先站着不动。
[01:50:28] [手] 前面是悬崖或者岩浆，绕不开，先站着不动。
[01:50:28] [手] 前面是悬崖或者岩浆，绕不开，先站着不动。
[01:50:28] [手] 前面是悬崖或者岩浆，绕不开，先站着不动。
[01:50:29] [手] 前面是悬崖或者岩浆，绕不开，先站着不动。
[01:50:29] [手] 前面是悬崖或者岩浆，绕不开，先站着不动。
[01:50:29] [手] 前面是悬崖或者岩浆，绕不开，先站着不动。
[01:50:29] [手] 前面是悬崖或者岩浆，绕不开，先站着不动。
[01:50:29] [手] 前面是悬崖或者岩浆，绕不开，先站着不动。
[01:50:30] [手] 前面是悬崖或者岩浆，绕不开，先站着不动。
[01:50:30] [手] 前面是悬崖或者岩浆，绕不开，先站着不动。
[01:50:30] [手] 前面是悬崖或者岩浆，绕不开，先站着不动。
[01:50:30] [手] 前面是悬崖或者岩浆，绕不开，先站着不动。
[01:50:30] [手] 前面是悬崖或者岩浆，绕不开，先站着不动。
[01:50:31] [手] 前面是悬崖或者岩浆，绕不开，先站着不动。
[01:50:31] [手] 前面是悬崖或者岩浆，绕不开，先站着不动。
[01:50:31] [手] 收到 SIGTERM，收工。
[01:50:31] [手] 连接结束：disconnect.quitting
