[02:07:45] [手] 把「XiaoJiaHuo」送进 127.0.0.1:25565（1.21.1，离线模式）…
[02:07:45] [手] 证据链开写：/home/<用户>/cyberdyne-bridge/logs/全程-20261001.jsonl（追加）
[02:07:45] [手] 证据链开写：/home/<用户>/cyberdyne-bridge/logs/账本-20261001.jsonl（追加）
[02:07:45] [手] 采样率切成 1Hz（每 1000ms 推一次）
[02:07:45] [手] 寻路插件挂上了：mineflayer-pathfinder
[02:07:45] [手] 身体插件挂上了：body（会 sneak、jump、jumpattack、swimdown、dig、place、craft、use）
[02:07:45] [手] 服务器探针开了：每 500ms 问一次 [mintstar] 的血量。
[02:07:45] [手] 接线口已就绪：[unix] /home/<用户>/cyberdyne-bridge/cyberdyne.sock
PartialReadError: Read error for undefined : Missing characters in string, found size is 108271 expected size was 114153
    at new ExtendableError (/home/<用户>/cyberdyne-bridge/node/node_modules/protodef/src/utils.js:63:13)
    at new PartialReadError (/home/<用户>/cyberdyne-bridge/node/node_modules/protodef/src/utils.js:70:5)
    at Object.string (eval at compile (/home/<用户>/cyberdyne-bridge/node/node_modules/protodef/src/compiler.js:262:12), <anonymous>:107:15)
    at eval (eval at compile (/home/<用户>/cyberdyne-bridge/node/node_modules/protodef/src/compiler.js:262:12), <anonymous>:891:65)
    at eval (eval at compile (/home/<用户>/cyberdyne-bridge/node/node_modules/protodef/src/compiler.js:262:12), <anonymous>:893:11)
    at Object.ArmorTrimMaterial (eval at compile (/home/<用户>/cyberdyne-bridge/node/node_modules/protodef/src/compiler.js:262:12), <anonymous>:898:9)
    at eval (eval at compile (/home/<用户>/cyberdyne-bridge/node/node_modules/protodef/src/compiler.js:262:12), <anonymous>:503:55)
    at eval (eval at compile (/home/<用户>/cyberdyne-bridge/node/node_modules/protodef/src/compiler.js:262:12), <anonymous>:506:15)
    at eval (eval at compile (/home/<用户>/cyberdyne-bridge/node/node_modules/protodef/src/compiler.js:262:12), <anonymous>:518:13)
    at Object.SlotComponent (eval at compile (/home/<用户>/cyberdyne-bridge/node/node_modules/protodef/src/compiler.js:262:12), <anonymous>:720:9)
[02:07:45] [手] 他已经站在世界里了。
[02:07:53] [手] 大脑接上了：unix（当前 1 个连接）
[02:07:53] [手] 采样率切成 5Hz（每 200ms 推一次）
[02:08:20] [手] 撤退结束，站住。
[02:08:34] [手] 前面走不动了（这一拍只挪了 0.01 格），记一次卡住 #1。
[02:08:55] [手] 前面走不动了（这一拍只挪了 0.11 格），记一次卡住 #2。
[02:08:59] [手] 前面走不动了（这一拍只挪了 0.11 格），记一次卡住 #3。
[02:09:04] [手] 前面走不动了（这一拍只挪了 0.11 格），记一次卡住 #4。
[02:09:26] [手] 前面走不动了（这一拍只挪了 0.11 格），记一次卡住 #5。
[02:09:33] [手] 前面走不动了（这一拍只挪了 0.05 格），记一次卡住 #6。
[02:09:46] [手] 前面走不动了（这一拍只挪了 0.11 格），记一次卡住 #7。
[02:09:58] [手] 前面走不动了（这一拍只挪了 0.11 格），记一次卡住 #8。
[02:10:09] [手] 前面走不动了（这一拍只挪了 0.11 格），记一次卡住 #9。
[02:10:14] [手] 前面走不动了（这一拍只挪了 0.11 格），记一次卡住 #10。
[02:10:23] [手] 前面走不动了（这一拍只挪了 0.05 格），记一次卡住 #11。
[02:10:27] [手] 前面走不动了（这一拍只挪了 0.1 格），记一次卡住 #12。
[02:10:31] [手] 前面走不动了（这一拍只挪了 0.1 格），记一次卡住 #13。
[02:10:43] [手] 前面走不动了（这一拍只挪了 0.1 格），记一次卡住 #14。
[02:10:47] [手] 前面走不动了（这一拍只挪了 0.1 格），记一次卡住 #15。
[02:10:54] [手] 前面走不动了（这一拍只挪了 0.11 格），记一次卡住 #16。
[02:10:59] [手] 前面走不动了（这一拍只挪了 0.11 格），记一次卡住 #17。
[02:11:05] [手] 前面走不动了（这一拍只挪了 0.11 格），记一次卡住 #18。
[02:11:10] [手] 前面走不动了（这一拍只挪了 0.11 格），记一次卡住 #19。
[02:11:28] [手] 前面走不动了（这一拍只挪了 0.11 格），记一次卡住 #20。
[02:11:33] [手] 前面走不动了（这一拍只挪了 0.11 格），记一次卡住 #21。
[02:11:40] [手] 前面走不动了（这一拍只挪了 0.11 格），记一次卡住 #22。
[02:11:42] [手] 收到 SIGTERM，收工。
[02:11:42] [手] 连接结束：disconnect.quitting
