[06:39:14] [手] 把「XiaoJiaHuo」送进 127.0.0.1:25565（1.21.1，离线模式）…
[06:39:14] [手] 证据链开写：/home/<用户>/cyberdyne-bridge/logs/全程-20261001.jsonl（追加）
[06:39:14] [手] 证据链开写：/home/<用户>/cyberdyne-bridge/logs/账本-20261001.jsonl（追加）
[06:39:14] [手] 采样率切成 1Hz（每 1000ms 推一次）
[06:39:14] [手] 寻路插件挂上了：mineflayer-pathfinder
[06:39:14] [手] 身体插件挂上了：body（会 sneak、jump、jumpattack、swimdown、dig、place、craft、use、furnace_put、furnace_take、chest_take、chest_put）
[06:39:14] [手] 服务器探针开了：每 500ms 问一次 [mintstar] 的血量。
[06:39:14] [手] 接线口已就绪：[unix] /home/<用户>/cyberdyne-bridge/cyberdyne.sock
[06:39:15] [手] 大脑接上了：unix（当前 1 个连接）
PartialReadError: Read error for undefined : Missing characters in string, found size is 108271 expected size was 114153
    at new ExtendableError (/home/<用户>/cyberdyne-bridge/node/node_modules/protodef/src/utils.js:63:13)
    at new PartialReadError (/home/<用户>/cyberdyne-bridge/node/node_modules/protodef/src/utils.js:70:5)
    at Object.string (eval at compile (/home/<用户>/cyberdyne-bridge/node/node_modules/protodef/src/compiler.js:262:12), <anonymous>:107:15)
    at eval (eval at compile (/home/<用户>/cyberdyne-bridge/node/node_modules/protodef/src/compiler.js:262:12), <anonymous>:891:65)
    at eval (eval at compile (/home/<用户>/cyberdyne-bridge/node/node_modules/protodef/src/compiler.js:262:12), <anonymous>:893:11)
    at Object.ArmorTrimMaterial (eval at compile (/home/<用户>/cyberdyne-bridge/node/node_modules/protodef/src/compiler.js:262:12), <anonymous>:898:9)
    at eval (eval at compile (/home/<用户>/cyberdyne-bridge/node/node_modules/protodef/src/compiler.js:262:12), <anonymous>:503:55)
    at eval (eval at compile (/home/<用户>/cyberdyne-bridge/node/node_modules/protodef/src/compiler.js:262:12), <anonymous>:506:15)
    at eval (eval at compile (/home/<用户>/cyberdyne-bridge/node/node_modules/protodef/src/compiler.js:262:12), <anonymous>:518:13)
    at Object.SlotComponent (eval at compile (/home/<用户>/cyberdyne-bridge/node/node_modules/protodef/src/compiler.js:262:12), <anonymous>:720:9)
[06:39:15] [手] 他已经站在世界里了。
[06:39:15] [手] 采样率切成 5Hz（每 200ms 推一次）
[06:39:45] [手] 听见 mintstar 说：从箱子 21 78 -21 拿 5 个圆石
[06:39:57] [手] 采样率切成 1Hz（每 1000ms 推一次）
[06:40:39] [手] 听见 mintstar 说：把 3 个圆石放进箱子 21 78 -21
[06:40:40] [手] 采样率切成 5Hz（每 200ms 推一次）
[06:40:50] [手] 采样率切成 1Hz（每 1000ms 推一次）
[06:41:30] [手] 听见 mintstar 说：合成 8 个木棍
[06:41:30] [手] 采样率切成 5Hz（每 200ms 推一次）
[06:42:19] [手] 听见 mintstar 说：合成 8 个木棍
[06:42:41] [手] 采样率切成 1Hz（每 1000ms 推一次）
[06:43:02] [手] 听见 mintstar 说：合成 4 个火把
[06:43:03] [手] 采样率切成 5Hz（每 200ms 推一次）
[06:43:13] [手] 采样率切成 1Hz（每 1000ms 推一次）
[06:43:24] [手] 听见 mintstar 说：从箱子 21 78 -21 拿 1 个 tnt
[06:43:50] [手] 听见 mintstar 说：你怎么样
[07:00:23] [手] 收到 SIGTERM，收工。
[07:00:23] [手] 连接结束：disconnect.quitting
