[03:19:47] [手] 把「XiaoJiaHuo」送进 127.0.0.1:25565（1.21.1，离线模式）…
[03:19:47] [手] 证据链开写：/home/<用户>/cyberdyne-bridge/logs/全程-20261001.jsonl（追加）
[03:19:47] [手] 证据链开写：/home/<用户>/cyberdyne-bridge/logs/账本-20261001.jsonl（追加）
[03:19:47] [手] 采样率切成 1Hz（每 1000ms 推一次）
[03:19:47] [手] 寻路插件挂上了：mineflayer-pathfinder
[03:19:47] [手] 身体插件挂上了：body（会 sneak、jump、jumpattack、swimdown、dig、place、craft、use、furnace_put、furnace_take）
[03:19:47] [手] 服务器探针开了：每 500ms 问一次 [mintstar] 的血量。
[03:19:47] [手] 接线口已就绪：[unix] /home/<用户>/cyberdyne-bridge/cyberdyne.sock
PartialReadError: Read error for undefined : Missing characters in string, found size is 108271 expected size was 114153
    at new ExtendableError (/home/<用户>/cyberdyne-bridge/node/node_modules/protodef/src/utils.js:63:13)
    at new PartialReadError (/home/<用户>/cyberdyne-bridge/node/node_modules/protodef/src/utils.js:70:5)
    at Object.string (eval at compile (/home/<用户>/cyberdyne-bridge/node/node_modules/protodef/src/compiler.js:262:12), <anonymous>:107:15)
    at eval (eval at compile (/home/<用户>/cyberdyne-bridge/node/node_modules/protodef/src/compiler.js:262:12), <anonymous>:891:65)
    at eval (eval at compile (/home/<用户>/cyberdyne-bridge/node/node_modules/protodef/src/compiler.js:262:12), <anonymous>:893:11)
    at Object.ArmorTrimMaterial (eval at compile (/home/<用户>/cyberdyne-bridge/node/node_modules/protodef/src/compiler.js:262:12), <anonymous>:898:9)
    at eval (eval at compile (/home/<用户>/cyberdyne-bridge/node/node_modules/protodef/src/compiler.js:262:12), <anonymous>:503:55)
    at eval (eval at compile (/home/<用户>/cyberdyne-bridge/node/node_modules/protodef/src/compiler.js:262:12), <anonymous>:506:15)
    at eval (eval at compile (/home/<用户>/cyberdyne-bridge/node/node_modules/protodef/src/compiler.js:262:12), <anonymous>:518:13)
    at Object.SlotComponent (eval at compile (/home/<用户>/cyberdyne-bridge/node/node_modules/protodef/src/compiler.js:262:12), <anonymous>:720:9)
[03:19:48] [手] 他已经站在世界里了。
[03:19:55] [手] 大脑接上了：unix（当前 1 个连接）
[03:20:47] [手] 听见 mintstar 说：烧铁 20 78 -20
[03:20:47] [手] 采样率切成 5Hz（每 200ms 推一次）
[03:20:49] [手] 前面走不动了（这一拍只挪了 0 格），记一次卡住 #1。
[03:20:51] [手] 前面走不动了（这一拍只挪了 0 格），记一次卡住 #2。
[03:20:54] [手] 前面走不动了（这一拍只挪了 0 格），记一次卡住 #3。
[03:20:57] [手] 前面走不动了（这一拍只挪了 0 格），记一次卡住 #4。
[03:21:00] [手] 前面走不动了（这一拍只挪了 0 格），记一次卡住 #5。
[03:21:03] [手] 前面走不动了（这一拍只挪了 0 格），记一次卡住 #6。
[03:21:05] [手] 前面走不动了（这一拍只挪了 0 格），记一次卡住 #7。
[03:21:08] [手] 前面走不动了（这一拍只挪了 0 格），记一次卡住 #8。
[03:21:10] [手] 前面走不动了（这一拍只挪了 0 格），记一次卡住 #9。
[03:21:12] [手] 前面走不动了（这一拍只挪了 0 格），记一次卡住 #10。
[03:21:15] [手] 前面走不动了（这一拍只挪了 0 格），记一次卡住 #11。
[03:21:18] [手] 前面走不动了（这一拍只挪了 0 格），记一次卡住 #12。
[03:21:21] [手] 前面走不动了（这一拍只挪了 0 格），记一次卡住 #13。
[03:21:23] [手] 前面走不动了（这一拍只挪了 0 格），记一次卡住 #14。
[03:21:26] [手] 前面走不动了（这一拍只挪了 0 格），记一次卡住 #15。
[03:21:28] [手] 前面走不动了（这一拍只挪了 0 格），记一次卡住 #16。
[03:21:31] [手] 前面走不动了（这一拍只挪了 0 格），记一次卡住 #17。
[03:21:33] [手] 前面走不动了（这一拍只挪了 0 格），记一次卡住 #18。
[03:21:36] [手] 前面走不动了（这一拍只挪了 0 格），记一次卡住 #19。
[03:21:39] [手] 前面走不动了（这一拍只挪了 0 格），记一次卡住 #20。
[03:21:41] [手] 前面走不动了（这一拍只挪了 0 格），记一次卡住 #21。
[03:21:44] [手] 前面走不动了（这一拍只挪了 0 格），记一次卡住 #22。
[03:21:46] [手] 前面走不动了（这一拍只挪了 0 格），记一次卡住 #23。
[03:21:48] [手] 撤退结束，站住。
[03:21:55] [手] 前面走不动了（这一拍只挪了 0 格），记一次卡住 #24。
[03:21:58] [手] 前面走不动了（这一拍只挪了 0 格），记一次卡住 #25。
[03:22:02] [手] 撤退结束，站住。
[03:22:10] [手] 前面走不动了（这一拍只挪了 0 格），记一次卡住 #26。
[03:22:13] [手] 前面走不动了（这一拍只挪了 0 格），记一次卡住 #27。
[03:22:15] [手] 前面走不动了（这一拍只挪了 0 格），记一次卡住 #28。
[03:22:18] [手] 前面走不动了（这一拍只挪了 0 格），记一次卡住 #29。
[03:22:21] [手] 前面走不动了（这一拍只挪了 0 格），记一次卡住 #30。
[03:22:23] [手] 前面走不动了（这一拍只挪了 0 格），记一次卡住 #31。
[03:22:25] [手] 前面走不动了（这一拍只挪了 0 格），记一次卡住 #32。
[03:22:28] [手] 前面走不动了（这一拍只挪了 0 格），记一次卡住 #33。
[03:22:30] [手] 前面走不动了（这一拍只挪了 0 格），记一次卡住 #34。
[03:22:33] [手] 前面走不动了（这一拍只挪了 0 格），记一次卡住 #35。
[03:22:35] [手] 前面走不动了（这一拍只挪了 0 格），记一次卡住 #36。
[03:22:38] [手] 前面走不动了（这一拍只挪了 0 格），记一次卡住 #37。
[03:22:41] [手] 前面走不动了（这一拍只挪了 0 格），记一次卡住 #38。
[03:22:43] [手] 前面走不动了（这一拍只挪了 0 格），记一次卡住 #39。
[03:22:46] [手] 前面走不动了（这一拍只挪了 0 格），记一次卡住 #40。
[03:22:48] [手] 撤退结束，站住。
[03:22:55] [手] 前面走不动了（这一拍只挪了 0 格），记一次卡住 #41。
[03:22:57] [手] 前面走不动了（这一拍只挪了 0 格），记一次卡住 #42。
[03:23:00] [手] 前面走不动了（这一拍只挪了 0 格），记一次卡住 #43。
[03:23:03] [手] 前面走不动了（这一拍只挪了 0 格），记一次卡住 #44。
[03:23:05] [手] 前面走不动了（这一拍只挪了 0 格），记一次卡住 #45。
[03:23:08] [手] 前面走不动了（这一拍只挪了 0 格），记一次卡住 #46。
[03:23:10] [手] 前面走不动了（这一拍只挪了 0 格），记一次卡住 #47。
[03:23:13] [手] 前面走不动了（这一拍只挪了 0 格），记一次卡住 #48。
[03:23:15] [手] 前面走不动了（这一拍只挪了 0 格），记一次卡住 #49。
[03:23:18] [手] 前面走不动了（这一拍只挪了 0 格），记一次卡住 #50。
[03:23:19] [手] 收到 SIGTERM，收工。
[03:23:19] [手] 连接结束：disconnect.quitting
