[01:16:57] [手] 把「XiaoJiaHuo」送进 127.0.0.1:25565（1.21.1，离线模式）…
[01:16:57] [手] 采样率切成 1Hz（每 1000ms 推一次）
[01:16:57] [手] 寻路插件挂上了：mineflayer-pathfinder
[01:16:57] [手] 身体插件挂上了：body（会 sneak、jump、jumpattack、swimdown、dig、place、craft、use）
[01:16:57] [手] 服务器探针开了：每 500ms 问一次 [mintstar] 的血量。
[01:16:57] [手] 接线口已就绪：[unix] /home/<用户>/cyberdyne-bridge/cyberdyne.sock
PartialReadError: Read error for undefined : Missing characters in string, found size is 108271 expected size was 114153
    at new ExtendableError (/home/<用户>/cyberdyne-bridge/node/node_modules/protodef/src/utils.js:63:13)
    at new PartialReadError (/home/<用户>/cyberdyne-bridge/node/node_modules/protodef/src/utils.js:70:5)
    at Object.string (eval at compile (/home/<用户>/cyberdyne-bridge/node/node_modules/protodef/src/compiler.js:262:12), <anonymous>:107:15)
    at eval (eval at compile (/home/<用户>/cyberdyne-bridge/node/node_modules/protodef/src/compiler.js:262:12), <anonymous>:891:65)
    at eval (eval at compile (/home/<用户>/cyberdyne-bridge/node/node_modules/protodef/src/compiler.js:262:12), <anonymous>:893:11)
    at Object.ArmorTrimMaterial (eval at compile (/home/<用户>/cyberdyne-bridge/node/node_modules/protodef/src/compiler.js:262:12), <anonymous>:898:9)
    at eval (eval at compile (/home/<用户>/cyberdyne-bridge/node/node_modules/protodef/src/compiler.js:262:12), <anonymous>:503:55)
    at eval (eval at compile (/home/<用户>/cyberdyne-bridge/node/node_modules/protodef/src/compiler.js:262:12), <anonymous>:506:15)
    at eval (eval at compile (/home/<用户>/cyberdyne-bridge/node/node_modules/protodef/src/compiler.js:262:12), <anonymous>:518:13)
    at Object.SlotComponent (eval at compile (/home/<用户>/cyberdyne-bridge/node/node_modules/protodef/src/compiler.js:262:12), <anonymous>:720:9)
[01:16:58] [手] 他已经站在世界里了。
[01:17:05] [手] 大脑接上了：unix（当前 1 个连接）
[01:17:28] [手] 大脑接上了：unix（当前 2 个连接）
[01:17:29] [手] 挥了一下「armor_stand」（出手时 3.0 格）
[01:17:31] [手] 「armor_stand」在 3.0 格外，可中间隔着方块 —— 这一下我不挥。
[01:17:33] [手] 大脑断开了（剩 1 个连接）
[01:17:49] [手] 大脑接上了：unix（当前 2 个连接）
[01:17:51] [手] 挥了一下「armor_stand」（出手时 3.0 格）
[01:17:55] [手] 「armor_stand」在 3.0 格外，可中间隔着方块 —— 这一下我不挥。
[01:17:58] [手] 大脑断开了（剩 1 个连接）
[01:19:05] [手] 收到 SIGTERM，收工。
[01:19:05] [手] 连接结束：disconnect.quitting
