启动器：外挂·动作面（主链 bridge.py 一个字节都没动）
工作目录：/home/<用户>/cyberdyne-bridge
[2026-10-01 06:29:56] 锚点自检通过：72 条全 ✅
[2026-10-01 06:29:56] 动作面开关 = 开（出处：config.json 的 m7.expand_actions）
[2026-10-01 06:29:56] 外置数据：物品映射 66 条 / 危险物品 15 条 / 动作词表 基础 9 + 扩展 3 个 / MC 1.21.1
[2026-10-01 06:29:56] 补丁已打上：10 处（**只改内存，磁盘上的 bridge.py 一个字节没动**）
[2026-10-01 06:29:56] 交棒给主链 bridge.主()
[06:29] Cyberdyne-Bridge M3 启动，大脑在外面。
           看住「XiaoJiaHuo」。
           反射层：跑、吃、保命、还手；指令层：听得懂话；采样：平静 1Hz / 战斗 5Hz。
[06:29] 接线口连上了 [unix] /home/<用户>/cyberdyne-bridge/./cyberdyne.sock
           指令层已上线；大模型层关着。
[06:29] 小家伙出生了，站在 (-39, 78, -39)
           血量 20/20，朝向 yaw=0.4 pitch=0.0
           他一睁眼就看到了：mintstar
[06:29] 采样速率切到 5Hz（战斗档）。
[06:29] mintstar在 4.0 格外晃 —— 我血够（20/20）、手上有家伙，这回不跑了，站住等它进来。
[06:30] mintstar都贴到我脸上了（2.2 格）—— 我还有 20/20 血、手上有家伙，他还有 15.8 血，跳起来劈它！
[06:30] mintstar在 2.3 格外晃 —— 我血够（20/20）、手上有家伙，这回不跑了，站住等它进来。
[06:30] 「jumpattack」没做成：这半秒里目标跑到 3.4 格外了，这一下不挥
[06:30] 他动了，挪到 (-39, 78, -39)（走了 0.8 格）
[06:30] 他扭头看了一眼
[06:30] 他动了，挪到 (-39, 78, -39)（走了 0.5 格）
[06:30] 疾跑拉开距离，别站在它脸上。
[06:30] mintstar都贴到我脸上了（1.3 格）—— 我还有 20/20 血、手上有家伙，他还有 15.8 血，不白挨：挥它一下就往后退！
[06:30] 打中了「mintstar」！
[06:30] mintstar在 2.4 格外晃 —— 我血够（20/20）、手上有家伙，这回不跑了，站住等它进来。
[06:30] 疾跑拉开距离，别站在它脸上。
[06:30] mintstar都贴到我脸上了（2.1 格）—— 我还有 20/20 血、手上有家伙，他还有 9.8 血，跳起来劈它！
[06:30] 打中了「mintstar」！
[06:30] 「jumpattack」成了（target=mintstar）。
[06:30] mintstar在 2.6 格外晃 —— 我血够（20/20）、手上有家伙，这回不跑了，站住等它进来。
[06:30] 疾跑拉开距离，别站在它脸上。
[06:30] 哎哟，挨了 1 点伤害，血 20 → 19/20
[06:30] mintstar都贴到我脸上了（1.9 格）—— 我还有 19/20 血、手上有家伙，他还有 3.8 血—— 他就剩这一口气了，补掉他！
[06:30] 补刀，不撤 —— 他就剩一口气了。
[06:30] 打中了「mintstar」！
[06:30] mintstar都贴到我脸上了（2.0 格）—— 我还有 20/20 血、手上有家伙，他还有 20 血，跳起来劈它！
[06:30] 打中了「mintstar」！
[06:30] 疾跑拉开距离，别站在它脸上。
