[01:50] Cyberdyne-Bridge M3 启动，大脑在外面。
           看住「XiaoJiaHuo」。
           反射层：跑、吃、保命、还手；指令层：听得懂话；采样：平静 1Hz / 战斗 5Hz。
[01:50] 接线口连上了 [unix] /home/<用户>/cyberdyne-bridge/./cyberdyne.sock
           指令层已上线；大模型层关着。
[01:50] 小家伙出生了，站在 (4, 98, 11)
           血量 20/20，朝向 yaw=6.3 pitch=0.0
           四下无人
[01:51] 他还在 (4, 98, 11)，身边没人｜血 20/20｜已经待了 1分0秒
[01:51] 采样速率 1Hz（平静档，身边没有敌人）。
[01:52] 他还在 (4, 98, 11)，身边没人｜血 20/20｜已经待了 2分0秒
[01:52] 采样速率 1Hz（平静档，身边没有敌人）。
[01:53] 他还在 (4, 98, 11)，身边没人｜血 20/20｜已经待了 3分0秒
[01:53] 采样速率 1Hz（平静档，身边没有敌人）。
[01:54] 他还在 (4, 98, 11)，身边没人｜血 20/20｜已经待了 4分0秒
[01:54] 采样速率 1Hz（平静档，身边没有敌人）。
[01:55] 他还在 (4, 98, 11)，身边没人｜血 20/20｜已经待了 5分0秒
[01:55] 采样速率 1Hz（平静档，身边没有敌人）。
[01:56] 他还在 (4, 98, 11)，身边没人｜血 20/20｜已经待了 6分0秒
[01:56] 采样速率 1Hz（平静档，身边没有敌人）。
[01:57] 他还在 (4, 98, 11)，身边没人｜血 20/20｜已经待了 7分0秒
[01:57] 采样速率 1Hz（平静档，身边没有敌人）。
[01:58] 他还在 (4, 98, 11)，身边没人｜血 20/20｜已经待了 8分0秒
[01:58] 采样速率 1Hz（平静档，身边没有敌人）。
[01:59] 他还在 (4, 98, 11)，身边没人｜血 20/20｜已经待了 9分0秒
[01:59] 采样速率 1Hz（平静档，身边没有敌人）。
[02:00] 他还在 (4, 98, 11)，身边没人｜血 20/20｜已经待了 10分0秒
[02:00] 采样速率 1Hz（平静档，身边没有敌人）。
[02:01] 他还在 (4, 98, 11)，身边没人｜血 20/20｜已经待了 11分0秒
[02:01] 采样速率 1Hz（平静档，身边没有敌人）。
[02:02] 他还在 (4, 98, 11)，身边没人｜血 20/20｜已经待了 12分0秒
[02:02] 采样速率 1Hz（平静档，身边没有敌人）。
[02:03] 他还在 (4, 98, 11)，身边没人｜血 20/20｜已经待了 13分0秒
[02:03] 采样速率 1Hz（平静档，身边没有敌人）。
[02:04] 他还在 (4, 98, 11)，身边没人｜血 20/20｜已经待了 14分0秒
[02:04] 采样速率 1Hz（平静档，身边没有敌人）。
[02:05] 他还在 (4, 98, 11)，身边没人｜血 20/20｜已经待了 15分0秒
[02:05] 采样速率 1Hz（平静档，身边没有敌人）。
[02:05] 他和世界的连接断了：disconnect.quitting
