[02:29] Cyberdyne-Bridge M3 启动，大脑在外面。
           看住「XiaoJiaHuo」。
           反射层：跑、吃、保命、还手；指令层：听得懂话；采样：平静 1Hz / 战斗 5Hz。
[02:29] 接线口连上了 [unix] /home/<用户>/cyberdyne-bridge/./cyberdyne.sock
           指令层已上线；大模型层关着。
[02:29] 小家伙出生了，站在 (-24, 78, -11)
           血量 20/20，朝向 yaw=5.3 pitch=0.0
           他一睁眼就看到了：PreyBot、mintstar
[02:29] 采样速率切到 5Hz（战斗档）。
[02:29] 他动了，挪到 (20, 78, -22)（走了 46.1 格）
[02:29] 「PreyBot」走开了
[02:29] 「mintstar」走开了
[02:29] 采样速率切到 1Hz（平静档）。
[02:30] 他还在 (20, 78, -22)，身边没人｜血 20/20｜已经待了 1分29秒
[02:30] 采样速率 1Hz（平静档，身边没有敌人）。
[02:31] 他扭头看了一眼
[02:31] 采样速率 1Hz（平静档，身边没有敌人）。
[02:32] 他还在 (20, 78, -22)，身边没人｜血 20/20｜已经待了 3分7秒
[02:32] 采样速率 1Hz（平静档，身边没有敌人）。
[02:33] 他还在 (20, 78, -22)，身边没人｜血 20/20｜已经待了 4分7秒
[02:33] 采样速率 1Hz（平静档，身边没有敌人）。
[02:34] 他还在 (20, 78, -22)，身边没人｜血 20/20｜已经待了 5分7秒
[02:34] 采样速率 1Hz（平静档，身边没有敌人）。
[02:35] 他还在 (20, 78, -22)，身边没人｜血 20/20｜已经待了 6分7秒
[02:35] 采样速率 1Hz（平静档，身边没有敌人）。
[02:36] 他还在 (20, 78, -22)，身边没人｜血 20/20｜已经待了 7分7秒
[02:36] 采样速率 1Hz（平静档，身边没有敌人）。
[02:37] 他还在 (20, 78, -22)，身边没人｜血 20/20｜已经待了 8分7秒
[02:37] 采样速率 1Hz（平静档，身边没有敌人）。
[02:38] 他还在 (20, 78, -22)，身边没人｜血 20/20｜已经待了 9分7秒
[02:38] 采样速率 1Hz（平静档，身边没有敌人）。
[02:39] 他还在 (20, 78, -22)，身边没人｜血 20/20｜已经待了 10分7秒
[02:39] 采样速率 1Hz（平静档，身边没有敌人）。
[02:40] 他还在 (20, 78, -22)，身边没人｜血 20/20｜已经待了 11分7秒
[02:40] 采样速率 1Hz（平静档，身边没有敌人）。
[02:41] 他还在 (20, 78, -22)，身边没人｜血 20/20｜已经待了 12分7秒
[02:41] 采样速率 1Hz（平静档，身边没有敌人）。
[02:42] 他还在 (20, 78, -22)，身边没人｜血 20/20｜已经待了 13分7秒
[02:42] 采样速率 1Hz（平静档，身边没有敌人）。
[02:43] 他还在 (20, 78, -22)，身边没人｜血 20/20｜已经待了 14分7秒
[02:43] 采样速率 1Hz（平静档，身边没有敌人）。
[02:44] 他还在 (20, 78, -22)，身边没人｜血 20/20｜已经待了 15分7秒
[02:44] 采样速率 1Hz（平静档，身边没有敌人）。
[02:45] 他还在 (20, 78, -22)，身边没人｜血 20/20｜已经待了 16分7秒
[02:45] 采样速率 1Hz（平静档，身边没有敌人）。
[02:46] 他还在 (20, 78, -22)，身边没人｜血 20/20｜已经待了 17分7秒
[02:46] 采样速率 1Hz（平静档，身边没有敌人）。
[02:47] 他还在 (20, 78, -22)，身边没人｜血 20/20｜已经待了 18分7秒
[02:47] 采样速率 1Hz（平静档，身边没有敌人）。
[02:48] 他还在 (20, 78, -22)，身边没人｜血 20/20｜已经待了 19分7秒
[02:48] 采样速率 1Hz（平静档，身边没有敌人）。
[02:49] 他还在 (20, 78, -22)，身边没人｜血 20/20｜已经待了 20分7秒
[02:49] 采样速率 1Hz（平静档，身边没有敌人）。
[02:50] 他还在 (20, 78, -22)，身边没人｜血 20/20｜已经待了 21分7秒
[02:50] 采样速率 1Hz（平静档，身边没有敌人）。
[02:51] 他还在 (20, 78, -22)，身边没人｜血 20/20｜已经待了 22分7秒
[02:51] 采样速率 1Hz（平静档，身边没有敌人）。
[02:52] 他还在 (20, 78, -22)，身边没人｜血 20/20｜已经待了 23分7秒
[02:52] 采样速率 1Hz（平静档，身边没有敌人）。
[02:52] 他和世界的连接断了：disconnect.quitting
