[03:17] Cyberdyne-Bridge M3 启动，大脑在外面。
           看住「XiaoJiaHuo」。
           反射层：跑、吃、保命、还手；指令层：听得懂话；采样：平静 1Hz / 战斗 5Hz。
[03:17] 接线口连上了 [unix] /home/<用户>/cyberdyne-bridge/./cyberdyne.sock
           指令层已上线；大模型层关着。
[03:17] 小家伙出生了，站在 (22, 78, -20)
           血量 20/20，朝向 yaw=3.1 pitch=-0.8
           四下无人
[03:17] 听懂了：「烧铁 20 78 -20」→ task
[03:17] 好，我去了：烧矿（6 步）。
[03:17] mintstar 说话了：「烧铁 20 78 -20」
[03:17] 视野里出现了「PreyBot」，4.0 格远
[03:17] 采样速率切到 5Hz（战斗档）。
[03:17] PreyBot在 4.0 格外晃 —— 我血够（20/20）、手上有家伙，这回不跑了，站住等它进来。
[03:17] 先停一下手上的活 —— 迎战。
[03:17] 他扭头看了一眼
[03:17] 咦，「PreyBot」在那儿（4 格） —— 这回换我主动了，别跑！
[03:17] 前面走不动（第 1 次卡住）—— 我换个方向绕过去。
[03:17] 他动了，挪到 (22, 79, -20)（走了 1.4 格）
[03:17] 哎哟，挨了 6 点伤害，血 20 → 14/20
[03:17] 他动了，挪到 (22, 78, -20)（走了 0.7 格）
[03:17] 他动了，挪到 (22, 78, -20)（走了 0.8 格）
[03:17] PreyBot都贴到我脸上了（1.8 格）—— 我还有 14/20 血、手上有家伙，跳起来劈它！
[03:17] 哎哟，挨了 6 点伤害，血 14 → 8/20
[03:17] 「jumpattack」没做成：这半秒里目标跑到 3.5 格外了，这一下不挥
[03:17] PreyBot都贴到我脸上了（1.6 格）—— 我还有 8/20 血、手上有家伙，这回不退，扑上去接着打！
[03:17] 打中了「PreyBot」！
[03:17] 哎哟，挨了 6 点伤害，血 8 → 2/20
[03:17] PreyBot都贴到我脸上了（2.1 格）—— 我还有 2/20 血、手上有家伙，这回不退，扑上去接着打！
[03:17] 打中了「PreyBot」！
[03:17] 他倒下了。
[03:17] 哎哟，挨了 2 点伤害，血 2 → 0/20
[03:17] 咦，「PreyBot」人没了，我先站住。
[03:17] 血只剩 0/20 了，又没吃的。我原地不动，盼着别被谁看见…
[03:17] 我又站起来了。家当多半散在倒下的地方，先看看背包里还剩什么…
[03:17] 我把吃的弄丢了，得重新找 —— 背包是空的，附近也没我够得着的掉落物。血 20/20，我原地等一会儿，谁路过给我扔口吃的吧…
[03:17] 先停一下手上的活 —— 前往。
[03:17] 呜呜，有个PreyBot靠近我（4.5 格），我赶紧往后跑！
[03:17] 先停一下手上的活 —— 逃跑。
[03:17] 先停一下手上的活 —— 逃跑。
[03:17] 哎哟，挨了 6 点伤害，血 20 → 14/20
[03:17] 先停一下手上的活 —— 逃跑。
[03:17] 哎哟，挨了 5 点伤害，血 14 → 8.8/20
[03:17] 哎哟，挨了 5 点伤害，血 8.8 → 3.5/20
[03:17] 呜…我快不行了（血 4/20），背包里一点吃的都没有，「PreyBot」离我只有 1.8 格——我不能打，只能慢慢往后挪。
[03:17] 先停一下手上的活 —— 濒危。
[03:17] 他倒下了。
[03:17] 哎哟，挨了 4 点伤害，血 3.5 → 0/20
[03:17] 先停一下手上的活 —— 濒危。
[03:17] 我又站起来了。家当多半散在倒下的地方，先看看背包里还剩什么…
[03:17] 先停一下手上的活 —— 前往。
[03:17] 先停一下手上的活 —— 拾取。
[03:17] 呜呜，有个PreyBot靠近我（4.2 格），我赶紧往后跑！
[03:17] 先停一下手上的活 —— 逃跑。
[03:17] 先停一下手上的活 —— 逃跑。
[03:17] 「furnace_put」没做成：背包里没有「iron_ore」
[03:18] 「furnace_put」没做成：离熔炉 10.6 格，够不着（最多 4.5）
[03:18] 「furnace_put」没做成：离熔炉 10.6 格，够不着（最多 4.5）
[03:18] 「furnace_put」没做成：离熔炉 10.6 格，够不着（最多 4.5）
[03:18] 「furnace_put」没做成：离熔炉 10.6 格，够不着（最多 4.5）
[03:18] 「furnace_put」没做成：离熔炉 10.6 格，够不着（最多 4.5）
[03:18] 「furnace_put」没做成：离熔炉 10.6 格，够不着（最多 4.5）
[03:18] 采样速率 5Hz（战斗档，身边没有敌人）。
[03:18] 「furnace_put」没做成：离熔炉 10.6 格，够不着（最多 4.5）
[03:18] 「furnace_put」没做成：离熔炉 10.6 格，够不着（最多 4.5）
[03:18] 「furnace_put」没做成：离熔炉 10.6 格，够不着（最多 4.5）
[03:18] 「furnace_put」没做成：离熔炉 10.6 格，够不着（最多 4.5）
[03:18] 「furnace_put」没做成：离熔炉 10.6 格，够不着（最多 4.5）
[03:18] 第 2 步没成（等了 60 秒还没成（超时））—— 1 秒后我再试一次（第 1 次）。
[03:18] 「furnace_put」没做成：离熔炉 10.6 格，够不着（最多 4.5）
[03:19] 「furnace_put」没做成：离熔炉 10.6 格，够不着（最多 4.5）
[03:19] 「furnace_put」没做成：离熔炉 10.6 格，够不着（最多 4.5）
[03:19] 「furnace_put」没做成：离熔炉 10.6 格，够不着（最多 4.5）
[03:19] 「furnace_put」没做成：离熔炉 10.6 格，够不着（最多 4.5）
[03:19] 「furnace_put」没做成：离熔炉 10.6 格，够不着（最多 4.5）
[03:19] 采样速率 5Hz（战斗档，身边没有敌人）。
[03:19] 「furnace_put」没做成：离熔炉 10.6 格，够不着（最多 4.5）
[03:19] 「furnace_put」没做成：离熔炉 10.6 格，够不着（最多 4.5）
[03:19] 「furnace_put」没做成：离熔炉 10.6 格，够不着（最多 4.5）
[03:19] 「furnace_put」没做成：离熔炉 10.6 格，够不着（最多 4.5）
[03:19] 「PreyBot」走开了
[03:19] 视野里出现了「PreyBot」，12.1 格远
[03:19] 他和世界的连接断了：disconnect.quitting
