[04:45] Cyberdyne-Bridge M3 启动，大脑在外面。
           看住「XiaoJiaHuo」。
           反射层：跑、吃、保命、还手；指令层：听得懂话；采样：平静 1Hz / 战斗 5Hz。
[04:45] 接线口连上了 [unix] /home/<用户>/cyberdyne-bridge/./cyberdyne.sock
           指令层已上线；大模型层关着。
[04:45] 小家伙出生了，站在 (-0, 78, 8)
           血量 20/20，朝向 yaw=1.4 pitch=0.0
           四下无人
[04:45] 听懂了：「看看周围」→ look
[04:45] mintstar 说话了：「看看周围」
[04:45] 【视觉】
现在是第 0 天的上午（白天·晴），我在（脚下是 stone），站着 [0, 78, 8]
周围空空的（脚下是 stone），没什么挡路的
[04:45] 「mintstar」说「你好呀」—— 这句我没学过，先老实说不会，绝不乱动。（听不懂第 1 条）
[04:45] mintstar 说话了：「你好呀」
[04:45] 听懂了：「你记得什么」→ remember
[04:45] mintstar 说话了：「你记得什么」
[04:46] 听懂了：「你记得什么」→ remember
[04:46] mintstar 说话了：「你记得什么」
[04:46] 他和世界的连接断了：disconnect.quitting
