[03:37] Cyberdyne-Bridge M3 启动，大脑在外面。
           看住「XiaoJiaHuo」。
           反射层：跑、吃、保命、还手；指令层：听得懂话；采样：平静 1Hz / 战斗 5Hz。
[03:37] 接线口连上了 [unix] /home/<用户>/cyberdyne-bridge/./cyberdyne.sock
           指令层已上线；大模型层关着。
[03:37] 小家伙出生了，站在 (11, 78, 10)
           血量 12.7/20，朝向 yaw=4.7 pitch=0.0
           他一睁眼就看到了：item、mintstar
[03:37] 他动了，挪到 (10, 78, 8)（走了 1.7 格）
[03:37] 听懂了：「挖 10 77 10 12 77 10 8 77 12 然后回来」→ task
[03:37] 好，我去了：挖 3 格再回来（11 步）。
[03:37] mintstar 说话了：「挖 10 77 10 12 77 10 8 77 12 然后回来」
[03:37] 「item」走开了
[03:37] 采样速率切到 5Hz（战斗档）。
[03:37] 第 1 步「走到」做完了（用了 1 秒）。
[03:37] 「dig」成了（挖掉=stone）。
[03:37] 视野里出现了「item」，2.0 格远
[03:37] 第 2 步「挖」做完了（用了 1 秒）。
[03:37] 干完了：挖 3 格再回来。
[03:38] 采样速率切到 1Hz（平静档）。
[03:39] 他还在 (9, 78, 10)，身边有 item(2格)、item(3格)｜血 12.7/20｜已经待了 1分25秒（期间压掉了 27 条啰嗦的）
[03:39] 采样速率 1Hz（平静档，身边没有敌人）。
[03:39] 听懂了：「挖 20 77 -18 然后回来」→ task
[03:39] 好，我去了：挖 1 格再回来（5 步）。
[03:39] mintstar 说话了：「挖 20 77 -18 然后回来」
[03:39] 采样速率切到 5Hz（战斗档）。
[03:39] 他动了，挪到 (10, 78, 9)（走了 0.6 格）
[03:39] 他扭头看了一眼
[03:39] 他动了，挪到 (10, 78, 8)（走了 1.0 格）
[03:39] 他扭头看了一眼
[03:39] 他动了，挪到 (11, 78, 7)（走了 1.1 格）
[03:39] 他动了，挪到 (11, 78, 6)（走了 1.1 格）
[03:39] 他扭头看了一眼
[03:39] 他动了，挪到 (11, 78, 5)（走了 1.1 格）
[03:39] 干完了：挖 1 格再回来。
[03:39] 采样速率切到 1Hz（平静档）。
[03:40] 他动了，挪到 (0, 78, 0)（走了 12.7 格）
[03:40] 他扭头看了一眼
[03:40] 好，我去了：去一趟再回来（4 步）。
[03:40] 采样速率切到 5Hz（战斗档）。
[03:40] 好，我不干了（主人叫停，停在 1/4 步）。
[03:40] 采样速率切到 1Hz（平静档）。
[03:40] 好，我去了：挖 1 格再回来（5 步）。
[03:40] 采样速率切到 5Hz（战斗档）。
[03:40] 他动了，挪到 (32, 78, 14)（走了 1.1 格）
[03:40] 他动了，挪到 (32, 78, 13)（走了 1.1 格）
[03:40] 他动了，挪到 (32, 78, 12)（走了 1.1 格）
[03:40] 他动了，挪到 (32, 78, 11)（走了 1.1 格）
[03:40] 他动了，挪到 (32, 78, 10)（走了 1.1 格）
[03:40] 他动了，挪到 (32, 78, 9)（走了 1.1 格）
[03:40] 他动了，挪到 (32, 78, 8)（走了 1.1 格）
[03:40] 他动了，挪到 (32, 78, 6)（走了 1.1 格）
[03:40] 他动了，挪到 (32, 78, 5)（走了 1.1 格）
[03:40] 他动了，挪到 (31, 78, 4)（走了 1.1 格）
[03:40] 第 2 步没成（「bedrock」这种方块我挖不动）—— 1 秒后我再试一次（第 1 次）。
[03:40] 第 2 步没成（「bedrock」这种方块我挖不动）—— 3 秒后我再试一次（第 2 次）。
[03:40] 这活我干不了了：第 2 步「挖」试了 3 次都不成（「bedrock」这种方块我挖不动）。
[03:40] 采样速率切到 1Hz（平静档）。
[03:41] 他和世界的连接断了：disconnect.quitting
