[01:35] Cyberdyne-Bridge M3 启动，大脑在外面。
           看住「XiaoJiaHuo」。
           反射层：跑、吃、保命、还手；指令层：听得懂话；采样：平静 1Hz / 战斗 5Hz。
[01:35] 接线口连上了 [unix] /home/<用户>/cyberdyne-bridge/./cyberdyne.sock
           指令层已上线；大模型层关着。
[01:35] 小家伙出生了，站在 (40, 78, 40)
           血量 4.3/20，朝向 yaw=4.1 pitch=0.0
           他一睁眼就看到了：mintstar
[01:35] 采样速率切到 5Hz（战斗档）。
[01:35] 呜呜，有个mintstar靠近我（3.0 格），我赶紧往后跑！
[01:36] 血回满了（20/20）。
[01:36] mintstar在 3.0 格外晃 —— 我血够（20/20）、手上有家伙，这回不跑了，站住等它进来。
[01:36] 咦，「mintstar」在那儿（3 格） —— 这回换我主动了，别跑！
[01:36] mintstar在 2.2 格外晃 —— 我血够（20/20）、手上有家伙，这回不跑了，站住等它进来。
[01:36] mintstar都贴到我脸上了（1.1 格）—— 我还有 20/20 血、手上有家伙，他还有 1.8 血—— 他就剩这一口气了，补掉他！
[01:36] 补刀，不撤 —— 他就剩一口气了。
[01:36] 打中了「mintstar」！
[01:36] mintstar在 1.2 格外晃 —— 我血够（20/20）、手上有家伙，这回不跑了，站住等它进来。
[01:36] mintstar都贴到我脸上了（1.9 格）—— 我还有 20/20 血、手上有家伙，他还有 0 血—— 他就剩这一口气了，补掉他！
[01:36] 补刀，不撤 —— 他就剩一口气了。
[01:36] mintstar在 1.7 格外晃 —— 我血够（20/20）、手上有家伙，这回不跑了，站住等它进来。
[01:36] 「mintstar」走开了
[01:36] 「mintstar」躺下了 —— 打赢啦！
[01:36] 采样速率切到 1Hz（平静档）。
[01:36] 咦，「mintstar」在那儿（23 格） —— 这回换我主动了，别跑！
[01:36] 他动了，挪到 (-30, 78, -30)（走了 94.6 格）
[01:36] 视野里出现了「zombie」，3.2 格远
[01:36] 采样速率切到 5Hz（战斗档）。
[01:36] 僵尸都贴到我脸上了（2.2 格）—— 我还有 20/20 血、手上有家伙，这回不退，扑上去接着打！
[01:36] 打中了「僵尸」！
[01:36] 僵尸都贴到我脸上了（1.9 格）—— 我还有 20/20 血、手上有家伙，这回不退，扑上去接着打！
[01:36] 哎哟，挨了 1 点伤害，血 20 → 18.6/20
[01:36] 哎哟，挨了 2 点伤害，血 18.6 → 16.2/20
[01:36] mintstar都贴到我脸上了（2.0 格）—— 我还有 16.2/20 血、手上有家伙，他还有 20 血，这回不退，扑上去接着打！
[01:36] 打中了「mintstar」！
[01:36] mintstar都贴到我脸上了（1.9 格）—— 我还有 16.2/20 血、手上有家伙，他还有 17.5 血，这回不退，扑上去接着打！
[01:36] 打中了「mintstar」！
[01:36] 哎哟，挨了 3 点伤害，血 16.2 → 13.6/20
[01:36] 哎哟，挨了 3 点伤害，血 13.6 → 10.5/20
[01:36] mintstar都贴到我脸上了（2.2 格）—— 我还有 10.5/20 血、手上有家伙，他还有 15.3 血，跳起来劈它！
[01:36] mintstar在 1.9 格外晃 —— 我血够（10.5/20）、手上有家伙，这回不跑了，站住等它进来。
[01:36] 「jumpattack」成了（target=mintstar）。
[01:36] 他动了，挪到 (-1, 78, 1)（走了 1.0 格）
[01:36] mintstar都贴到我脸上了（1.3 格）—— 我还有 10.5/20 血、手上有家伙，他还有 10.4 血，这回不退，扑上去接着打！
[01:36] 打中了「mintstar」！
[01:36] 哎哟，挨了 2 点伤害，血 10.5 → 8.2/20
[01:36] mintstar在 1.2 格外晃 —— 我血够（8.2/20）、手上有家伙，这回不跑了，站住等它进来。
[01:36] 哎哟，挨了 3 点伤害，血 8.2 → 5.5/20
[01:36] mintstar都贴到我脸上了（1.3 格）—— 我还有 5.5/20 血、手上有家伙，他还有 7.6 血，这回不退，扑上去接着打！
[01:36] 打中了「mintstar」！
[01:36] mintstar都贴到我脸上了（1.8 格）—— 我还有 3.8/20 血、手上有家伙，他还有 4.5 血—— 他就剩这一口气了，补掉他！
[01:36] 补刀，不撤 —— 他就剩一口气了。
[01:36] 打中了「mintstar」！
[01:36] mintstar都贴到我脸上了（1.7 格）—— 我还有 3.8/20 血、手上有家伙，他还有 0 血—— 他就剩这一口气了，补掉他！
[01:36] 补刀，不撤 —— 他就剩一口气了。
[01:36] 「mintstar」躺下了 —— 打赢啦！
[01:36] 你打我？那我不客气了 —— 这回不死不休！
[01:37] mintstar都贴到我脸上了（2.2 格）—— 我还有 3.8/20 血、手上有家伙，他还有 20 血，跳起来劈它！
[01:37] 哎哟，挨了 2 点伤害，血 5.5 → 3.8/20
[01:37] mintstar都贴到我脸上了（2.0 格）—— 我还有 3.8/20 血、手上有家伙，他还有 20 血，这回不退，扑上去接着打！
[01:37] mintstar都贴到我脸上了（1.7 格）—— 我还有 3.8/20 血、手上有家伙，他还有 20 血，这回不退，扑上去接着打！
[01:37] mintstar都贴到我脸上了（2.0 格）—— 我还有 2.2/20 血、手上有家伙，他还有 20 血，跳起来劈它！
[01:37] 「jumpattack」没做成：还没挥它就落地了（这地方太矮，跳不出暴击）
[01:37] 哎哟，挨了 2 点伤害，血 3.8 → 1.6/20
[01:37] mintstar都贴到我脸上了（1.4 格）—— 我还有 1.5/20 血、手上有家伙，他还有 20 血，跳起来劈它！
[01:37] 他倒下了。
[01:37] 我又站起来了。家当多半散在倒下的地方，先看看背包里还剩什么…
[01:37] 呜，我被「mintstar」打倒了 —— 这次算我输。
[01:37] 你打我？那我不客气了 —— 这回不死不休！
[01:37] mintstar都贴到我脸上了（1.6 格）—— 我还有 20/20 血、手上有家伙，他还有 19.2 血，这回不退，扑上去接着打！
[01:37] mintstar在 1.7 格外晃 —— 我血够（11.4/20）、手上有家伙，这回不跑了，站住等它进来。
[01:37] mintstar在 1.3 格外晃 —— 我血够（11.4/20）、手上有家伙，这回不跑了，站住等它进来。
[01:37] 他动了，挪到 (4, 78, 2)（走了 0.8 格）
[01:37] mintstar都贴到我脸上了（1.3 格）—— 我还有 1.1/20 血、手上有家伙，他还有 0 血—— 他就剩这一口气了，补掉他！
[01:37] 补刀，不撤 —— 他就剩一口气了。
[01:37] 「mintstar」走开了
[01:37] 「mintstar」躺下了 —— 打赢啦！
[01:37] 你打我？那我不客气了 —— 这回不死不休！
[01:37] mintstar在 1.4 格外晃 —— 我血够（1.1/20）、手上有家伙，这回不跑了，站住等它进来。
[01:37] 他倒下了。
[01:37] 吃完啦，长舒一口气。
[01:37] 哎哟，挨了 3 点伤害，血 2.8 → 0/20
[01:37] 咦，「mintstar」人没了，我先站住。
[01:37] mintstar都贴到我脸上了（1.9 格）—— 我还有 17.6/20 血、手上有家伙，他还有 20 血，跳起来劈它！
