[05:02] Cyberdyne-Bridge M3 启动，大脑在外面。
           看住「XiaoJiaHuo」。
           反射层：跑、吃、保命、还手；指令层：听得懂话；采样：平静 1Hz / 战斗 5Hz。
[05:02] 接线口连上了 [unix] /home/<用户>/cyberdyne-bridge/./cyberdyne.sock
           指令层已上线；大模型层关着。
[05:02] 小家伙出生了，站在 (-8, 78, 0)
           血量 14/20，朝向 yaw=1.6 pitch=0.0
           四下无人
[05:03] 他还在 (-8, 78, 0)，身边没人｜血 14/20｜已经待了 1分0秒
[05:03] 采样速率 1Hz（平静档，身边没有敌人）。
[05:04] 他还在 (-8, 78, 0)，身边没人｜血 14/20｜已经待了 2分0秒
[05:04] 采样速率 1Hz（平静档，身边没有敌人）。
[05:05] 他还在 (-8, 78, 0)，身边没人｜血 14/20｜已经待了 3分0秒
[05:05] 采样速率 1Hz（平静档，身边没有敌人）。
[05:06] 他还在 (-8, 78, 0)，身边没人｜血 14/20｜已经待了 4分0秒
[05:06] 采样速率 1Hz（平静档，身边没有敌人）。
[05:07] 他还在 (-8, 78, 0)，身边没人｜血 14/20｜已经待了 5分0秒
[05:07] 采样速率 1Hz（平静档，身边没有敌人）。
[05:08] 他还在 (-8, 78, 0)，身边没人｜血 14/20｜已经待了 6分0秒
[05:08] 采样速率 1Hz（平静档，身边没有敌人）。
[05:09] 他还在 (-8, 78, 0)，身边没人｜血 14/20｜已经待了 7分0秒
[05:09] 采样速率 1Hz（平静档，身边没有敌人）。
[05:10] 他还在 (-8, 78, 0)，身边没人｜血 14/20｜已经待了 8分0秒
[05:10] 采样速率 1Hz（平静档，身边没有敌人）。
[05:11] 他还在 (-8, 78, 0)，身边没人｜血 14/20｜已经待了 9分0秒
[05:11] 采样速率 1Hz（平静档，身边没有敌人）。
[05:12] 他还在 (-8, 78, 0)，身边没人｜血 14/20｜已经待了 10分0秒
[05:12] 采样速率 1Hz（平静档，身边没有敌人）。
[05:13] 他还在 (-8, 78, 0)，身边没人｜血 14/20｜已经待了 11分0秒
[05:13] 采样速率 1Hz（平静档，身边没有敌人）。
[05:14] 他还在 (-8, 78, 0)，身边没人｜血 14/20｜已经待了 12分0秒
[05:14] 采样速率 1Hz（平静档，身边没有敌人）。
[05:15] 他还在 (-8, 78, 0)，身边没人｜血 14/20｜已经待了 13分0秒
[05:15] 采样速率 1Hz（平静档，身边没有敌人）。
[05:16] 他还在 (-8, 78, 0)，身边没人｜血 14/20｜已经待了 14分0秒
[05:16] 采样速率 1Hz（平静档，身边没有敌人）。
[05:17] 他还在 (-8, 78, 0)，身边没人｜血 14/20｜已经待了 15分0秒
[05:17] 采样速率 1Hz（平静档，身边没有敌人）。
[05:18] 他还在 (-8, 78, 0)，身边没人｜血 14/20｜已经待了 16分0秒
[05:18] 采样速率 1Hz（平静档，身边没有敌人）。
[05:19] 他还在 (-8, 78, 0)，身边没人｜血 14/20｜已经待了 17分0秒
[05:19] 采样速率 1Hz（平静档，身边没有敌人）。
[05:20] 他还在 (-8, 78, 0)，身边没人｜血 14/20｜已经待了 18分0秒
[05:20] 采样速率 1Hz（平静档，身边没有敌人）。
[05:21] 他还在 (-8, 78, 0)，身边没人｜血 14/20｜已经待了 19分0秒
[05:21] 采样速率 1Hz（平静档，身边没有敌人）。
[05:22] 他还在 (-8, 78, 0)，身边没人｜血 14/20｜已经待了 20分0秒
[05:22] 采样速率 1Hz（平静档，身边没有敌人）。
[05:23] 他还在 (-8, 78, 0)，身边没人｜血 14/20｜已经待了 21分0秒
[05:23] 采样速率 1Hz（平静档，身边没有敌人）。
[05:24] 他还在 (-8, 78, 0)，身边没人｜血 14/20｜已经待了 22分0秒
[05:24] 采样速率 1Hz（平静档，身边没有敌人）。
[05:25] 他还在 (-8, 78, 0)，身边没人｜血 14/20｜已经待了 23分0秒
[05:25] 采样速率 1Hz（平静档，身边没有敌人）。
[05:26] 他还在 (-8, 78, 0)，身边没人｜血 14/20｜已经待了 24分0秒
[05:26] 采样速率 1Hz（平静档，身边没有敌人）。
[05:27] 他还在 (-8, 78, 0)，身边没人｜血 14/20｜已经待了 25分0秒
[05:27] 采样速率 1Hz（平静档，身边没有敌人）。
[05:28] 他还在 (-8, 78, 0)，身边没人｜血 14/20｜已经待了 26分0秒
[05:28] 采样速率 1Hz（平静档，身边没有敌人）。
[05:29] 他还在 (-8, 78, 0)，身边没人｜血 14/20｜已经待了 27分0秒
[05:29] 采样速率 1Hz（平静档，身边没有敌人）。
[05:30] 他还在 (-8, 78, 0)，身边没人｜血 14/20｜已经待了 28分0秒
[05:30] 采样速率 1Hz（平静档，身边没有敌人）。
[05:31] 他还在 (-8, 78, 0)，身边没人｜血 14/20｜已经待了 29分0秒
[05:31] 采样速率 1Hz（平静档，身边没有敌人）。
[05:32] 他还在 (-8, 78, 0)，身边没人｜血 14/20｜已经待了 30分0秒
[05:32] 采样速率 1Hz（平静档，身边没有敌人）。
[05:33] 他还在 (-8, 78, 0)，身边没人｜血 14/20｜已经待了 31分0秒
[05:33] 采样速率 1Hz（平静档，身边没有敌人）。
[05:34] 他还在 (-8, 78, 0)，身边没人｜血 14/20｜已经待了 32分0秒
[05:34] 采样速率 1Hz（平静档，身边没有敌人）。
[05:35] 他还在 (-8, 78, 0)，身边没人｜血 14/20｜已经待了 33分0秒
[05:35] 采样速率 1Hz（平静档，身边没有敌人）。
[05:36] 他还在 (-8, 78, 0)，身边没人｜血 14/20｜已经待了 34分0秒
[05:36] 采样速率 1Hz（平静档，身边没有敌人）。
[05:37] 他还在 (-8, 78, 0)，身边没人｜血 14/20｜已经待了 35分0秒
[05:37] 采样速率 1Hz（平静档，身边没有敌人）。
[05:38] 他还在 (-8, 78, 0)，身边没人｜血 14/20｜已经待了 36分0秒
[05:38] 采样速率 1Hz（平静档，身边没有敌人）。
[05:39] 他还在 (-8, 78, 0)，身边没人｜血 14/20｜已经待了 37分0秒
[05:39] 采样速率 1Hz（平静档，身边没有敌人）。
[05:40] 他还在 (-8, 78, 0)，身边没人｜血 14/20｜已经待了 38分0秒
[05:40] 采样速率 1Hz（平静档，身边没有敌人）。
[05:41] 他还在 (-8, 78, 0)，身边没人｜血 14/20｜已经待了 39分0秒
[05:41] 采样速率 1Hz（平静档，身边没有敌人）。
[05:42] 他还在 (-8, 78, 0)，身边没人｜血 14/20｜已经待了 40分0秒
[05:42] 采样速率 1Hz（平静档，身边没有敌人）。
[05:43] 视野里出现了「mintstar」，13.5 格远
[05:43] 采样速率切到 5Hz（战斗档）。
[05:43] mintstar在 4.8 格外晃 —— 我血够（14/20）、手上有家伙，这回不跑了，站住等它进来。
[05:43] 他动了，挪到 (-9, 79, 1)（走了 1.3 格）
[05:43] 哎哟，挨了 1 点伤害，血 14 → 13/20
[05:43] 他动了，挪到 (-10, 79, 2)（走了 1.3 格）
[05:43] 他动了，挪到 (-10, 78, 2)（走了 1.2 格）
[05:43] 他动了，挪到 (-11, 78, 2)（走了 0.5 格）
[05:43] mintstar都贴到我脸上了（1.2 格）—— 我还有 13/20 血、手上有家伙，他还有 20 血，跳起来劈它！
[05:43] 呜呜，有个mintstar靠近我（2.1 格），我赶紧往后跑！
[05:43] 「jumpattack」没做成：这半秒里目标跑到 3.1 格外了，这一下不挥
[05:43] 疾跑拉开距离，别站在它脸上。
[05:43] 他动了，挪到 (-17, 78, 8)（走了 0.8 格）
[05:43] 哎哟，挨了 1 点伤害，血 13 → 12/20
[05:43] 他动了，挪到 (-28, 78, 21)（走了 1.1 格）
[05:43] 他动了，挪到 (-21, 78, 39)（走了 1.1 格）
[05:43] 呜呜，有个mintstar靠近我（5.0 格），我赶紧往后跑！
[05:43] 他动了，挪到 (-15, 78, 40)（走了 1.1 格）
[05:43] 采样速率切到 1Hz（平静档）。
[05:44] 他还在 (-32, 78, 40)，身边有 mintstar(14格)｜血 12/20｜已经待了 41分46秒（期间压掉了 1 条啰嗦的）
[05:44] 采样速率 1Hz（平静档，身边没有敌人）。
[05:45] 他还在 (-32, 78, 40)，身边有 mintstar(14格)｜血 12/20｜已经待了 42分46秒
[05:45] 采样速率 1Hz（平静档，身边没有敌人）。
[05:46] 他还在 (-32, 78, 40)，身边有 mintstar(14格)｜血 12/20｜已经待了 43分46秒
[05:46] 采样速率 1Hz（平静档，身边没有敌人）。
[05:47] 他还在 (-32, 78, 40)，身边有 mintstar(14格)｜血 12/20｜已经待了 44分46秒
[05:47] 采样速率 1Hz（平静档，身边没有敌人）。
[05:48] 他还在 (-32, 78, 40)，身边有 mintstar(14格)｜血 12/20｜已经待了 45分46秒
[05:48] 采样速率 1Hz（平静档，身边没有敌人）。
[05:49] 他还在 (-32, 78, 40)，身边有 mintstar(14格)｜血 12/20｜已经待了 46分46秒
[05:49] 采样速率 1Hz（平静档，身边没有敌人）。
[05:50] 他还在 (-32, 78, 40)，身边有 mintstar(14格)｜血 12/20｜已经待了 47分46秒
[05:50] 采样速率 1Hz（平静档，身边没有敌人）。
[05:51] 他还在 (-32, 78, 40)，身边有 mintstar(14格)｜血 12/20｜已经待了 48分46秒
[05:51] 采样速率 1Hz（平静档，身边没有敌人）。
[05:52] 他还在 (-32, 78, 40)，身边有 mintstar(14格)｜血 12/20｜已经待了 49分46秒
[05:52] 采样速率 1Hz（平静档，身边没有敌人）。
[05:53] 他还在 (-32, 78, 40)，身边有 mintstar(14格)｜血 12/20｜已经待了 50分46秒
[05:53] 采样速率 1Hz（平静档，身边没有敌人）。
[05:54] 他还在 (-32, 78, 40)，身边有 mintstar(14格)｜血 12/20｜已经待了 51分46秒
[05:54] 采样速率 1Hz（平静档，身边没有敌人）。
[05:55] 他还在 (-32, 78, 40)，身边有 mintstar(14格)｜血 12/20｜已经待了 52分46秒
[05:55] 采样速率 1Hz（平静档，身边没有敌人）。
[05:56] 他还在 (-32, 78, 40)，身边有 mintstar(14格)｜血 12/20｜已经待了 53分46秒
[05:56] 采样速率 1Hz（平静档，身边没有敌人）。
[05:57] 他还在 (-32, 78, 40)，身边有 mintstar(14格)｜血 12/20｜已经待了 54分46秒
[05:57] 采样速率 1Hz（平静档，身边没有敌人）。
[05:58] 他还在 (-32, 78, 40)，身边有 mintstar(14格)｜血 12/20｜已经待了 55分46秒
[05:58] 采样速率 1Hz（平静档，身边没有敌人）。
[05:59] 他还在 (-32, 78, 40)，身边有 mintstar(14格)｜血 12/20｜已经待了 56分46秒
[05:59] 采样速率 1Hz（平静档，身边没有敌人）。
[06:00] 他还在 (-32, 78, 40)，身边有 mintstar(14格)｜血 12/20｜已经待了 57分46秒
[06:00] 采样速率 1Hz（平静档，身边没有敌人）。
[06:01] 他还在 (-32, 78, 40)，身边有 mintstar(14格)｜血 12/20｜已经待了 58分46秒
[06:01] 采样速率 1Hz（平静档，身边没有敌人）。
[06:02] 他还在 (-32, 78, 40)，身边有 mintstar(14格)｜血 12/20｜已经待了 59分46秒
[06:02] 采样速率 1Hz（平静档，身边没有敌人）。
[06:03] 他还在 (-32, 78, 40)，身边有 mintstar(14格)｜血 12/20｜已经待了 60时46分
[06:03] 采样速率 1Hz（平静档，身边没有敌人）。
[06:04] 他还在 (-32, 78, 40)，身边有 mintstar(14格)｜血 12/20｜已经待了 61时46分
[06:04] 采样速率 1Hz（平静档，身边没有敌人）。
[06:05] 他还在 (-32, 78, 40)，身边有 mintstar(14格)｜血 12/20｜已经待了 62时46分
[06:05] 采样速率 1Hz（平静档，身边没有敌人）。
[06:06] 他还在 (-32, 78, 40)，身边有 mintstar(14格)｜血 12/20｜已经待了 63时46分
[06:06] 采样速率 1Hz（平静档，身边没有敌人）。
[06:06] 采样速率切到 5Hz（战斗档）。
[06:06] 呜呜，有个mintstar靠近我（5.0 格），我赶紧往后跑！
[06:07] 「mintstar」走开了
[06:07] 采样速率切到 1Hz（平静档）。
[06:07] 视野里出现了「mintstar」，14.9 格远
[06:07] 采样速率切到 5Hz（战斗档）。
[06:07] 呜呜，有个mintstar靠近我（5.0 格），我赶紧往后跑！
[06:07] 呜呜，有个mintstar靠近我（4.8 格），我赶紧往后跑！
[06:07] 哎哟，挨了 1 点伤害，血 12 → 11/20
[06:07] 哎哟，挨了 2 点伤害，血 11 → 9/20
[06:07] 肚子饿了（血 9/20，饥饿 14/20），我翻出熟牛排吃一口。
[06:07] 吃完啦，长舒一口气。
[06:07] 血只有 9/20，不过肚子是饱的 —— 饱着就自己回血，用不着吃，我先等着。
[06:08] mintstar在 4.9 格外晃 —— 我血够（13/20）、手上有家伙，这回不跑了，站住等它进来。
[06:08] mintstar在 4.3 格外晃 —— 我血够（16.5/20）、手上有家伙，这回不跑了，站住等它进来。
[06:08] mintstar都贴到我脸上了（2.0 格）—— 我还有 16.8/20 血、手上有家伙，他还有 20 血，不白挨：挥它一下就往后退！
[06:08] 打中了「mintstar」！
[06:08] mintstar在 1.6 格外晃 —— 我血够（16.8/20）、手上有家伙，这回不跑了，站住等它进来。
[06:08] 疾跑拉开距离，别站在它脸上。
[06:08] 他动了，挪到 (-30, 78, 40)（走了 0.8 格）
[06:08] mintstar在 4.0 格外晃 —— 我血够（17.4/20）、手上有家伙，这回不跑了，站住等它进来。
[06:08] 他动了，挪到 (-32, 79, 40)（走了 1.7 格）
[06:08] 他动了，挪到 (-33, 79, 40)（走了 1.1 格）
[06:08] mintstar都贴到我脸上了（2.2 格）—— 我还有 16.4/20 血、手上有家伙，他还有 18.7 血，跳起来劈它！
[06:08] 哎哟，挨了 2 点伤害，血 17.4 → 15.4/20
[06:08] 「jumpattack」没做成：这半秒里目标跑到 3.9 格外了，这一下不挥
[06:08] 疾跑拉开距离，别站在它脸上。
[06:08] mintstar都贴到我脸上了（2.0 格）—— 我还有 16.4/20 血、手上有家伙，他还有 18.7 血，跳起来劈它！
[06:08] 疾跑拉开距离，别站在它脸上。
[06:08] mintstar都贴到我脸上了（0.7 格）—— 我还有 14.4/20 血、手上有家伙，他还有 9.7 血，不白挨：挥它一下就往后退！
[06:08] 打中了「mintstar」！
[06:08] 哎哟，挨了 2 点伤害，血 15.4 → 13.4/20
[06:08] 疾跑拉开距离，别站在它脸上。
[06:08] 哎哟，挨了 2 点伤害，血 13.4 → 11.4/20
[06:08] mintstar都贴到我脸上了（0.0 格）—— 我还有 12.4/20 血、手上有家伙，他还有 3.7 血—— 他就剩这一口气了，补掉他！
[06:08] 补刀，不撤 —— 他就剩一口气了。
[06:08] 打中了「mintstar」！
[06:08] 呜呜，有个mintstar靠近我（0.4 格），我赶紧往后跑！
[06:08] 视野里出现了「mintstar」，14.8 格远
[06:08] 呜呜，有个mintstar靠近我（3.7 格），我赶紧往后跑！
[06:08] 哎哟，挨了 1 点伤害，血 11.4 → 10.4/20
[06:08] 哎哟，挨了 2 点伤害，血 10.4 → 8.4/20
[06:08] 哎哟，挨了 2 点伤害，血 8.4 → 6.4/20
[06:08] 哎哟，挨了 2 点伤害，血 6.4 → 4.4/20
[06:08] 哎哟，挨了 2 点伤害，血 4.4 → 2.4/20
[06:08] 他倒下了。
[06:08] 我又站起来了。家当多半散在倒下的地方，先看看背包里还剩什么…
[06:08] 我把吃的弄丢了，得重新找 —— 背包是空的，附近也没我够得着的掉落物。血 20/20，我原地等一会儿，谁路过给我扔口吃的吧…
[06:08] 采样速率 5Hz（战斗档，身边没有敌人）。
[06:08] 采样速率切到 1Hz（平静档）。
[06:08] 采样速率切到 5Hz（战斗档）。
[06:08] 呜呜，有个mintstar靠近我（4.2 格），我赶紧往后跑！
[06:08] 采样速率切到 1Hz（平静档）。
[06:09] 他还在 (-3, 78, -24)，身边有 mintstar(11格)｜血 20/20｜已经待了 67时2分（期间压掉了 17 条啰嗦的）
[06:09] 采样速率 1Hz（平静档，身边没有敌人）。
[06:10] 他还在 (-3, 78, -24)，身边有 mintstar(11格)｜血 20/20｜已经待了 68时2分
[06:10] 采样速率 1Hz（平静档，身边没有敌人）。
[06:11] 他还在 (-3, 78, -24)，身边有 mintstar(11格)｜血 20/20｜已经待了 69时2分
[06:11] 采样速率 1Hz（平静档，身边没有敌人）。
[06:12] 他还在 (-3, 78, -24)，身边有 mintstar(11格)｜血 20/20｜已经待了 70时2分
[06:12] 采样速率 1Hz（平静档，身边没有敌人）。
[06:13] 他还在 (-3, 78, -24)，身边有 mintstar(11格)｜血 20/20｜已经待了 71时2分
[06:13] 采样速率 1Hz（平静档，身边没有敌人）。
[06:14] 他还在 (-3, 78, -24)，身边有 mintstar(11格)｜血 20/20｜已经待了 72时2分
[06:14] 采样速率 1Hz（平静档，身边没有敌人）。
[06:15] 他还在 (-3, 78, -24)，身边有 mintstar(11格)｜血 20/20｜已经待了 73时2分
[06:15] 采样速率 1Hz（平静档，身边没有敌人）。
[06:16] 他还在 (-3, 78, -24)，身边有 mintstar(11格)｜血 20/20｜已经待了 74时2分
[06:16] 采样速率 1Hz（平静档，身边没有敌人）。
[06:17] 他还在 (-3, 78, -24)，身边有 mintstar(11格)｜血 20/20｜已经待了 75时2分
[06:17] 采样速率 1Hz（平静档，身边没有敌人）。
[06:18] 他还在 (-3, 78, -24)，身边有 mintstar(11格)｜血 20/20｜已经待了 76时2分
[06:18] 采样速率 1Hz（平静档，身边没有敌人）。
[06:19] 他还在 (-3, 78, -24)，身边有 mintstar(11格)｜血 20/20｜已经待了 77时2分
[06:19] 采样速率 1Hz（平静档，身边没有敌人）。
[06:20] 他还在 (-3, 78, -24)，身边有 mintstar(11格)｜血 20/20｜已经待了 78时2分
[06:20] 采样速率 1Hz（平静档，身边没有敌人）。
[06:21] 他还在 (-3, 78, -24)，身边有 mintstar(11格)｜血 20/20｜已经待了 79时2分
[06:21] 采样速率 1Hz（平静档，身边没有敌人）。
[06:22] 他还在 (-3, 78, -24)，身边有 mintstar(11格)｜血 20/20｜已经待了 80时2分
[06:22] 采样速率 1Hz（平静档，身边没有敌人）。
[06:23] 他还在 (-3, 78, -24)，身边有 mintstar(11格)｜血 20/20｜已经待了 81时2分
[06:23] 采样速率 1Hz（平静档，身边没有敌人）。
[06:24] 他还在 (-3, 78, -24)，身边有 mintstar(11格)｜血 20/20｜已经待了 82时2分
[06:24] 采样速率 1Hz（平静档，身边没有敌人）。
[06:25] 他还在 (-3, 78, -24)，身边有 mintstar(11格)｜血 20/20｜已经待了 83时2分
[06:25] 采样速率 1Hz（平静档，身边没有敌人）。
[06:26] 他还在 (-3, 78, -24)，身边有 mintstar(11格)｜血 20/20｜已经待了 84时2分
[06:26] 采样速率 1Hz（平静档，身边没有敌人）。
[06:27] 采样速率切到 5Hz（战斗档）。
[06:27] 呜呜，有个mintstar靠近我（4.0 格），我赶紧往后跑！
[06:27] 他动了，挪到 (-7, 78, -36)（走了 1.1 格）
[06:28] 呜呜，有个mintstar靠近我（4.6 格），我赶紧往后跑！
[06:28] 哎哟，挨了 6 点伤害，血 20 → 14/20
[06:28] 哎哟，挨了 8 点伤害，血 14 → 6.2/20
[06:28] 他倒下了。
[06:28] 我又站起来了。家当多半散在倒下的地方，先看看背包里还剩什么…
[06:28] 血回满了（20/20）。
[06:28] 「mintstar」走开了
[06:28] 我把吃的弄丢了，得重新找 —— 背包是空的，附近也没我够得着的掉落物。血 20/20，我原地等一会儿，谁路过给我扔口吃的吧…
