[02:54] Cyberdyne-Bridge M3 启动，大脑在外面。
           看住「XiaoJiaHuo」。
           反射层：跑、吃、保命、还手；指令层：听得懂话；采样：平静 1Hz / 战斗 5Hz。
[02:54] 接线口连上了 [unix] /home/<用户>/cyberdyne-bridge/./cyberdyne.sock
           指令层已上线；大模型层关着。
[02:54] 小家伙出生了，站在 (8, 78, 10)
           血量 20/20，朝向 yaw=3.1 pitch=-0.4
           四下无人
[02:54] 听懂了：「挖 20 77 -18 然后回来」→ task
[02:54] 好，我去了：挖 1 格再回来（5 步）。
[02:54] mintstar 说话了：「挖 20 77 -18 然后回来」
[02:54] 采样速率切到 5Hz（战斗档）。
[02:54] 他动了，挪到 (9, 78, 10)（走了 0.6 格）
[02:54] 他扭头看了一眼
[02:54] 他动了，挪到 (9, 78, 9)（走了 1.0 格）
[02:54] 他扭头看了一眼
[02:54] 他动了，挪到 (10, 78, 8)（走了 0.8 格）
[02:54] 他扭头看了一眼
[02:55] 走不过去：这条路被新命令打断了，重新算
[02:55] 他和世界的连接断了：disconnect.quitting
