[02:15] Cyberdyne-Bridge M3 启动，大脑在外面。
           看住「XiaoJiaHuo」。
           反射层：跑、吃、保命、还手；指令层：听得懂话；采样：平静 1Hz / 战斗 5Hz。
[02:15] 接线口连上了 [unix] /home/<用户>/cyberdyne-bridge/./cyberdyne.sock
           指令层已上线；大模型层关着。
[02:15] 小家伙出生了，站在 (-24, 78, -11)
           血量 20/20，朝向 yaw=5.3 pitch=0.0
           他一睁眼就看到了：PreyBot
[02:16] 视野里出现了「mintstar」，15.9 格远
[02:16] 采样速率切到 5Hz（战斗档）。
[02:17] 他还在 (-24, 78, -11)，⚠ 身边有敌人 mintstar(6格)｜血 20/20｜已经待了 1分36秒
[02:17] 采样速率 5Hz（战斗档，最近敌人 6 格）。
[02:18] 他还在 (-24, 78, -11)，⚠ 身边有敌人 mintstar(6格)｜血 20/20｜已经待了 2分36秒
[02:18] 采样速率 5Hz（战斗档，最近敌人 6 格）。
[02:19] 他还在 (-24, 78, -11)，⚠ 身边有敌人 mintstar(6格)｜血 20/20｜已经待了 3分36秒
[02:19] 采样速率 5Hz（战斗档，最近敌人 6 格）。
[02:20] 他还在 (-24, 78, -11)，⚠ 身边有敌人 mintstar(6格)｜血 20/20｜已经待了 4分36秒
[02:20] 采样速率 5Hz（战斗档，最近敌人 6 格）。
[02:21] 他还在 (-24, 78, -11)，⚠ 身边有敌人 mintstar(6格)｜血 20/20｜已经待了 5分36秒
[02:21] 采样速率 5Hz（战斗档，最近敌人 6 格）。
[02:22] 他还在 (-24, 78, -11)，⚠ 身边有敌人 mintstar(6格)｜血 20/20｜已经待了 6分36秒
[02:22] 采样速率 5Hz（战斗档，最近敌人 6 格）。
[02:23] 他还在 (-24, 78, -11)，⚠ 身边有敌人 mintstar(6格)｜血 20/20｜已经待了 7分36秒
[02:23] 采样速率 5Hz（战斗档，最近敌人 6 格）。
[02:24] 他还在 (-24, 78, -11)，⚠ 身边有敌人 mintstar(6格)｜血 20/20｜已经待了 8分36秒
[02:24] 采样速率 5Hz（战斗档，最近敌人 6 格）。
[02:25] 他还在 (-24, 78, -11)，⚠ 身边有敌人 mintstar(6格)｜血 20/20｜已经待了 9分36秒
[02:25] 采样速率 5Hz（战斗档，最近敌人 6 格）。
[02:26] 他还在 (-24, 78, -11)，⚠ 身边有敌人 mintstar(6格)｜血 20/20｜已经待了 10分36秒
[02:26] 采样速率 5Hz（战斗档，最近敌人 6 格）。
[02:27] 他还在 (-24, 78, -11)，⚠ 身边有敌人 mintstar(6格)｜血 20/20｜已经待了 11分36秒
[02:27] 采样速率 5Hz（战斗档，最近敌人 6 格）。
[02:28] 他还在 (-24, 78, -11)，⚠ 身边有敌人 mintstar(6格)｜血 20/20｜已经待了 12分37秒
[02:28] 采样速率 5Hz（战斗档，最近敌人 6 格）。
[02:29] 他和世界的连接断了：disconnect.quitting
