[02:13] Cyberdyne-Bridge M3 启动，大脑在外面。
           看住「XiaoJiaHuo」。
           反射层：跑、吃、保命、还手；指令层：听得懂话；采样：平静 1Hz / 战斗 5Hz。
[02:13] 接线口连上了 [unix] /home/<用户>/cyberdyne-bridge/./cyberdyne.sock
           指令层已上线；大模型层关着。
[02:13] 小家伙出生了，站在 (4, 78, 10)
           血量 20/20，朝向 yaw=3.1 pitch=0.0
           他一睁眼就看到了：mintstar
[02:14] 咦，「PreyBot」在那儿（20 格） —— 这回换我主动了，别跑！
[02:14] 他动了，挪到 (4, 78, 12)（走了 2.2 格）
[02:14] 他扭头看了一眼
[02:14] 采样速率切到 5Hz（战斗档）。
[02:14] 前面走不动（第 1 次卡住）—— 我换个方向绕过去。
[02:14] 走不过去：这条路被新命令打断了，重新算
[02:14] 前面走不动（第 2 次卡住）—— 我换个方向绕过去。
[02:14] 走不过去：这条路被新命令打断了，重新算
[02:14] 前面走不动（第 3 次卡住）—— 我换个方向绕过去。
[02:14] 走不过去：这条路被新命令打断了，重新算
[02:14] 他动了，挪到 (-20, 78, -28)（走了 46.3 格）
[02:14] 「mintstar」走开了
[02:14] 他扭头看了一眼
[02:14] 前面走不动（第 4 次卡住）—— 我换个方向绕过去。
[02:14] PreyBot都贴到我脸上了（1.4 格）—— 我还有 20/20 血、手上有家伙，跳起来劈它！
[02:14] PreyBot都贴到我脸上了（1.8 格）—— 我还有 20/20 血、手上有家伙，这回不退，扑上去接着打！
[02:14] 打中了「PreyBot」！
[02:14] PreyBot都贴到我脸上了（0.5 格）—— 我还有 20/20 血、手上有家伙，这回不退，扑上去接着打！
[02:14] 打中了「PreyBot」！
[02:14] PreyBot都贴到我脸上了（1.7 格）—— 我还有 20/20 血、手上有家伙，这回不退，扑上去接着打！
[02:14] 打中了「PreyBot」！
[02:14] PreyBot都贴到我脸上了（2.1 格）—— 我还有 20/20 血、手上有家伙，这回不退，扑上去接着打！
[02:14] PreyBot都贴到我脸上了（1.8 格）—— 我还有 20/20 血、手上有家伙，跳起来劈它！
[02:14] PreyBot都贴到我脸上了（1.8 格）—— 我还有 20/20 血、手上有家伙，这回不退，扑上去接着打！
[02:14] PreyBot都贴到我脸上了（1.8 格）—— 我还有 20/20 血、手上有家伙，这回不退，扑上去接着打！
[02:14] 打中了「PreyBot」！
[02:14] PreyBot都贴到我脸上了（0.7 格）—— 我还有 20/20 血、手上有家伙，跳起来劈它！
[02:14] PreyBot都贴到我脸上了（2.0 格）—— 我还有 20/20 血、手上有家伙，这回不退，扑上去接着打！
[02:14] PreyBot都贴到我脸上了（0.3 格）—— 我还有 20/20 血、手上有家伙，这回不退，扑上去接着打！
[02:14] 打中了「PreyBot」！
[02:14] PreyBot都贴到我脸上了（1.9 格）—— 我还有 20/20 血、手上有家伙，跳起来劈它！
[02:14] PreyBot都贴到我脸上了（1.4 格）—— 我还有 20/20 血、手上有家伙，跳起来劈它！
[02:14] PreyBot都贴到我脸上了（0.8 格）—— 我还有 20/20 血、手上有家伙，这回不退，扑上去接着打！
[02:14] PreyBot都贴到我脸上了（0.8 格）—— 我还有 20/20 血、手上有家伙，跳起来劈它！
[02:14] PreyBot都贴到我脸上了（0.8 格）—— 我还有 20/20 血、手上有家伙，这回不退，扑上去接着打！
[02:14] 打中了「PreyBot」！
[02:14] PreyBot都贴到我脸上了（1.9 格）—— 我还有 20/20 血、手上有家伙，跳起来劈它！
[02:14] PreyBot都贴到我脸上了（1.5 格）—— 我还有 20/20 血、手上有家伙，跳起来劈它！
[02:14] PreyBot都贴到我脸上了（2.1 格）—— 我还有 20/20 血、手上有家伙，跳起来劈它！
[02:14] PreyBot都贴到我脸上了（1.4 格）—— 我还有 20/20 血、手上有家伙，这回不退，扑上去接着打！
[02:14] PreyBot都贴到我脸上了（1.1 格）—— 我还有 20/20 血、手上有家伙，这回不退，扑上去接着打！
[02:14] PreyBot都贴到我脸上了（1.1 格）—— 我还有 20/20 血、手上有家伙，这回不退，扑上去接着打！
[02:14] PreyBot都贴到我脸上了（1.1 格）—— 我还有 20/20 血、手上有家伙，这回不退，扑上去接着打！
[02:14] 打中了「PreyBot」！
[02:14] PreyBot都贴到我脸上了（1.1 格）—— 我还有 20/20 血、手上有家伙，跳起来劈它！
[02:14] PreyBot都贴到我脸上了（1.9 格）—— 我还有 20/20 血、手上有家伙，跳起来劈它！
[02:14] PreyBot都贴到我脸上了（2.1 格）—— 我还有 20/20 血、手上有家伙，跳起来劈它！
[02:14] PreyBot都贴到我脸上了（1.8 格）—— 我还有 20/20 血、手上有家伙，这回不退，扑上去接着打！
[02:14] PreyBot都贴到我脸上了（1.4 格）—— 我还有 20/20 血、手上有家伙，这回不退，扑上去接着打！
[02:14] PreyBot都贴到我脸上了（1.4 格）—— 我还有 20/20 血、手上有家伙，这回不退，扑上去接着打！
[02:14] PreyBot都贴到我脸上了（1.4 格）—— 我还有 20/20 血、手上有家伙，跳起来劈它！
[02:14] PreyBot都贴到我脸上了（1.5 格）—— 我还有 20/20 血、手上有家伙，这回不退，扑上去接着打！
[02:14] 打中了「PreyBot」！
[02:14] PreyBot都贴到我脸上了（1.2 格）—— 我还有 20/20 血、手上有家伙，这回不退，扑上去接着打！
[02:14] 打中了「PreyBot」！
[02:14] PreyBot都贴到我脸上了（1.0 格）—— 我还有 20/20 血、手上有家伙，跳起来劈它！
[02:14] PreyBot在 1.2 格外晃 —— 我血够（20/20）、手上有家伙，这回不跑了，站住等它进来。
[02:14] 「jumpattack」成了（target=PreyBot）。
[02:14] 他动了，挪到 (-16, 78, -11)（走了 1.1 格）
[02:14] PreyBot在 1.6 格外晃 —— 我血够（20/20）、手上有家伙，这回不跑了，站住等它进来。
[02:15] PreyBot都贴到我脸上了（1.2 格）—— 我还有 20/20 血、手上有家伙，跳起来劈它！
[02:15] 采样速率 5Hz（战斗档，最近敌人 1 格）。
[02:15] 「jumpattack」成了（target=PreyBot）。
[02:15] PreyBot都贴到我脸上了（1.9 格）—— 我还有 20/20 血、手上有家伙，跳起来劈它！
[02:15] PreyBot在 1.4 格外晃 —— 我血够（20/20）、手上有家伙，这回不跑了，站住等它进来。
[02:15] PreyBot都贴到我脸上了（1.7 格）—— 我还有 20/20 血、手上有家伙，跳起来劈它！
[02:15] PreyBot都贴到我脸上了（1.3 格）—— 我还有 20/20 血、手上有家伙，这回不退，扑上去接着打！
[02:15] PreyBot在 1.4 格外晃 —— 我血够（20/20）、手上有家伙，这回不跑了，站住等它进来。
[02:15] PreyBot都贴到我脸上了（1.5 格）—— 我还有 20/20 血、手上有家伙，这回不退，扑上去接着打！
[02:15] 呜呜，有个PreyBot靠近我（1.5 格），我赶紧往后跑！
[02:15] 他动了，挪到 (-18, 78, -12)（走了 1.1 格）
[02:15] 呜呜，有个PreyBot靠近我（1.7 格），我赶紧往后跑！
[02:15] 他动了，挪到 (-17, 78, -12)（走了 1.3 格）
[02:15] 呜呜，有个PreyBot靠近我（2.0 格），我赶紧往后跑！
[02:15] 前面走不动（第 5 次卡住）—— 我换个方向绕过去。
[02:15] 他动了，挪到 (-19, 78, -12)（走了 0.8 格）
[02:15] 他扭头看了一眼
[02:15] 他和世界的连接断了：disconnect.quitting
