[01:19] Cyberdyne-Bridge M3 启动，大脑在外面。
           看住「XiaoJiaHuo」。
           反射层：跑、吃、保命、还手；指令层：听得懂话；采样：平静 1Hz / 战斗 5Hz。
[01:19] 接线口连上了 [unix] /home/<用户>/cyberdyne-bridge/./cyberdyne.sock
           指令层已上线；大模型层关着。
[01:19] 小家伙出生了，站在 (-30, 78, -30)
           血量 14.7/20，朝向 yaw=3.1 pitch=-0.2
           四下无人
[01:20] 他还在 (-30, 78, -30)，身边没人｜血 14.7/20｜已经待了 1分0秒
[01:20] 采样速率 1Hz（平静档，身边没有敌人）。
[01:21] 他还在 (-30, 78, -30)，身边没人｜血 14.7/20｜已经待了 2分0秒
[01:21] 采样速率 1Hz（平静档，身边没有敌人）。
[01:22] 他还在 (-30, 78, -30)，身边没人｜血 14.7/20｜已经待了 3分0秒
[01:22] 采样速率 1Hz（平静档，身边没有敌人）。
[01:23] 他还在 (-30, 78, -30)，身边没人｜血 14.7/20｜已经待了 4分0秒
[01:23] 采样速率 1Hz（平静档，身边没有敌人）。
[01:24] 他还在 (-30, 78, -30)，身边没人｜血 14.7/20｜已经待了 5分0秒
[01:24] 采样速率 1Hz（平静档，身边没有敌人）。
[01:25] 他还在 (-30, 78, -30)，身边没人｜血 14.7/20｜已经待了 6分0秒
[01:25] 采样速率 1Hz（平静档，身边没有敌人）。
[01:26] 他还在 (-30, 78, -30)，身边没人｜血 14.7/20｜已经待了 7分0秒
[01:26] 采样速率 1Hz（平静档，身边没有敌人）。
[01:27] 他还在 (-30, 78, -30)，身边没人｜血 14.7/20｜已经待了 8分0秒
[01:27] 采样速率 1Hz（平静档，身边没有敌人）。
[01:28] 他还在 (-30, 78, -30)，身边没人｜血 14.7/20｜已经待了 9分0秒
[01:28] 采样速率 1Hz（平静档，身边没有敌人）。
[01:29] 他还在 (-30, 78, -30)，身边没人｜血 14.7/20｜已经待了 10分0秒
[01:29] 采样速率 1Hz（平静档，身边没有敌人）。
[01:30] 他还在 (-30, 78, -30)，身边没人｜血 14.7/20｜已经待了 11分0秒
[01:30] 采样速率 1Hz（平静档，身边没有敌人）。
[01:31] 他还在 (-30, 78, -30)，身边没人｜血 14.7/20｜已经待了 12分0秒
[01:31] 采样速率 1Hz（平静档，身边没有敌人）。
[01:32] 他还在 (-30, 78, -30)，身边没人｜血 14.7/20｜已经待了 13分0秒
[01:32] 采样速率 1Hz（平静档，身边没有敌人）。
[01:32] 视野里出现了「mintstar」，14.8 格远
[01:32] 采样速率切到 5Hz（战斗档）。
[01:32] mintstar在 4.7 格外晃 —— 我血够（14.7/20）、手上有家伙，这回不跑了，站住等它进来。
[01:32] mintstar都贴到我脸上了（2.1 格）—— 我还有 14.7/20 血、手上有家伙，他还有 20 血，跳起来劈它！
[01:32] mintstar在 1.4 格外晃 —— 我血够（14.7/20）、手上有家伙，这回不跑了，站住等它进来。
[01:32] 「jumpattack」成了（target=mintstar）。
[01:32] 他动了，挪到 (-30, 78, -30)（走了 0.8 格）
[01:32] 他扭头看了一眼
[01:32] 他动了，挪到 (-30, 78, -30)（走了 0.5 格）
[01:32] 疾跑拉开距离，别站在它脸上。
[01:32] 他动了，挪到 (-34, 78, -33)（走了 0.8 格）
[01:32] mintstar在 4.9 格外晃 —— 我血够（14.7/20）、手上有家伙，这回不跑了，站住等它进来。
[01:32] mintstar都贴到我脸上了（1.5 格）—— 我还有 14.7/20 血、手上有家伙，他还有 13.2 血，不白挨：挥它一下就往后退！
[01:32] 打中了「mintstar」！
[01:32] mintstar在 1.9 格外晃 —— 我血够（14.7/20）、手上有家伙，这回不跑了，站住等它进来。
[01:32] 疾跑拉开距离，别站在它脸上。
[01:32] mintstar都贴到我脸上了（2.0 格）—— 我还有 14.7/20 血、手上有家伙，他还有 7.3 血，跳起来劈它！
[01:32] 疾跑拉开距离，别站在它脸上。
[01:32] 采样速率切到 1Hz（平静档）。
[01:32] 采样速率切到 5Hz（战斗档）。
[01:32] 哎哟，挨了 1 点伤害，血 14.7 → 14.1/20
[01:32] 哎哟，挨了 2 点伤害，血 14.1 → 11.9/20
[01:32] 呜呜，有个mintstar靠近我（2.6 格），我赶紧往后跑！
[01:33] 哎哟，挨了 2 点伤害，血 11.9 → 9.6/20
[01:33] 哎哟，挨了 2 点伤害，血 9.6 → 7.3/20
[01:33] 哎哟，挨了 2 点伤害，血 7.3 → 4.9/20
[01:33] 哎哟，挨了 2 点伤害，血 4.9 → 2.6/20
[01:33] 他倒下了。
[01:33] 我又站起来了。家当多半散在倒下的地方，先看看背包里还剩什么…
[01:33] 我把吃的弄丢了，得重新找 —— 背包是空的，附近也没我够得着的掉落物。血 20/20，我原地等一会儿，谁路过给我扔口吃的吧…
[01:33] 采样速率切到 1Hz（平静档）。
[01:33] 视野里出现了「mintstar」，13.3 格远
[01:33] 采样速率切到 5Hz（战斗档）。
[01:33] 呜呜，有个mintstar靠近我（4.8 格），我赶紧往后跑！
[01:33] 哎哟，挨了 6 点伤害，血 20 → 14/20
[01:33] 视野里出现了「item」，4.3 格远
[01:33] 他动了，挪到 (18, 78, 21)（走了 1.1 格）
[01:33] 他动了，挪到 (25, 78, 26)（走了 1.1 格）
[01:33] 「item」走开了
[01:33] 呜呜，有个mintstar靠近我（4.0 格），我赶紧往后跑！
[01:33] 视野里出现了「item」，2.7 格远
[01:33] 「item」走开了
[01:33] mintstar在 5.0 格外晃 —— 我血够（19.2/20）、手上有家伙，这回不跑了，站住等它进来。
[01:33] mintstar都贴到我脸上了（2.1 格）—— 我还有 19.2/20 血、手上有家伙，他还有 20 血，跳起来劈它！
[01:33] mintstar在 2.2 格外晃 —— 我血够（19.2/20）、手上有家伙，这回不跑了，站住等它进来。
[01:33] 「jumpattack」成了（target=mintstar）。
[01:33] 他动了，挪到 (40, 78, 40)（走了 1.1 格）
[01:33] 他扭头看了一眼
[01:33] 疾跑拉开距离，别站在它脸上。
[01:33] mintstar都贴到我脸上了（2.1 格）—— 我还有 19.2/20 血、手上有家伙，他还有 11.8 血，不白挨：挥它一下就往后退！
[01:33] 打中了「mintstar」！
[01:33] 疾跑拉开距离，别站在它脸上。
[01:33] mintstar都贴到我脸上了（2.2 格）—— 我还有 19.2/20 血、手上有家伙，他还有 6.8 血—— 他就剩这一口气了，补掉他！
[01:33] 补刀，不撤 —— 他就剩一口气了。
[01:34] 打中了「mintstar」！
[01:34] 哎哟，挨了 1 点伤害，血 19.2 → 18.2/20
[01:34] 哎哟，挨了 1 点伤害，血 18.2 → 17.2/20
[01:34] 哎哟，挨了 1 点伤害，血 17.2 → 16.2/20
[01:34] 哎哟，挨了 2 点伤害，血 16.2 → 14.2/20
[01:34] 哎哟，挨了 2 点伤害，血 14.2 → 12.2/20
[01:34] 呜呜，有个mintstar靠近我（3.1 格），我赶紧往后跑！
[01:34] 哎哟，挨了 2 点伤害，血 12.2 → 10.2/20
[01:34] 哎哟，挨了 2 点伤害，血 10.2 → 8.2/20
[01:34] 哎哟，挨了 2 点伤害，血 8.2 → 6.2/20
[01:34] 哎哟，挨了 2 点伤害，血 6.2 → 4.3/20
[01:34] 采样速率 5Hz（战斗档，最近敌人 3 格）。
[01:35] 他和世界的连接断了：disconnect.quitting
