[05:01] Cyberdyne-Bridge M3 启动，大脑在外面。
           看住「XiaoJiaHuo」。
           反射层：跑、吃、保命、还手；指令层：听得懂话；采样：平静 1Hz / 战斗 5Hz。
[05:01] 接线口连上了 [unix] /home/<用户>/cyberdyne-bridge/./cyberdyne.sock
           指令层已上线；大模型层关着。
[05:01] 小家伙出生了，站在 (-3, 78, 0)
           血量 19.3/20，朝向 yaw=4.7 pitch=0.0
           四下无人
[05:01] 视野里出现了「PreyBot」，4.9 格远
[05:01] 采样速率切到 5Hz（战斗档）。
[05:01] PreyBot在 4.9 格外晃 —— 我血够（19.3/20）、手上有家伙，这回不跑了，站住等它进来。
[05:01] 他动了，挪到 (0, 78, 0)（走了 3.9 格）
[05:01] 血回满了（20/20）。
[05:01] PreyBot都贴到我脸上了（1.0 格）—— 我还有 20/20 血、手上有家伙，跳起来劈它！
[05:01] 哎哟，挨了 6 点伤害，血 20 → 14/20
[05:01] PreyBot在 2.0 格外晃 —— 我血够（14/20）、手上有家伙，这回不跑了，站住等它进来。
[05:01] 「jumpattack」成了（target=PreyBot）。
[05:01] 他动了，挪到 (-1, 79, 0)（走了 0.6 格）
[05:01] 他扭头看了一眼
[05:01] 疾跑拉开距离，别站在它脸上。
[05:02] 采样速率切到 1Hz（平静档）。
[05:02] 他和世界的连接断了：disconnect.quitting
