[02:07] Cyberdyne-Bridge M3 启动，大脑在外面。
           看住「XiaoJiaHuo」。
           反射层：跑、吃、保命、还手；指令层：听得懂话；采样：平静 1Hz / 战斗 5Hz。
[02:07] 接线口连上了 [unix] /home/<用户>/cyberdyne-bridge/./cyberdyne.sock
           指令层已上线；大模型层关着。
[02:07] 小家伙出生了，站在 (-11, 78, -2)
           血量 20/20，朝向 yaw=4.8 pitch=0.0
           他一睁眼就看到了：PreyBot
[02:07] 采样速率切到 5Hz（战斗档）。
[02:07] PreyBot在 5.0 格外晃 —— 我血够（20/20）、手上有家伙，这回不跑了，站住等它进来。
[02:07] 咦，「PreyBot」在那儿（5 格） —— 这回换我主动了，别跑！
[02:07] PreyBot都贴到我脸上了（2.0 格）—— 我还有 20/20 血、手上有家伙，跳起来劈它！
[02:08] PreyBot在 1.8 格外晃 —— 我血够（20/20）、手上有家伙，这回不跑了，站住等它进来。
[02:08] 「jumpattack」成了（target=PreyBot）。
[02:08] 他动了，挪到 (-8, 78, -2)（走了 0.8 格）
[02:08] 他动了，挪到 (-8, 78, -2)（走了 0.5 格）
[02:08] PreyBot都贴到我脸上了（1.5 格）—— 我还有 20/20 血、手上有家伙，这回不退，扑上去接着打！
[02:08] 这一下没挥成：Cannot access '出手前血' before initialization
[02:08] PreyBot在 1.3 格外晃 —— 我血够（20/20）、手上有家伙，这回不跑了，站住等它进来。
[02:08] PreyBot都贴到我脸上了（1.2 格）—— 我还有 20/20 血、手上有家伙，这回不退，扑上去接着打！
[02:08] 这一下没挥成：Cannot access '出手前血' before initialization
[02:08] PreyBot都贴到我脸上了（1.2 格）—— 我还有 20/20 血、手上有家伙，这回不退，扑上去接着打！
[02:08] PreyBot都贴到我脸上了（1.2 格）—— 我还有 20/20 血、手上有家伙，这回不退，扑上去接着打！
[02:08] PreyBot都贴到我脸上了（1.2 格）—— 我还有 20/20 血、手上有家伙，跳起来劈它！
[02:08] PreyBot都贴到我脸上了（2.0 格）—— 我还有 20/20 血、手上有家伙，这回不退，扑上去接着打！
[02:08] PreyBot都贴到我脸上了（2.1 格）—— 我还有 20/20 血、手上有家伙，这回不退，扑上去接着打！
[02:08] PreyBot都贴到我脸上了（2.1 格）—— 我还有 20/20 血、手上有家伙，跳起来劈它！
[02:08] PreyBot都贴到我脸上了（1.3 格）—— 我还有 20/20 血、手上有家伙，这回不退，扑上去接着打！
[02:08] PreyBot都贴到我脸上了（0.9 格）—— 我还有 20/20 血、手上有家伙，这回不退，扑上去接着打！
[02:08] PreyBot都贴到我脸上了（0.9 格）—— 我还有 20/20 血、手上有家伙，跳起来劈它！
[02:08] PreyBot都贴到我脸上了（2.2 格）—— 我还有 20/20 血、手上有家伙，跳起来劈它！
[02:08] PreyBot都贴到我脸上了（1.0 格）—— 我还有 20/20 血、手上有家伙，这回不退，扑上去接着打！
[02:08] PreyBot都贴到我脸上了（0.7 格）—— 我还有 20/20 血、手上有家伙，跳起来劈它！
[02:08] PreyBot都贴到我脸上了（1.8 格）—— 我还有 20/20 血、手上有家伙，这回不退，扑上去接着打！
[02:08] PreyBot都贴到我脸上了（1.2 格）—— 我还有 20/20 血、手上有家伙，跳起来劈它！
[02:08] PreyBot都贴到我脸上了（2.2 格）—— 我还有 20/20 血、手上有家伙，跳起来劈它！
[02:08] PreyBot都贴到我脸上了（2.0 格）—— 我还有 20/20 血、手上有家伙，跳起来劈它！
[02:08] PreyBot都贴到我脸上了（1.6 格）—— 我还有 20/20 血、手上有家伙，这回不退，扑上去接着打！
[02:08] PreyBot都贴到我脸上了（1.4 格）—— 我还有 20/20 血、手上有家伙，这回不退，扑上去接着打！
[02:08] PreyBot都贴到我脸上了（1.4 格）—— 我还有 20/20 血、手上有家伙，这回不退，扑上去接着打！
[02:08] PreyBot都贴到我脸上了（1.4 格）—— 我还有 20/20 血、手上有家伙，这回不退，扑上去接着打！
[02:08] PreyBot都贴到我脸上了（1.4 格）—— 我还有 20/20 血、手上有家伙，跳起来劈它！
[02:08] PreyBot都贴到我脸上了（1.9 格）—— 我还有 20/20 血、手上有家伙，跳起来劈它！
[02:08] PreyBot都贴到我脸上了（1.3 格）—— 我还有 20/20 血、手上有家伙，跳起来劈它！
[02:08] PreyBot都贴到我脸上了（2.2 格）—— 我还有 20/20 血、手上有家伙，这回不退，扑上去接着打！
[02:08] 前面走不动（第 1 次卡住）—— 我换个方向绕过去。
[02:08] PreyBot都贴到我脸上了（1.9 格）—— 我还有 20/20 血、手上有家伙，这回不退，扑上去接着打！
[02:08] PreyBot都贴到我脸上了（1.6 格）—— 我还有 20/20 血、手上有家伙，这回不退，扑上去接着打！
[02:08] PreyBot都贴到我脸上了（1.6 格）—— 我还有 20/20 血、手上有家伙，跳起来劈它！
[02:08] PreyBot都贴到我脸上了（1.6 格）—— 我还有 20/20 血、手上有家伙，这回不退，扑上去接着打！
[02:08] PreyBot都贴到我脸上了（1.3 格）—— 我还有 20/20 血、手上有家伙，这回不退，扑上去接着打！
[02:08] PreyBot都贴到我脸上了（1.3 格）—— 我还有 20/20 血、手上有家伙，跳起来劈它！
[02:08] 采样速率 5Hz（战斗档，身边没有敌人）。
[02:08] 前面走不动（第 2 次卡住）—— 我换个方向绕过去。
[02:08] 到地方了。离目标还有 0.0 格。
[02:08] 到地方了。离目标还有 0.0 格。
[02:08] 到地方了。离目标还有 0.0 格。
[02:08] 前面走不动（第 3 次卡住）—— 我换个方向绕过去。
[02:08] 到地方了。离目标还有 0.0 格。
[02:09] 到地方了。离目标还有 0.0 格。
[02:09] 到地方了。离目标还有 0.0 格。
[02:09] 前面走不动（第 4 次卡住）—— 我换个方向绕过去。
[02:09] 到地方了。离目标还有 0.0 格。
[02:09] 到地方了。离目标还有 0.0 格。
[02:09] 到地方了。离目标还有 0.0 格。
[02:09] 前面走不动（第 5 次卡住）—— 我换个方向绕过去。
[02:09] 到地方了。离目标还有 0.0 格。
[02:09] 到地方了。离目标还有 0.0 格。
[02:09] 前面走不动（第 6 次卡住）—— 我换个方向绕过去。
[02:09] 前面走不动（第 7 次卡住）—— 我换个方向绕过去。
[02:09] 采样速率 5Hz（战斗档，身边没有敌人）。
[02:09] 前面走不动（第 8 次卡住）—— 我换个方向绕过去。
[02:09] 他扭头看了一眼
[02:09] 走不过去：Path was stopped before it could be completed! Thus, the desired goal was not reached.
[02:10] 到地方了。离目标还有 0.2 格。
[02:10] 到地方了。离目标还有 0.2 格。
[02:10] 前面走不动（第 9 次卡住）—— 我换个方向绕过去。
[02:10] 到地方了。离目标还有 0.0 格。
[02:10] 到地方了。离目标还有 0.0 格。
[02:10] 到地方了。离目标还有 0.0 格。
[02:10] 前面走不动（第 10 次卡住）—— 我换个方向绕过去。
[02:10] 到地方了。离目标还有 0.0 格。
[02:10] 到地方了。离目标还有 0.0 格。
[02:10] 哎哟，挨了 1 点伤害，血 20 → 19/20
[02:10] 前面走不动（第 11 次卡住）—— 我换个方向绕过去。
[02:10] 哎哟，挨了 1 点伤害，血 19 → 18/20
[02:10] 前面走不动（第 12 次卡住）—— 我换个方向绕过去。
[02:10] 到地方了。离目标还有 0.0 格。
[02:10] 到地方了。离目标还有 0.0 格。
[02:10] 哎哟，挨了 1 点伤害，血 18 → 17/20
[02:10] 前面走不动（第 13 次卡住）—— 我换个方向绕过去。
[02:10] 哎哟，挨了 1 点伤害，血 17 → 16/20
[02:10] 哎哟，挨了 1 点伤害，血 16 → 15/20
[02:10] 哎哟，挨了 1 点伤害，血 15 → 14/20
[02:10] 前面走不动（第 14 次卡住）—— 我换个方向绕过去。
[02:10] 哎哟，挨了 1 点伤害，血 14 → 13/20
[02:10] 前面走不动（第 15 次卡住）—— 我换个方向绕过去。
[02:10] 哎哟，挨了 1 点伤害，血 13 → 12/20
[02:10] 采样速率 5Hz（战斗档，身边没有敌人）。
[02:10] 前面走不动（第 16 次卡住）—— 我换个方向绕过去。
[02:10] 哎哟，挨了 1 点伤害，血 12 → 11/20
[02:10] 哎哟，挨了 1 点伤害，血 11 → 10/20
[02:11] 前面走不动（第 17 次卡住）—— 我换个方向绕过去。
[02:11] 到地方了。离目标还有 0.0 格。
[02:11] 到地方了。离目标还有 0.0 格。
[02:11] 到地方了。离目标还有 0.0 格。
[02:11] 哎哟，挨了 1 点伤害，血 10 → 9/20
[02:11] 前面走不动（第 18 次卡住）—— 我换个方向绕过去。
[02:11] 到地方了。离目标还有 0.0 格。
[02:11] 哎哟，挨了 1 点伤害，血 9 → 8/20
[02:11] 前面走不动（第 19 次卡住）—— 我换个方向绕过去。
[02:11] 到地方了。离目标还有 0.0 格。
[02:11] 到地方了。离目标还有 0.0 格。
[02:11] 哎哟，挨了 1 点伤害，血 8 → 7/20
[02:11] 到地方了。离目标还有 0.0 格。
[02:11] 哎哟，挨了 1 点伤害，血 7 → 6/20
[02:11] 哎哟，挨了 1 点伤害，血 6 → 5/20
[02:11] 哎哟，挨了 1 点伤害，血 5 → 4/20
[02:11] 哎哟，挨了 1 点伤害，血 4 → 3/20
[02:11] 前面走不动（第 20 次卡住）—— 我换个方向绕过去。
[02:11] 他扭头看了一眼
[02:11] 走不过去：Path was stopped before it could be completed! Thus, the desired goal was not reached.
[02:11] 到地方了。离目标还有 0.2 格。
[02:11] 到地方了。离目标还有 0.2 格。
[02:11] 哎哟，挨了 1 点伤害，血 3 → 2/20
[02:11] 前面走不动（第 21 次卡住）—— 我换个方向绕过去。
[02:11] 哎哟，挨了 1 点伤害，血 2 → 1/20
[02:11] 前面走不动（第 22 次卡住）—— 我换个方向绕过去。
[02:11] 他和世界的连接断了：disconnect.quitting
