[02:56] Cyberdyne-Bridge M3 启动，大脑在外面。
           看住「XiaoJiaHuo」。
           反射层：跑、吃、保命、还手；指令层：听得懂话；采样：平静 1Hz / 战斗 5Hz。
[02:56] 接线口连上了 [unix] /home/<用户>/cyberdyne-bridge/./cyberdyne.sock
           指令层已上线；大模型层关着。
[02:56] 小家伙出生了，站在 (20, 78, -15)
           血量 20/20，朝向 yaw=5.4 pitch=0.0
           四下无人
[02:57] 听懂了：「挖 20 77 -18 然后回来」→ task
[02:57] 好，我去了：挖 1 格再回来（5 步）。
[02:57] mintstar 说话了：「挖 20 77 -18 然后回来」
[02:57] 采样速率切到 5Hz（战斗档）。
[02:57] 走不过去：这条路被新命令打断了，重新算
[02:57] 走不过去：这条路被新命令打断了，重新算
[02:57] 走不过去：这条路被新命令打断了，重新算
[02:57] 走不过去：这条路被新命令打断了，重新算
[02:57] 走不过去：这条路被新命令打断了，重新算
[02:57] 走不过去：这条路被新命令打断了，重新算
[02:58] 走不过去：这条路被新命令打断了，重新算
[02:58] 第 1 步没成（等了 60 秒还没成（超时））—— 1 秒后我再试一次（第 1 次）。
[02:58] 采样速率 5Hz（战斗档，身边没有敌人）。
[02:58] 走不过去：这条路被新命令打断了，重新算
[02:58] 走不过去：这条路被新命令打断了，重新算
[02:58] 走不过去：这条路被新命令打断了，重新算
[02:58] 走不过去：这条路被新命令打断了，重新算
[02:58] 走不过去：这条路被新命令打断了，重新算
[02:58] 他和世界的连接断了：disconnect.quitting
