[02:11] Cyberdyne-Bridge M3 启动，大脑在外面。
           看住「XiaoJiaHuo」。
           反射层：跑、吃、保命、还手；指令层：听得懂话；采样：平静 1Hz / 战斗 5Hz。
[02:11] 接线口连上了 [unix] /home/<用户>/cyberdyne-bridge/./cyberdyne.sock
           指令层已上线；大模型层关着。
[02:11] 小家伙出生了，站在 (-10, 78, -4)
           血量 1/20，朝向 yaw=3.1 pitch=0.0
           四下无人
[02:11] 肚子饿了（血 1/20，饥饿 0/20），我翻出熟牛排吃一口。
[02:11] 吃完啦，长舒一口气。
[02:12] 肚子饿了（血 1/20，饥饿 8/20），我翻出熟牛排吃一口。
[02:12] 吃完啦，长舒一口气。
[02:12] 他动了，挪到 (-20, 78, -28)（走了 25.6 格）
[02:12] 血回满了（20/20）。
[02:12] 视野里出现了「PreyBot」，14.0 格远
[02:12] 咦，「PreyBot」在那儿（14 格） —— 这回换我主动了，别跑！
[02:12] 他动了，挪到 (-20, 78, -25)（走了 2.2 格）
[02:12] 采样速率切到 5Hz（战斗档）。
[02:12] 前面走不动（第 1 次卡住）—— 我换个方向绕过去。
[02:12] PreyBot都贴到我脸上了（1.5 格）—— 我还有 20/20 血、手上有家伙，跳起来劈它！
[02:12] PreyBot都贴到我脸上了（1.9 格）—— 我还有 20/20 血、手上有家伙，这回不退，扑上去接着打！
[02:12] PreyBot都贴到我脸上了（1.9 格）—— 我还有 20/20 血、手上有家伙，这回不退，扑上去接着打！
[02:12] PreyBot都贴到我脸上了（1.9 格）—— 我还有 20/20 血、手上有家伙，这回不退，扑上去接着打！
[02:12] PreyBot都贴到我脸上了（1.9 格）—— 我还有 20/20 血、手上有家伙，这回不退，扑上去接着打！
[02:12] PreyBot都贴到我脸上了（1.9 格）—— 我还有 20/20 血、手上有家伙，跳起来劈它！
[02:12] PreyBot都贴到我脸上了（1.1 格）—— 我还有 20/20 血、手上有家伙，这回不退，扑上去接着打！
[02:12] PreyBot都贴到我脸上了（0.8 格）—— 我还有 20/20 血、手上有家伙，这回不退，扑上去接着打！
[02:12] PreyBot都贴到我脸上了（0.8 格）—— 我还有 20/20 血、手上有家伙，跳起来劈它！
[02:12] PreyBot都贴到我脸上了（1.8 格）—— 我还有 20/20 血、手上有家伙，这回不退，扑上去接着打！
[02:12] PreyBot都贴到我脸上了（1.7 格）—— 我还有 20/20 血、手上有家伙，这回不退，扑上去接着打！
[02:12] PreyBot都贴到我脸上了（1.7 格）—— 我还有 20/20 血、手上有家伙，跳起来劈它！
[02:12] PreyBot都贴到我脸上了（1.3 格）—— 我还有 20/20 血、手上有家伙，跳起来劈它！
[02:12] PreyBot都贴到我脸上了（1.9 格）—— 我还有 20/20 血、手上有家伙，这回不退，扑上去接着打！
[02:12] PreyBot都贴到我脸上了（1.6 格）—— 我还有 20/20 血、手上有家伙，跳起来劈它！
[02:12] PreyBot都贴到我脸上了（1.7 格）—— 我还有 20/20 血、手上有家伙，这回不退，扑上去接着打！
[02:12] PreyBot都贴到我脸上了（1.5 格）—— 我还有 20/20 血、手上有家伙，跳起来劈它！
[02:12] PreyBot都贴到我脸上了（1.2 格）—— 我还有 20/20 血、手上有家伙，跳起来劈它！
[02:12] PreyBot都贴到我脸上了（1.9 格）—— 我还有 20/20 血、手上有家伙，跳起来劈它！
[02:12] PreyBot都贴到我脸上了（1.3 格）—— 我还有 20/20 血、手上有家伙，这回不退，扑上去接着打！
[02:12] PreyBot都贴到我脸上了（1.0 格）—— 我还有 20/20 血、手上有家伙，这回不退，扑上去接着打！
[02:12] PreyBot都贴到我脸上了（1.0 格）—— 我还有 20/20 血、手上有家伙，这回不退，扑上去接着打！
[02:12] PreyBot都贴到我脸上了（1.0 格）—— 我还有 20/20 血、手上有家伙，这回不退，扑上去接着打！
[02:12] PreyBot都贴到我脸上了（1.0 格）—— 我还有 20/20 血、手上有家伙，跳起来劈它！
[02:12] PreyBot都贴到我脸上了（1.3 格）—— 我还有 20/20 血、手上有家伙，跳起来劈它！
[02:12] 他动了，挪到 (2, 78, -1)（走了 1.1 格）
[02:12] PreyBot都贴到我脸上了（2.1 格）—— 我还有 20/20 血、手上有家伙，跳起来劈它！
[02:12] 「jumpattack」成了（target=PreyBot）。
[02:12] PreyBot都贴到我脸上了（1.5 格）—— 我还有 20/20 血、手上有家伙，这回不退，扑上去接着打！
[02:12] 这一下没挥成：Cannot access '出手前血' before initialization
[02:12] PreyBot在 1.2 格外晃 —— 我血够（20/20）、手上有家伙，这回不跑了，站住等它进来。
[02:12] PreyBot都贴到我脸上了（1.2 格）—— 我还有 20/20 血、手上有家伙，这回不退，扑上去接着打！
[02:12] 这一下没挥成：Cannot access '出手前血' before initialization
[02:12] PreyBot在 1.2 格外晃 —— 我血够（20/20）、手上有家伙，这回不跑了，站住等它进来。
[02:12] PreyBot都贴到我脸上了（1.2 格）—— 我还有 20/20 血、手上有家伙，这回不退，扑上去接着打！
[02:12] PreyBot都贴到我脸上了（1.2 格）—— 我还有 20/20 血、手上有家伙，跳起来劈它！
[02:12] PreyBot都贴到我脸上了（1.6 格）—— 我还有 20/20 血、手上有家伙，这回不退，扑上去接着打！
[02:12] PreyBot都贴到我脸上了（1.3 格）—— 我还有 20/20 血、手上有家伙，这回不退，扑上去接着打！
[02:13] PreyBot都贴到我脸上了（1.3 格）—— 我还有 20/20 血、手上有家伙，跳起来劈它！
[02:13] 他动了，挪到 (-1, 78, 1)（走了 1.1 格）
[02:13] PreyBot都贴到我脸上了（1.4 格）—— 我还有 20/20 血、手上有家伙，跳起来劈它！
[02:13] PreyBot都贴到我脸上了（1.8 格）—— 我还有 20/20 血、手上有家伙，跳起来劈它！
[02:13] PreyBot在 1.9 格外晃 —— 我血够（20/20）、手上有家伙，这回不跑了，站住等它进来。
[02:13] PreyBot都贴到我脸上了（1.8 格）—— 我还有 20/20 血、手上有家伙，这回不退，扑上去接着打！
[02:13] PreyBot都贴到我脸上了（1.5 格）—— 我还有 20/20 血、手上有家伙，这回不退，扑上去接着打！
[02:13] 这一下没挥成：Cannot access '出手前血' before initialization
[02:13] PreyBot在 1.5 格外晃 —— 我血够（20/20）、手上有家伙，这回不跑了，站住等它进来。
[02:13] PreyBot都贴到我脸上了（1.5 格）—— 我还有 20/20 血、手上有家伙，跳起来劈它！
[02:13] PreyBot在 1.8 格外晃 —— 我血够（20/20）、手上有家伙，这回不跑了，站住等它进来。
[02:13] PreyBot都贴到我脸上了（1.8 格）—— 我还有 20/20 血、手上有家伙，跳起来劈它！
[02:13] PreyBot都贴到我脸上了（2.1 格）—— 我还有 20/20 血、手上有家伙，跳起来劈它！
[02:13] PreyBot都贴到我脸上了（1.2 格）—— 我还有 20/20 血、手上有家伙，跳起来劈它！
[02:13] PreyBot都贴到我脸上了（0.7 格）—— 我还有 20/20 血、手上有家伙，跳起来劈它！
[02:13] PreyBot都贴到我脸上了（0.7 格）—— 我还有 20/20 血、手上有家伙，这回不退，扑上去接着打！
[02:13] PreyBot都贴到我脸上了（0.7 格）—— 我还有 20/20 血、手上有家伙，这回不退，扑上去接着打！
[02:13] 采样速率 5Hz（战斗档，最近敌人 1 格）。
[02:13] PreyBot都贴到我脸上了（0.7 格）—— 我还有 20/20 血、手上有家伙，跳起来劈它！
[02:13] PreyBot都贴到我脸上了（2.1 格）—— 我还有 20/20 血、手上有家伙，跳起来劈它！
[02:13] PreyBot都贴到我脸上了（1.3 格）—— 我还有 20/20 血、手上有家伙，跳起来劈它！
[02:13] PreyBot都贴到我脸上了（1.5 格）—— 我还有 20/20 血、手上有家伙，这回不退，扑上去接着打！
[02:13] PreyBot都贴到我脸上了（1.1 格）—— 我还有 20/20 血、手上有家伙，跳起来劈它！
[02:13] PreyBot都贴到我脸上了（2.1 格）—— 我还有 20/20 血、手上有家伙，跳起来劈它！
[02:13] PreyBot都贴到我脸上了（2.2 格）—— 我还有 20/20 血、手上有家伙，这回不退，扑上去接着打！
[02:13] PreyBot都贴到我脸上了（2.2 格）—— 我还有 20/20 血、手上有家伙，跳起来劈它！
[02:13] PreyBot都贴到我脸上了（1.8 格）—— 我还有 20/20 血、手上有家伙，跳起来劈它！
[02:13] 前面走不动（第 2 次卡住）—— 我换个方向绕过去。
[02:13] 前面走不动（第 3 次卡住）—— 我换个方向绕过去。
[02:13] 他和世界的连接断了：disconnect.quitting
