[01:37] Cyberdyne-Bridge M3 启动，大脑在外面。
           看住「XiaoJiaHuo」。
           反射层：跑、吃、保命、还手；指令层：听得懂话；采样：平静 1Hz / 战斗 5Hz。
[01:37] 接线口连上了 [unix] /home/<用户>/cyberdyne-bridge/./cyberdyne.sock
           指令层已上线；大模型层关着。
[01:37] 小家伙出生了，站在 (1, 79, -5)
           血量 10.2/20，朝向 yaw=3.0 pitch=0.0
           他一睁眼就看到了：mintstar
[01:37] 采样速率切到 5Hz（战斗档）。
[01:37] 你打我？那我不客气了 —— 这回不死不休！
[01:37] 哎哟，挨了 3 点伤害，血 10.2 → 7.6/20
[01:37] mintstar都贴到我脸上了（1.4 格）—— 我还有 7.6/20 血、手上有家伙，他还有 20 血，跳起来劈它！
[01:37] 哎哟，挨了 3 点伤害，血 7.6 → 4.5/20
[01:37] mintstar在 1.7 格外晃 —— 我血够（4.5/20）、手上有家伙，这回不跑了，站住等它进来。
[01:37] 「jumpattack」成了（target=mintstar）。
[01:37] 他动了，挪到 (2, 78, -9)（走了 1.1 格）
[01:37] 他动了，挪到 (2, 79, -10)（走了 1.1 格）
[01:37] 哎哟，挨了 3 点伤害，血 4.5 → 1.3/20
[01:37] mintstar都贴到我脸上了（1.4 格）—— 我还有 0.4/20 血、手上有家伙，他还有 15.6 血，这回不退，扑上去接着打！
[01:37] 打中了「mintstar」！
[01:37] mintstar在 1.4 格外晃 —— 我血够（0.4/20）、手上有家伙，这回不跑了，站住等它进来。
[01:37] 他倒下了。
[01:37] 我又站起来了。家当多半散在倒下的地方，先看看背包里还剩什么…
[01:37] 血回满了（20/20）。
[01:37] 呜，我被「mintstar」打倒了 —— 这次算我输。
[01:37] 你打我？那我不客气了 —— 这回不死不休！
[01:37] mintstar都贴到我脸上了（0.8 格）—— 我还有 20/20 血、手上有家伙，他还有 14.5 血，跳起来劈它！
[01:37] mintstar在 1.1 格外晃 —— 我血够（20/20）、手上有家伙，这回不跑了，站住等它进来。
[01:37] 「jumpattack」成了（target=mintstar）。
[01:37] mintstar都贴到我脸上了（1.6 格）—— 我还有 20/20 血、手上有家伙，他还有 9.6 血，跳起来劈它！
[01:37] 哎哟，挨了 0 点伤害，血 20 → 19.9/20
[01:37] mintstar都贴到我脸上了（2.0 格）—— 我还有 19.9/20 血、手上有家伙，他还有 9.6 血，这回不退，扑上去接着打！
[01:37] 打中了「mintstar」！
[01:37] mintstar都贴到我脸上了（1.7 格）—— 我还有 19.1/20 血、手上有家伙，他还有 6.5 血—— 他就剩这一口气了，补掉他！
[01:37] 补刀，不撤 —— 他就剩一口气了。
[01:37] 打中了「mintstar」！
[01:37] mintstar都贴到我脸上了（1.9 格）—— 我还有 18.6/20 血、手上有家伙，他还有 4.4 血—— 他就剩这一口气了，补掉他！
[01:37] 补刀，不撤 —— 他就剩一口气了。
[01:37] 打中了「mintstar」！
[01:37] 哎哟，挨了 2 点伤害，血 19.9 → 17.8/20
[01:37] mintstar都贴到我脸上了（2.2 格）—— 我还有 17.1/20 血、手上有家伙，他还有 1.2 血—— 他就剩这一口气了，补掉他！
[01:37] 补刀，不撤 —— 他就剩一口气了。
[01:37] 打中了「mintstar」！
[01:38] 僵尸都贴到我脸上了（2.1 格）—— 我还有 20/20 血、手上有家伙，这回不退，扑上去接着打！
[01:38] 打中了「僵尸」！
[01:38] 打中了「僵尸」！
[01:38] 僵尸都贴到我脸上了（1.9 格）—— 我还有 18.6/20 血、手上有家伙，这回不退，扑上去接着打！
[01:38] 打中了「僵尸」！
[01:38] 哎哟，挨了 3 点伤害，血 20 → 17.2/20
[01:38] 僵尸都贴到我脸上了（1.9 格）—— 我还有 17.2/20 血、手上有家伙，这回不退，扑上去接着打！
[01:38] 打中了「僵尸」！
[01:38] mintstar都贴到我脸上了（1.7 格）—— 我还有 18.2/20 血、手上有家伙，他还有 20 血，跳起来劈它！
[01:38] 哎哟，挨了 3 点伤害，血 18.2 → 15.1/20
[01:38] 哎哟，挨了 2 点伤害，血 15.1 → 13/20
[01:38] mintstar都贴到我脸上了（2.0 格）—— 我还有 13/20 血、手上有家伙，他还有 18.4 血，这回不退，扑上去接着打！
[01:38] 打中了「mintstar」！
[01:38] 哎哟，挨了 3 点伤害，血 13 → 9.9/20
[01:38] 哎哟，挨了 3 点伤害，血 9.9 → 6.8/20
[01:38] mintstar都贴到我脸上了（2.0 格）—— 我还有 6.8/20 血、手上有家伙，他还有 16.3 血，这回不退，扑上去接着打！
[01:38] 打中了「mintstar」！
[01:38] 哎哟，挨了 3 点伤害，血 6.8 → 3.6/20
[01:38] mintstar都贴到我脸上了（1.4 格）—— 我还有 3.6/20 血、手上有家伙，他还有 13.5 血，跳起来劈它！
[01:38] mintstar都贴到我脸上了（2.0 格）—— 我还有 2/20 血、手上有家伙，他还有 10.5 血，这回不退，扑上去接着打！
[01:38] 打中了「mintstar」！
