[01:38] Cyberdyne-Bridge M3 启动，大脑在外面。
           看住「XiaoJiaHuo」。
           反射层：跑、吃、保命、还手；指令层：听得懂话；采样：平静 1Hz / 战斗 5Hz。
[01:38] 接线口连上了 [unix] /home/<用户>/cyberdyne-bridge/./cyberdyne.sock
           指令层已上线；大模型层关着。
[01:38] 小家伙出生了，站在 (3, 78, -1)
           血量 7.6/20，朝向 yaw=2.1 pitch=0.0
           他一睁眼就看到了：mintstar
[01:38] 采样速率切到 5Hz（战斗档）。
[01:38] 呜呜，有个mintstar靠近我（3.1 格），我赶紧往后跑！
[01:38] 肚子饿了（血 8/20，饥饿 17/20），我翻出熟牛排吃一口。
[01:38] 吃完啦，长舒一口气。
[01:38] 血只有 8/20，不过肚子是饱的 —— 饱着就自己回血，用不着吃，我先等着。
[01:38] 你打我？那我不客气了 —— 这回不死不休！
[01:38] mintstar都贴到我脸上了（1.1 格）—— 我还有 9.6/20 血、手上有家伙，他还有 20 血，跳起来劈它！
[01:38] 哎哟，挨了 3 点伤害，血 9.6 → 6.5/20
[01:38] 「jumpattack」成了（target=mintstar）。
[01:38] mintstar都贴到我脸上了（1.8 格）—— 我还有 8.1/20 血、手上有家伙，他还有 19.6 血，这回不退，扑上去接着打！
[01:38] 打中了「mintstar」！
[01:38] 哎哟，挨了 4 点伤害，血 8.5 → 4.9/20
[01:38] 「mintstar」走开了
[01:38] 血回满了（20/20）。
[01:38] 视野里出现了「zombie」，2.8 格远
[01:38] 僵尸在 2.8 格外晃 —— 我血够（20/20）、手上有家伙，这回不跑了，站住等它进来。
[01:38] 打中了「僵尸」！
[01:38] 哎哟，挨了 1 点伤害，血 20 → 18.6/20
[01:39] mintstar都贴到我脸上了（2.1 格）—— 我还有 20/20 血、手上有家伙，他还有 20 血，跳起来劈它！
[01:39] mintstar都贴到我脸上了（1.1 格）—— 我还有 20/20 血、手上有家伙，他还有 16.9 血，跳起来劈它！
[01:39] 哎哟，挨了 3 点伤害，血 20 → 16.9/20
[01:39] mintstar都贴到我脸上了（1.9 格）—— 我还有 16.9/20 血、手上有家伙，他还有 11.7 血，这回不退，扑上去接着打！
[01:39] 打中了「mintstar」！
[01:39] 哎哟，挨了 5 点伤害，血 16.9 → 11.9/20
[01:39] mintstar都贴到我脸上了（2.1 格）—— 我还有 11.9/20 血、手上有家伙，他还有 8.5 血，这回不退，扑上去接着打！
[01:39] 打中了「mintstar」！
[01:39] 哎哟，挨了 3 点伤害，血 11.9 → 8.7/20
[01:39] mintstar都贴到我脸上了（0.7 格）—— 我还有 8.7/20 血、手上有家伙，他还有 5.4 血—— 他就剩这一口气了，补掉他！
[01:39] 补刀，不撤 —— 他就剩一口气了。
[01:39] 打中了「mintstar」！
[01:39] 哎哟，挨了 3 点伤害，血 8.7 → 5.6/20
[01:39] mintstar都贴到我脸上了（2.1 格）—— 我还有 5.6/20 血、手上有家伙，他还有 3.3 血—— 他就剩这一口气了，补掉他！
[01:39] 补刀，不撤 —— 他就剩一口气了。
[01:39] 打中了「mintstar」！
[01:39] mintstar都贴到我脸上了（1.6 格）—— 我还有 6.6/20 血、手上有家伙，他还有 0 血—— 他就剩这一口气了，补掉他！
[01:39] 补刀，不撤 —— 他就剩一口气了。
[01:39] 哎哟，挨了 3 点伤害，血 6.6 → 3.5/20
[01:39] mintstar都贴到我脸上了（2.1 格）—— 我还有 4.5/20 血、手上有家伙，他还有 20 血，这回不退，扑上去接着打！
[01:39] 打中了「mintstar」！
[01:39] mintstar都贴到我脸上了（1.9 格）—— 我还有 2.6/20 血、手上有家伙，他还有 16.9 血，这回不退，扑上去接着打！
[01:39] 打中了「mintstar」！
[01:39] 他倒下了。
[01:39] 哎哟，挨了 3 点伤害，血 3.5 → 0/20
[01:39] 咦，「mintstar」人没了，我先站住。
[01:39] 我又站起来了。家当多半散在倒下的地方，先看看背包里还剩什么…
[01:39] 你打我？那我不客气了 —— 这回不死不休！
[01:39] 前面是悬崖或者岩浆，我不敢往前跑了 —— 站着不动也比摔下去强。
[01:39] 前面是悬崖或者岩浆，我不敢往前跑了 —— 站着不动也比摔下去强。
[01:39] 前面是悬崖或者岩浆，我不敢往前跑了 —— 站着不动也比摔下去强。
[01:39] 前面是悬崖或者岩浆，我不敢往前跑了 —— 站着不动也比摔下去强。
[01:39] 哎哟，挨了 16 点伤害，血 20 → 4/20
[01:39] 哎哟，挨了 3 点伤害，血 6 → 2.9/20
[01:39] mintstar都贴到我脸上了（1.4 格）—— 我还有 3.2/20 血、手上有家伙，他还有 17.9 血，跳起来劈它！
[01:39] 哎哟，挨了 3 点伤害，血 2.9 → 0.3/20
[01:39] mintstar都贴到我脸上了（2.1 格）—— 我还有 0.6/20 血、手上有家伙，他还有 18.5 血，这回不退，扑上去接着打！
[01:39] 打中了「mintstar」！
[01:39] 采样速率 5Hz（战斗档，身边没有敌人）。
[01:40] 前面是悬崖或者岩浆，我不敢往前跑了 —— 站着不动也比摔下去强。
[01:40] 视野里出现了「mintstar」，14.5 格远
[01:40] 前面是悬崖或者岩浆，我不敢往前跑了 —— 站着不动也比摔下去强。
[01:40] 前面是悬崖或者岩浆，我不敢往前跑了 —— 站着不动也比摔下去强。
[01:40] 前面是悬崖或者岩浆，我不敢往前跑了 —— 站着不动也比摔下去强。
[01:40] 哎哟，挨了 16 点伤害，血 20 → 4/20
[01:40] mintstar都贴到我脸上了（1.9 格）—— 我还有 4.2/20 血、手上有家伙，他还有 18 血，这回不退，扑上去接着打！
[01:40] 打中了「mintstar」！
[01:40] mintstar在 2.0 格外晃 —— 我血够（4.3/20）、手上有家伙，这回不跑了，站住等它进来。
[01:40] mintstar都贴到我脸上了（1.6 格）—— 我还有 4.3/20 血、手上有家伙，他还有 14.8 血，跳起来劈它！
[01:40] mintstar在 1.7 格外晃 —— 我血够（4.3/20）、手上有家伙，这回不跑了，站住等它进来。
[01:40] 「jumpattack」成了（target=mintstar）。
[01:40] 他动了，挪到 (12, 78, 12)（走了 1.1 格）
[01:40] mintstar都贴到我脸上了（2.0 格）—— 我还有 4.3/20 血、手上有家伙，他还有 9.6 血，这回不退，扑上去接着打！
[01:40] 打中了「mintstar」！
[01:40] mintstar在 1.7 格外晃 —— 我血够（4.3/20）、手上有家伙，这回不跑了，站住等它进来。
[01:40] 他动了，挪到 (16, 78, 11)（走了 1.1 格）
[01:40] mintstar都贴到我脸上了（0.8 格）—— 我还有 4.3/20 血、手上有家伙，他还有 6.5 血—— 他就剩这一口气了，补掉他！
[01:40] 补刀，不撤 —— 他就剩一口气了。
[01:40] 打中了「mintstar」！
[01:40] mintstar在 1.0 格外晃 —— 我血够（4.3/20）、手上有家伙，这回不跑了，站住等它进来。
[01:40] mintstar都贴到我脸上了（1.7 格）—— 我还有 4.3/20 血、手上有家伙，他还有 3.4 血—— 他就剩这一口气了，补掉他！
[01:40] 补刀，不撤 —— 他就剩一口气了。
[01:40] 打中了「mintstar」！
[01:40] mintstar在 1.9 格外晃 —— 我血够（4.3/20）、手上有家伙，这回不跑了，站住等它进来。
[01:40] mintstar都贴到我脸上了（1.4 格）—— 我还有 5.3/20 血、手上有家伙，他还有 0.3 血—— 他就剩这一口气了，补掉他！
[01:40] 补刀，不撤 —— 他就剩一口气了。
[01:40] 打中了「mintstar」！
[01:40] mintstar在 1.6 格外晃 —— 我血够（5.3/20）、手上有家伙，这回不跑了，站住等它进来。
[01:40] mintstar在 2.0 格外晃 —— 我血够（5.3/20）、手上有家伙，这回不跑了，站住等它进来。
[01:40] mintstar都贴到我脸上了（1.2 格）—— 我还有 5.3/20 血、手上有家伙，他还有 0 血—— 他就剩这一口气了，补掉他！
[01:40] 补刀，不撤 —— 他就剩一口气了。
[01:40] 「mintstar」躺下了 —— 打赢啦！
[01:40] 你打我？那我不客气了 —— 这回不死不休！
[01:40] mintstar都贴到我脸上了（0.6 格）—— 我还有 10.7/20 血、手上有家伙，他还有 20 血，跳起来劈它！
[01:40] 哎哟，挨了 2 点伤害，血 12.6 → 10.9/20
[01:40] mintstar都贴到我脸上了（1.8 格）—— 我还有 10.9/20 血、手上有家伙，他还有 19.4 血，跳起来劈它！
[01:40] 哎哟，挨了 2 点伤害，血 10.9 → 8.6/20
[01:40] mintstar都贴到我脸上了（2.1 格）—— 我还有 7.5/20 血、手上有家伙，他还有 19.4 血，这回不退，扑上去接着打！
[01:40] 打中了「mintstar」！
[01:40] 哎哟，挨了 4 点伤害，血 8.6 → 4.4/20
[01:40] mintstar都贴到我脸上了（2.0 格）—— 我还有 4.4/20 血、手上有家伙，他还有 20 血，跳起来劈它！
[01:40] mintstar都贴到我脸上了（2.1 格）—— 我还有 3.1/20 血、手上有家伙，他还有 14.8 血，这回不退，扑上去接着打！
[01:40] 打中了「mintstar」！
[01:40] mintstar都贴到我脸上了（1.6 格）—— 我还有 3.1/20 血、手上有家伙，他还有 12 血，跳起来劈它！
[01:40] 哎哟，挨了 3 点伤害，血 4.4 → 1.5/20
[01:40] mintstar都贴到我脸上了（2.0 格）—— 我还有 1.5/20 血、手上有家伙，他还有 7.1 血，跳起来劈它！
[01:40] mintstar都贴到我脸上了（2.0 格）—— 我还有 2.5/20 血、手上有家伙，他还有 5 血—— 他就剩这一口气了，补掉他！
[01:40] 补刀，不撤 —— 他就剩一口气了。
[01:40] 打中了「mintstar」！
[01:40] mintstar都贴到我脸上了（1.7 格）—— 我还有 2.5/20 血、手上有家伙，他还有 4.4 血—— 他就剩这一口气了，补掉他！
[01:40] 补刀，不撤 —— 他就剩一口气了。
[01:40] 打中了「mintstar」！
[01:40] mintstar都贴到我脸上了（1.5 格）—— 我还有 2.5/20 血、手上有家伙，他还有 1.3 血—— 他就剩这一口气了，补掉他！
[01:40] 补刀，不撤 —— 他就剩一口气了。
[01:40] 打中了「mintstar」！
[01:40] mintstar都贴到我脸上了（2.0 格）—— 我还有 2.5/20 血、手上有家伙，他还有 0 血—— 他就剩这一口气了，补掉他！
[01:40] 补刀，不撤 —— 他就剩一口气了。
[01:40] 「mintstar」躺下了 —— 打赢啦！
[01:40] 采样速率 5Hz（战斗档，最近敌人 1 格）。
[01:41] 哎哟，挨了 3 点伤害，血 4.1 → 1/20
[01:41] mintstar都贴到我脸上了（1.6 格）—— 我还有 0.2/20 血、手上有家伙，他还有 7.6 血，跳起来劈它！
[01:41] mintstar在 1.8 格外晃 —— 我血够（0.2/20）、手上有家伙，这回不跑了，站住等它进来。
[01:41] 他倒下了。
[01:41] 我又站起来了。家当多半散在倒下的地方，先看看背包里还剩什么…
[01:41] 呜，我被「mintstar」打倒了 —— 这次算我输。
[01:41] 你打我？那我不客气了 —— 这回不死不休！
[01:41] mintstar都贴到我脸上了（1.9 格）—— 我还有 20/20 血、手上有家伙，他还有 2.3 血—— 他就剩这一口气了，补掉他！
[01:41] 补刀，不撤 —— 他就剩一口气了。
[01:41] mintstar在 2.0 格外晃 —— 我血够（20/20）、手上有家伙，这回不跑了，站住等它进来。
[01:41] mintstar都贴到我脸上了（1.5 格）—— 我还有 20/20 血、手上有家伙，他还有 0 血—— 他就剩这一口气了，补掉他！
[01:41] 补刀，不撤 —— 他就剩一口气了。
[01:41] mintstar在 1.3 格外晃 —— 我血够（20/20）、手上有家伙，这回不跑了，站住等它进来。
[01:41] 「mintstar」走开了
[01:41] 「mintstar」躺下了 —— 打赢啦！
[01:41] 视野里出现了「mintstar」，9.8 格远
[01:41] 你打我？那我不客气了 —— 这回不死不休！
[01:41] 哎哟，挨了 3 点伤害，血 20 → 16.9/20
[01:41] 哎哟，挨了 2 点伤害，血 16.9 → 14.6/20
[01:41] mintstar都贴到我脸上了（2.1 格）—— 我还有 15.3/20 血、手上有家伙，他还有 20 血，这回不退，扑上去接着打！
[01:41] 哎哟，挨了 2 点伤害，血 14.6 → 12.1/20
[01:41] 哎哟，挨了 5 点伤害，血 12.1 → 7.4/20
[01:41] mintstar都贴到我脸上了（2.2 格）—— 我还有 7.5/20 血、手上有家伙，他还有 20 血，这回不退，扑上去接着打！
[01:41] 打中了「mintstar」！
[01:41] 哎哟，挨了 3 点伤害，血 7.4 → 4.4/20
[01:41] mintstar都贴到我脸上了（2.0 格）—— 我还有 4.6/20 血、手上有家伙，他还有 17.7 血，跳起来劈它！
[01:41] mintstar在 1.9 格外晃 —— 我血够（4.6/20）、手上有家伙，这回不跑了，站住等它进来。
[01:41] 「jumpattack」成了（target=mintstar）。
[01:41] mintstar都贴到我脸上了（1.9 格）—— 我还有 2.7/20 血、手上有家伙，他还有 15.8 血，跳起来劈它！
[01:41] 血回满了（20/20）。
[01:41] mintstar在 4.6 格外晃 —— 我血够（20/20）、手上有家伙，这回不跑了，站住等它进来。
[01:41] mintstar在 1.1 格外晃 —— 我血够（20/20）、手上有家伙，这回不跑了，站住等它进来。
[01:41] 「jumpattack」成了（target=mintstar）。
[01:41] 哎哟，挨了 3 点伤害，血 20 → 16.9/20
[01:41] 哎哟，挨了 2 点伤害，血 16.9 → 14.8/20
[01:41] mintstar都贴到我脸上了（1.2 格）—— 我还有 14.8/20 血、手上有家伙，他还有 8.6 血，跳起来劈它！
[01:41] 哎哟，挨了 3 点伤害，血 14.8 → 11.6/20
[01:41] mintstar都贴到我脸上了（2.1 格）—— 我还有 11.6/20 血、手上有家伙，他还有 4.4 血—— 他就剩这一口气了，补掉他！
[01:41] 补刀，不撤 —— 他就剩一口气了。
[01:41] 打中了「mintstar」！
[01:41] mintstar都贴到我脸上了（2.1 格）—— 我还有 11.6/20 血、手上有家伙，他还有 1.2 血—— 他就剩这一口气了，补掉他！
[01:41] 补刀，不撤 —— 他就剩一口气了。
[01:41] 打中了「mintstar」！
[01:41] mintstar都贴到我脸上了（1.5 格）—— 我还有 11.6/20 血、手上有家伙，他还有 0 血—— 他就剩这一口气了，补掉他！
[01:41] 补刀，不撤 —— 他就剩一口气了。
[01:41] mintstar都贴到我脸上了（1.6 格）—— 我还有 12.6/20 血、手上有家伙，他还有 20 血，这回不退，扑上去接着打！
[01:41] 哎哟，挨了 5 点伤害，血 12.6 → 7.6/20
[01:41] mintstar都贴到我脸上了（1.2 格）—— 我还有 5.5/20 血、手上有家伙，他还有 16.1 血，跳起来劈它！
[01:41] 哎哟，挨了 3 点伤害，血 4.5 → 1.7/20
[01:41] mintstar都贴到我脸上了（1.7 格）—— 我还有 1.7/20 血、手上有家伙，他还有 13.6 血，跳起来劈它！
[01:41] 他倒下了。
[01:41] 我又站起来了。家当多半散在倒下的地方，先看看背包里还剩什么…
[01:41] 呜，我被「mintstar」打倒了 —— 这次算我输。
[01:41] 你打我？那我不客气了 —— 这回不死不休！
[01:41] 采样速率 5Hz（战斗档，最近敌人 3 格）。
[01:41] mintstar都贴到我脸上了（2.2 格）—— 我还有 20/20 血、手上有家伙，他还有 11.7 血，这回不退，扑上去接着打！
[01:41] 打中了「mintstar」！
[01:41] 哎哟，挨了 3 点伤害，血 20 → 16.9/20
[01:41] mintstar都贴到我脸上了（1.8 格）—— 我还有 16.9/20 血、手上有家伙，他还有 8.6 血，跳起来劈它！
[01:41] mintstar都贴到我脸上了（1.2 格）—— 我还有 15.3/20 血、手上有家伙，他还有 5.4 血—— 他就剩这一口气了，补掉他！
[01:42] 哎哟，挨了 4 点伤害，血 16.4 → 12.5/20
[01:42] mintstar都贴到我脸上了（1.4 格）—— 我还有 12.8/20 血、手上有家伙，他还有 6.3 血—— 他就剩这一口气了，补掉他！
[01:42] 补刀，不撤 —— 他就剩一口气了。
[01:42] 打中了「mintstar」！
[01:42] 他动了，挪到 (-2, 79, 5)（走了 1.2 格）
[01:42] 哎哟，挨了 3 点伤害，血 12.5 → 9.8/20
[01:42] mintstar都贴到我脸上了（1.9 格）—— 我还有 9.9/20 血、手上有家伙，他还有 3.4 血—— 他就剩这一口气了，补掉他！
[01:42] mintstar都贴到我脸上了（2.2 格）—— 我还有 6.3/20 血、手上有家伙，他还有 0.2 血—— 他就剩这一口气了，补掉他！
[01:42] 补刀，不撤 —— 他就剩一口气了。
[01:42] mintstar在 1.5 格外晃 —— 我血够（6.3/20）、手上有家伙，这回不跑了，站住等它进来。
[01:42] mintstar都贴到我脸上了（1.1 格）—— 我还有 6.3/20 血、手上有家伙，他还有 0 血—— 他就剩这一口气了，补掉他！
[01:42] 补刀，不撤 —— 他就剩一口气了。
[01:42] mintstar在 0.8 格外晃 —— 我血够（6.3/20）、手上有家伙，这回不跑了，站住等它进来。
[01:42] 「mintstar」走开了
[01:42] 「mintstar」躺下了 —— 打赢啦！
[01:42] mintstar都贴到我脸上了（1.0 格）—— 我还有 6.3/20 血、手上有家伙，他还有 0 血—— 他就剩这一口气了，补掉他！
[01:42] mintstar在 0.7 格外晃 —— 我血够（6.3/20）、手上有家伙，这回不跑了，站住等它进来。
[01:42] 呜，我被「mintstar」打倒了 —— 这次算我输。
[01:42] mintstar都贴到我脸上了（0.6 格）—— 我还有 20/20 血、手上有家伙，他还有 20 血，这回不退，扑上去接着打！
[01:42] 「jumpattack」没做成：这一跳没等来下坠（可能被天花板挡住了）
[01:42] mintstar都贴到我脸上了（0.9 格）—— 我还有 20/20 血、手上有家伙，他还有 20 血，这回不退，扑上去接着打！
[01:42] mintstar都贴到我脸上了（1.2 格）—— 我还有 20/20 血、手上有家伙，他还有 17.7 血，跳起来劈它！
[01:42] mintstar都贴到我脸上了（1.9 格）—— 我还有 20/20 血、手上有家伙，他还有 18.4 血，跳起来劈它！
[01:42] 「jumpattack」成了（target=mintstar）。
[01:42] 哎哟，挨了 4 点伤害，血 20 → 16.4/20
[01:42] 哎哟，挨了 2 点伤害，血 16.4 → 14.3/20
[01:42] mintstar都贴到我脸上了（1.4 格）—— 我还有 14.3/20 血、手上有家伙，他还有 11.4 血，跳起来劈它！
[01:42] 哎哟，挨了 3 点伤害，血 14.3 → 11.2/20
[01:42] mintstar在 2.1 格外晃 —— 我血够（11.2/20）、手上有家伙，这回不跑了，站住等它进来。
[01:42] 「jumpattack」成了（target=mintstar）。
[01:42] 他动了，挪到 (0, 79, 4)（走了 0.7 格）
[01:42] mintstar在 1.7 格外晃 —— 我血够（8.3/20）、手上有家伙，这回不跑了，站住等它进来。
[01:42] 他动了，挪到 (1, 79, 7)（走了 0.8 格）
[01:42] 哎哟，挨了 3 点伤害，血 5.8 → 2.4/20
[01:42] 他倒下了。
[01:42] 我又站起来了。家当多半散在倒下的地方，先看看背包里还剩什么…
[01:42] mintstar都贴到我脸上了（1.5 格）—— 我还有 20/20 血、手上有家伙，他还有 20 血，跳起来劈它！
[01:42] mintstar都贴到我脸上了（1.9 格）—— 我还有 20/20 血、手上有家伙，他还有 14.8 血，跳起来劈它！
[01:42] 哎哟，挨了 4 点伤害，血 20 → 16.4/20
[01:42] mintstar都贴到我脸上了（1.9 格）—— 我还有 16.4/20 血、手上有家伙，他还有 11.1 血，这回不退，扑上去接着打！
[01:42] 打中了「mintstar」！
[01:42] mintstar都贴到我脸上了（1.1 格）—— 我还有 17.2/20 血、手上有家伙，他还有 8.8 血，跳起来劈它！
[01:42] mintstar都贴到我脸上了（1.6 格）—— 我还有 18.7/20 血、手上有家伙，他还有 4.1 血—— 他就剩这一口气了，补掉他！
[01:42] 补刀，不撤 —— 他就剩一口气了。
[01:42] 打中了「mintstar」！
[01:42] 哎哟，挨了 3 点伤害，血 18.4 → 15.5/20
[01:42] 哎哟，挨了 3 点伤害，血 15.5 → 12.2/20
[01:42] 哎哟，挨了 4 点伤害，血 12.2 → 8.6/20
[01:42] 他倒下了。
[01:42] 你打我？那我不客气了 —— 这回不死不休！
[01:42] mintstar都贴到我脸上了（1.6 格）—— 我还有 20/20 血、手上有家伙，他还有 20 血，跳起来劈它！
[01:42] 哎哟，挨了 4 点伤害，血 20 → 16.4/20
[01:42] 采样速率 5Hz（战斗档，最近敌人 4 格）。
[01:42] mintstar都贴到我脸上了（2.0 格）—— 我还有 17.2/20 血、手上有家伙，他还有 14.8 血，跳起来劈它！
[01:42] 哎哟，挨了 3 点伤害，血 16.4 → 13.6/20
[01:42] mintstar都贴到我脸上了（1.9 格）—— 我还有 13.3/20 血、手上有家伙，他还有 14 血，跳起来劈它！
[01:42] 哎哟，挨了 4 点伤害，血 13.6 → 9.7/20
[01:42] mintstar都贴到我脸上了（1.0 格）—— 我还有 10.2/20 血、手上有家伙，他还有 11.4 血，跳起来劈它！
[01:42] mintstar都贴到我脸上了（1.1 格）—— 我还有 8.4/20 血、手上有家伙，他还有 6.5 血—— 他就剩这一口气了，补掉他！
[01:42] 补刀，不撤 —— 他就剩一口气了。
[01:43] mintstar都贴到我脸上了（1.7 格）—— 我还有 20/20 血、手上有家伙，他还有 18.7 血，这回不退，扑上去接着打！
[01:43] 「jumpattack」成了（target=mintstar）。
[01:43] mintstar都贴到我脸上了（2.0 格）—— 我还有 20/20 血、手上有家伙，他还有 9.9 血，这回不退，扑上去接着打！
[01:43] mintstar都贴到我脸上了（2.1 格）—— 我还有 20/20 血、手上有家伙，他还有 10.2 血，跳起来劈它！
[01:43] 哎哟，挨了 4 点伤害，血 20 → 15.9/20
[01:43] mintstar都贴到我脸上了（1.4 格）—— 我还有 17.4/20 血、手上有家伙，他还有 10.2 血，跳起来劈它！
[01:43] 哎哟，挨了 3 点伤害，血 15.9 → 13.3/20
[01:43] mintstar在 1.2 格外晃 —— 我血够（13.3/20）、手上有家伙，这回不跑了，站住等它进来。
[01:43] 「jumpattack」成了（target=mintstar）。
[01:43] 他动了，挪到 (1, 78, -5)（走了 0.7 格）
[01:43] mintstar都贴到我脸上了（1.6 格）—— 我还有 14.2/20 血、手上有家伙，他还有 4.3 血—— 他就剩这一口气了，补掉他！
[01:43] 补刀，不撤 —— 他就剩一口气了。
[01:43] 打中了「mintstar」！
[01:43] 哎哟，挨了 3 点伤害，血 13.3 → 10.1/20
[01:43] mintstar在 1.4 格外晃 —— 我血够（10.1/20）、手上有家伙，这回不跑了，站住等它进来。
[01:43] mintstar都贴到我脸上了（1.1 格）—— 我还有 10.6/20 血、手上有家伙，他还有 0.7 血—— 他就剩这一口气了，补掉他！
[01:43] 补刀，不撤 —— 他就剩一口气了。
[01:43] 打中了「mintstar」！
[01:43] mintstar都贴到我脸上了（2.1 格）—— 我还有 6.7/20 血、手上有家伙，他还有 0 血—— 他就剩这一口气了，补掉他！
[01:43] 补刀，不撤 —— 他就剩一口气了。
[01:43] 哎哟，挨了 4 点伤害，血 6.7 → 2.6/20
[01:43] mintstar都贴到我脸上了（1.4 格）—— 我还有 2.6/20 血、手上有家伙，他还有 20 血，跳起来劈它！
[01:43] 他倒下了。
[01:43] mintstar在 0.7 格外晃 —— 我血够（20/20）、手上有家伙，这回不跑了，站住等它进来。
[01:43] mintstar都贴到我脸上了（0.7 格）—— 我还有 20/20 血、手上有家伙，他还有 20 血，这回不退，扑上去接着打！
[01:43] mintstar都贴到我脸上了（1.4 格）—— 我还有 20/20 血、手上有家伙，他还有 16.4 血，这回不退，扑上去接着打！
[01:43] 打中了「mintstar」！
[01:43] mintstar在 1.7 格外晃 —— 我血够（20/20）、手上有家伙，这回不跑了，站住等它进来。
[01:43] mintstar都贴到我脸上了（1.3 格）—— 我还有 20/20 血、手上有家伙，他还有 14.3 血，跳起来劈它！
[01:43] mintstar在 1.6 格外晃 —— 我血够（18.9/20）、手上有家伙，这回不跑了，站住等它进来。
[01:43] 「jumpattack」成了（target=mintstar）。
[01:43] mintstar在 1.3 格外晃 —— 我血够（16.4/20）、手上有家伙，这回不跑了，站住等它进来。
[01:43] 哎哟，挨了 3 点伤害，血 15.9 → 12.9/20
[01:43] mintstar在 1.9 格外晃 —— 我血够（13.3/20）、手上有家伙，这回不跑了，站住等它进来。
[01:43] 你打我？那我不客气了 —— 这回不死不休！
[01:43] mintstar都贴到我脸上了（0.7 格）—— 我还有 9.8/20 血、手上有家伙，他还有 20 血，这回不退，扑上去接着打！
[01:43] mintstar都贴到我脸上了（2.1 格）—— 我还有 7.7/20 血、手上有家伙，他还有 20 血，跳起来劈它！
[01:43] mintstar都贴到我脸上了（1.4 格）—— 我还有 4.6/20 血、手上有家伙，他还有 20 血，这回不退，扑上去接着打！
[01:43] 他倒下了。
[01:43] 呜，我被「mintstar」打倒了 —— 这次算我输。
[01:43] 呜呜，有个mintstar靠近我（1.3 格），我赶紧往后跑！
[01:43] mintstar都贴到我脸上了（2.0 格）—— 我还有 20/20 血、手上有家伙，他还有 19.4 血，这回不退，扑上去接着打！
[01:43] 打中了「mintstar」！
[01:43] mintstar都贴到我脸上了（1.1 格）—— 我还有 20/20 血、手上有家伙，他还有 16.1 血，这回不退，扑上去接着打！
[01:43] 打中了「mintstar」！
[01:43] 哎哟，挨了 4 点伤害，血 20 → 15.9/20
[01:43] 哎哟，挨了 3 点伤害，血 15.9 → 13.3/20
[01:43] mintstar都贴到我脸上了（1.2 格）—— 我还有 13.3/20 血、手上有家伙，他还有 12.5 血，这回不退，扑上去接着打！
[01:43] 哎哟，挨了 3 点伤害，血 9.8 → 6.3/20
[01:43] mintstar都贴到我脸上了（1.8 格）—— 我还有 6.5/20 血、手上有家伙，他还有 5.3 血—— 他就剩这一口气了，补掉他！
[01:43] 你打我？那我不客气了 —— 这回不死不休！
[01:43] 采样速率 5Hz（战斗档，身边没有敌人）。
[01:43] mintstar都贴到我脸上了（2.0 格）—— 我还有 20/20 血、手上有家伙，他还有 2.7 血—— 他就剩这一口气了，补掉他！
[01:43] 补刀，不撤 —— 他就剩一口气了。
[01:43] 打中了「mintstar」！
[01:43] mintstar都贴到我脸上了（1.6 格）—— 我还有 20/20 血、手上有家伙，他还有 0 血—— 他就剩这一口气了，补掉他！
[01:43] 「mintstar」躺下了 —— 打赢啦！
[01:43] 哎哟，挨了 5 点伤害，血 20 → 14.7/20
[01:43] 哎哟，挨了 4 点伤害，血 14.7 → 10.3/20
[01:43] mintstar都贴到我脸上了（1.9 格）—— 我还有 10.3/20 血、手上有家伙，他还有 20 血，这回不退，扑上去接着打！
[01:44] 哎哟，挨了 6 点伤害，血 9.5 → 4/20
[01:44] mintstar在 2.2 格外晃 —— 我血够（5/20）、手上有家伙，这回不跑了，站住等它进来。
[01:44] mintstar都贴到我脸上了（1.0 格）—— 我还有 5/20 血、手上有家伙，他还有 20 血，这回不退，扑上去接着打！
[01:44] 他倒下了。
[01:44] 呜，我被「mintstar」打倒了 —— 这次算我输。
[01:44] 「jumpattack」没做成：这一跳没等来下坠（可能被天花板挡住了）
[01:44] mintstar都贴到我脸上了（1.5 格）—— 我还有 20/20 血、手上有家伙，他还有 20 血，跳起来劈它！
[01:44] mintstar在 1.5 格外晃 —— 我血够（20/20）、手上有家伙，这回不跑了，站住等它进来。
[01:44] 「jumpattack」成了（target=mintstar）。
[01:44] 他动了，挪到 (-2, 78, 2)（走了 0.8 格）
[01:44] 他动了，挪到 (-2, 78, 2)（走了 0.5 格）
[01:44] mintstar都贴到我脸上了（0.5 格）—— 我还有 20/20 血、手上有家伙，他还有 13.3 血，这回不退，扑上去接着打！
[01:44] 打中了「mintstar」！
[01:44] mintstar都贴到我脸上了（1.4 格）—— 我还有 20/20 血、手上有家伙，他还有 10.8 血，跳起来劈它！
[01:44] 哎哟，挨了 6 点伤害，血 20 → 14/20
[01:44] mintstar都贴到我脸上了（1.6 格）—— 我还有 15.5/20 血、手上有家伙，他还有 7.8 血，跳起来劈它！
[01:44] 哎哟，挨了 4 点伤害，血 14 → 9.5/20
[01:44] mintstar都贴到我脸上了（1.6 格）—— 我还有 10.3/20 血、手上有家伙，他还有 1.5 血—— 他就剩这一口气了，补掉他！
[01:44] 补刀，不撤 —— 他就剩一口气了。
[01:44] 打中了「mintstar」！
[01:44] mintstar都贴到我脸上了（1.0 格）—— 我还有 10.8/20 血、手上有家伙，他还有 0 血—— 他就剩这一口气了，补掉他！
[01:44] 补刀，不撤 —— 他就剩一口气了。
[01:44] mintstar都贴到我脸上了（2.0 格）—— 我还有 11/20 血、手上有家伙，他还有 20 血，这回不退，扑上去接着打！
[01:44] 哎哟，挨了 4 点伤害，血 9.5 → 5/20
[01:44] mintstar在 2.1 格外晃 —— 我血够（5/20）、手上有家伙，这回不跑了，站住等它进来。
[01:44] 他倒下了。
[01:44] 我又站起来了。家当多半散在倒下的地方，先看看背包里还剩什么…
[01:44] 血回满了（20/20）。
[01:44] mintstar都贴到我脸上了（2.1 格）—— 我还有 20/20 血、手上有家伙，他还有 20 血，跳起来劈它！
[01:44] mintstar在 2.1 格外晃 —— 我血够（20/20）、手上有家伙，这回不跑了，站住等它进来。
[01:44] 哎哟，挨了 6 点伤害，血 20 → 14/20
[01:44] mintstar在 1.6 格外晃 —— 我血够（14/20）、手上有家伙，这回不跑了，站住等它进来。
[01:44] mintstar在 1.6 格外晃 —— 我血够（9.5/20）、手上有家伙，这回不跑了，站住等它进来。
[01:44] 他倒下了。
[01:44] 血回满了（20/20）。
[01:44] mintstar都贴到我脸上了（1.2 格）—— 我还有 20/20 血、手上有家伙，他还有 8.3 血，这回不退，扑上去接着打！
[01:44] 打中了「mintstar」！
[01:44] 哎哟，挨了 6 点伤害，血 20 → 14/20
[01:44] mintstar都贴到我脸上了（1.9 格）—— 我还有 10/20 血、手上有家伙，他还有 0 血—— 他就剩这一口气了，补掉他！
[01:44] 补刀，不撤 —— 他就剩一口气了。
[01:44] 「mintstar」躺下了 —— 打赢啦！
[01:44] mintstar都贴到我脸上了（2.2 格）—— 我还有 10.2/20 血、手上有家伙，他还有 20 血，这回不退，扑上去接着打！
[01:44] 哎哟，挨了 2 点伤害，血 10.8 → 8.6/20
[01:44] 「jumpattack」没做成：还没挥它就落地了（这地方太矮，跳不出暴击）
[01:44] 哎哟，挨了 2 点伤害，血 8.6 → 6.5/20
[01:44] mintstar都贴到我脸上了（1.3 格）—— 我还有 6.5/20 血、手上有家伙，他还有 20 血，这回不退，扑上去接着打！
[01:44] 打中了「mintstar」！
[01:44] mintstar都贴到我脸上了（1.7 格）—— 我还有 5.6/20 血、手上有家伙，他还有 16.8 血，这回不退，扑上去接着打！
[01:44] mintstar都贴到我脸上了（0.8 格）—— 我还有 5.8/20 血、手上有家伙，他还有 13.8 血，这回不退，扑上去接着打！
[01:44] mintstar都贴到我脸上了（1.4 格）—— 我还有 4.8/20 血、手上有家伙，他还有 9.2 血，这回不退，扑上去接着打！
[01:44] mintstar都贴到我脸上了（2.1 格）—— 我还有 2.3/20 血、手上有家伙，他还有 4.3 血—— 他就剩这一口气了，补掉他！
[01:44] 采样速率 5Hz（战斗档，最近敌人 2 格）。
[01:44] 你打我？那我不客气了 —— 这回不死不休！
[01:44] mintstar都贴到我脸上了（1.6 格）—— 我还有 3.3/20 血、手上有家伙，他还有 20 血，这回不退，扑上去接着打！
[01:44] mintstar都贴到我脸上了（1.6 格）—— 我还有 3.3/20 血、手上有家伙，他还有 20 血，这回不退，扑上去接着打！
[01:44] 哎哟，挨了 1 点伤害，血 3.9 → 3.3/20
[01:44] 哎哟，挨了 2 点伤害，血 3.3 → 1.3/20
[01:44] mintstar都贴到我脸上了（1.3 格）—— 我还有 0.3/20 血、手上有家伙，他还有 15.6 血，跳起来劈它！
[01:44] 他倒下了。
[01:44] 我又站起来了。家当多半散在倒下的地方，先看看背包里还剩什么…
[01:45] mintstar都贴到我脸上了（2.0 格）—— 我还有 4.1/20 血、手上有家伙，他还有 20 血，这回不退，扑上去接着打！
[01:45] mintstar都贴到我脸上了（2.2 格）—— 我还有 4.8/20 血、手上有家伙，他还有 14.5 血，跳起来劈它！
[01:45] mintstar在 1.7 格外晃 —— 我血够（4.8/20）、手上有家伙，这回不跑了，站住等它进来。
[01:45] mintstar都贴到我脸上了（2.0 格）—— 我还有 4.3/20 血、手上有家伙，他还有 9.3 血，跳起来劈它！
[01:45] 「jumpattack」成了（target=mintstar）。
[01:45] 哎哟，挨了 3 点伤害，血 5.3 → 2.6/20
[01:45] mintstar都贴到我脸上了（2.1 格）—— 我还有 2.6/20 血、手上有家伙，他还有 3.7 血—— 他就剩这一口气了，补掉他！
[01:45] 补刀，不撤 —— 他就剩一口气了。
[01:45] 打中了「mintstar」！
[01:45] mintstar在 1.7 格外晃 —— 我血够（2.6/20）、手上有家伙，这回不跑了，站住等它进来。
[01:45] mintstar在 2.1 格外晃 —— 我血够（2.6/20）、手上有家伙，这回不跑了，站住等它进来。
[01:45] mintstar都贴到我脸上了（1.3 格）—— 我还有 2.6/20 血、手上有家伙，他还有 0 血—— 他就剩这一口气了，补掉他！
[01:45] 补刀，不撤 —— 他就剩一口气了。
[01:45] mintstar在 1.0 格外晃 —— 我血够（2.6/20）、手上有家伙，这回不跑了，站住等它进来。
[01:45] mintstar都贴到我脸上了（0.9 格）—— 我还有 2.6/20 血、手上有家伙，他还有 20 血，这回不退，扑上去接着打！
[01:45] mintstar都贴到我脸上了（0.9 格）—— 我还有 2.6/20 血、手上有家伙，他还有 20 血，跳起来劈它！
[01:45] mintstar都贴到我脸上了（0.9 格）—— 我还有 2.6/20 血、手上有家伙，他还有 20 血，这回不退，扑上去接着打！
[01:45] 哎哟，挨了 1 点伤害，血 2.6 → 1.6/20
[01:45] mintstar都贴到我脸上了（1.2 格）—— 我还有 1.6/20 血、手上有家伙，他还有 20 血，跳起来劈它！
[01:45] 「jumpattack」成了（target=mintstar）。
[01:45] mintstar都贴到我脸上了（1.5 格）—— 我还有 0.6/20 血、手上有家伙，他还有 14.8 血，这回不退，扑上去接着打！
[01:45] 他倒下了。
[01:45] 我又站起来了。家当多半散在倒下的地方，先看看背包里还剩什么…
[01:45] 血回满了（20/20）。
[01:45] 呜，我被「mintstar」打倒了 —— 这次算我输。
[01:45] 你打我？那我不客气了 —— 这回不死不休！
[01:45] mintstar在 2.2 格外晃 —— 我血够（20/20）、手上有家伙，这回不跑了，站住等它进来。
[01:45] mintstar都贴到我脸上了（1.1 格）—— 我还有 20/20 血、手上有家伙，他还有 16.7 血，这回不退，扑上去接着打！
[01:45] 打中了「mintstar」！
[01:45] mintstar都贴到我脸上了（1.9 格）—— 我还有 20/20 血、手上有家伙，他还有 10.8 血，这回不退，扑上去接着打！
[01:45] mintstar都贴到我脸上了（1.7 格）—— 我还有 20/20 血、手上有家伙，他还有 5.2 血—— 他就剩这一口气了，补掉他！
[01:45] 他动了，挪到 (2, 79, -1)（走了 0.7 格）
[01:45] 「mintstar」走开了
[01:45] mintstar都贴到我脸上了（1.8 格）—— 我还有 20/20 血、手上有家伙，他还有 0 血—— 他就剩这一口气了，补掉他！
[01:45] mintstar在 1.0 格外晃 —— 我血够（20/20）、手上有家伙，这回不跑了，站住等它进来。
[01:45] mintstar都贴到我脸上了（1.8 格）—— 我还有 16.8/20 血、手上有家伙，他还有 20 血，跳起来劈它！
[01:45] mintstar都贴到我脸上了（1.7 格）—— 我还有 16.7/20 血、手上有家伙，他还有 11 血，这回不退，扑上去接着打！
[01:45] 打中了「mintstar」！
[01:45] mintstar都贴到我脸上了（1.0 格）—— 我还有 14.8/20 血、手上有家伙，他还有 1 血—— 他就剩这一口气了，补掉他！
[01:45] 补刀，不撤 —— 他就剩一口气了。
[01:45] 打中了「mintstar」！
[01:45] mintstar都贴到我脸上了（2.0 格）—— 我还有 14/20 血、手上有家伙，他还有 20 血，跳起来劈它！
[01:45] 哎哟，挨了 3 点伤害，血 15.8 → 13.1/20
[01:45] 哎哟，挨了 2 点伤害，血 13.1 → 11/20
[01:45] mintstar都贴到我脸上了（2.0 格）—— 我还有 11/20 血、手上有家伙，他还有 20 血，这回不退，扑上去接着打！
[01:45] 打中了「mintstar」！
[01:45] mintstar都贴到我脸上了（2.1 格）—— 我还有 11/20 血、手上有家伙，他还有 14.8 血，这回不退，扑上去接着打！
[01:45] 打中了「mintstar」！
[01:45] mintstar都贴到我脸上了（1.8 格）—— 我还有 9.5/20 血、手上有家伙，他还有 7 血—— 他就剩这一口气了，补掉他！
[01:45] mintstar都贴到我脸上了（1.6 格）—— 我还有 8/20 血、手上有家伙，他还有 0 血—— 他就剩这一口气了，补掉他！
[01:45] 采样速率 5Hz（战斗档，最近敌人 2 格）。
[01:45] mintstar都贴到我脸上了（1.6 格）—— 我还有 8/20 血、手上有家伙，他还有 20 血，跳起来劈它！
[01:45] 哎哟，挨了 2 点伤害，血 8 → 6/20
[01:45] mintstar都贴到我脸上了（1.5 格）—— 我还有 5/20 血、手上有家伙，他还有 20 血，这回不退，扑上去接着打！
[01:45] 哎哟，挨了 2 点伤害，血 6 → 4/20
[01:45] mintstar都贴到我脸上了（2.0 格）—— 我还有 2.1/20 血、手上有家伙，他还有 20 血，跳起来劈它！
[01:45] 哎哟，挨了 3 点伤害，血 4 → 1.3/20
[01:45] 他倒下了。
[01:45] 咦，「mintstar」人没了，我先站住。
[01:45] 我又站起来了。家当多半散在倒下的地方，先看看背包里还剩什么…
[01:46] 前面是悬崖或者岩浆，我不敢往前跑了 —— 站着不动也比摔下去强。
[01:46] 前面是悬崖或者岩浆，我不敢往前跑了 —— 站着不动也比摔下去强。
[01:46] 采样速率 5Hz（战斗档，身边没有敌人）。
[01:46] 前面是悬崖或者岩浆，我不敢往前跑了 —— 站着不动也比摔下去强。
[01:46] 前面是悬崖或者岩浆，我不敢往前跑了 —— 站着不动也比摔下去强。
[01:47] 前面是悬崖或者岩浆，我不敢往前跑了 —— 站着不动也比摔下去强。
[01:47] 采样速率 5Hz（战斗档，身边没有敌人）。
[01:47] 前面是悬崖或者岩浆，我不敢往前跑了 —— 站着不动也比摔下去强。
[01:47] 前面是悬崖或者岩浆，我不敢往前跑了 —— 站着不动也比摔下去强。
[01:47] 前面是悬崖或者岩浆，我不敢往前跑了 —— 站着不动也比摔下去强。
[01:47] 前面是悬崖或者岩浆，我不敢往前跑了 —— 站着不动也比摔下去强。
[01:47] 前面是悬崖或者岩浆，我不敢往前跑了 —— 站着不动也比摔下去强。
[01:47] 前面是悬崖或者岩浆，我不敢往前跑了 —— 站着不动也比摔下去强。
[01:47] 前面是悬崖或者岩浆，我不敢往前跑了 —— 站着不动也比摔下去强。
[01:47] 前面是悬崖或者岩浆，我不敢往前跑了 —— 站着不动也比摔下去强。
[01:47] 前面是悬崖或者岩浆，我不敢往前跑了 —— 站着不动也比摔下去强。
[01:47] 前面是悬崖或者岩浆，我不敢往前跑了 —— 站着不动也比摔下去强。
[01:47] 前面是悬崖或者岩浆，我不敢往前跑了 —— 站着不动也比摔下去强。
[01:47] 前面是悬崖或者岩浆，我不敢往前跑了 —— 站着不动也比摔下去强。
[01:47] 前面是悬崖或者岩浆，我不敢往前跑了 —— 站着不动也比摔下去强。
[01:47] 前面是悬崖或者岩浆，我不敢往前跑了 —— 站着不动也比摔下去强。
[01:47] 前面是悬崖或者岩浆，我不敢往前跑了 —— 站着不动也比摔下去强。
[01:47] 前面是悬崖或者岩浆，我不敢往前跑了 —— 站着不动也比摔下去强。
[01:47] 前面是悬崖或者岩浆，我不敢往前跑了 —— 站着不动也比摔下去强。
[01:47] 前面是悬崖或者岩浆，我不敢往前跑了 —— 站着不动也比摔下去强。
[01:47] 前面是悬崖或者岩浆，我不敢往前跑了 —— 站着不动也比摔下去强。
[01:47] 前面是悬崖或者岩浆，我不敢往前跑了 —— 站着不动也比摔下去强。
[01:47] 前面是悬崖或者岩浆，我不敢往前跑了 —— 站着不动也比摔下去强。
[01:47] 前面是悬崖或者岩浆，我不敢往前跑了 —— 站着不动也比摔下去强。
[01:47] 前面是悬崖或者岩浆，我不敢往前跑了 —— 站着不动也比摔下去强。
[01:47] 前面是悬崖或者岩浆，我不敢往前跑了 —— 站着不动也比摔下去强。
[01:47] 前面是悬崖或者岩浆，我不敢往前跑了 —— 站着不动也比摔下去强。
[01:47] 前面是悬崖或者岩浆，我不敢往前跑了 —— 站着不动也比摔下去强。
[01:47] 前面是悬崖或者岩浆，我不敢往前跑了 —— 站着不动也比摔下去强。
[01:47] 前面是悬崖或者岩浆，我不敢往前跑了 —— 站着不动也比摔下去强。
[01:47] 前面是悬崖或者岩浆，我不敢往前跑了 —— 站着不动也比摔下去强。
[01:47] 前面是悬崖或者岩浆，我不敢往前跑了 —— 站着不动也比摔下去强。
[01:47] 前面是悬崖或者岩浆，我不敢往前跑了 —— 站着不动也比摔下去强。
[01:47] 前面是悬崖或者岩浆，我不敢往前跑了 —— 站着不动也比摔下去强。
[01:47] 前面是悬崖或者岩浆，我不敢往前跑了 —— 站着不动也比摔下去强。
[01:47] 前面是悬崖或者岩浆，我不敢往前跑了 —— 站着不动也比摔下去强。
[01:47] 前面是悬崖或者岩浆，我不敢往前跑了 —— 站着不动也比摔下去强。
[01:47] 前面是悬崖或者岩浆，我不敢往前跑了 —— 站着不动也比摔下去强。
[01:47] 前面是悬崖或者岩浆，我不敢往前跑了 —— 站着不动也比摔下去强。
[01:47] 前面是悬崖或者岩浆，我不敢往前跑了 —— 站着不动也比摔下去强。
[01:47] 前面是悬崖或者岩浆，我不敢往前跑了 —— 站着不动也比摔下去强。
[01:47] 前面是悬崖或者岩浆，我不敢往前跑了 —— 站着不动也比摔下去强。
[01:47] 前面是悬崖或者岩浆，我不敢往前跑了 —— 站着不动也比摔下去强。
[01:47] 前面是悬崖或者岩浆，我不敢往前跑了 —— 站着不动也比摔下去强。
[01:47] 前面是悬崖或者岩浆，我不敢往前跑了 —— 站着不动也比摔下去强。
[01:47] 前面是悬崖或者岩浆，我不敢往前跑了 —— 站着不动也比摔下去强。
[01:47] 前面是悬崖或者岩浆，我不敢往前跑了 —— 站着不动也比摔下去强。
[01:47] 前面是悬崖或者岩浆，我不敢往前跑了 —— 站着不动也比摔下去强。
[01:47] 前面是悬崖或者岩浆，我不敢往前跑了 —— 站着不动也比摔下去强。
[01:48] 前面是悬崖或者岩浆，我不敢往前跑了 —— 站着不动也比摔下去强。
[01:48] 采样速率 5Hz（战斗档，身边没有敌人）。
[01:48] 前面是悬崖或者岩浆，我不敢往前跑了 —— 站着不动也比摔下去强。
[01:48] 前面是悬崖或者岩浆，我不敢往前跑了 —— 站着不动也比摔下去强。
[01:48] 前面是悬崖或者岩浆，我不敢往前跑了 —— 站着不动也比摔下去强。
[01:48] 前面是悬崖或者岩浆，我不敢往前跑了 —— 站着不动也比摔下去强。
[01:48] 前面是悬崖或者岩浆，我不敢往前跑了 —— 站着不动也比摔下去强。
[01:48] 前面是悬崖或者岩浆，我不敢往前跑了 —— 站着不动也比摔下去强。
[01:48] 前面是悬崖或者岩浆，我不敢往前跑了 —— 站着不动也比摔下去强。
[01:48] 前面是悬崖或者岩浆，我不敢往前跑了 —— 站着不动也比摔下去强。
[01:48] 前面是悬崖或者岩浆，我不敢往前跑了 —— 站着不动也比摔下去强。
[01:48] 前面是悬崖或者岩浆，我不敢往前跑了 —— 站着不动也比摔下去强。
[01:48] 前面是悬崖或者岩浆，我不敢往前跑了 —— 站着不动也比摔下去强。
[01:48] 前面是悬崖或者岩浆，我不敢往前跑了 —— 站着不动也比摔下去强。
[01:48] 前面是悬崖或者岩浆，我不敢往前跑了 —— 站着不动也比摔下去强。
[01:48] 前面是悬崖或者岩浆，我不敢往前跑了 —— 站着不动也比摔下去强。
[01:48] 前面是悬崖或者岩浆，我不敢往前跑了 —— 站着不动也比摔下去强。
[01:48] 前面是悬崖或者岩浆，我不敢往前跑了 —— 站着不动也比摔下去强。
[01:48] 前面是悬崖或者岩浆，我不敢往前跑了 —— 站着不动也比摔下去强。
[01:48] 前面是悬崖或者岩浆，我不敢往前跑了 —— 站着不动也比摔下去强。
[01:48] 前面是悬崖或者岩浆，我不敢往前跑了 —— 站着不动也比摔下去强。
[01:48] 前面是悬崖或者岩浆，我不敢往前跑了 —— 站着不动也比摔下去强。
[01:48] 前面是悬崖或者岩浆，我不敢往前跑了 —— 站着不动也比摔下去强。
[01:48] 前面是悬崖或者岩浆，我不敢往前跑了 —— 站着不动也比摔下去强。
[01:48] 前面是悬崖或者岩浆，我不敢往前跑了 —— 站着不动也比摔下去强。
[01:48] 前面是悬崖或者岩浆，我不敢往前跑了 —— 站着不动也比摔下去强。
[01:48] 前面是悬崖或者岩浆，我不敢往前跑了 —— 站着不动也比摔下去强。
[01:48] 前面是悬崖或者岩浆，我不敢往前跑了 —— 站着不动也比摔下去强。
[01:48] 前面是悬崖或者岩浆，我不敢往前跑了 —— 站着不动也比摔下去强。
[01:48] 前面是悬崖或者岩浆，我不敢往前跑了 —— 站着不动也比摔下去强。
[01:48] 前面是悬崖或者岩浆，我不敢往前跑了 —— 站着不动也比摔下去强。
[01:48] 前面是悬崖或者岩浆，我不敢往前跑了 —— 站着不动也比摔下去强。
[01:48] 前面是悬崖或者岩浆，我不敢往前跑了 —— 站着不动也比摔下去强。
[01:48] 前面是悬崖或者岩浆，我不敢往前跑了 —— 站着不动也比摔下去强。
[01:48] 前面是悬崖或者岩浆，我不敢往前跑了 —— 站着不动也比摔下去强。
[01:48] 前面是悬崖或者岩浆，我不敢往前跑了 —— 站着不动也比摔下去强。
[01:48] 前面是悬崖或者岩浆，我不敢往前跑了 —— 站着不动也比摔下去强。
[01:48] 前面是悬崖或者岩浆，我不敢往前跑了 —— 站着不动也比摔下去强。
[01:48] 前面是悬崖或者岩浆，我不敢往前跑了 —— 站着不动也比摔下去强。
[01:48] 前面是悬崖或者岩浆，我不敢往前跑了 —— 站着不动也比摔下去强。
[01:48] 前面是悬崖或者岩浆，我不敢往前跑了 —— 站着不动也比摔下去强。
[01:48] 前面是悬崖或者岩浆，我不敢往前跑了 —— 站着不动也比摔下去强。
[01:48] 前面是悬崖或者岩浆，我不敢往前跑了 —— 站着不动也比摔下去强。
[01:48] 前面是悬崖或者岩浆，我不敢往前跑了 —— 站着不动也比摔下去强。
[01:48] 前面是悬崖或者岩浆，我不敢往前跑了 —— 站着不动也比摔下去强。
[01:48] 前面是悬崖或者岩浆，我不敢往前跑了 —— 站着不动也比摔下去强。
[01:48] 前面是悬崖或者岩浆，我不敢往前跑了 —— 站着不动也比摔下去强。
[01:48] 前面是悬崖或者岩浆，我不敢往前跑了 —— 站着不动也比摔下去强。
[01:48] 前面是悬崖或者岩浆，我不敢往前跑了 —— 站着不动也比摔下去强。
[01:49] 前面是悬崖或者岩浆，我不敢往前跑了 —— 站着不动也比摔下去强。
[01:49] 采样速率 5Hz（战斗档，身边没有敌人）。
[01:49] 前面是悬崖或者岩浆，我不敢往前跑了 —— 站着不动也比摔下去强。
[01:49] 前面是悬崖或者岩浆，我不敢往前跑了 —— 站着不动也比摔下去强。
[01:49] 前面是悬崖或者岩浆，我不敢往前跑了 —— 站着不动也比摔下去强。
[01:49] 前面是悬崖或者岩浆，我不敢往前跑了 —— 站着不动也比摔下去强。
[01:49] 前面是悬崖或者岩浆，我不敢往前跑了 —— 站着不动也比摔下去强。
[01:49] 前面是悬崖或者岩浆，我不敢往前跑了 —— 站着不动也比摔下去强。
[01:49] 前面是悬崖或者岩浆，我不敢往前跑了 —— 站着不动也比摔下去强。
[01:49] 前面是悬崖或者岩浆，我不敢往前跑了 —— 站着不动也比摔下去强。
[01:49] 前面是悬崖或者岩浆，我不敢往前跑了 —— 站着不动也比摔下去强。
[01:49] 前面是悬崖或者岩浆，我不敢往前跑了 —— 站着不动也比摔下去强。
[01:49] 前面是悬崖或者岩浆，我不敢往前跑了 —— 站着不动也比摔下去强。
[01:49] 前面是悬崖或者岩浆，我不敢往前跑了 —— 站着不动也比摔下去强。
[01:49] 前面是悬崖或者岩浆，我不敢往前跑了 —— 站着不动也比摔下去强。
[01:49] 前面是悬崖或者岩浆，我不敢往前跑了 —— 站着不动也比摔下去强。
[01:49] 前面是悬崖或者岩浆，我不敢往前跑了 —— 站着不动也比摔下去强。
[01:49] 前面是悬崖或者岩浆，我不敢往前跑了 —— 站着不动也比摔下去强。
[01:49] 前面是悬崖或者岩浆，我不敢往前跑了 —— 站着不动也比摔下去强。
[01:49] 前面是悬崖或者岩浆，我不敢往前跑了 —— 站着不动也比摔下去强。
[01:49] 前面是悬崖或者岩浆，我不敢往前跑了 —— 站着不动也比摔下去强。
[01:49] 前面是悬崖或者岩浆，我不敢往前跑了 —— 站着不动也比摔下去强。
[01:49] 前面是悬崖或者岩浆，我不敢往前跑了 —— 站着不动也比摔下去强。
[01:49] 前面是悬崖或者岩浆，我不敢往前跑了 —— 站着不动也比摔下去强。
[01:49] 前面是悬崖或者岩浆，我不敢往前跑了 —— 站着不动也比摔下去强。
[01:49] 前面是悬崖或者岩浆，我不敢往前跑了 —— 站着不动也比摔下去强。
[01:49] 前面是悬崖或者岩浆，我不敢往前跑了 —— 站着不动也比摔下去强。
[01:49] 前面是悬崖或者岩浆，我不敢往前跑了 —— 站着不动也比摔下去强。
[01:49] 前面是悬崖或者岩浆，我不敢往前跑了 —— 站着不动也比摔下去强。
[01:49] 前面是悬崖或者岩浆，我不敢往前跑了 —— 站着不动也比摔下去强。
[01:49] 前面是悬崖或者岩浆，我不敢往前跑了 —— 站着不动也比摔下去强。
[01:49] 前面是悬崖或者岩浆，我不敢往前跑了 —— 站着不动也比摔下去强。
[01:49] 前面是悬崖或者岩浆，我不敢往前跑了 —— 站着不动也比摔下去强。
[01:49] 前面是悬崖或者岩浆，我不敢往前跑了 —— 站着不动也比摔下去强。
[01:49] 前面是悬崖或者岩浆，我不敢往前跑了 —— 站着不动也比摔下去强。
[01:49] 前面是悬崖或者岩浆，我不敢往前跑了 —— 站着不动也比摔下去强。
[01:49] 前面是悬崖或者岩浆，我不敢往前跑了 —— 站着不动也比摔下去强。
[01:49] 前面是悬崖或者岩浆，我不敢往前跑了 —— 站着不动也比摔下去强。
[01:49] 前面是悬崖或者岩浆，我不敢往前跑了 —— 站着不动也比摔下去强。
[01:49] 前面是悬崖或者岩浆，我不敢往前跑了 —— 站着不动也比摔下去强。
[01:49] 前面是悬崖或者岩浆，我不敢往前跑了 —— 站着不动也比摔下去强。
[01:49] 前面是悬崖或者岩浆，我不敢往前跑了 —— 站着不动也比摔下去强。
[01:49] 前面是悬崖或者岩浆，我不敢往前跑了 —— 站着不动也比摔下去强。
[01:49] 前面是悬崖或者岩浆，我不敢往前跑了 —— 站着不动也比摔下去强。
[01:49] 前面是悬崖或者岩浆，我不敢往前跑了 —— 站着不动也比摔下去强。
[01:49] 前面是悬崖或者岩浆，我不敢往前跑了 —— 站着不动也比摔下去强。
[01:49] 前面是悬崖或者岩浆，我不敢往前跑了 —— 站着不动也比摔下去强。
[01:49] 前面是悬崖或者岩浆，我不敢往前跑了 —— 站着不动也比摔下去强。
[01:49] 前面是悬崖或者岩浆，我不敢往前跑了 —— 站着不动也比摔下去强。
[01:50] 前面是悬崖或者岩浆，我不敢往前跑了 —— 站着不动也比摔下去强。
