[03:19] Cyberdyne-Bridge M3 启动，大脑在外面。
           看住「XiaoJiaHuo」。
           反射层：跑、吃、保命、还手；指令层：听得懂话；采样：平静 1Hz / 战斗 5Hz。
[03:19] 接线口连上了 [unix] /home/<用户>/cyberdyne-bridge/./cyberdyne.sock
           指令层已上线；大模型层关着。
[03:19] 小家伙出生了，站在 (9, 78, -20)
           血量 20/20，朝向 yaw=1.6 pitch=0.0
           他一睁眼就看到了：item、item、item
[03:20] 「PreyBot」走开了
[03:20] 视野里出现了「PreyBot」，12.1 格远
[03:20] 听懂了：「烧铁 20 78 -20」→ task
[03:20] 好，我去了：烧矿（6 步）。
[03:20] mintstar 说话了：「烧铁 20 78 -20」
[03:20] 他动了，挪到 (22, 78, -20)（走了 13.1 格）
[03:20] 采样速率切到 5Hz（战斗档）。
[03:20] 呜呜，有个PreyBot靠近我（3.0 格），我赶紧往后跑！
[03:20] 先停一下手上的活 —— 逃跑。
[03:20] 没事了，接着干（第 1 步）。
[03:20] 他扭头看了一眼
[03:20] 他动了，挪到 (25, 78, -20)（走了 1.0 格）
[03:20] 先停一下手上的活 —— 逃跑。
[03:20] 先停一下手上的活 —— 逃跑。
[03:20] 先停一下手上的活 —— 逃跑。
[03:20] 没事了，接着干（第 1 步）。
[03:20] 他动了，挪到 (28, 78, -20)（走了 0.8 格）
[03:20] 他扭头看了一眼
[03:20] 走不过去：Path was stopped before it could be completed! Thus, the desired goal was not reached.
[03:20] 呜呜，有个PreyBot靠近我（4.1 格），我赶紧往后跑！
[03:20] 先停一下手上的活 —— 逃跑。
[03:20] 先停一下手上的活 —— 逃跑。
[03:21] 先停一下手上的活 —— 逃跑。
[03:21] 呜呜，有个PreyBot靠近我（4.4 格），我赶紧往后跑！
[03:21] 先停一下手上的活 —— 逃跑。
[03:21] 先停一下手上的活 —— 逃跑。
[03:21] 先停一下手上的活 —— 逃跑。
[03:21] 先停一下手上的活 —— 逃跑。
[03:21] 呜呜，有个PreyBot靠近我（4.1 格），我赶紧往后跑！
[03:21] 先停一下手上的活 —— 逃跑。
[03:21] 先停一下手上的活 —— 逃跑。
[03:21] 先停一下手上的活 —— 逃跑。
[03:21] 先停一下手上的活 —— 逃跑。
[03:21] 呜呜，有个PreyBot靠近我（4.2 格），我赶紧往后跑！
[03:21] 先停一下手上的活 —— 逃跑。
[03:21] 先停一下手上的活 —— 逃跑。
[03:21] 先停一下手上的活 —— 逃跑。
[03:21] 哎哟，挨了 6 点伤害，血 20 → 14/20
[03:21] 先停一下手上的活 —— 逃跑。
[03:21] 呜呜，有个PreyBot靠近我（4.4 格），我赶紧往后跑！
[03:21] 先停一下手上的活 —— 逃跑。
[03:21] 没事了，接着干（第 1 步）。
[03:21] 先停一下手上的活 —— 逃跑。
[03:21] 他动了，挪到 (24, 78, -20)（走了 1.0 格）
[03:21] 先停一下手上的活 —— 逃跑。
[03:21] 先停一下手上的活 —— 逃跑。
[03:21] 呜呜，有个PreyBot靠近我（4.4 格），我赶紧往后跑！
[03:21] 先停一下手上的活 —— 逃跑。
[03:21] 采样速率 5Hz（战斗档，身边没有敌人）。
[03:21] 没事了，接着干（第 1 步）。
[03:21] 第 1 步没成（等了 60 秒还没成（超时））—— 1 秒后我再试一次（第 1 次）。
[03:21] 他动了，挪到 (32, 78, -20)（走了 1.1 格）
[03:21] 他扭头看了一眼
[03:21] 他动了，挪到 (31, 78, -20)（走了 1.1 格）
[03:21] 他动了，挪到 (30, 78, -20)（走了 1.1 格）
[03:21] 呜呜，有个PreyBot靠近我（4.6 格），我赶紧往后跑！
[03:21] 先停一下手上的活 —— 逃跑。
[03:21] 没事了，接着干（第 1 步）。
[03:21] 他动了，挪到 (27, 78, -20)（走了 0.6 格）
[03:21] 他扭头看了一眼
[03:21] 走不过去：Path was stopped before it could be completed! Thus, the desired goal was not reached.
[03:21] 先停一下手上的活 —— 逃跑。
[03:22] 先停一下手上的活 —— 逃跑。
[03:22] 哎哟，挨了 6 点伤害，血 16 → 10/20
[03:22] 呜呜，有个PreyBot靠近我（4.6 格），我赶紧往后跑！
[03:22] 先停一下手上的活 —— 逃跑。
[03:22] 先停一下手上的活 —— 逃跑。
[03:22] 先停一下手上的活 —— 逃跑。
[03:22] 呜呜，有个PreyBot靠近我（4.1 格），我赶紧往后跑！
[03:22] 先停一下手上的活 —— 逃跑。
[03:22] 先停一下手上的活 —— 逃跑。
[03:22] 先停一下手上的活 —— 逃跑。
[03:22] 先停一下手上的活 —— 逃跑。
[03:22] 呜呜，有个PreyBot靠近我（4.2 格），我赶紧往后跑！
[03:22] 先停一下手上的活 —— 逃跑。
[03:22] 先停一下手上的活 —— 逃跑。
[03:22] 先停一下手上的活 —— 逃跑。
[03:22] 先停一下手上的活 —— 逃跑。
[03:22] 他动了，挪到 (27, 78, -20)（走了 1.0 格）
[03:22] 呜呜，有个PreyBot靠近我（4.2 格），我赶紧往后跑！
[03:22] 先停一下手上的活 —— 逃跑。
[03:22] 他动了，挪到 (24, 78, -20)（走了 1.1 格）
[03:22] 先停一下手上的活 —— 逃跑。
[03:22] 先停一下手上的活 —— 逃跑。
[03:22] 呜呜，有个PreyBot靠近我（4.2 格），我赶紧往后跑！
[03:22] 先停一下手上的活 —— 逃跑。
[03:22] 采样速率 5Hz（战斗档，最近敌人 7 格）。
[03:22] 没事了，接着干（第 1 步）。
[03:22] 第 1 步没成（等了 60 秒还没成（超时））—— 3 秒后我再试一次（第 2 次）。
[03:22] 他动了，挪到 (32, 78, -20)（走了 1.1 格）
[03:22] 他动了，挪到 (31, 78, -20)（走了 0.9 格）
[03:22] 他动了，挪到 (30, 78, -20)（走了 1.1 格）
[03:22] 他动了，挪到 (29, 78, -20)（走了 1.1 格）
[03:22] 呜呜，有个PreyBot靠近我（4.8 格），我赶紧往后跑！
[03:22] 先停一下手上的活 —— 逃跑。
[03:22] 他动了，挪到 (27, 78, -20)（走了 0.9 格）
[03:22] 他动了，挪到 (26, 78, -20)（走了 1.0 格）
[03:22] 走不过去：Path was stopped before it could be completed! Thus, the desired goal was not reached.
[03:22] 他动了，挪到 (25, 78, -20)（走了 1.0 格）
[03:22] 先停一下手上的活 —— 逃跑。
[03:22] 先停一下手上的活 —— 逃跑。
[03:23] 先停一下手上的活 —— 逃跑。
[03:23] 呜呜，有个PreyBot靠近我（4.4 格），我赶紧往后跑！
[03:23] 先停一下手上的活 —— 逃跑。
[03:23] 先停一下手上的活 —— 逃跑。
[03:23] 先停一下手上的活 —— 逃跑。
[03:23] 先停一下手上的活 —— 逃跑。
[03:23] 呜呜，有个PreyBot靠近我（4.4 格），我赶紧往后跑！
[03:23] 先停一下手上的活 —— 逃跑。
[03:23] 先停一下手上的活 —— 逃跑。
[03:23] 他和世界的连接断了：disconnect.quitting
