[03:31] Cyberdyne-Bridge M3 启动，大脑在外面。
           看住「XiaoJiaHuo」。
           反射层：跑、吃、保命、还手；指令层：听得懂话；采样：平静 1Hz / 战斗 5Hz。
[03:31] 接线口连上了 [unix] /home/<用户>/cyberdyne-bridge/./cyberdyne.sock
           指令层已上线；大模型层关着。
[03:31] 小家伙出生了，站在 (26, 78, -20)
           血量 10/20，朝向 yaw=5.5 pitch=0.0
           四下无人
[03:32] 视野里出现了「PreyBot」，7.0 格远
[03:32] 采样速率切到 5Hz（战斗档）。
[03:32] 他动了，挪到 (0, 78, 0)（走了 32.8 格）
[03:32] 「PreyBot」走开了
[03:32] 他动了，挪到 (-0, 79, 0)（走了 0.9 格）
[03:32] 哎哟，挨了 6 点伤害，血 10 → 4/20
[03:32] 视野里出现了「PreyBot」，2.7 格远
[03:32] 呜呜，有个PreyBot靠近我（2.7 格），我赶紧往后跑！
[03:32] 肚子饿了（血 4/20，饥饿 9/20），我翻出熟牛排吃一口。
[03:32] 吃完啦，长舒一口气。
[03:32] 肚子饿了（血 4/20，饥饿 17/20），我翻出熟牛排吃一口。
[03:32] 他和世界的连接断了：disconnect.quitting
