[02:58] Cyberdyne-Bridge M3 启动，大脑在外面。
           看住「XiaoJiaHuo」。
           反射层：跑、吃、保命、还手；指令层：听得懂话；采样：平静 1Hz / 战斗 5Hz。
[02:58] 接线口连上了 [unix] /home/<用户>/cyberdyne-bridge/./cyberdyne.sock
           指令层已上线；大模型层关着。
[02:58] 小家伙出生了，站在 (20, 78, -15)
           血量 20/20，朝向 yaw=5.4 pitch=0.0
           四下无人
[02:59] 听懂了：「挖 20 77 -18 然后回来」→ task
[02:59] 好，我去了：挖 1 格再回来（5 步）。
[02:59] mintstar 说话了：「挖 20 77 -18 然后回来」
[02:59] 采样速率切到 5Hz（战斗档）。
[02:59] 第 1 步「走到」做完了（用了 0 秒）。
[02:59] 第 2 步没成（「bedrock」这种方块我挖不动）—— 1 秒后我再试一次（第 1 次）。
[02:59] 第 2 步没成（「bedrock」这种方块我挖不动）—— 3 秒后我再试一次（第 2 次）。
[02:59] 这活我干不了了：第 2 步「挖」试了 3 次都不成（「bedrock」这种方块我挖不动）。
[02:59] 采样速率切到 1Hz（平静档）。
[02:59] 他动了，挪到 (10, 78, 8)（走了 25.8 格）
[02:59] 听懂了：「挖 10 77 10 12 77 10 8 77 12 然后回来」→ task
[02:59] 好，我去了：挖 3 格再回来（11 步）。
[02:59] mintstar 说话了：「挖 10 77 10 12 77 10 8 77 12 然后回来」
[02:59] 采样速率切到 5Hz（战斗档）。
[02:59] 第 1 步「走到」做完了（用了 0 秒）。
[03:00] 「dig」没做成：dig 炸了：Digging aborted
[03:00] 「dig」没做成：dig 炸了：Digging aborted
[03:00] 「dig」没做成：dig 炸了：Digging aborted
[03:00] 「dig」没做成：dig 炸了：Digging aborted
[03:00] 「dig」没做成：dig 炸了：Digging aborted
[03:00] 「dig」没做成：dig 炸了：Digging aborted
[03:00] 「dig」没做成：dig 炸了：Digging aborted
[03:00] 「dig」没做成：dig 炸了：Digging aborted
[03:00] 「dig」没做成：dig 炸了：Digging aborted
[03:00] 「dig」没做成：dig 炸了：Digging aborted
[03:00] 「dig」没做成：dig 炸了：Digging aborted
[03:00] 「dig」没做成：dig 炸了：Digging aborted
[03:00] 「dig」没做成：dig 炸了：Digging aborted
[03:00] 「dig」没做成：dig 炸了：Digging aborted
[03:00] 「dig」没做成：dig 炸了：Digging aborted
[03:00] 「dig」没做成：dig 炸了：Digging aborted
[03:00] 「dig」没做成：dig 炸了：Digging aborted
[03:00] 「dig」没做成：dig 炸了：Digging aborted
[03:00] 「dig」没做成：dig 炸了：Digging aborted
[03:00] 「dig」没做成：dig 炸了：Digging aborted
[03:00] 「dig」没做成：dig 炸了：Digging aborted
[03:00] 「dig」没做成：dig 炸了：Digging aborted
[03:00] 采样速率 5Hz（战斗档，身边没有敌人）。
[03:00] 第 2 步没成（等了 60 秒还没成（超时））—— 1 秒后我再试一次（第 1 次）。
[03:00] 「dig」没做成：dig 炸了：Digging aborted
[03:01] 「dig」没做成：dig 炸了：Digging aborted
[03:01] 「dig」没做成：dig 炸了：Digging aborted
[03:01] 「dig」没做成：dig 炸了：Digging aborted
[03:01] 「dig」没做成：dig 炸了：Digging aborted
[03:01] 「dig」没做成：dig 炸了：Digging aborted
[03:01] 「dig」没做成：dig 炸了：Digging aborted
[03:01] 「dig」没做成：dig 炸了：Digging aborted
[03:01] 「dig」没做成：dig 炸了：Digging aborted
[03:01] 「dig」没做成：dig 炸了：Digging aborted
[03:01] 「dig」没做成：dig 炸了：Digging aborted
[03:01] 「dig」没做成：dig 炸了：Digging aborted
[03:01] 「dig」没做成：dig 炸了：Digging aborted
[03:01] 「dig」没做成：dig 炸了：Digging aborted
[03:01] 「dig」没做成：dig 炸了：Digging aborted
[03:01] 「dig」没做成：dig 炸了：Digging aborted
[03:01] 「dig」没做成：dig 炸了：Digging aborted
[03:01] 「dig」没做成：dig 炸了：Digging aborted
[03:01] 他和世界的连接断了：disconnect.quitting
