启动器：外挂·动作面（主链 bridge.py 一个字节都没动）
工作目录：/home/<用户>/cyberdyne-bridge
[2026-10-01 06:28:23] 锚点自检通过：72 条全 ✅
[2026-10-01 06:28:23] 动作面开关 = 开（出处：config.json 的 m7.expand_actions）
[2026-10-01 06:28:23] 外置数据：物品映射 66 条 / 危险物品 15 条 / 动作词表 基础 9 + 扩展 3 个 / MC 1.21.1
[2026-10-01 06:28:23] 补丁已打上：10 处（**只改内存，磁盘上的 bridge.py 一个字节没动**）
[2026-10-01 06:28:23] 交棒给主链 bridge.主()
[06:28] Cyberdyne-Bridge M3 启动，大脑在外面。
           看住「XiaoJiaHuo」。
           反射层：跑、吃、保命、还手；指令层：听得懂话；采样：平静 1Hz / 战斗 5Hz。
[06:28] 接线口连上了 [unix] /home/<用户>/cyberdyne-bridge/./cyberdyne.sock
           指令层已上线；大模型层关着。
[06:28] 小家伙出生了，站在 (17, 78, -15)
           血量 20/20，朝向 yaw=0.6 pitch=0.0
           他一睁眼就看到了：mintstar
[06:28] 采样速率切到 5Hz（战斗档）。
[06:28] 他动了，挪到 (14, 78, -20)（走了 1.1 格）
[06:28] 呜呜，有个mintstar靠近我（4.8 格），我赶紧往后跑！
[06:28] 他动了，挪到 (13, 78, -37)（走了 1.1 格）
[06:28] 呜呜，有个mintstar靠近我（4.3 格），我赶紧往后跑！
[06:28] 视野里出现了「item」，1.7 格远
[06:28] 「item」走开了
[06:28] mintstar在 3.4 格外晃 —— 我血够（20/20）、手上有家伙，这回不跑了，站住等它进来。
[06:28] mintstar都贴到我脸上了（2.1 格）—— 我还有 20/20 血、手上有家伙，他还有 20 血，跳起来劈它！
[06:28] mintstar在 1.7 格外晃 —— 我血够（20/20）、手上有家伙，这回不跑了，站住等它进来。
[06:28] 「jumpattack」成了（target=mintstar）。
[06:28] 他动了，挪到 (-39, 78, -39)（走了 0.8 格）
[06:28] 疾跑拉开距离，别站在它脸上。
[06:28] mintstar都贴到我脸上了（2.2 格）—— 我还有 20/20 血、手上有家伙，他还有 11 血，不白挨：挥它一下就往后退！
[06:28] 打中了「mintstar」！
[06:28] 疾跑拉开距离，别站在它脸上。
[06:28] mintstar都贴到我脸上了（1.9 格）—— 我还有 20/20 血、手上有家伙，他还有 6 血—— 他就剩这一口气了，补掉他！
[06:28] 补刀，不撤 —— 他就剩一口气了。
[06:28] 打中了「mintstar」！
[06:29] 采样速率切到 1Hz（平静档）。
[06:29] 采样速率切到 5Hz（战斗档）。
[06:29] mintstar都贴到我脸上了（2.1 格）—— 我还有 20/20 血、手上有家伙，他还有 20 血，跳起来劈它！
[06:29] 疾跑拉开距离，别站在它脸上。
[06:29] mintstar在 4.5 格外晃 —— 我血够（20/20）、手上有家伙，这回不跑了，站住等它进来。
[06:30] 采样速率 5Hz（战斗档，最近敌人 4 格）。
[06:30] 他还在 (-39, 78, -39)，⚠ 身边有敌人 mintstar(4格)｜血 20/20｜已经待了 1分57秒（期间压掉了 13 条啰嗦的）
[06:30] mintstar都贴到我脸上了（2.2 格）—— 我还有 20/20 血、手上有家伙，他还有 15.8 血，跳起来劈它！
[06:30] mintstar在 2.3 格外晃 —— 我血够（20/20）、手上有家伙，这回不跑了，站住等它进来。
[06:30] 「jumpattack」没做成：这半秒里目标跑到 3.4 格外了，这一下不挥
[06:30] 他动了，挪到 (-39, 78, -39)（走了 0.8 格）
[06:30] 他扭头看了一眼
[06:30] 他动了，挪到 (-39, 78, -39)（走了 0.5 格）
[06:30] 疾跑拉开距离，别站在它脸上。
[06:30] mintstar都贴到我脸上了（1.3 格）—— 我还有 20/20 血、手上有家伙，他还有 15.8 血，不白挨：挥它一下就往后退！
[06:30] 打中了「mintstar」！
[06:30] mintstar在 2.4 格外晃 —— 我血够（20/20）、手上有家伙，这回不跑了，站住等它进来。
[06:30] 疾跑拉开距离，别站在它脸上。
[06:30] mintstar都贴到我脸上了（2.1 格）—— 我还有 20/20 血、手上有家伙，他还有 9.8 血，不白挨：挥它一下就往后退！
[06:30] 打中了「mintstar」！
[06:30] mintstar在 2.6 格外晃 —— 我血够（20/20）、手上有家伙，这回不跑了，站住等它进来。
[06:30] 疾跑拉开距离，别站在它脸上。
[06:30] 哎哟，挨了 1 点伤害，血 20 → 19/20
[06:30] mintstar都贴到我脸上了（1.9 格）—— 我还有 19/20 血、手上有家伙，他还有 3.8 血—— 他就剩这一口气了，补掉他！
[06:30] 补刀，不撤 —— 他就剩一口气了。
[06:30] 打中了「mintstar」！
[06:30] 视野里出现了「item」，1.7 格远
[06:30] mintstar在 2.6 格外晃 —— 我血够（19/20）、手上有家伙，这回不跑了，站住等它进来。
[06:30] 「mintstar」走开了
[06:30] 血回满了（20/20）。
[06:30] mintstar都贴到我脸上了（2.0 格）—— 我还有 20/20 血、手上有家伙，他还有 20 血，不白挨：挥它一下就往后退！
[06:30] 打中了「mintstar」！
[06:30] 疾跑拉开距离，别站在它脸上。
