[03:50] Cyberdyne-Bridge M3 启动，大脑在外面。
           看住「XiaoJiaHuo」。
           反射层：跑、吃、保命、还手；指令层：听得懂话；采样：平静 1Hz / 战斗 5Hz。
[03:50] 接线口连上了 [unix] /home/<用户>/cyberdyne-bridge/./cyberdyne.sock
           指令层已上线；大模型层关着。
[03:50] 小家伙出生了，站在 (-4, 78, 2)
           血量 15.9/20，朝向 yaw=5.5 pitch=0.0
           四下无人
[03:51] 他还在 (-4, 78, 2)，身边没人｜血 15.9/20｜已经待了 1分0秒
[03:51] 采样速率 1Hz（平静档，身边没有敌人）。
[03:52] 他还在 (-4, 78, 2)，身边没人｜血 15.9/20｜已经待了 2分0秒
[03:52] 采样速率 1Hz（平静档，身边没有敌人）。
[03:53] 他还在 (-4, 78, 2)，身边没人｜血 15.9/20｜已经待了 3分0秒
[03:53] 采样速率 1Hz（平静档，身边没有敌人）。
[03:54] 他还在 (-4, 78, 2)，身边没人｜血 15.9/20｜已经待了 4分0秒
[03:54] 采样速率 1Hz（平静档，身边没有敌人）。
[03:55] 他还在 (-4, 78, 2)，身边没人｜血 15.9/20｜已经待了 5分0秒
[03:55] 采样速率 1Hz（平静档，身边没有敌人）。
[03:56] 他还在 (-4, 78, 2)，身边没人｜血 15.9/20｜已经待了 6分0秒
[03:56] 采样速率 1Hz（平静档，身边没有敌人）。
[03:57] 他还在 (-4, 78, 2)，身边没人｜血 15.9/20｜已经待了 7分0秒
[03:57] 采样速率 1Hz（平静档，身边没有敌人）。
[03:58] 他还在 (-4, 78, 2)，身边没人｜血 15.9/20｜已经待了 8分0秒
[03:58] 采样速率 1Hz（平静档，身边没有敌人）。
[03:59] 他还在 (-4, 78, 2)，身边没人｜血 15.9/20｜已经待了 9分0秒
[03:59] 采样速率 1Hz（平静档，身边没有敌人）。
[04:00] 他还在 (-4, 78, 2)，身边没人｜血 15.9/20｜已经待了 10分0秒
[04:00] 采样速率 1Hz（平静档，身边没有敌人）。
[04:01] 他还在 (-4, 78, 2)，身边没人｜血 15.9/20｜已经待了 11分0秒
[04:01] 采样速率 1Hz（平静档，身边没有敌人）。
[04:02] 他还在 (-4, 78, 2)，身边没人｜血 15.9/20｜已经待了 12分0秒
[04:02] 采样速率 1Hz（平静档，身边没有敌人）。
[04:03] 他还在 (-4, 78, 2)，身边没人｜血 15.9/20｜已经待了 13分0秒
[04:03] 采样速率 1Hz（平静档，身边没有敌人）。
[04:04] 他还在 (-4, 78, 2)，身边没人｜血 15.9/20｜已经待了 14分0秒
[04:04] 采样速率 1Hz（平静档，身边没有敌人）。
[04:05] 他还在 (-4, 78, 2)，身边没人｜血 15.9/20｜已经待了 15分0秒
[04:05] 采样速率 1Hz（平静档，身边没有敌人）。
[04:06] 他还在 (-4, 78, 2)，身边没人｜血 15.9/20｜已经待了 16分0秒
[04:06] 采样速率 1Hz（平静档，身边没有敌人）。
[04:07] 他还在 (-4, 78, 2)，身边没人｜血 15.9/20｜已经待了 17分0秒
[04:07] 采样速率 1Hz（平静档，身边没有敌人）。
[04:08] 他还在 (-4, 78, 2)，身边没人｜血 15.9/20｜已经待了 18分0秒
[04:08] 采样速率 1Hz（平静档，身边没有敌人）。
[04:08] 他和世界的连接断了：disconnect.quitting
