[03:13] Cyberdyne-Bridge M3 启动，大脑在外面。
           看住「XiaoJiaHuo」。
           反射层：跑、吃、保命、还手；指令层：听得懂话；采样：平静 1Hz / 战斗 5Hz。
[03:13] 接线口连上了 [unix] /home/<用户>/cyberdyne-bridge/./cyberdyne.sock
           指令层已上线；大模型层关着。
[03:13] 小家伙出生了，站在 (10, 78, 8)
           血量 20/20，朝向 yaw=3.1 pitch=-0.8
           四下无人
[03:13] 听懂了：「挖 10 77 10 12 77 10 8 77 12 然后回来」→ task
[03:13] 好，我去了：挖 3 格再回来（11 步）。
[03:13] mintstar 说话了：「挖 10 77 10 12 77 10 8 77 12 然后回来」
[03:13] 采样速率切到 5Hz（战斗档）。
[03:13] 第 1 步「走到」做完了（用了 0 秒）。
[03:13] 「dig」没做成：dig 炸了：Digging aborted
[03:13] 「dig」没做成：dig 炸了：Digging aborted
[03:13] 「dig」没做成：dig 炸了：Digging aborted
[03:13] 「dig」没做成：dig 炸了：Digging aborted
[03:13] 「dig」没做成：dig 炸了：Digging aborted
[03:14] 「dig」没做成：dig 炸了：Digging aborted
[03:14] 「dig」没做成：dig 炸了：Digging aborted
[03:14] 「dig」没做成：dig 炸了：Digging aborted
[03:14] 「dig」没做成：dig 炸了：Digging aborted
[03:14] 「dig」没做成：dig 炸了：Digging aborted
[03:14] 「dig」没做成：dig 炸了：Digging aborted
[03:14] 采样速率 5Hz（战斗档，身边没有敌人）。
[03:14] 第 2 步没成（等了 60 秒还没成（超时））—— 1 秒后我再试一次（第 1 次）。
[03:14] 「dig」没做成：dig 炸了：Digging aborted
[03:14] 「dig」没做成：dig 炸了：Digging aborted
[03:14] 「dig」没做成：dig 炸了：Digging aborted
[03:14] 「dig」没做成：dig 炸了：Digging aborted
[03:14] 「dig」没做成：dig 炸了：Digging aborted
[03:14] 「dig」没做成：dig 炸了：Digging aborted
[03:15] 「dig」没做成：dig 炸了：Digging aborted
[03:15] 「dig」没做成：dig 炸了：Digging aborted
[03:15] 「dig」没做成：dig 炸了：Digging aborted
[03:15] 「dig」没做成：dig 炸了：Digging aborted
[03:15] 「dig」没做成：dig 炸了：Digging aborted
[03:15] 「dig」没做成：dig 炸了：Digging aborted
[03:15] 采样速率 5Hz（战斗档，身边没有敌人）。
[03:15] 第 2 步没成（等了 60 秒还没成（超时））—— 3 秒后我再试一次（第 2 次）。
[03:15] 「dig」没做成：dig 炸了：Digging aborted
[03:15] 「dig」没做成：dig 炸了：Digging aborted
[03:15] 「dig」没做成：dig 炸了：Digging aborted
[03:15] 「dig」没做成：dig 炸了：Digging aborted
[03:15] 「dig」没做成：dig 炸了：Digging aborted
[03:16] 「dig」没做成：dig 炸了：Digging aborted
[03:16] 「dig」没做成：dig 炸了：Digging aborted
[03:16] 「dig」没做成：dig 炸了：Digging aborted
[03:16] 「dig」没做成：dig 炸了：Digging aborted
[03:16] 「dig」没做成：dig 炸了：Digging aborted
[03:16] 「dig」没做成：dig 炸了：Digging aborted
[03:16] 「dig」没做成：dig 炸了：Digging aborted
[03:16] 采样速率 5Hz（战斗档，身边没有敌人）。
[03:16] 这活我干不了了：第 2 步「挖」试了 3 次都不成（等了 60 秒还没成（超时））。
[03:16] 「dig」成了（挖掉=stone）。
[03:16] 采样速率切到 1Hz（平静档）。
[03:17] 他和世界的连接断了：disconnect.quitting
