[03:44] Cyberdyne-Bridge M3 启动，大脑在外面。
           看住「XiaoJiaHuo」。
           反射层：跑、吃、保命、还手；指令层：听得懂话；采样：平静 1Hz / 战斗 5Hz。
[03:44] 接线口连上了 [unix] /home/<用户>/cyberdyne-bridge/./cyberdyne.sock
           指令层已上线；大模型层关着。
[03:44] 小家伙出生了，站在 (-4, 78, 10)
           血量 20/20，朝向 yaw=3.1 pitch=0.0
           四下无人
[03:44] 听懂了：「烧铁 20 78 -20」→ task
[03:44] 好，我去了：烧矿（6 步）。
[03:44] mintstar 说话了：「烧铁 20 78 -20」
[03:44] 他动了，挪到 (22, 78, -20)（走了 39.6 格）
[03:44] 视野里出现了「item」，2.5 格远
[03:44] 视野里出现了「PreyBot」，4.0 格远
[03:44] 视野里出现了「mintstar」，4.0 格远
[03:44] 采样速率切到 5Hz（战斗档）。
[03:44] PreyBot在 4.0 格外晃 —— 我血够（20/20）、手上有家伙，这回不跑了，站住等它进来。
[03:44] 先停一下手上的活 —— 迎战。
[03:44] 他扭头看了一眼
[03:44] PreyBot都贴到我脸上了（1.0 格）—— 我还有 20/20 血、手上有家伙，跳起来劈它！
[03:44] 哎哟，挨了 6 点伤害，血 20 → 14/20
[03:44] 「jumpattack」没做成：这半秒里目标跑到 3.3 格外了，这一下不挥
[03:44] 疾跑拉开距离，别站在它脸上。
[03:44] 先停一下手上的活 —— 迎战。
[03:44] PreyBot都贴到我脸上了（1.9 格）—— 我还有 16.7/20 血、手上有家伙，不白挨：挥它一下就往后退！
[03:44] 打中了「PreyBot」！
[03:44] 哎哟，挨了 5 点伤害，血 16 → 10.8/20
[03:44] 呜呜，有个PreyBot靠近我（2.4 格），我赶紧往后跑！
[03:44] 疾跑拉开距离，别站在它脸上。
[03:44] 先停一下手上的活 —— 迎战。
[03:44] 哎哟，挨了 5 点伤害，血 12.2 → 7.2/20
[03:44] 呜呜，有个PreyBot靠近我（3.3 格），我赶紧往后跑！
[03:44] 先停一下手上的活 —— 迎战。
[03:44] 哎哟，挨了 5 点伤害，血 13.6 → 8.4/20
[03:45] 呜呜，有个PreyBot靠近我（4.0 格），我赶紧往后跑！
[03:45] 先停一下手上的活 —— 逃跑。
[03:45] 先停一下手上的活 —— 逃跑。
[03:45] 先停一下手上的活 —— 逃跑。
[03:45] 呜呜，有个PreyBot靠近我（4.2 格），我赶紧往后跑！
[03:45] 先停一下手上的活 —— 逃跑。
[03:45] 没事了，接着干（第 1 步）。
[03:45] 他扭头看了一眼
[03:45] 走不过去：Path was stopped before it could be completed! Thus, the desired goal was not reached.
[03:45] 走不过去：Path was stopped before it could be completed! Thus, the desired goal was not reached.
[03:45] 先停一下手上的活 —— 逃跑。
[03:45] 先停一下手上的活 —— 逃跑。
[03:45] 呜呜，有个PreyBot靠近我（4.2 格），我赶紧往后跑！
[03:45] 先停一下手上的活 —— 逃跑。
[03:45] 他动了，挪到 (20, 78, -16)（走了 1.0 格）
[03:45] 他扭头看了一眼
[03:45] 采样速率 5Hz（战斗档，最近敌人 5 格）。
[03:45] 他动了，挪到 (21, 78, -17)（走了 1.1 格）
[03:45] 先停一下手上的活 —— 逃跑。
[03:45] 走不过去：Path was stopped before it could be completed! Thus, the desired goal was not reached.
[03:45] 没事了，接着干（第 1 步）。
[03:45] 他动了，挪到 (20, 78, -13)（走了 0.6 格）
[03:45] 他扭头看了一眼
[03:45] 先停一下手上的活 —— 逃跑。
[03:45] 哎哟，挨了 6 点伤害，血 11.3 → 5.3/20
[03:45] 先停一下手上的活 —— 迎战。
[03:46] 「PreyBot」走开了
[03:46] 没事了，接着干（第 1 步）。
[03:46] 第 1 步「走到」做完了（用了 34 秒）。
[03:46] 第 2 步「熔炉放料」做完了（用了 2 秒）。
[03:46] 采样速率 5Hz（战斗档，身边没有敌人）。
[03:46] 采样速率切到 1Hz（平静档）。
[03:46] 第 3 步「wait_until」做完了（用了 29 秒）。
[03:46] 采样速率切到 5Hz（战斗档）。
[03:46] 第 4 步「走到」做完了（用了 1 秒）。
[03:46] 第 5 步「熔炉取成品」做完了（用了 0 秒）。
[03:46] 干完了：烧矿。
[03:47] 采样速率切到 1Hz（平静档）。
[03:47] 听懂了：「去 30 78 30，然后回来」→ task
[03:47] 好，我去了：去一趟再回来（4 步）。
[03:47] mintstar 说话了：「去 30 78 30，然后回来」
[03:47] 他动了，挪到 (0, 78, 0)（走了 26.8 格）
[03:47] 血回满了（20/20）。
[03:47] 「mintstar」走开了
[03:47] 他扭头看了一眼
[03:47] 采样速率切到 5Hz（战斗档）。
[03:47] 他动了，挪到 (1, 78, 1)（走了 0.6 格）
[03:47] 他扭头看了一眼
[03:47] 他动了，挪到 (2, 78, 2)（走了 1.3 格）
[03:47] 他动了，挪到 (3, 78, 3)（走了 1.1 格）
[03:47] 他动了，挪到 (3, 78, 3)（走了 1.1 格）
[03:47] 他动了，挪到 (4, 78, 4)（走了 1.1 格）
[03:48] 干完了：去一趟再回来。
[03:48] 采样速率切到 1Hz（平静档）。
[03:49] 他动了，挪到 (-1, 78, 0)（走了 26.9 格）
[03:49] 哎哟，挨了 6 点伤害，血 20 → 14/20
[03:49] 视野里出现了「PreyBot」，2.9 格远
[03:49] 「mintstar」走开了
[03:49] 采样速率切到 5Hz（战斗档）。
[03:49] PreyBot在 2.9 格外晃 —— 我血够（14/20）、手上有家伙，这回不跑了，站住等它进来。
[03:49] 他动了，挪到 (-2, 79, 0)（走了 1.4 格）
[03:49] 哎哟，挨了 6 点伤害，血 14 → 8/20
[03:49] 呜呜，有个PreyBot靠近我（4.0 格），我赶紧往后跑！
[03:49] 听懂了：「去 30 78 30，然后回来」→ task
[03:49] 好，我去了：去一趟再回来（4 步）。
[03:49] mintstar 说话了：「去 30 78 30，然后回来」
[03:49] 肚子饿了（血 8/20，饥饿 15/20），我翻出熟牛排吃一口。
[03:49] 先停一下手上的活 —— 进食。
[03:49] 没事了，接着干（第 1 步）。
[03:49] 他动了，挪到 (-4, 78, 1)（走了 0.5 格）
[03:49] 他扭头看了一眼
[03:49] 他动了，挪到 (-4, 78, 1)（走了 0.8 格）
[03:49] 先停一下手上的活 —— 逃跑。
[03:49] 先停一下手上的活 —— 迎战。
[03:49] 哎哟，挨了 6 点伤害，血 17.9 → 11.9/20
[03:49] 呜呜，有个PreyBot靠近我（3.5 格），我赶紧往后跑！
[03:49] 哎哟，挨了 6 点伤害，血 11.9 → 5.9/20
[03:49] 先停一下手上的活 —— 逃跑。
[03:49] 干完了：去一趟再回来。
[03:49] 他和世界的连接断了：disconnect.quitting
