[03:09] Cyberdyne-Bridge M3 启动，大脑在外面。
           看住「XiaoJiaHuo」。
           反射层：跑、吃、保命、还手；指令层：听得懂话；采样：平静 1Hz / 战斗 5Hz。
[03:09] 接线口连上了 [unix] /home/<用户>/cyberdyne-bridge/./cyberdyne.sock
           指令层已上线；大模型层关着。
[03:09] 小家伙出生了，站在 (10, 78, 8)
           血量 20/20，朝向 yaw=3.1 pitch=-0.8
           四下无人
[03:10] 听懂了：「挖 10 77 10 12 77 10 8 77 12 然后回来」→ task
[03:10] 好，我去了：挖 3 格再回来（11 步）。
[03:10] mintstar 说话了：「挖 10 77 10 12 77 10 8 77 12 然后回来」
[03:10] 采样速率切到 5Hz（战斗档）。
[03:10] 第 1 步「走到」做完了（用了 0 秒）。
[03:10] 「dig」没做成：dig 炸了：Digging aborted
[03:10] 「dig」没做成：dig 炸了：Digging aborted
[03:10] 「dig」没做成：dig 炸了：Digging aborted
[03:10] 「dig」没做成：dig 炸了：Digging aborted
[03:10] 「dig」没做成：dig 炸了：Digging aborted
[03:10] 「dig」没做成：dig 炸了：Digging aborted
[03:10] 「dig」没做成：dig 炸了：Digging aborted
[03:10] 「dig」没做成：dig 炸了：Digging aborted
[03:10] 「dig」没做成：dig 炸了：Digging aborted
[03:10] 「dig」没做成：dig 炸了：Digging aborted
[03:11] 「dig」没做成：dig 炸了：Digging aborted
[03:11] 采样速率 5Hz（战斗档，身边没有敌人）。
[03:11] 第 2 步没成（等了 60 秒还没成（超时））—— 1 秒后我再试一次（第 1 次）。
[03:11] 「dig」没做成：dig 炸了：Digging aborted
[03:11] 「dig」没做成：dig 炸了：Digging aborted
[03:11] 「dig」没做成：dig 炸了：Digging aborted
[03:11] 「dig」没做成：dig 炸了：Digging aborted
[03:11] 「dig」没做成：dig 炸了：Digging aborted
[03:11] 「dig」没做成：dig 炸了：Digging aborted
[03:11] 「dig」没做成：dig 炸了：Digging aborted
[03:11] 「dig」没做成：dig 炸了：Digging aborted
[03:11] 「dig」没做成：dig 炸了：Digging aborted
[03:11] 「dig」没做成：dig 炸了：Digging aborted
[03:11] 「dig」没做成：dig 炸了：Digging aborted
[03:12] 「dig」没做成：dig 炸了：Digging aborted
[03:12] 采样速率 5Hz（战斗档，身边没有敌人）。
[03:12] 第 2 步没成（等了 60 秒还没成（超时））—— 3 秒后我再试一次（第 2 次）。
[03:12] 「dig」成了（挖掉=stone）。
[03:12] 第 2 步「挖」做完了（用了 -0 秒）。
[03:13] 采样速率 5Hz（战斗档，身边没有敌人）。
[03:13] 他还在 (10, 78, 8)，身边没人｜血 20/20｜已经待了 3分13秒
[03:13] 第 3 步没成（等了 60 秒还没成（超时））—— 1 秒后我再试一次（第 1 次）。
[03:13] 他和世界的连接断了：disconnect.quitting
