[03:35] Cyberdyne-Bridge M3 启动，大脑在外面。
           看住「XiaoJiaHuo」。
           反射层：跑、吃、保命、还手；指令层：听得懂话；采样：平静 1Hz / 战斗 5Hz。
[03:35] 接线口连上了 [unix] /home/<用户>/cyberdyne-bridge/./cyberdyne.sock
           指令层已上线；大模型层关着。
[03:35] 小家伙出生了，站在 (-26, 78, -15)
           血量 10.7/20，朝向 yaw=1.0 pitch=0.0
           他一睁眼就看到了：PreyBot、mintstar
[03:35] 他动了，挪到 (10, 78, 8)（走了 43.4 格）
[03:35] 「PreyBot」走开了
[03:35] 「mintstar」走开了
[03:35] 听懂了：「挖 10 77 10 12 77 10 8 77 12 然后回来」→ task
[03:35] 好，我去了：挖 3 格再回来（11 步）。
[03:35] mintstar 说话了：「挖 10 77 10 12 77 10 8 77 12 然后回来」
[03:35] 采样速率切到 5Hz（战斗档）。
[03:35] 第 1 步「走到」做完了（用了 1 秒）。
[03:35] 「dig」成了（挖掉=stone）。
[03:35] 视野里出现了「item」，2.0 格远
[03:36] 他动了，挪到 (11, 78, 10)（走了 0.7 格）
[03:36] 他动了，挪到 (12, 78, 10)（走了 1.0 格）
[03:36] 采样速率 5Hz（战斗档，身边没有敌人）。
[03:36] 第 3 步没成（等了 60 秒还没成（超时））—— 1 秒后我再试一次（第 1 次）。
[03:36] 他动了，挪到 (11, 78, 10)（走了 0.7 格）
[03:36] 他动了，挪到 (10, 78, 10)（走了 0.8 格）
[03:36] 他动了，挪到 (11, 78, 10)（走了 0.8 格）
[03:36] 他动了，挪到 (10, 78, 10)（走了 0.8 格）
[03:36] 视野里出现了「mintstar」，15.3 格远
[03:36] 他动了，挪到 (11, 78, 10)（走了 0.8 格）
[03:36] 他动了，挪到 (10, 78, 10)（走了 0.8 格）
[03:36] 他动了，挪到 (11, 78, 10)（走了 0.8 格）
[03:36] 他动了，挪到 (10, 78, 10)（走了 0.8 格）
[03:37] 他动了，挪到 (11, 78, 10)（走了 0.7 格）
[03:37] 他动了，挪到 (10, 78, 10)（走了 0.7 格）
[03:37] 采样速率 5Hz（战斗档，身边没有敌人）。
[03:37] 第 3 步没成（等了 60 秒还没成（超时））—— 3 秒后我再试一次（第 2 次）。
[03:37] 他动了，挪到 (11, 78, 10)（走了 0.7 格）
[03:37] 他动了，挪到 (10, 78, 10)（走了 0.7 格）
[03:37] 他动了，挪到 (11, 78, 10)（走了 0.7 格）
[03:37] 他和世界的连接断了：disconnect.quitting
