启动器：外挂·动作面（主链 bridge.py 一个字节都没动）
工作目录：/home/<用户>/cyberdyne-bridge
[2026-10-01 06:31:25] 锚点自检通过：72 条全 ✅
[2026-10-01 06:31:25] 动作面开关 = 开（出处：config.json 的 m7.expand_actions）
[2026-10-01 06:31:25] 外置数据：物品映射 66 条 / 危险物品 15 条 / 动作词表 基础 9 + 扩展 3 个 / MC 1.21.1
[2026-10-01 06:31:25] 补丁已打上：10 处（**只改内存，磁盘上的 bridge.py 一个字节没动**）
[2026-10-01 06:31:25] 交棒给主链 bridge.主()
[06:31] Cyberdyne-Bridge M3 启动，大脑在外面。
           看住「XiaoJiaHuo」。
           反射层：跑、吃、保命、还手；指令层：听得懂话；采样：平静 1Hz / 战斗 5Hz。
[06:31] 接线口连上了 [unix] /home/<用户>/cyberdyne-bridge/./cyberdyne.sock
           指令层已上线；大模型层关着。
[06:31] 小家伙出生了，站在 (-39, 77, -39)
           血量 20/20，朝向 yaw=1.6 pitch=0.0
           四下无人
[06:31] 视野里出现了「mintstar」，13.2 格远
[06:31] 采样速率切到 5Hz（战斗档）。
[06:31] mintstar在 4.8 格外晃 —— 我血够（20/20）、手上有家伙，这回不跑了，站住等它进来。
[06:31] 他动了，挪到 (-39, 78, -39)（走了 0.8 格）
[06:31] 他动了，挪到 (-39, 77, -39)（走了 0.8 格）
[06:31] 哎哟，挨了 1 点伤害，血 20 → 19.2/20
[06:31] 他动了，挪到 (-39, 78, -39)（走了 0.9 格）
[06:31] 他动了，挪到 (-39, 77, -39)（走了 0.6 格）
[06:31] 他动了，挪到 (-39, 78, -39)（走了 0.6 格）
[06:31] 哎哟，挨了 2 点伤害，血 19.2 → 17.2/20
[06:31] 他动了，挪到 (-39, 77, -39)（走了 0.9 格）
[06:31] 哎哟，挨了 2 点伤害，血 17.2 → 15.2/20
[06:31] 哎哟，挨了 2 点伤害，血 15.2 → 13.2/20
[06:31] 哎哟，挨了 2 点伤害，血 13.2 → 11.2/20
[06:31] 呜呜，有个mintstar靠近我（2.9 格），我赶紧往后跑！
[06:31] 哎哟，挨了 2 点伤害，血 11.2 → 9.2/20
[06:31] 哎哟，挨了 2 点伤害，血 9.2 → 7.2/20
[06:31] 哎哟，挨了 2 点伤害，血 7.2 → 5.2/20
[06:31] 哎哟，挨了 2 点伤害，血 5.2 → 3.2/20
[06:31] 呜…我快不行了（血 3/20），背包里一点吃的都没有，「mintstar」离我只有 2.9 格——我不能打，只能慢慢往后挪。
[06:31] 哎哟，挨了 2 点伤害，血 3.2 → 1.2/20
[06:31] 他倒下了。
[06:31] 我又站起来了。家当多半散在倒下的地方，先看看背包里还剩什么…
[06:31] 我把吃的弄丢了，得重新找 —— 背包是空的，附近也没我够得着的掉落物。血 20/20，我原地等一会儿，谁路过给我扔口吃的吧…
[06:31] 采样速率切到 1Hz（平静档）。
[06:32] 好，我去了：去箱子拿 5 个 cobblestone（2 步）。
[06:32] 采样速率切到 5Hz（战斗档）。
[06:32] 呜呜，有个mintstar靠近我（4.7 格），我赶紧往后跑！
[06:32] 先停一下手上的活 —— 逃跑。
[06:32] 先停一下手上的活 —— 逃跑。
[06:33] 采样速率 5Hz（战斗档，身边没有敌人）。
[06:33] 第 2 步没成（等了 60 秒还没成（超时））—— 1 秒后我再试一次（第 1 次）。
[06:33] 视野里出现了「mintstar」，15.5 格远
[06:33] 呜呜，有个mintstar靠近我（4.3 格），我赶紧往后跑！
[06:33] 先停一下手上的活 —— 逃跑。
[06:33] 没事了，接着干（第 2 步）。
[06:33] 他动了，挪到 (40, 78, -8)（走了 0.8 格）
[06:33] 先停一下手上的活 —— 逃跑。
[06:33] 视野里出现了「item」，0.6 格远
[06:33] 「item」走开了
[06:33] 视野里出现了「item」，1.4 格远
[06:33] 「item」走开了
[06:33] 视野里出现了「item」，2.3 格远
[06:33] 「item」走开了
[06:34] 采样速率 5Hz（战斗档，最近敌人 4 格）。
[06:35] 采样速率 5Hz（战斗档，最近敌人 2 格）。
[06:35] 视野里出现了「item」，1.9 格远
[06:35] 「item」走开了
[06:35] 视野里出现了「item」，1.9 格远
[06:35] 「item」走开了
[06:35] 视野里出现了「item」，2.7 格远
[06:35] 「item」走开了
[06:35] 视野里出现了「item」，3.8 格远
[06:35] 「item」走开了
[06:35] 视野里出现了「item」，4.7 格远
[06:35] 「item」走开了
[06:35] 视野里出现了「item」，4.6 格远
[06:35] 第 2 步没成（被打断 128 秒（超过 120 秒上限））—— 3 秒后我再试一次（第 2 次）。
[06:35] 好，我去了：去箱子拿 5 个 cobblestone（2 步）。
[06:35] 呜呜，有个mintstar靠近我（4.6 格），我赶紧往后跑！
[06:35] 先停一下手上的活 —— 逃跑。
[06:35] 「mintstar」说「?」—— 这句我没学过，先老实说不会，绝不乱动。（听不懂第 1 条）
[06:36] 采样速率 5Hz（战斗档，最近敌人 8 格）。
[06:36] 呜呜，有个mintstar靠近我（4.2 格），我赶紧往后跑！
[06:36] 先停一下手上的活 —— 逃跑。
[06:36] 先停一下手上的活 —— 逃跑。
[06:36] 「mintstar」说「duo wo?」—— 这句我没学过，先老实说不会，绝不乱动。（听不懂第 2 条）
[06:36] mintstar 说话了：「duo wo?」
[06:36] 视野里出现了「mintstar」，15.9 格远
[06:36] 「item」走开了
[06:36] 呜呜，有个mintstar靠近我（4.9 格），我赶紧往后跑！
[06:36] 先停一下手上的活 —— 逃跑。
[06:36] 哎哟，挨了 6 点伤害，血 20 → 14/20
[06:36] 视野里出现了「item」，2.8 格远
[06:36] 「item」走开了
[06:36] 没事了，接着干（第 2 步）。
[06:36] 「mintstar」走开了
[06:37] 采样速率 5Hz（战斗档，身边没有敌人）。
[06:37] 听懂了：「从箱子 21 78 -21 拿 5 个圆石」→ task
[06:37] 来了新活儿，手上那件我先放下。
[06:37] 好，我去了：去箱子拿 5 个 cobblestone（2 步）。
[06:37] mintstar 说话了：「从箱子 21 78 -21 拿 5 个圆石」
[06:37] 他动了，挪到 (39, 78, -38)（走了 0.8 格）
[06:37] 先停一下手上的活 —— 迎战。
[06:37] mintstar都贴到我脸上了（2.1 格）—— 我还有 17/20 血、手上有家伙，他还有 20 血，跳起来劈它！
[06:37] 疾跑拉开距离，别站在它脸上。
[06:38] 采样速率 5Hz（战斗档，身边没有敌人）。
[06:38] 第 2 步没成（等了 60 秒还没成（超时））—— 1 秒后我再试一次（第 1 次）。
[06:39] 采样速率 5Hz（战斗档，身边没有敌人）。
[06:39] 第 2 步没成（等了 60 秒还没成（超时））—— 3 秒后我再试一次（第 2 次）。
[06:39] 他和世界的连接断了：disconnect.quitting
[06:39] 手那边主动断开了。
[06:39] 接线口连上了 [unix] /home/<用户>/cyberdyne-bridge/./cyberdyne.sock
           指令层已上线；大模型层关着。
[06:39] 他扭头看了一眼
[06:39] 采样速率切到 5Hz（战斗档）。
[06:39] 「chest_take」没做成：离箱子 7.5 格，够不着（最多 4.5）
[06:39] 「chest_take」没做成：离箱子 7.5 格，够不着（最多 4.5）
[06:39] 「chest_take」没做成：离箱子 7.5 格，够不着（最多 4.5）
[06:39] 「chest_take」没做成：离箱子 7.5 格，够不着（最多 4.5）
[06:39] 「chest_take」没做成：离箱子 7.5 格，够不着（最多 4.5）
[06:39] 「chest_take」没做成：离箱子 7.5 格，够不着（最多 4.5）
[06:39] 听懂了：「从箱子 21 78 -21 拿 5 个圆石」→ task
[06:39] 来了新活儿，手上那件我先放下。
[06:39] 好，我去了：去箱子拿 5 个 cobblestone（2 步）。
[06:39] mintstar 说话了：「从箱子 21 78 -21 拿 5 个圆石」
[06:39] 他扭头看了一眼
[06:39] 他动了，挪到 (23, 78, -27)（走了 0.9 格）
[06:39] 他扭头看了一眼
[06:39] 他动了，挪到 (22, 78, -26)（走了 1.1 格）
[06:39] 他扭头看了一眼
[06:39] 他动了，挪到 (22, 78, -25)（走了 1.0 格）
[06:39] 干完了：去箱子拿 5 个 cobblestone。
[06:39] 采样速率切到 1Hz（平静档）。
[06:40] 听懂了：「把 3 个圆石放进箱子 21 78 -21」→ task
[06:40] 好，我去了：把 3 个 cobblestone 放进箱子（2 步）。
[06:40] mintstar 说话了：「把 3 个圆石放进箱子 21 78 -21」
[06:40] 采样速率切到 5Hz（战斗档）。
[06:40] 第 1 步「走到」做完了（用了 1 秒）。
[06:40] 干完了：把 3 个 cobblestone 放进箱子。
[06:40] 采样速率切到 1Hz（平静档）。
[06:41] 听懂了：「合成 8 个木棍」→ task
[06:41] 好，我去了：合成 8 个 stick（1 步）。
[06:41] mintstar 说话了：「合成 8 个木棍」
[06:41] 采样速率切到 5Hz（战斗档）。
[06:41] 「craft」没做成：craft 炸了：Error: missing ingredient
[06:41] 「craft」没做成：合成「stick」要工作台，可我附近 4 格内没找到
[06:41] 「craft」没做成：合成「stick」要工作台，可我附近 4 格内没找到
[06:41] 「craft」没做成：合成「stick」要工作台，可我附近 4 格内没找到
[06:41] 「craft」没做成：合成「stick」要工作台，可我附近 4 格内没找到
[06:41] 「craft」没做成：合成「stick」要工作台，可我附近 4 格内没找到
[06:42] 「craft」没做成：合成「stick」要工作台，可我附近 4 格内没找到
[06:42] 「craft」没做成：合成「stick」要工作台，可我附近 4 格内没找到
[06:42] 「craft」没做成：合成「stick」要工作台，可我附近 4 格内没找到
[06:42] 「craft」没做成：合成「stick」要工作台，可我附近 4 格内没找到
[06:42] 听懂了：「合成 8 个木棍」→ task
[06:42] 来了新活儿，手上那件我先放下。
[06:42] 好，我去了：合成 8 个 stick（1 步）。
[06:42] mintstar 说话了：「合成 8 个木棍」
[06:42] 「craft」没做成：craft 炸了：Error: missing ingredient
[06:42] 第 1 步「合成」做完了（用了 0 秒）。
[06:42] 干完了：合成 8 个 stick。
[06:42] 采样速率 5Hz（战斗档，最近敌人 6 格）。
[06:42] 视野里出现了「item」，13.3 格远
[06:42] 「item」走开了
[06:42] 视野里出现了「item」，13.2 格远
[06:42] 「item」走开了
[06:42] 视野里出现了「item」，13.5 格远
[06:42] 「item」走开了
[06:42] 视野里出现了「item」，14.0 格远
[06:42] 采样速率切到 1Hz（平静档）。
[06:43] 好，我去了：合成 4 个 torch（1 步）。
[06:43] 采样速率切到 5Hz（战斗档）。
[06:43] 「craft」没做成：craft 炸了：Error: missing ingredient
[06:43] 干完了：合成 4 个 torch。
[06:43] 采样速率切到 1Hz（平静档）。
[06:43] 听懂了：「从箱子 21 78 -21 拿 1 个 tnt」→ task
[06:43] 这活里有危险东西（tnt）—— 我不碰。
[06:43] mintstar 说话了：「从箱子 21 78 -21 拿 1 个 tnt」
[06:43] 听懂了：「你怎么样」→ status
[06:43] mintstar 说话了：「你怎么样」
[06:44] 采样速率 1Hz（平静档，身边没有敌人）。
[06:44] 他还在 (21, 78, -22)，身边没人｜血 17/20｜已经待了 13分24秒（期间压掉了 167 条啰嗦的）
[06:45] 采样速率 1Hz（平静档，身边没有敌人）。
[06:45] 他还在 (21, 78, -22)，身边没人｜血 17/20｜已经待了 14分24秒
[06:46] 采样速率 1Hz（平静档，身边没有敌人）。
[06:46] 他还在 (21, 78, -22)，身边没人｜血 17/20｜已经待了 15分24秒
[06:47] 采样速率 1Hz（平静档，身边没有敌人）。
[06:47] 他还在 (21, 78, -22)，身边没人｜血 17/20｜已经待了 16分24秒
[06:48] 采样速率 1Hz（平静档，身边没有敌人）。
[06:48] 他还在 (21, 78, -22)，身边没人｜血 17/20｜已经待了 17分24秒
[06:49] 采样速率 1Hz（平静档，身边没有敌人）。
[06:49] 他还在 (21, 78, -22)，身边没人｜血 17/20｜已经待了 18分24秒
[06:50] 采样速率 1Hz（平静档，身边没有敌人）。
[06:50] 他还在 (21, 78, -22)，身边没人｜血 17/20｜已经待了 19分24秒
[06:51] 采样速率 1Hz（平静档，身边没有敌人）。
[06:51] 他还在 (21, 78, -22)，身边没人｜血 17/20｜已经待了 20分24秒
[06:52] 采样速率 1Hz（平静档，身边没有敌人）。
[06:52] 他还在 (21, 78, -22)，身边没人｜血 17/20｜已经待了 21分24秒
[06:53] 采样速率 1Hz（平静档，身边没有敌人）。
[06:53] 他还在 (21, 78, -22)，身边没人｜血 17/20｜已经待了 22分24秒
[06:54] 采样速率 1Hz（平静档，身边没有敌人）。
[06:54] 他还在 (21, 78, -22)，身边没人｜血 17/20｜已经待了 23分24秒
[06:55] 采样速率 1Hz（平静档，身边没有敌人）。
[06:55] 他还在 (21, 78, -22)，身边没人｜血 17/20｜已经待了 24分24秒
[06:56] 采样速率 1Hz（平静档，身边没有敌人）。
[06:56] 他还在 (21, 78, -22)，身边没人｜血 17/20｜已经待了 25分24秒
[06:57] 采样速率 1Hz（平静档，身边没有敌人）。
[06:57] 他还在 (21, 78, -22)，身边没人｜血 17/20｜已经待了 26分24秒
[06:58] 采样速率 1Hz（平静档，身边没有敌人）。
[06:58] 他还在 (21, 78, -22)，身边没人｜血 17/20｜已经待了 27分24秒
[06:59] 采样速率 1Hz（平静档，身边没有敌人）。
[06:59] 他还在 (21, 78, -22)，身边没人｜血 17/20｜已经待了 28分24秒
[07:00] 采样速率 1Hz（平静档，身边没有敌人）。
