[04:21] Cyberdyne-Bridge M3 启动，大脑在外面。
           看住「XiaoJiaHuo」。
           反射层：跑、吃、保命、还手；指令层：听得懂话；采样：平静 1Hz / 战斗 5Hz。
[04:21] 接线口连上了 [unix] /home/<用户>/cyberdyne-bridge/./cyberdyne.sock
           指令层已上线；大模型层关着。
[04:21] 小家伙出生了，站在 (-0, 78, 8)
           血量 20/20，朝向 yaw=1.4 pitch=0.0
           四下无人
[04:22] 他还在 (-0, 78, 8)，身边没人｜血 20/20｜已经待了 1分0秒
[04:22] 采样速率 1Hz（平静档，身边没有敌人）。
[04:23] 他还在 (-0, 78, 8)，身边没人｜血 20/20｜已经待了 2分0秒
[04:23] 采样速率 1Hz（平静档，身边没有敌人）。
[04:24] 他还在 (-0, 78, 8)，身边没人｜血 20/20｜已经待了 3分0秒
[04:24] 采样速率 1Hz（平静档，身边没有敌人）。
[04:25] 他还在 (-0, 78, 8)，身边没人｜血 20/20｜已经待了 4分0秒
[04:25] 采样速率 1Hz（平静档，身边没有敌人）。
[04:26] 他还在 (-0, 78, 8)，身边没人｜血 20/20｜已经待了 5分0秒
[04:26] 采样速率 1Hz（平静档，身边没有敌人）。
[04:27] 他还在 (-0, 78, 8)，身边没人｜血 20/20｜已经待了 6分0秒
[04:27] 采样速率 1Hz（平静档，身边没有敌人）。
[04:28] 他还在 (-0, 78, 8)，身边没人｜血 20/20｜已经待了 7分0秒
[04:28] 采样速率 1Hz（平静档，身边没有敌人）。
[04:29] 他还在 (-0, 78, 8)，身边没人｜血 20/20｜已经待了 8分0秒
[04:29] 采样速率 1Hz（平静档，身边没有敌人）。
[04:30] 他还在 (-0, 78, 8)，身边没人｜血 20/20｜已经待了 9分0秒
[04:30] 采样速率 1Hz（平静档，身边没有敌人）。
[04:31] 他还在 (-0, 78, 8)，身边没人｜血 20/20｜已经待了 10分0秒
[04:31] 采样速率 1Hz（平静档，身边没有敌人）。
[04:32] 他还在 (-0, 78, 8)，身边没人｜血 20/20｜已经待了 11分0秒
[04:32] 采样速率 1Hz（平静档，身边没有敌人）。
[04:33] 他还在 (-0, 78, 8)，身边没人｜血 20/20｜已经待了 12分0秒
[04:33] 采样速率 1Hz（平静档，身边没有敌人）。
[04:34] 他还在 (-0, 78, 8)，身边没人｜血 20/20｜已经待了 13分0秒
[04:34] 采样速率 1Hz（平静档，身边没有敌人）。
[04:35] 他还在 (-0, 78, 8)，身边没人｜血 20/20｜已经待了 14分0秒
[04:35] 采样速率 1Hz（平静档，身边没有敌人）。
[04:36] 他还在 (-0, 78, 8)，身边没人｜血 20/20｜已经待了 15分0秒
[04:36] 采样速率 1Hz（平静档，身边没有敌人）。
[04:37] 他还在 (-0, 78, 8)，身边没人｜血 20/20｜已经待了 16分0秒
[04:37] 采样速率 1Hz（平静档，身边没有敌人）。
[04:38] 他还在 (-0, 78, 8)，身边没人｜血 20/20｜已经待了 17分0秒
[04:38] 采样速率 1Hz（平静档，身边没有敌人）。
[04:39] 他还在 (-0, 78, 8)，身边没人｜血 20/20｜已经待了 18分0秒
[04:39] 采样速率 1Hz（平静档，身边没有敌人）。
[04:40] 他还在 (-0, 78, 8)，身边没人｜血 20/20｜已经待了 19分0秒
[04:40] 采样速率 1Hz（平静档，身边没有敌人）。
[04:41] 他还在 (-0, 78, 8)，身边没人｜血 20/20｜已经待了 20分0秒
[04:41] 采样速率 1Hz（平静档，身边没有敌人）。
[04:42] 他还在 (-0, 78, 8)，身边没人｜血 20/20｜已经待了 21分0秒
[04:42] 采样速率 1Hz（平静档，身边没有敌人）。
[04:43] 他和世界的连接断了：disconnect.quitting
