[03:32] Cyberdyne-Bridge M3 启动，大脑在外面。
           看住「XiaoJiaHuo」。
           反射层：跑、吃、保命、还手；指令层：听得懂话；采样：平静 1Hz / 战斗 5Hz。
[03:32] 接线口连上了 [unix] /home/<用户>/cyberdyne-bridge/./cyberdyne.sock
           指令层已上线；大模型层关着。
[03:32] 小家伙出生了，站在 (-4, 78, 0)
           血量 18.8/20，朝向 yaw=1.6 pitch=0.0
           他一睁眼就看到了：PreyBot
[03:32] 采样速率切到 5Hz（战斗档）。
[03:32] 咦，「PreyBot」在那儿（6 格） —— 这回换我主动了，别跑！
[03:32] PreyBot都贴到我脸上了（2.0 格）—— 我还有 18.8/20 血、手上有家伙，跳起来劈它！
[03:32] PreyBot在 2.0 格外晃 —— 我血够（18.8/20）、手上有家伙，这回不跑了，站住等它进来。
[03:32] 哎哟，挨了 6 点伤害，血 18.8 → 12.8/20
[03:32] 「jumpattack」没做成：这半秒里目标跑到 3.8 格外了，这一下不挥
[03:33] PreyBot都贴到我脸上了（1.6 格）—— 我还有 12.8/20 血、手上有家伙，这回不退，扑上去接着打！
[03:33] 打中了「PreyBot」！
[03:33] PreyBot在 1.7 格外晃 —— 我血够（12.8/20）、手上有家伙，这回不跑了，站住等它进来。
[03:33] 哎哟，挨了 6 点伤害，血 12.8 → 6.8/20
[03:33] PreyBot都贴到我脸上了（2.1 格）—— 我还有 6.8/20 血、手上有家伙，这回不退，扑上去接着打！
[03:33] 打中了「PreyBot」！
[03:33] PreyBot在 2.2 格外晃 —— 我血够（6.8/20）、手上有家伙，这回不跑了，站住等它进来。
[03:33] 哎哟，挨了 6 点伤害，血 6.8 → 0.8/20
[03:33] PreyBot都贴到我脸上了（1.4 格）—— 我还有 0.8/20 血、手上有家伙，这回不退，扑上去接着打！
[03:33] 他倒下了。
[03:33] 我又站起来了。家当多半散在倒下的地方，先看看背包里还剩什么…
[03:33] 这一下没挥成：目标跑到 15.2 格外了，这一下不挥
[03:33] 他动了，挪到 (-6, 78, -8)（走了 14.0 格）
[03:33] 血回满了（20/20）。
[03:33] 「PreyBot」走开了
[03:33] 他扭头看了一眼
[03:33] 咦，「PreyBot」人没了，我先站住。
[03:33] 你打我？那我不客气了 —— 这回不死不休！
[03:33] 前面走不动（第 1 次卡住）—— 我换个方向绕过去。
[03:33] 哎哟，挨了 6 点伤害，血 20 → 14/20
[03:33] 哎哟，挨了 5 点伤害，血 14 → 8.8/20
[03:33] 哎哟，挨了 5 点伤害，血 8.8 → 3.5/20
[03:33] 他倒下了。
[03:33] 我又站起来了。家当多半散在倒下的地方，先看看背包里还剩什么…
[03:33] 咦，「PreyBot」人没了，我先站住。
[03:33] 你打我？那我不客气了 —— 这回不死不休！
[03:33] 前面走不动（第 2 次卡住）—— 我换个方向绕过去。
[03:33] PreyBot都贴到我脸上了（2.1 格）—— 我还有 20/20 血、手上有家伙，这回不退，扑上去接着打！
[03:33] 打中了「PreyBot」！
[03:33] 哎哟，挨了 6 点伤害，血 20 → 14/20
[03:33] PreyBot都贴到我脸上了（1.8 格）—— 我还有 15.5/20 血、手上有家伙，跳起来劈它！
[03:33] 哎哟，挨了 4 点伤害，血 14 → 9.5/20
[03:33] 「jumpattack」没做成：还没挥它就落地了（这地方太矮，跳不出暴击）
[03:33] 好，我去了：挖 3 格再回来（11 步）。
[03:33] PreyBot都贴到我脸上了（1.9 格）—— 我还有 10.5/20 血、手上有家伙，这回不退，扑上去接着打！
[03:33] 先停一下手上的活 —— 反击。
[03:33] 打中了「PreyBot」！
[03:33] PreyBot都贴到我脸上了（2.1 格）—— 我还有 11.8/20 血、手上有家伙，这回不退，扑上去接着打！
[03:33] 打中了「PreyBot」！
[03:33] 哎哟，挨了 5 点伤害，血 10.8 → 5.8/20
[03:33] PreyBot都贴到我脸上了（1.8 格）—— 我还有 5.8/20 血、手上有家伙，跳起来劈它！
[03:33] 他倒下了。
[03:33] 「jumpattack」没做成：视野里没有这个目标
[03:33] 我又站起来了。家当多半散在倒下的地方，先看看背包里还剩什么…
[03:33] 咦，「PreyBot」人没了，我先站住。
[03:33] 你打我？那我不客气了 —— 这回不死不休！
[03:33] 前面走不动（第 3 次卡住）—— 我换个方向绕过去。
[03:33] PreyBot都贴到我脸上了（2.1 格）—— 我还有 20/20 血、手上有家伙，这回不退，扑上去接着打！
[03:33] 打中了「PreyBot」！
[03:33] 哎哟，挨了 6 点伤害，血 20 → 14/20
[03:33] 哎哟，挨了 5 点伤害，血 9.3 → 4.5/20
[03:33] 采样速率 5Hz（战斗档，最近敌人 3 格）。
[03:33] 「PreyBot」走开了
[03:33] 「mintstar」走开了
[03:33] 血回满了（20/20）。
[03:33] PreyBot都贴到我脸上了（1.1 格）—— 我还有 20/20 血、手上有家伙，跳起来劈它！
[03:33] 哎哟，挨了 6 点伤害，血 20 → 14/20
[03:33] PreyBot在 1.6 格外晃 —— 我血够（14/20）、手上有家伙，这回不跑了，站住等它进来。
[03:33] 「jumpattack」没做成：这半秒里目标跑到 3.2 格外了，这一下不挥
[03:33] PreyBot都贴到我脸上了（1.9 格）—— 我还有 14.8/20 血、手上有家伙，跳起来劈它！
[03:34] 哎哟，挨了 4 点伤害，血 14 → 9.5/20
[03:34] 「jumpattack」成了（target=PreyBot）。
[03:34] 哎哟，挨了 5 点伤害，血 9.5 → 4.2/20
[03:34] 他倒下了。
[03:34] 哎哟，挨了 4 点伤害，血 4.2 → 0/20
[03:34] 「PreyBot」走开了
[03:34] 咦，「PreyBot」人没了，我先站住。
[03:34] 我又站起来了。家当多半散在倒下的地方，先看看背包里还剩什么…
[03:34] 视野里出现了「mintstar」，13.7 格远
[03:34] 你打我？那我不客气了 —— 这回不死不休！
[03:34] 先停一下手上的活 —— 追猎。
[03:34] 前面走不动（第 7 次卡住）—— 我换个方向绕过去。
[03:34] 走不过去：Path was stopped before it could be completed! Thus, the desired goal was not reached.
[03:34] 他动了，挪到 (-5, 78, -10)（走了 0.6 格）
[03:34] 他扭头看了一眼
[03:34] 他动了，挪到 (-6, 78, -10)（走了 1.0 格）
[03:34] PreyBot都贴到我脸上了（1.7 格）—— 我还有 20/20 血、手上有家伙，跳起来劈它！
[03:34] 哎哟，挨了 6 点伤害，血 20 → 14/20
[03:34] 「jumpattack」没做成：这半秒里目标跑到 3.8 格外了，这一下不挥
[03:34] PreyBot都贴到我脸上了（1.4 格）—— 我还有 15.5/20 血、手上有家伙，这回不退，扑上去接着打！
[03:34] 打中了「PreyBot」！
[03:34] 哎哟，挨了 4 点伤害，血 14 → 9.5/20
[03:34] PreyBot都贴到我脸上了（1.8 格）—— 我还有 10.3/20 血、手上有家伙，这回不退，扑上去接着打！
[03:34] 打中了「PreyBot」！
[03:34] 哎哟，挨了 5 点伤害，血 9.5 → 4.3/20
[03:34] PreyBot都贴到我脸上了（1.6 格）—— 我还有 4.7/20 血、手上有家伙，这回不退，扑上去接着打！
[03:34] 打中了「PreyBot」！
[03:34] 哎哟，挨了 6 点伤害，血 20 → 14/20
[03:34] PreyBot都贴到我脸上了（2.1 格）—— 我还有 14/20 血、手上有家伙，这回不退，扑上去接着打！
[03:34] 打中了「PreyBot」！
[03:34] PreyBot都贴到我脸上了（1.4 格）—— 我还有 15.3/20 血、手上有家伙，跳起来劈它！
[03:34] 哎哟，挨了 7 点伤害，血 14 → 6.7/20
[03:34] 哎哟，挨了 6 点伤害，血 6.7 → 1/20
[03:34] 他倒下了。
[03:34] 咦，「PreyBot」人没了，我先站住。
[03:34] 我又站起来了。家当多半散在倒下的地方，先看看背包里还剩什么…
[03:34] 你打我？那我不客气了 —— 这回不死不休！
[03:34] 前面走不动（第 9 次卡住）—— 我换个方向绕过去。
[03:34] 哎哟，挨了 6 点伤害，血 20 → 14/20
[03:34] 哎哟，挨了 5 点伤害，血 14 → 8.8/20
[03:34] 哎哟，挨了 5 点伤害，血 8.8 → 3.5/20
[03:34] 他倒下了。
[03:34] 我又站起来了。家当多半散在倒下的地方，先看看背包里还剩什么…
[03:34] 咦，「PreyBot」人没了，我先站住。
[03:34] 你打我？那我不客气了 —— 这回不死不休！
[03:34] 先停一下手上的活 —— 追猎。
[03:34] 前面走不动（第 10 次卡住）—— 我换个方向绕过去。
[03:34] PreyBot都贴到我脸上了（1.4 格）—— 我还有 20/20 血、手上有家伙，跳起来劈它！
[03:34] 哎哟，挨了 6 点伤害，血 20 → 14/20
[03:34] 哎哟，挨了 4 点伤害，血 14 → 9.5/20
[03:34] 采样速率 5Hz（战斗档，最近敌人 7 格）。
[03:34] PreyBot在 2.2 格外晃 —— 我血够（20/20）、手上有家伙，这回不跑了，站住等它进来。
[03:34] PreyBot都贴到我脸上了（1.1 格）—— 我还有 20/20 血、手上有家伙，这回不退，扑上去接着打！
[03:34] PreyBot在 1.9 格外晃 —— 我血够（14/20）、手上有家伙，这回不跑了，站住等它进来。
