[02:06] Cyberdyne-Bridge M3 启动，大脑在外面。
           看住「XiaoJiaHuo」。
           反射层：跑、吃、保命、还手；指令层：听得懂话；采样：平静 1Hz / 战斗 5Hz。
[02:06] 接线口连上了 [unix] /home/<用户>/cyberdyne-bridge/./cyberdyne.sock
           指令层已上线；大模型层关着。
[02:06] 小家伙出生了，站在 (4, 98, 11)
           血量 20/20，朝向 yaw=6.3 pitch=0.0
           四下无人
[02:06] 咦，「PreyBot」在那儿（25 格） —— 这回换我主动了，别跑！
[02:06] 他动了，挪到 (1, 91, 9)（走了 7.3 格）
[02:06] 他扭头看了一眼
[02:06] 采样速率切到 5Hz（战斗档）。
[02:06] 前面是悬崖或者岩浆，我不敢往前跑了 —— 站着不动也比摔下去强。
[02:06] 前面走不动（第 1 次卡住）—— 我换个方向绕过去。
[02:06] 到地方了。离目标还有 14.0 格。
[02:06] 他动了，挪到 (1, 82, 9)（走了 5.1 格）
[02:06] 视野里出现了「PreyBot」，14.5 格远
[02:06] 他动了，挪到 (1, 78, 9)（走了 4.1 格）
[02:06] 哎哟，挨了 16 点伤害，血 20 → 4/20
[02:06] 他扭头看了一眼
[02:06] 他动了，挪到 (2, 78, 8)（走了 1.0 格）
[02:06] PreyBot都贴到我脸上了（1.6 格）—— 我还有 4/20 血、手上有家伙，跳起来劈它！
[02:06] PreyBot都贴到我脸上了（2.0 格）—— 我还有 4/20 血、手上有家伙，这回不退，扑上去接着打！
[02:06] PreyBot都贴到我脸上了（1.9 格）—— 我还有 4/20 血、手上有家伙，这回不退，扑上去接着打！
[02:06] PreyBot都贴到我脸上了（1.9 格）—— 我还有 4/20 血、手上有家伙，这回不退，扑上去接着打！
[02:06] PreyBot都贴到我脸上了（1.9 格）—— 我还有 4/20 血、手上有家伙，这回不退，扑上去接着打！
[02:06] PreyBot都贴到我脸上了（1.9 格）—— 我还有 4/20 血、手上有家伙，跳起来劈它！
[02:06] PreyBot都贴到我脸上了（2.1 格）—— 我还有 4/20 血、手上有家伙，这回不退，扑上去接着打！
[02:06] PreyBot都贴到我脸上了（1.9 格）—— 我还有 4/20 血、手上有家伙，这回不退，扑上去接着打！
[02:06] PreyBot都贴到我脸上了（1.9 格）—— 我还有 4/20 血、手上有家伙，跳起来劈它！
[02:06] PreyBot都贴到我脸上了（1.9 格）—— 我还有 4/20 血、手上有家伙，这回不退，扑上去接着打！
[02:06] PreyBot都贴到我脸上了（1.8 格）—— 我还有 4/20 血、手上有家伙，这回不退，扑上去接着打！
[02:06] PreyBot都贴到我脸上了（1.8 格）—— 我还有 4/20 血、手上有家伙，跳起来劈它！
[02:06] PreyBot都贴到我脸上了（1.4 格）—— 我还有 20/20 血、手上有家伙，跳起来劈它！
[02:06] PreyBot都贴到我脸上了（1.9 格）—— 我还有 20/20 血、手上有家伙，这回不退，扑上去接着打！
[02:06] PreyBot都贴到我脸上了（1.8 格）—— 我还有 20/20 血、手上有家伙，跳起来劈它！
[02:06] PreyBot都贴到我脸上了（1.8 格）—— 我还有 20/20 血、手上有家伙，这回不退，扑上去接着打！
[02:06] 前面走不动（第 2 次卡住）—— 我换个方向绕过去。
[02:06] PreyBot都贴到我脸上了（2.2 格）—— 我还有 20/20 血、手上有家伙，跳起来劈它！
[02:06] PreyBot都贴到我脸上了（1.8 格）—— 我还有 20/20 血、手上有家伙，跳起来劈它！
[02:06] PreyBot都贴到我脸上了（1.4 格）—— 我还有 20/20 血、手上有家伙，跳起来劈它！
[02:06] PreyBot都贴到我脸上了（1.4 格）—— 我还有 20/20 血、手上有家伙，这回不退，扑上去接着打！
[02:06] PreyBot都贴到我脸上了（1.4 格）—— 我还有 20/20 血、手上有家伙，这回不退，扑上去接着打！
[02:06] PreyBot都贴到我脸上了（1.4 格）—— 我还有 20/20 血、手上有家伙，这回不退，扑上去接着打！
[02:06] PreyBot都贴到我脸上了（1.4 格）—— 我还有 20/20 血、手上有家伙，这回不退，扑上去接着打！
[02:06] PreyBot都贴到我脸上了（1.4 格）—— 我还有 20/20 血、手上有家伙，跳起来劈它！
[02:06] PreyBot都贴到我脸上了（1.4 格）—— 我还有 20/20 血、手上有家伙，跳起来劈它！
[02:06] PreyBot都贴到我脸上了（1.8 格）—— 我还有 20/20 血、手上有家伙，跳起来劈它！
[02:06] PreyBot都贴到我脸上了（1.6 格）—— 我还有 20/20 血、手上有家伙，这回不退，扑上去接着打！
[02:06] PreyBot都贴到我脸上了（1.2 格）—— 我还有 20/20 血、手上有家伙，这回不退，扑上去接着打！
[02:06] PreyBot都贴到我脸上了（1.2 格）—— 我还有 20/20 血、手上有家伙，这回不退，扑上去接着打！
[02:06] PreyBot都贴到我脸上了（1.2 格）—— 我还有 20/20 血、手上有家伙，跳起来劈它！
[02:07] PreyBot都贴到我脸上了（1.3 格）—— 我还有 20/20 血、手上有家伙，这回不退，扑上去接着打！
[02:07] PreyBot都贴到我脸上了（1.0 格）—— 我还有 20/20 血、手上有家伙，这回不退，扑上去接着打！
[02:07] PreyBot都贴到我脸上了（1.0 格）—— 我还有 20/20 血、手上有家伙，跳起来劈它！
[02:07] PreyBot都贴到我脸上了（1.9 格）—— 我还有 20/20 血、手上有家伙，跳起来劈它！
[02:07] PreyBot都贴到我脸上了（1.9 格）—— 我还有 20/20 血、手上有家伙，跳起来劈它！
[02:07] PreyBot都贴到我脸上了（1.3 格）—— 我还有 20/20 血、手上有家伙，这回不退，扑上去接着打！
[02:07] PreyBot都贴到我脸上了（1.3 格）—— 我还有 20/20 血、手上有家伙，这回不退，扑上去接着打！
[02:07] PreyBot都贴到我脸上了（1.3 格）—— 我还有 20/20 血、手上有家伙，跳起来劈它！
[02:07] PreyBot在 1.6 格外晃 —— 我血够（20/20）、手上有家伙，这回不跑了，站住等它进来。
[02:07] 「jumpattack」成了（target=PreyBot）。
[02:07] 他动了，挪到 (0, 78, 7)（走了 1.1 格）
[02:07] PreyBot都贴到我脸上了（1.4 格）—— 我还有 20/20 血、手上有家伙，跳起来劈它！
[02:07] PreyBot在 1.1 格外晃 —— 我血够（20/20）、手上有家伙，这回不跑了，站住等它进来。
[02:07] PreyBot都贴到我脸上了（2.0 格）—— 我还有 20/20 血、手上有家伙，跳起来劈它！
[02:07] PreyBot都贴到我脸上了（1.6 格）—— 我还有 20/20 血、手上有家伙，跳起来劈它！
[02:07] PreyBot都贴到我脸上了（2.0 格）—— 我还有 20/20 血、手上有家伙，跳起来劈它！
[02:07] PreyBot都贴到我脸上了（1.4 格）—— 我还有 20/20 血、手上有家伙，跳起来劈它！
[02:07] 采样速率 5Hz（战斗档，最近敌人 2 格）。
[02:07] 「jumpattack」成了（target=PreyBot）。
[02:07] PreyBot都贴到我脸上了（1.4 格）—— 我还有 20/20 血、手上有家伙，跳起来劈它！
[02:07] PreyBot在 1.5 格外晃 —— 我血够（20/20）、手上有家伙，这回不跑了，站住等它进来。
[02:07] 「jumpattack」成了（target=PreyBot）。
[02:07] 他动了，挪到 (-5, 78, -7)（走了 0.7 格）
[02:07] 他动了，挪到 (-6, 78, -7)（走了 0.5 格）
[02:07] PreyBot都贴到我脸上了（2.1 格）—— 我还有 20/20 血、手上有家伙，这回不退，扑上去接着打！
[02:07] 这一下没挥成：Cannot access '出手前血' before initialization
[02:07] PreyBot在 2.0 格外晃 —— 我血够（20/20）、手上有家伙，这回不跑了，站住等它进来。
[02:07] PreyBot都贴到我脸上了（2.0 格）—— 我还有 20/20 血、手上有家伙，跳起来劈它！
[02:07] PreyBot都贴到我脸上了（1.2 格）—— 我还有 20/20 血、手上有家伙，跳起来劈它！
[02:07] PreyBot都贴到我脸上了（0.7 格）—— 我还有 20/20 血、手上有家伙，这回不退，扑上去接着打！
[02:07] PreyBot都贴到我脸上了（0.7 格）—— 我还有 20/20 血、手上有家伙，跳起来劈它！
[02:07] PreyBot都贴到我脸上了（2.0 格）—— 我还有 20/20 血、手上有家伙，这回不退，扑上去接着打！
[02:07] PreyBot都贴到我脸上了（0.4 格）—— 我还有 20/20 血、手上有家伙，这回不退，扑上去接着打！
[02:07] PreyBot都贴到我脸上了（0.4 格）—— 我还有 20/20 血、手上有家伙，跳起来劈它！
[02:07] PreyBot都贴到我脸上了（1.9 格）—— 我还有 20/20 血、手上有家伙，这回不退，扑上去接着打！
[02:07] PreyBot都贴到我脸上了（0.4 格）—— 我还有 20/20 血、手上有家伙，这回不退，扑上去接着打！
[02:07] PreyBot都贴到我脸上了（0.3 格）—— 我还有 20/20 血、手上有家伙，这回不退，扑上去接着打！
[02:07] PreyBot都贴到我脸上了（0.3 格）—— 我还有 20/20 血、手上有家伙，跳起来劈它！
[02:07] PreyBot都贴到我脸上了（2.1 格）—— 我还有 20/20 血、手上有家伙，这回不退，扑上去接着打！
[02:07] PreyBot都贴到我脸上了（1.7 格）—— 我还有 20/20 血、手上有家伙，这回不退，扑上去接着打！
[02:07] PreyBot都贴到我脸上了（1.7 格）—— 我还有 20/20 血、手上有家伙，跳起来劈它！
[02:07] PreyBot都贴到我脸上了（1.4 格）—— 我还有 20/20 血、手上有家伙，跳起来劈它！
[02:07] 他和世界的连接断了：disconnect.quitting
