[03:23] Cyberdyne-Bridge M3 启动，大脑在外面。
           看住「XiaoJiaHuo」。
           反射层：跑、吃、保命、还手；指令层：听得懂话；采样：平静 1Hz / 战斗 5Hz。
[03:23] 接线口连上了 [unix] /home/<用户>/cyberdyne-bridge/./cyberdyne.sock
           指令层已上线；大模型层关着。
[03:23] 小家伙出生了，站在 (26, 78, -20)
           血量 10/20，朝向 yaw=5.5 pitch=0.0
           四下无人
[03:24] 他还在 (26, 78, -20)，身边没人｜血 10/20｜已经待了 1分0秒
[03:24] 采样速率 1Hz（平静档，身边没有敌人）。
[03:25] 他还在 (26, 78, -20)，身边没人｜血 10/20｜已经待了 2分0秒
[03:25] 采样速率 1Hz（平静档，身边没有敌人）。
[03:26] 他还在 (26, 78, -20)，身边没人｜血 10/20｜已经待了 3分0秒
[03:26] 采样速率 1Hz（平静档，身边没有敌人）。
[03:27] 他还在 (26, 78, -20)，身边没人｜血 10/20｜已经待了 4分0秒
[03:27] 采样速率 1Hz（平静档，身边没有敌人）。
[03:28] 他还在 (26, 78, -20)，身边没人｜血 10/20｜已经待了 5分0秒
[03:28] 采样速率 1Hz（平静档，身边没有敌人）。
[03:29] 他还在 (26, 78, -20)，身边没人｜血 10/20｜已经待了 6分0秒
[03:29] 采样速率 1Hz（平静档，身边没有敌人）。
[03:30] 他还在 (26, 78, -20)，身边没人｜血 10/20｜已经待了 7分0秒
[03:30] 采样速率 1Hz（平静档，身边没有敌人）。
[03:31] 他还在 (26, 78, -20)，身边没人｜血 10/20｜已经待了 8分0秒
[03:31] 采样速率 1Hz（平静档，身边没有敌人）。
[03:31] 他和世界的连接断了：disconnect.quitting
