[05:02:47] [手] 把「XiaoJiaHuo」送进 127.0.0.1:25565（1.21.1，离线模式）…
[05:02:47] [手] 证据链开写：/home/<用户>/cyberdyne-bridge/logs/全程-20261001.jsonl（追加）
[05:02:47] [手] 证据链开写：/home/<用户>/cyberdyne-bridge/logs/账本-20261001.jsonl（追加）
[05:02:47] [手] 采样率切成 1Hz（每 1000ms 推一次）
[05:02:47] [手] 寻路插件挂上了：mineflayer-pathfinder
[05:02:47] [手] 身体插件挂上了：body（会 sneak、jump、jumpattack、swimdown、dig、place、craft、use、furnace_put、furnace_take）
[05:02:47] [手] 服务器探针开了：每 500ms 问一次 [mintstar] 的血量。
[05:02:47] [手] 接线口已就绪：[unix] /home/<用户>/cyberdyne-bridge/cyberdyne.sock
PartialReadError: Read error for undefined : Missing characters in string, found size is 108271 expected size was 114153
    at new ExtendableError (/home/<用户>/cyberdyne-bridge/node/node_modules/protodef/src/utils.js:63:13)
    at new PartialReadError (/home/<用户>/cyberdyne-bridge/node/node_modules/protodef/src/utils.js:70:5)
    at Object.string (eval at compile (/home/<用户>/cyberdyne-bridge/node/node_modules/protodef/src/compiler.js:262:12), <anonymous>:107:15)
    at eval (eval at compile (/home/<用户>/cyberdyne-bridge/node/node_modules/protodef/src/compiler.js:262:12), <anonymous>:891:65)
    at eval (eval at compile (/home/<用户>/cyberdyne-bridge/node/node_modules/protodef/src/compiler.js:262:12), <anonymous>:893:11)
    at Object.ArmorTrimMaterial (eval at compile (/home/<用户>/cyberdyne-bridge/node/node_modules/protodef/src/compiler.js:262:12), <anonymous>:898:9)
    at eval (eval at compile (/home/<用户>/cyberdyne-bridge/node/node_modules/protodef/src/compiler.js:262:12), <anonymous>:503:55)
    at eval (eval at compile (/home/<用户>/cyberdyne-bridge/node/node_modules/protodef/src/compiler.js:262:12), <anonymous>:506:15)
    at eval (eval at compile (/home/<用户>/cyberdyne-bridge/node/node_modules/protodef/src/compiler.js:262:12), <anonymous>:518:13)
    at Object.SlotComponent (eval at compile (/home/<用户>/cyberdyne-bridge/node/node_modules/protodef/src/compiler.js:262:12), <anonymous>:720:9)
[05:02:48] [手] 他已经站在世界里了。
[05:02:55] [手] 大脑接上了：unix（当前 1 个连接）
[05:43:10] [手] 采样率切成 5Hz（每 200ms 推一次）
[05:43:14] [手] 撤退结束，站住。
[05:43:16] [手] 撤退结束，站住。
[05:43:18] [手] 撤退结束，站住。
[05:43:24] [手] 撤退结束，站住。
[05:43:29] [手] 撤退结束，站住。
[05:43:33] [手] 撤退结束，站住。
[05:43:42] [手] 采样率切成 1Hz（每 1000ms 推一次）
[06:06:57] [手] 采样率切成 5Hz（每 200ms 推一次）
[06:06:57] [手] 前面走不动了（这一拍只挪了 0 格），记一次卡住 #1。
[06:06:59] [手] 前面走不动了（这一拍只挪了 0 格），记一次卡住 #2。
[06:07:01] [手] 前面走不动了（这一拍只挪了 0 格），记一次卡住 #3。
[06:07:03] [手] 前面走不动了（这一拍只挪了 0 格），记一次卡住 #4。
[06:07:05] [手] 前面走不动了（这一拍只挪了 0 格），记一次卡住 #5。
[06:07:07] [手] 前面走不动了（这一拍只挪了 0 格），记一次卡住 #6。
[06:07:09] [手] 前面走不动了（这一拍只挪了 0 格），记一次卡住 #7。
[06:07:11] [手] 前面走不动了（这一拍只挪了 0 格），记一次卡住 #8。
[06:07:13] [手] 前面走不动了（这一拍只挪了 0 格），记一次卡住 #9。
[06:07:15] [手] 前面走不动了（这一拍只挪了 0 格），记一次卡住 #10。
[06:07:16] [手] 撤退结束，站住。
[06:07:25] [手] 采样率切成 1Hz（每 1000ms 推一次）
[06:07:36] [手] 采样率切成 5Hz（每 200ms 推一次）
[06:07:37] [手] 前面走不动了（这一拍只挪了 0 格），记一次卡住 #11。
[06:07:39] [手] 前面走不动了（这一拍只挪了 0 格），记一次卡住 #12。
[06:07:41] [手] 前面走不动了（这一拍只挪了 0 格），记一次卡住 #13。
[06:07:43] [手] 前面走不动了（这一拍只挪了 0 格），记一次卡住 #14。
[06:07:45] [手] 前面走不动了（这一拍只挪了 0 格），记一次卡住 #15。
[06:07:46] [手] 撤退结束，站住。
[06:07:49] [手] 前面走不动了（这一拍只挪了 0 格），记一次卡住 #16。
[06:07:57] [手] 吃了一个 cooked_beef。
[06:07:58] [手] 撤退结束，站住。
[06:08:03] [手] 挥了一下「mintstar」（出手时 2.0 格）
[06:08:04] [手] 撤退结束，站住。
[06:08:08] [手] 前面走不动了（这一拍只挪了 0 格），记一次卡住 #17。
[06:08:09] [手] 撤退结束，站住。
[06:08:11] [手] 挥了一下「mintstar」（出手时 0.7 格）
[06:08:13] [手] 挥了一下「mintstar」（出手时 0.0 格）
[06:08:14] [手] 撤退结束，站住。
[06:08:22] [手] 前面走不动了（这一拍只挪了 0 格），记一次卡住 #18。
[06:08:24] [手] 前面走不动了（这一拍只挪了 0 格），记一次卡住 #19。
[06:08:30] [手] 前面走不动了（这一拍只挪了 0 格），记一次卡住 #20。
[06:08:32] [手] 他倒下了。
[06:08:32] [手] 他重生了，看看背包里还剩什么。
[06:08:32] [手] 前面走不动了（这一拍只挪了 0 格），记一次卡住 #21。
[06:08:33] [手] 撤退结束，站住。
[06:08:33] [手] 已经申请重生。
[06:08:42] [手] 采样率切成 1Hz（每 1000ms 推一次）
[06:08:44] [手] 采样率切成 5Hz（每 200ms 推一次）
[06:08:44] [手] 前面走不动了（这一拍只挪了 0 格），记一次卡住 #22。
[06:08:46] [手] 撤退结束，站住。
[06:08:48] [手] 撤退结束，站住。
[06:08:57] [手] 采样率切成 1Hz（每 1000ms 推一次）
[06:27:51] [手] 采样率切成 5Hz（每 200ms 推一次）
[06:27:51] [手] 前面走不动了（这一拍只挪了 0 格），记一次卡住 #23。
[06:27:53] [手] 撤退结束，站住。
[06:27:54] [手] 前面走不动了（这一拍只挪了 0 格），记一次卡住 #24。
[06:28:00] [手] 撤退结束，站住。
[06:28:01] [手] 前面走不动了（这一拍只挪了 0 格），记一次卡住 #25。
[06:28:06] [手] 他倒下了。
[06:28:06] [手] 他重生了，看看背包里还剩什么。
[06:28:06] [手] 前面走不动了（这一拍只挪了 0 格），记一次卡住 #26。
[06:28:07] [手] 撤退结束，站住。
[06:28:07] [手] 已经申请重生。
[06:28:11] [手] 大脑断开了（剩 0 个连接）
[06:28:11] [手] 采样率切成 1Hz（每 1000ms 推一次）
[06:28:11] [手] 大脑不在，采样率自动降回平静档。
[06:28:11] [手] 大脑不在，先把动作全停了，原地待命。
[06:28:13] [手] 大脑接上了：unix（当前 1 个连接）
[06:28:15] [手] 采样率切成 5Hz（每 200ms 推一次）
[06:28:21] [手] 撤退结束，站住。
[06:28:23] [手] 大脑接上了：unix（当前 2 个连接）
[06:28:24] [手] 撤退结束，站住。
[06:28:26] [手] 撤退结束，站住。
[06:28:28] [手] 撤退结束，站住。
[06:28:33] [手] 撤退结束，站住。
[06:28:42] [手] 前面走不动了（这一拍只挪了 0 格），记一次卡住 #27。
[06:28:44] [手] 前面走不动了（这一拍只挪了 0 格），记一次卡住 #28。
[06:28:46] [手] 前面走不动了（这一拍只挪了 0 格），记一次卡住 #29。
[06:28:47] [手] 撤退结束，站住。
[06:28:48] [手] 挥了一下「mintstar」（出手时 2.2 格）
[06:28:48] [手] 挥了一下「mintstar」（出手时 2.2 格）
[06:28:49] [手] 前面走不动了（这一拍只挪了 0 格），记一次卡住 #30。
[06:28:50] [手] 撤退结束，站住。
[06:28:52] [手] 挥了一下「mintstar」（出手时 1.9 格）
[06:28:52] [手] 挥了一下「mintstar」（出手时 1.9 格）
[06:29:02] [手] 采样率切成 1Hz（每 1000ms 推一次）
[06:29:17] [手] 采样率切成 5Hz（每 200ms 推一次）
[06:29:21] [手] 前面走不动了（这一拍只挪了 0 格），记一次卡住 #31。
[06:29:22] [手] 撤退结束，站住。
[06:29:56] [手] 大脑接上了：unix（当前 3 个连接）
[06:30:30] [手] 前面走不动了（这一拍只挪了 0 格），记一次卡住 #32。
[06:30:30] [手] 挥了一下「mintstar」（出手时 1.3 格）
[06:30:30] [手] 挥了一下「mintstar」（出手时 1.3 格）
[06:30:30] [手] 挥了一下「mintstar」（出手时 1.3 格）
[06:30:32] [手] 挥了一下「mintstar」（出手时 2.1 格）
[06:30:32] [手] 挥了一下「mintstar」（出手时 2.1 格）
[06:30:33] [手] 前面走不动了（这一拍只挪了 0 格），记一次卡住 #33。
[06:30:34] [手] 撤退结束，站住。
[06:30:35] [手] 挥了一下「mintstar」（出手时 1.9 格）
[06:30:35] [手] 挥了一下「mintstar」（出手时 1.9 格）
[06:30:35] [手] 挥了一下「mintstar」（出手时 1.9 格）
[06:30:46] [手] 挥了一下「mintstar」（出手时 2.0 格）
[06:30:46] [手] 挥了一下「mintstar」（出手时 2.0 格）
[06:30:47] [手] 前面走不动了（这一拍只挪了 0 格），记一次卡住 #34。
[06:30:48] [手] 撤退结束，站住。
[06:30:53] [手] 大脑断开了（剩 2 个连接）
[06:30:53] [手] 大脑断开了（剩 1 个连接）
[06:30:53] [手] 大脑断开了（剩 0 个连接）
[06:30:53] [手] 采样率切成 1Hz（每 1000ms 推一次）
[06:30:53] [手] 大脑不在，采样率自动降回平静档。
[06:30:53] [手] 大脑不在，先把动作全停了，原地待命。
[06:31:25] [手] 大脑接上了：unix（当前 1 个连接）
[06:31:28] [手] 采样率切成 5Hz（每 200ms 推一次）
[06:31:38] [手] 前面走不动了（这一拍只挪了 0 格），记一次卡住 #35。
[06:31:40] [手] 前面走不动了（这一拍只挪了 0 格），记一次卡住 #36。
[06:31:42] [手] 前面走不动了（这一拍只挪了 0 格），记一次卡住 #37。
[06:31:44] [手] 前面走不动了（这一拍只挪了 0 格），记一次卡住 #38。
[06:31:46] [手] 前面走不动了（这一拍只挪了 0 格），记一次卡住 #39。
[06:31:49] [手] 他倒下了。
[06:31:49] [手] 他重生了，看看背包里还剩什么。
[06:31:49] [手] 前面走不动了（这一拍只挪了 0 格），记一次卡住 #40。
[06:31:50] [手] 撤退结束，站住。
[06:31:50] [手] 已经申请重生。
[06:31:59] [手] 采样率切成 1Hz（每 1000ms 推一次）
[06:32:00] [手] 听见 mintstar 说：从箱子 21 78 -21 拿 5 个圆石
[06:32:01] [手] 采样率切成 5Hz（每 200ms 推一次）
[06:32:07] [手] 丢了个不认识的包（不认识的命令「chest_take」），累计 1 个。
[06:32:10] [手] 前面走不动了（这一拍只挪了 0 格），记一次卡住 #41。
[06:32:12] [手] 撤退结束，站住。
[06:32:16] [手] 撤退结束，站住。
[06:32:17] [手] 丢了个不认识的包（不认识的命令「chest_take」），累计 5 个。
[06:32:27] [手] 丢了个不认识的包（不认识的命令「chest_take」），累计 7 个。
[06:32:37] [手] 丢了个不认识的包（不认识的命令「chest_take」），累计 9 个。
[06:32:47] [手] 丢了个不认识的包（不认识的命令「chest_take」），累计 11 个。
[06:32:57] [手] 丢了个不认识的包（不认识的命令「chest_take」），累计 13 个。
[06:33:07] [手] 丢了个不认识的包（不认识的命令「chest_take」），累计 15 个。
[06:33:17] [手] 丢了个不认识的包（不认识的命令「chest_take」），累计 17 个。
[06:33:27] [手] 丢了个不认识的包（不认识的命令「chest_take」），累计 19 个。
[06:33:28] [手] 撤退结束，站住。
[06:33:33] [手] 前面走不动了（这一拍只挪了 0.05 格），记一次卡住 #42。
[06:33:36] [手] 前面走不动了（这一拍只挪了 0.07 格），记一次卡住 #43。
[06:33:39] [手] 前面走不动了（这一拍只挪了 0 格），记一次卡住 #44。
[06:33:43] [手] 前面走不动了（这一拍只挪了 0 格），记一次卡住 #45。
[06:33:49] [手] 前面走不动了（这一拍只挪了 0 格），记一次卡住 #46。
[06:33:52] [手] 前面走不动了（这一拍只挪了 0 格），记一次卡住 #47。
[06:33:54] [手] 前面走不动了（这一拍只挪了 0 格），记一次卡住 #48。
[06:33:56] [手] 前面走不动了（这一拍只挪了 0 格），记一次卡住 #49。
[06:33:58] [手] 前面走不动了（这一拍只挪了 0 格），记一次卡住 #50。
[06:34:00] [手] 前面走不动了（这一拍只挪了 0 格），记一次卡住 #51。
[06:34:02] [手] 前面走不动了（这一拍只挪了 0 格），记一次卡住 #52。
[06:34:05] [手] 前面走不动了（这一拍只挪了 0 格），记一次卡住 #53。
[06:34:07] [手] 前面走不动了（这一拍只挪了 0 格），记一次卡住 #54。
[06:34:09] [手] 前面走不动了（这一拍只挪了 0 格），记一次卡住 #55。
[06:34:11] [手] 前面走不动了（这一拍只挪了 0 格），记一次卡住 #56。
[06:34:13] [手] 前面走不动了（这一拍只挪了 0 格），记一次卡住 #57。
[06:34:15] [手] 前面走不动了（这一拍只挪了 0 格），记一次卡住 #58。
[06:34:17] [手] 前面走不动了（这一拍只挪了 0 格），记一次卡住 #59。
[06:34:19] [手] 前面走不动了（这一拍只挪了 0 格），记一次卡住 #60。
[06:34:21] [手] 前面走不动了（这一拍只挪了 0 格），记一次卡住 #61。
[06:34:23] [手] 前面走不动了（这一拍只挪了 0 格），记一次卡住 #62。
[06:34:25] [手] 前面走不动了（这一拍只挪了 0 格），记一次卡住 #63。
[06:34:27] [手] 前面走不动了（这一拍只挪了 0 格），记一次卡住 #64。
[06:34:29] [手] 前面走不动了（这一拍只挪了 0 格），记一次卡住 #65。
[06:34:31] [手] 前面走不动了（这一拍只挪了 0 格），记一次卡住 #66。
[06:34:33] [手] 前面走不动了（这一拍只挪了 0 格），记一次卡住 #67。
[06:34:35] [手] 前面走不动了（这一拍只挪了 0 格），记一次卡住 #68。
[06:34:37] [手] 前面走不动了（这一拍只挪了 0 格），记一次卡住 #69。
[06:34:39] [手] 前面走不动了（这一拍只挪了 0 格），记一次卡住 #70。
[06:34:41] [手] 前面走不动了（这一拍只挪了 0 格），记一次卡住 #71。
[06:34:43] [手] 前面走不动了（这一拍只挪了 0 格），记一次卡住 #72。
[06:34:45] [手] 前面走不动了（这一拍只挪了 0 格），记一次卡住 #73。
[06:34:47] [手] 前面走不动了（这一拍只挪了 0 格），记一次卡住 #74。
[06:34:49] [手] 前面走不动了（这一拍只挪了 0 格），记一次卡住 #75。
[06:34:51] [手] 前面走不动了（这一拍只挪了 0 格），记一次卡住 #76。
[06:34:53] [手] 前面走不动了（这一拍只挪了 0 格），记一次卡住 #77。
[06:34:55] [手] 前面走不动了（这一拍只挪了 0 格），记一次卡住 #78。
[06:34:57] [手] 前面走不动了（这一拍只挪了 0 格），记一次卡住 #79。
[06:34:59] [手] 前面走不动了（这一拍只挪了 0 格），记一次卡住 #80。
[06:35:01] [手] 前面走不动了（这一拍只挪了 0 格），记一次卡住 #81。
[06:35:03] [手] 前面走不动了（这一拍只挪了 0 格），记一次卡住 #82。
[06:35:05] [手] 前面走不动了（这一拍只挪了 0 格），记一次卡住 #83。
[06:35:07] [手] 前面走不动了（这一拍只挪了 0 格），记一次卡住 #84。
[06:35:09] [手] 前面走不动了（这一拍只挪了 0 格），记一次卡住 #85。
[06:35:11] [手] 前面走不动了（这一拍只挪了 0 格），记一次卡住 #86。
[06:35:13] [手] 前面走不动了（这一拍只挪了 0 格），记一次卡住 #87。
[06:35:15] [手] 前面走不动了（这一拍只挪了 0 格），记一次卡住 #88。
[06:35:17] [手] 前面走不动了（这一拍只挪了 0 格），记一次卡住 #89。
[06:35:19] [手] 前面走不动了（这一拍只挪了 0 格），记一次卡住 #90。
[06:35:21] [手] 前面走不动了（这一拍只挪了 0 格），记一次卡住 #91。
[06:35:23] [手] 前面走不动了（这一拍只挪了 0 格），记一次卡住 #92。
[06:35:25] [手] 前面走不动了（这一拍只挪了 0 格），记一次卡住 #93。
[06:35:27] [手] 前面走不动了（这一拍只挪了 0 格），记一次卡住 #94。
[06:35:29] [手] 前面走不动了（这一拍只挪了 0 格），记一次卡住 #95。
[06:35:31] [手] 前面走不动了（这一拍只挪了 0 格），记一次卡住 #96。
[06:35:33] [手] 前面走不动了（这一拍只挪了 0 格），记一次卡住 #97。
[06:35:35] [手] 前面走不动了（这一拍只挪了 0 格），记一次卡住 #98。
[06:35:37] [手] 前面走不动了（这一拍只挪了 0 格），记一次卡住 #99。
[06:35:39] [手] 前面走不动了（这一拍只挪了 0 格），记一次卡住 #100。
[06:35:39] [手] 撤退结束，站住。
[06:35:41] [手] 听见 mintstar 说：从箱子 21 78 -21 拿 5 个圆石
[06:35:45] [手] 前面走不动了（这一拍只挪了 0 格），记一次卡住 #101。
[06:35:57] [手] 听见 mintstar 说：?
[06:36:05] [手] 丢了个不认识的包（不认识的命令「chest_take」），累计 20 个。
[06:36:12] [手] 撤退结束，站住。
[06:36:15] [手] 丢了个不认识的包（不认识的命令「chest_take」），累计 22 个。
[06:36:25] [手] 丢了个不认识的包（不认识的命令「chest_take」），累计 24 个。
[06:36:34] [手] 听见 mintstar 说：duo wo?
[06:36:35] [手] 丢了个不认识的包（不认识的命令「chest_take」），累计 26 个。
[06:36:43] [手] 前面走不动了（这一拍只挪了 0 格），记一次卡住 #102。
[06:36:45] [手] 丢了个不认识的包（不认识的命令「chest_take」），累计 27 个。
[06:36:45] [手] 前面走不动了（这一拍只挪了 0 格），记一次卡住 #103。
[06:36:46] [手] 撤退结束，站住。
[06:36:57] [手] 丢了个不认识的包（不认识的命令「chest_take」），累计 38 个。
[06:37:01] [手] 听见 mintstar 说：从箱子 21 78 -21 拿 5 个圆石
[06:37:11] [手] 丢了个不认识的包（不认识的命令「chest_take」），累计 40 个。
[06:37:23] [手] 丢了个不认识的包（不认识的命令「chest_take」），累计 42 个。
[06:37:23] [手] 撤退结束，站住。
[06:37:33] [手] 丢了个不认识的包（不认识的命令「chest_take」），累计 44 个。
[06:37:43] [手] 丢了个不认识的包（不认识的命令「chest_take」），累计 46 个。
[06:37:53] [手] 丢了个不认识的包（不认识的命令「chest_take」），累计 48 个。
[06:38:03] [手] 丢了个不认识的包（不认识的命令「chest_take」），累计 50 个。
[06:38:13] [手] 丢了个不认识的包（不认识的命令「chest_take」），累计 52 个。
[06:38:23] [手] 丢了个不认识的包（不认识的命令「chest_take」），累计 54 个。
[06:38:33] [手] 丢了个不认识的包（不认识的命令「chest_take」），累计 56 个。
[06:38:43] [手] 丢了个不认识的包（不认识的命令「chest_take」），累计 58 个。
[06:38:53] [手] 丢了个不认识的包（不认识的命令「chest_take」），累计 60 个。
[06:39:03] [手] 丢了个不认识的包（不认识的命令「chest_take」），累计 62 个。
[06:39:11] [手] 收到 SIGTERM，收工。
[06:39:11] [手] 连接结束：disconnect.quitting
